/workspace/modded-nanogpt/exp/bs128.py:27: SyntaxWarning: invalid escape sequence '\s'
  """
using device: cuda:0
Training DataLoader: total number of tokens: 2600000000 across 26 files
Validation DataLoader: total number of tokens: 100000000 across 1 files
training time budget: 300.0s (5.0 single-GPU min / 1 GPUs)
step:1/5100 train_loss:15.9956 train_time:83338ms step_avg:nanms
step:2/5100 train_loss:9.0371 train_time:133137ms step_avg:nanms
step:3/5100 train_loss:8.6942 train_time:133419ms step_avg:nanms
step:4/5100 train_loss:8.0956 train_time:133717ms step_avg:nanms
step:5/5100 train_loss:7.7544 train_time:133998ms step_avg:nanms
step:6/5100 train_loss:7.5214 train_time:134281ms step_avg:nanms
step:7/5100 train_loss:7.3320 train_time:134567ms step_avg:nanms
step:8/5100 train_loss:7.1400 train_time:134847ms step_avg:nanms
step:9/5100 train_loss:7.2148 train_time:135129ms step_avg:nanms
step:10/5100 train_loss:7.1882 train_time:135414ms step_avg:nanms
step:11/5100 train_loss:6.9311 train_time:271ms step_avg:nanms
step:12/5100 train_loss:6.9262 train_time:547ms step_avg:nanms
step:13/5100 train_loss:6.9133 train_time:829ms step_avg:276.34ms
step:14/5100 train_loss:6.6567 train_time:1111ms step_avg:277.86ms
step:15/5100 train_loss:6.7155 train_time:1393ms step_avg:278.68ms
step:16/5100 train_loss:6.5506 train_time:1672ms step_avg:278.69ms
step:17/5100 train_loss:6.8230 train_time:1952ms step_avg:278.83ms
step:18/5100 train_loss:6.6805 train_time:2238ms step_avg:279.71ms
step:19/5100 train_loss:6.6368 train_time:2516ms step_avg:279.54ms
step:20/5100 train_loss:6.4822 train_time:2804ms step_avg:280.39ms
step:21/5100 train_loss:6.5174 train_time:3085ms step_avg:280.45ms
step:22/5100 train_loss:6.4291 train_time:3369ms step_avg:280.71ms
step:23/5100 train_loss:6.3838 train_time:3652ms step_avg:280.96ms
step:24/5100 train_loss:6.3599 train_time:3940ms step_avg:281.39ms
step:25/5100 train_loss:6.5125 train_time:4224ms step_avg:281.61ms
step:26/5100 train_loss:6.5293 train_time:4505ms step_avg:281.58ms
step:27/5100 train_loss:6.5106 train_time:4787ms step_avg:281.58ms
step:28/5100 train_loss:6.4367 train_time:5069ms step_avg:281.59ms
step:29/5100 train_loss:6.3674 train_time:5349ms step_avg:281.51ms
step:30/5100 train_loss:6.3860 train_time:5638ms step_avg:281.91ms
step:31/5100 train_loss:6.2488 train_time:5919ms step_avg:281.85ms
step:32/5100 train_loss:6.1619 train_time:6200ms step_avg:281.83ms
step:33/5100 train_loss:6.2963 train_time:6483ms step_avg:281.87ms
step:34/5100 train_loss:6.2997 train_time:6996ms step_avg:291.50ms
step:35/5100 train_loss:6.3325 train_time:7272ms step_avg:290.87ms
step:36/5100 train_loss:6.3067 train_time:7556ms step_avg:290.63ms
step:37/5100 train_loss:6.4145 train_time:7840ms step_avg:290.39ms
step:38/5100 train_loss:6.1705 train_time:8125ms step_avg:290.19ms
step:39/5100 train_loss:6.1271 train_time:8409ms step_avg:289.98ms
step:40/5100 train_loss:6.1716 train_time:8691ms step_avg:289.71ms
step:41/5100 train_loss:6.1490 train_time:8978ms step_avg:289.63ms
step:42/5100 train_loss:6.1693 train_time:9257ms step_avg:289.27ms
step:43/5100 train_loss:6.1195 train_time:9541ms step_avg:289.13ms
step:44/5100 train_loss:6.1347 train_time:9824ms step_avg:288.94ms
step:45/5100 train_loss:6.1220 train_time:10107ms step_avg:288.76ms
step:46/5100 train_loss:6.0807 train_time:10391ms step_avg:288.63ms
step:47/5100 train_loss:6.0761 train_time:10677ms step_avg:288.58ms
step:48/5100 train_loss:6.1399 train_time:10957ms step_avg:288.35ms
step:49/5100 train_loss:6.0575 train_time:11242ms step_avg:288.25ms
step:50/5100 train_loss:6.0292 train_time:11521ms step_avg:288.02ms
step:51/5100 train_loss:6.1174 train_time:11803ms step_avg:287.87ms
step:52/5100 train_loss:5.9627 train_time:12089ms step_avg:287.82ms
step:53/5100 train_loss:6.0309 train_time:12369ms step_avg:287.65ms
step:54/5100 train_loss:5.9789 train_time:12651ms step_avg:287.53ms
step:55/5100 train_loss:5.9321 train_time:12936ms step_avg:287.47ms
step:56/5100 train_loss:5.8415 train_time:13218ms step_avg:287.35ms
step:57/5100 train_loss:5.9376 train_time:13501ms step_avg:287.26ms
step:58/5100 train_loss:5.9339 train_time:13785ms step_avg:287.19ms
step:59/5100 train_loss:5.9256 train_time:14065ms step_avg:287.03ms
step:60/5100 train_loss:5.8985 train_time:14346ms step_avg:286.92ms
step:61/5100 train_loss:5.9694 train_time:14630ms step_avg:286.86ms
step:62/5100 train_loss:5.9109 train_time:14911ms step_avg:286.74ms
step:63/5100 train_loss:5.7627 train_time:15196ms step_avg:286.72ms
step:64/5100 train_loss:5.7447 train_time:15475ms step_avg:286.58ms
step:65/5100 train_loss:5.8870 train_time:15763ms step_avg:286.60ms
step:66/5100 train_loss:5.8537 train_time:16046ms step_avg:286.54ms
step:67/5100 train_loss:5.7255 train_time:16334ms step_avg:286.56ms
step:68/5100 train_loss:5.8675 train_time:16613ms step_avg:286.43ms
step:69/5100 train_loss:5.8294 train_time:16894ms step_avg:286.34ms
step:70/5100 train_loss:5.7584 train_time:17179ms step_avg:286.31ms
step:71/5100 train_loss:5.8835 train_time:17469ms step_avg:286.38ms
step:72/5100 train_loss:5.9732 train_time:17756ms step_avg:286.38ms
step:73/5100 train_loss:5.8165 train_time:18047ms step_avg:286.46ms
step:74/5100 train_loss:5.8035 train_time:18337ms step_avg:286.51ms
step:75/5100 train_loss:6.0334 train_time:18623ms step_avg:286.50ms
step:76/5100 train_loss:5.7790 train_time:18908ms step_avg:286.48ms
step:77/5100 train_loss:5.7425 train_time:19193ms step_avg:286.47ms
step:78/5100 train_loss:5.5188 train_time:19475ms step_avg:286.40ms
step:79/5100 train_loss:5.7039 train_time:19759ms step_avg:286.37ms
step:80/5100 train_loss:5.7473 train_time:20044ms step_avg:286.34ms
step:81/5100 train_loss:5.7028 train_time:20330ms step_avg:286.33ms
step:82/5100 train_loss:5.7333 train_time:20615ms step_avg:286.33ms
step:83/5100 train_loss:5.5846 train_time:20897ms step_avg:286.26ms
step:84/5100 train_loss:5.6885 train_time:21183ms step_avg:286.25ms
step:85/5100 train_loss:5.7533 train_time:21467ms step_avg:286.23ms
step:86/5100 train_loss:5.8462 train_time:21756ms step_avg:286.27ms
step:87/5100 train_loss:5.7549 train_time:22044ms step_avg:286.28ms
step:88/5100 train_loss:5.5411 train_time:22326ms step_avg:286.24ms
step:89/5100 train_loss:5.6771 train_time:22614ms step_avg:286.26ms
step:90/5100 train_loss:5.6672 train_time:22897ms step_avg:286.21ms
step:91/5100 train_loss:5.5887 train_time:23189ms step_avg:286.28ms
step:92/5100 train_loss:5.5942 train_time:23470ms step_avg:286.22ms
step:93/5100 train_loss:5.3796 train_time:23754ms step_avg:286.20ms
step:94/5100 train_loss:5.6764 train_time:24045ms step_avg:286.24ms
step:95/5100 train_loss:5.5493 train_time:24332ms step_avg:286.26ms
step:96/5100 train_loss:5.5791 train_time:24615ms step_avg:286.22ms
step:97/5100 train_loss:5.5155 train_time:24900ms step_avg:286.21ms
step:98/5100 train_loss:5.5250 train_time:25185ms step_avg:286.19ms
step:99/5100 train_loss:5.4299 train_time:25468ms step_avg:286.15ms
step:100/5100 train_loss:5.4115 train_time:25756ms step_avg:286.18ms
step:101/5100 train_loss:5.5790 train_time:26040ms step_avg:286.16ms
step:102/5100 train_loss:5.5710 train_time:26332ms step_avg:286.21ms
step:103/5100 train_loss:5.4712 train_time:26617ms step_avg:286.20ms
step:104/5100 train_loss:5.4274 train_time:26903ms step_avg:286.20ms
step:105/5100 train_loss:5.5429 train_time:27210ms step_avg:286.42ms
step:106/5100 train_loss:5.4590 train_time:27498ms step_avg:286.43ms
step:107/5100 train_loss:5.5285 train_time:27827ms step_avg:286.88ms
step:108/5100 train_loss:5.4374 train_time:28124ms step_avg:286.98ms
step:109/5100 train_loss:5.4836 train_time:28425ms step_avg:287.12ms
step:110/5100 train_loss:5.3075 train_time:28714ms step_avg:287.14ms
step:111/5100 train_loss:5.2612 train_time:29008ms step_avg:287.21ms
step:112/5100 train_loss:5.4320 train_time:29305ms step_avg:287.31ms
step:113/5100 train_loss:5.3920 train_time:29590ms step_avg:287.28ms
step:114/5100 train_loss:5.4274 train_time:29869ms step_avg:287.21ms
step:115/5100 train_loss:5.4604 train_time:30155ms step_avg:287.19ms
step:116/5100 train_loss:5.5285 train_time:30441ms step_avg:287.18ms
step:117/5100 train_loss:5.3571 train_time:30723ms step_avg:287.13ms
step:118/5100 train_loss:5.2666 train_time:31008ms step_avg:287.11ms
step:119/5100 train_loss:5.3194 train_time:31289ms step_avg:287.05ms
step:120/5100 train_loss:5.4443 train_time:31579ms step_avg:287.08ms
step:121/5100 train_loss:5.3725 train_time:31858ms step_avg:287.01ms
step:122/5100 train_loss:5.3351 train_time:32141ms step_avg:286.97ms
step:123/5100 train_loss:5.3086 train_time:32419ms step_avg:286.89ms
step:124/5100 train_loss:5.6443 train_time:32706ms step_avg:286.89ms
step:125/5100 train_loss:5.2635 train_time:32987ms step_avg:286.84ms
step:126/5100 train_loss:5.1173 train_time:33267ms step_avg:286.79ms
step:127/5100 train_loss:5.2575 train_time:33548ms step_avg:286.73ms
step:128/5100 train_loss:5.3206 train_time:33829ms step_avg:286.69ms
step:129/5100 train_loss:5.3677 train_time:34110ms step_avg:286.64ms
step:130/5100 train_loss:5.3544 train_time:34393ms step_avg:286.61ms
step:131/5100 train_loss:5.2516 train_time:34672ms step_avg:286.55ms
step:132/5100 train_loss:5.2312 train_time:34953ms step_avg:286.50ms
step:133/5100 train_loss:5.2646 train_time:35233ms step_avg:286.45ms
step:134/5100 train_loss:5.2798 train_time:35513ms step_avg:286.39ms
step:135/5100 train_loss:5.2383 train_time:35793ms step_avg:286.34ms
step:136/5100 train_loss:5.2758 train_time:36077ms step_avg:286.33ms
step:137/5100 train_loss:5.2520 train_time:36357ms step_avg:286.28ms
step:138/5100 train_loss:5.4059 train_time:36643ms step_avg:286.27ms
step:139/5100 train_loss:5.3110 train_time:36920ms step_avg:286.20ms
step:140/5100 train_loss:5.3722 train_time:37200ms step_avg:286.15ms
step:141/5100 train_loss:5.1540 train_time:37479ms step_avg:286.10ms
step:142/5100 train_loss:5.2583 train_time:37764ms step_avg:286.09ms
step:143/5100 train_loss:5.1148 train_time:38044ms step_avg:286.04ms
step:144/5100 train_loss:5.2608 train_time:38325ms step_avg:286.00ms
step:145/5100 train_loss:5.2066 train_time:38609ms step_avg:285.99ms
step:146/5100 train_loss:5.3454 train_time:38896ms step_avg:286.00ms
step:147/5100 train_loss:5.3598 train_time:39179ms step_avg:285.98ms
step:148/5100 train_loss:5.2137 train_time:39457ms step_avg:285.92ms
step:149/5100 train_loss:5.0401 train_time:39736ms step_avg:285.87ms
step:150/5100 train_loss:5.1535 train_time:40014ms step_avg:285.82ms
step:151/5100 train_loss:5.1267 train_time:40293ms step_avg:285.76ms
step:152/5100 train_loss:5.1984 train_time:40573ms step_avg:285.72ms
step:153/5100 train_loss:5.2845 train_time:40855ms step_avg:285.70ms
step:154/5100 train_loss:5.1638 train_time:41136ms step_avg:285.67ms
step:155/5100 train_loss:5.0965 train_time:41420ms step_avg:285.65ms
step:156/5100 train_loss:5.2525 train_time:41705ms step_avg:285.65ms
step:157/5100 train_loss:5.3201 train_time:41986ms step_avg:285.62ms
step:158/5100 train_loss:5.1024 train_time:42269ms step_avg:285.60ms
step:159/5100 train_loss:5.0543 train_time:42550ms step_avg:285.57ms
step:160/5100 train_loss:5.0832 train_time:42834ms step_avg:285.56ms
step:161/5100 train_loss:5.1812 train_time:43114ms step_avg:285.52ms
step:162/5100 train_loss:5.1065 train_time:43394ms step_avg:285.48ms
step:163/5100 train_loss:5.1332 train_time:43679ms step_avg:285.48ms
step:164/5100 train_loss:5.2040 train_time:43958ms step_avg:285.44ms
step:165/5100 train_loss:5.1310 train_time:44241ms step_avg:285.42ms
step:166/5100 train_loss:5.0291 train_time:44524ms step_avg:285.41ms
step:167/5100 train_loss:5.0505 train_time:44806ms step_avg:285.39ms
step:168/5100 train_loss:5.1055 train_time:45090ms step_avg:285.38ms
step:169/5100 train_loss:5.1407 train_time:45369ms step_avg:285.34ms
step:170/5100 train_loss:5.1523 train_time:45650ms step_avg:285.31ms
step:171/5100 train_loss:5.3318 train_time:45933ms step_avg:285.30ms
step:172/5100 train_loss:5.0273 train_time:46216ms step_avg:285.29ms
step:173/5100 train_loss:5.0811 train_time:46498ms step_avg:285.26ms
step:174/5100 train_loss:5.0773 train_time:46782ms step_avg:285.26ms
step:175/5100 train_loss:5.0523 train_time:47072ms step_avg:285.28ms
step:176/5100 train_loss:5.0514 train_time:47351ms step_avg:285.24ms
step:177/5100 train_loss:4.9859 train_time:47638ms step_avg:285.26ms
step:178/5100 train_loss:5.1196 train_time:47915ms step_avg:285.21ms
step:179/5100 train_loss:5.0663 train_time:48224ms step_avg:285.35ms
step:180/5100 train_loss:4.9733 train_time:48532ms step_avg:285.48ms
step:181/5100 train_loss:4.9683 train_time:48835ms step_avg:285.58ms
step:182/5100 train_loss:5.0494 train_time:49133ms step_avg:285.66ms
step:183/5100 train_loss:5.0722 train_time:49415ms step_avg:285.64ms
step:184/5100 train_loss:5.0393 train_time:49710ms step_avg:285.69ms
step:185/5100 train_loss:5.0674 train_time:50002ms step_avg:285.72ms
step:186/5100 train_loss:4.9820 train_time:50282ms step_avg:285.69ms
step:187/5100 train_loss:5.0422 train_time:50561ms step_avg:285.66ms
step:188/5100 train_loss:5.0081 train_time:50843ms step_avg:285.64ms
step:189/5100 train_loss:5.0906 train_time:51153ms step_avg:285.77ms
step:190/5100 train_loss:5.0646 train_time:51446ms step_avg:285.81ms
step:191/5100 train_loss:5.0710 train_time:51727ms step_avg:285.79ms
step:192/5100 train_loss:5.0604 train_time:52009ms step_avg:285.76ms
step:193/5100 train_loss:4.9722 train_time:52289ms step_avg:285.73ms
step:194/5100 train_loss:4.9919 train_time:52580ms step_avg:285.76ms
step:195/5100 train_loss:5.0248 train_time:52861ms step_avg:285.73ms
step:196/5100 train_loss:4.9630 train_time:53140ms step_avg:285.70ms
step:197/5100 train_loss:4.9156 train_time:53418ms step_avg:285.66ms
step:198/5100 train_loss:5.0479 train_time:53697ms step_avg:285.62ms
step:199/5100 train_loss:5.0273 train_time:53976ms step_avg:285.59ms
step:200/5100 train_loss:4.9729 train_time:54256ms step_avg:285.56ms
step:201/5100 train_loss:4.9718 train_time:54558ms step_avg:285.64ms
step:202/5100 train_loss:5.0738 train_time:54840ms step_avg:285.63ms
step:203/5100 train_loss:4.8224 train_time:55117ms step_avg:285.58ms
step:204/5100 train_loss:4.8738 train_time:55401ms step_avg:285.57ms
step:205/5100 train_loss:4.9108 train_time:55678ms step_avg:285.53ms
step:206/5100 train_loss:4.9590 train_time:55958ms step_avg:285.50ms
step:207/5100 train_loss:4.9756 train_time:56240ms step_avg:285.48ms
step:208/5100 train_loss:5.1417 train_time:56521ms step_avg:285.46ms
step:209/5100 train_loss:4.9517 train_time:56800ms step_avg:285.43ms
step:210/5100 train_loss:4.9996 train_time:57087ms step_avg:285.44ms
step:211/5100 train_loss:4.9742 train_time:57369ms step_avg:285.42ms
step:212/5100 train_loss:4.9148 train_time:57647ms step_avg:285.38ms
step:213/5100 train_loss:4.9512 train_time:57931ms step_avg:285.37ms
step:214/5100 train_loss:4.9216 train_time:58241ms step_avg:285.50ms
step:215/5100 train_loss:4.9671 train_time:58542ms step_avg:285.57ms
step:216/5100 train_loss:4.9874 train_time:58823ms step_avg:285.55ms
step:217/5100 train_loss:4.9114 train_time:59102ms step_avg:285.52ms
step:218/5100 train_loss:5.0766 train_time:59385ms step_avg:285.50ms
step:219/5100 train_loss:4.8512 train_time:59666ms step_avg:285.48ms
step:220/5100 train_loss:4.9055 train_time:59946ms step_avg:285.46ms
step:221/5100 train_loss:4.8490 train_time:60227ms step_avg:285.44ms
step:221/5100 val_loss:4.9198 train_time:60241ms step_avg:285.50ms
step:222/5100 train_loss:4.9227 train_time:60519ms step_avg:285.47ms
step:223/5100 train_loss:4.9182 train_time:60814ms step_avg:285.51ms
step:224/5100 train_loss:4.8626 train_time:61119ms step_avg:285.60ms
step:225/5100 train_loss:4.8972 train_time:61405ms step_avg:285.60ms
step:226/5100 train_loss:4.7661 train_time:61688ms step_avg:285.59ms
step:227/5100 train_loss:4.8940 train_time:61993ms step_avg:285.68ms
step:228/5100 train_loss:4.8299 train_time:62280ms step_avg:285.69ms
step:229/5100 train_loss:4.9578 train_time:62561ms step_avg:285.67ms
step:230/5100 train_loss:4.8707 train_time:62872ms step_avg:285.78ms
step:231/5100 train_loss:4.9333 train_time:63157ms step_avg:285.78ms
step:232/5100 train_loss:4.9786 train_time:63445ms step_avg:285.79ms
step:233/5100 train_loss:4.7309 train_time:63758ms step_avg:285.91ms
step:234/5100 train_loss:4.8626 train_time:64045ms step_avg:285.92ms
step:235/5100 train_loss:4.8145 train_time:64320ms step_avg:285.87ms
step:236/5100 train_loss:4.8035 train_time:64604ms step_avg:285.86ms
step:237/5100 train_loss:4.8480 train_time:64900ms step_avg:285.90ms
step:238/5100 train_loss:4.9175 train_time:65209ms step_avg:286.00ms
step:239/5100 train_loss:4.8630 train_time:65510ms step_avg:286.07ms
step:240/5100 train_loss:4.8361 train_time:65812ms step_avg:286.14ms
step:241/5100 train_loss:4.7475 train_time:66117ms step_avg:286.22ms
step:242/5100 train_loss:4.7421 train_time:66417ms step_avg:286.28ms
step:243/5100 train_loss:4.8055 train_time:66720ms step_avg:286.35ms
step:244/5100 train_loss:4.9393 train_time:66999ms step_avg:286.32ms
step:245/5100 train_loss:4.7831 train_time:67284ms step_avg:286.32ms
step:246/5100 train_loss:4.8371 train_time:67589ms step_avg:286.39ms
step:247/5100 train_loss:4.7696 train_time:67905ms step_avg:286.52ms
step:248/5100 train_loss:4.7881 train_time:68186ms step_avg:286.50ms
step:249/5100 train_loss:4.9180 train_time:68464ms step_avg:286.46ms
step:250/5100 train_loss:4.7199 train_time:68749ms step_avg:286.45ms
step:251/5100 train_loss:4.8029 train_time:69032ms step_avg:286.44ms
step:252/5100 train_loss:4.8646 train_time:69318ms step_avg:286.44ms
step:253/5100 train_loss:4.7832 train_time:69606ms step_avg:286.44ms
step:254/5100 train_loss:4.7168 train_time:69882ms step_avg:286.40ms
step:255/5100 train_loss:4.7084 train_time:70164ms step_avg:286.38ms
step:256/5100 train_loss:4.8800 train_time:70441ms step_avg:286.35ms
step:257/5100 train_loss:4.9210 train_time:70739ms step_avg:286.39ms
step:258/5100 train_loss:4.6777 train_time:71042ms step_avg:286.46ms
step:259/5100 train_loss:4.8109 train_time:71316ms step_avg:286.41ms
step:260/5100 train_loss:4.6430 train_time:71605ms step_avg:286.42ms
step:261/5100 train_loss:4.8095 train_time:71899ms step_avg:286.45ms
step:262/5100 train_loss:4.7957 train_time:72195ms step_avg:286.49ms
step:263/5100 train_loss:4.7621 train_time:72472ms step_avg:286.45ms
step:264/5100 train_loss:4.6978 train_time:72752ms step_avg:286.42ms
step:265/5100 train_loss:4.9199 train_time:73039ms step_avg:286.43ms
step:266/5100 train_loss:4.6969 train_time:73317ms step_avg:286.40ms
step:267/5100 train_loss:4.7186 train_time:73617ms step_avg:286.45ms
step:268/5100 train_loss:4.6844 train_time:73898ms step_avg:286.43ms
step:269/5100 train_loss:4.8398 train_time:74198ms step_avg:286.48ms
step:270/5100 train_loss:4.8672 train_time:74481ms step_avg:286.46ms
step:271/5100 train_loss:4.8273 train_time:74761ms step_avg:286.44ms
step:272/5100 train_loss:4.7857 train_time:75060ms step_avg:286.49ms
step:273/5100 train_loss:4.8682 train_time:75346ms step_avg:286.49ms
step:274/5100 train_loss:4.6006 train_time:75651ms step_avg:286.56ms
step:275/5100 train_loss:4.6953 train_time:75953ms step_avg:286.61ms
step:276/5100 train_loss:4.7578 train_time:76238ms step_avg:286.61ms
step:277/5100 train_loss:4.7209 train_time:76531ms step_avg:286.63ms
step:278/5100 train_loss:4.6606 train_time:76813ms step_avg:286.61ms
step:279/5100 train_loss:4.7325 train_time:77111ms step_avg:286.66ms
step:280/5100 train_loss:4.7033 train_time:77395ms step_avg:286.65ms
step:281/5100 train_loss:4.6870 train_time:77673ms step_avg:286.62ms
step:282/5100 train_loss:4.6994 train_time:77973ms step_avg:286.67ms
step:283/5100 train_loss:4.5961 train_time:78278ms step_avg:286.73ms
step:284/5100 train_loss:4.6888 train_time:78579ms step_avg:286.79ms
step:285/5100 train_loss:4.7197 train_time:78860ms step_avg:286.77ms
step:286/5100 train_loss:4.6725 train_time:79145ms step_avg:286.76ms
step:287/5100 train_loss:4.6951 train_time:79426ms step_avg:286.74ms
step:288/5100 train_loss:4.6816 train_time:79725ms step_avg:286.78ms
step:289/5100 train_loss:4.7335 train_time:80004ms step_avg:286.75ms
step:290/5100 train_loss:4.5529 train_time:80299ms step_avg:286.78ms
step:291/5100 train_loss:4.7331 train_time:80584ms step_avg:286.78ms
step:292/5100 train_loss:4.5845 train_time:80863ms step_avg:286.75ms
step:293/5100 train_loss:4.7036 train_time:81149ms step_avg:286.74ms
step:294/5100 train_loss:4.6772 train_time:81430ms step_avg:286.72ms
step:295/5100 train_loss:4.6065 train_time:81716ms step_avg:286.72ms
step:296/5100 train_loss:4.7128 train_time:82011ms step_avg:286.75ms
step:297/5100 train_loss:4.7445 train_time:82309ms step_avg:286.79ms
step:298/5100 train_loss:4.6250 train_time:82607ms step_avg:286.83ms
step:299/5100 train_loss:4.6050 train_time:82916ms step_avg:286.91ms
step:300/5100 train_loss:4.5269 train_time:83226ms step_avg:286.99ms
step:301/5100 train_loss:4.6781 train_time:83526ms step_avg:287.03ms
step:302/5100 train_loss:4.6277 train_time:83821ms step_avg:287.06ms
step:303/5100 train_loss:4.5059 train_time:84116ms step_avg:287.09ms
step:304/5100 train_loss:4.5106 train_time:84420ms step_avg:287.14ms
step:305/5100 train_loss:4.6830 train_time:84702ms step_avg:287.13ms
step:306/5100 train_loss:4.6943 train_time:84990ms step_avg:287.13ms
step:307/5100 train_loss:4.5205 train_time:85291ms step_avg:287.17ms
step:308/5100 train_loss:4.6471 train_time:85571ms step_avg:287.15ms
step:309/5100 train_loss:4.6296 train_time:85852ms step_avg:287.13ms
step:310/5100 train_loss:4.8099 train_time:86155ms step_avg:287.18ms
step:311/5100 train_loss:4.6051 train_time:86463ms step_avg:287.25ms
step:312/5100 train_loss:4.5247 train_time:86747ms step_avg:287.24ms
step:313/5100 train_loss:4.7244 train_time:87024ms step_avg:287.21ms
step:314/5100 train_loss:4.5136 train_time:87306ms step_avg:287.19ms
step:315/5100 train_loss:4.6241 train_time:87621ms step_avg:287.28ms
step:316/5100 train_loss:4.2397 train_time:87897ms step_avg:287.25ms
step:317/5100 train_loss:4.5299 train_time:88177ms step_avg:287.22ms
step:318/5100 train_loss:4.5873 train_time:88460ms step_avg:287.21ms
step:319/5100 train_loss:4.5525 train_time:88746ms step_avg:287.20ms
step:320/5100 train_loss:4.5630 train_time:89052ms step_avg:287.26ms
step:321/5100 train_loss:4.5923 train_time:89369ms step_avg:287.36ms
step:322/5100 train_loss:4.5070 train_time:89678ms step_avg:287.43ms
step:323/5100 train_loss:4.4675 train_time:89957ms step_avg:287.40ms
step:324/5100 train_loss:4.5476 train_time:90240ms step_avg:287.39ms
step:325/5100 train_loss:4.5532 train_time:90522ms step_avg:287.37ms
step:326/5100 train_loss:4.5912 train_time:90798ms step_avg:287.33ms
step:327/5100 train_loss:4.5993 train_time:91081ms step_avg:287.32ms
step:328/5100 train_loss:4.6013 train_time:91363ms step_avg:287.30ms
step:329/5100 train_loss:5.0644 train_time:91642ms step_avg:287.28ms
step:330/5100 train_loss:4.6048 train_time:91919ms step_avg:287.25ms
step:331/5100 train_loss:4.5666 train_time:92200ms step_avg:287.23ms
step:332/5100 train_loss:4.5131 train_time:92480ms step_avg:287.21ms
step:333/5100 train_loss:4.5405 train_time:92762ms step_avg:287.19ms
step:334/5100 train_loss:4.4801 train_time:93048ms step_avg:287.18ms
step:335/5100 train_loss:4.4672 train_time:93324ms step_avg:287.15ms
step:336/5100 train_loss:4.5518 train_time:93603ms step_avg:287.12ms
step:337/5100 train_loss:4.5357 train_time:93880ms step_avg:287.09ms
step:338/5100 train_loss:4.4980 train_time:94159ms step_avg:287.07ms
step:339/5100 train_loss:4.5109 train_time:94437ms step_avg:287.04ms
step:340/5100 train_loss:4.4461 train_time:94718ms step_avg:287.02ms
step:341/5100 train_loss:4.5665 train_time:95000ms step_avg:287.01ms
step:342/5100 train_loss:4.5735 train_time:95278ms step_avg:286.98ms
step:343/5100 train_loss:4.5087 train_time:95588ms step_avg:287.05ms
step:344/5100 train_loss:4.6603 train_time:95908ms step_avg:287.15ms
step:345/5100 train_loss:4.5268 train_time:96211ms step_avg:287.20ms
step:346/5100 train_loss:4.5002 train_time:96491ms step_avg:287.18ms
step:347/5100 train_loss:4.4660 train_time:96774ms step_avg:287.16ms
step:348/5100 train_loss:4.5497 train_time:97070ms step_avg:287.19ms
step:349/5100 train_loss:4.6180 train_time:97354ms step_avg:287.18ms
step:350/5100 train_loss:4.4832 train_time:97638ms step_avg:287.17ms
step:351/5100 train_loss:4.5238 train_time:97915ms step_avg:287.14ms
step:352/5100 train_loss:4.3992 train_time:98194ms step_avg:287.12ms
step:353/5100 train_loss:4.7091 train_time:98472ms step_avg:287.09ms
step:354/5100 train_loss:4.4388 train_time:98754ms step_avg:287.08ms
step:355/5100 train_loss:4.5313 train_time:99038ms step_avg:287.07ms
step:356/5100 train_loss:4.6699 train_time:99315ms step_avg:287.04ms
step:357/5100 train_loss:4.4205 train_time:99597ms step_avg:287.02ms
step:358/5100 train_loss:4.4646 train_time:99877ms step_avg:287.00ms
step:359/5100 train_loss:4.4506 train_time:100154ms step_avg:286.97ms
step:360/5100 train_loss:4.3654 train_time:100435ms step_avg:286.96ms
step:361/5100 train_loss:4.4642 train_time:100713ms step_avg:286.93ms
step:362/5100 train_loss:4.4515 train_time:100993ms step_avg:286.91ms
step:363/5100 train_loss:4.4630 train_time:101277ms step_avg:286.90ms
step:364/5100 train_loss:4.5076 train_time:101562ms step_avg:286.90ms
step:365/5100 train_loss:4.5276 train_time:101847ms step_avg:286.89ms
step:366/5100 train_loss:4.4915 train_time:102125ms step_avg:286.87ms
step:367/5100 train_loss:4.4323 train_time:102407ms step_avg:286.85ms
step:368/5100 train_loss:4.4598 train_time:102693ms step_avg:286.85ms
step:369/5100 train_loss:4.4374 train_time:102978ms step_avg:286.85ms
step:370/5100 train_loss:4.3921 train_time:103259ms step_avg:286.83ms
step:371/5100 train_loss:4.4212 train_time:103546ms step_avg:286.83ms
step:372/5100 train_loss:4.4914 train_time:103828ms step_avg:286.82ms
step:373/5100 train_loss:4.4327 train_time:104111ms step_avg:286.81ms
step:374/5100 train_loss:4.4980 train_time:104394ms step_avg:286.80ms
step:375/5100 train_loss:4.4387 train_time:104677ms step_avg:286.79ms
step:376/5100 train_loss:4.5499 train_time:104963ms step_avg:286.78ms
step:377/5100 train_loss:4.4722 train_time:105252ms step_avg:286.79ms
step:378/5100 train_loss:4.4501 train_time:105531ms step_avg:286.77ms
step:379/5100 train_loss:4.5124 train_time:105815ms step_avg:286.76ms
step:380/5100 train_loss:4.4015 train_time:106103ms step_avg:286.76ms
step:381/5100 train_loss:4.4679 train_time:106383ms step_avg:286.75ms
step:382/5100 train_loss:4.3233 train_time:106664ms step_avg:286.73ms
step:383/5100 train_loss:4.4490 train_time:106957ms step_avg:286.75ms
step:384/5100 train_loss:4.3921 train_time:107250ms step_avg:286.76ms
step:385/5100 train_loss:4.3753 train_time:107534ms step_avg:286.76ms
step:386/5100 train_loss:4.4252 train_time:107814ms step_avg:286.74ms
step:387/5100 train_loss:4.3708 train_time:108096ms step_avg:286.73ms
step:388/5100 train_loss:4.5592 train_time:108381ms step_avg:286.72ms
step:389/5100 train_loss:4.5695 train_time:108672ms step_avg:286.73ms
step:390/5100 train_loss:4.4739 train_time:108961ms step_avg:286.74ms
step:391/5100 train_loss:4.4531 train_time:109253ms step_avg:286.75ms
step:392/5100 train_loss:4.4097 train_time:109532ms step_avg:286.73ms
step:393/5100 train_loss:4.3991 train_time:109815ms step_avg:286.72ms
step:394/5100 train_loss:4.4631 train_time:110099ms step_avg:286.72ms
step:395/5100 train_loss:4.3472 train_time:110385ms step_avg:286.72ms
step:396/5100 train_loss:4.4480 train_time:110692ms step_avg:286.77ms
step:397/5100 train_loss:4.4138 train_time:110976ms step_avg:286.76ms
step:398/5100 train_loss:4.4429 train_time:111282ms step_avg:286.81ms
step:399/5100 train_loss:4.4137 train_time:111567ms step_avg:286.80ms
step:400/5100 train_loss:4.3349 train_time:111852ms step_avg:286.80ms
step:401/5100 train_loss:4.3452 train_time:112135ms step_avg:286.79ms
step:402/5100 train_loss:4.3461 train_time:112442ms step_avg:286.84ms
step:403/5100 train_loss:4.1961 train_time:112724ms step_avg:286.83ms
step:404/5100 train_loss:4.2703 train_time:113008ms step_avg:286.82ms
step:405/5100 train_loss:4.4883 train_time:113290ms step_avg:286.81ms
step:406/5100 train_loss:4.4202 train_time:113574ms step_avg:286.80ms
step:407/5100 train_loss:4.4149 train_time:113866ms step_avg:286.82ms
step:408/5100 train_loss:4.3265 train_time:114151ms step_avg:286.81ms
step:409/5100 train_loss:4.4844 train_time:114434ms step_avg:286.80ms
step:410/5100 train_loss:4.4106 train_time:114721ms step_avg:286.80ms
step:411/5100 train_loss:4.3840 train_time:115004ms step_avg:286.79ms
step:412/5100 train_loss:4.3742 train_time:115286ms step_avg:286.78ms
step:413/5100 train_loss:4.4674 train_time:115571ms step_avg:286.78ms
step:414/5100 train_loss:4.4068 train_time:115852ms step_avg:286.76ms
step:415/5100 train_loss:4.8873 train_time:116137ms step_avg:286.76ms
step:416/5100 train_loss:4.3124 train_time:116417ms step_avg:286.74ms
step:417/5100 train_loss:4.3768 train_time:116711ms step_avg:286.76ms
step:418/5100 train_loss:4.4085 train_time:117067ms step_avg:286.93ms
step:419/5100 train_loss:4.4257 train_time:117408ms step_avg:287.06ms
step:420/5100 train_loss:4.4787 train_time:117690ms step_avg:287.05ms
step:421/5100 train_loss:4.3870 train_time:117982ms step_avg:287.06ms
step:422/5100 train_loss:4.3475 train_time:118263ms step_avg:287.05ms
step:423/5100 train_loss:4.4084 train_time:118554ms step_avg:287.06ms
step:424/5100 train_loss:4.4642 train_time:118844ms step_avg:287.06ms
step:425/5100 train_loss:4.4053 train_time:119117ms step_avg:287.03ms
step:426/5100 train_loss:4.3271 train_time:119417ms step_avg:287.06ms
step:427/5100 train_loss:4.4974 train_time:119718ms step_avg:287.09ms
step:428/5100 train_loss:4.4750 train_time:119996ms step_avg:287.07ms
step:428/5100 val_loss:4.3773 train_time:120004ms step_avg:287.09ms
step:429/5100 train_loss:4.3509 train_time:120273ms step_avg:287.05ms
step:430/5100 train_loss:4.3371 train_time:120600ms step_avg:287.14ms
step:431/5100 train_loss:4.2911 train_time:120877ms step_avg:287.12ms
step:432/5100 train_loss:4.2350 train_time:121162ms step_avg:287.11ms
step:433/5100 train_loss:4.4168 train_time:121439ms step_avg:287.09ms
step:434/5100 train_loss:4.3451 train_time:121721ms step_avg:287.08ms
step:435/5100 train_loss:4.4051 train_time:122000ms step_avg:287.06ms
step:436/5100 train_loss:4.4733 train_time:122279ms step_avg:287.04ms
step:437/5100 train_loss:4.3840 train_time:122561ms step_avg:287.03ms
step:438/5100 train_loss:4.4111 train_time:122836ms step_avg:287.00ms
step:439/5100 train_loss:4.3356 train_time:123113ms step_avg:286.98ms
step:440/5100 train_loss:4.4022 train_time:123396ms step_avg:286.97ms
step:441/5100 train_loss:4.5455 train_time:123675ms step_avg:286.95ms
step:442/5100 train_loss:4.3208 train_time:123958ms step_avg:286.94ms
step:443/5100 train_loss:4.3834 train_time:124257ms step_avg:286.97ms
step:444/5100 train_loss:4.3521 train_time:124540ms step_avg:286.96ms
step:445/5100 train_loss:4.3177 train_time:124818ms step_avg:286.94ms
step:446/5100 train_loss:4.3620 train_time:125095ms step_avg:286.91ms
step:447/5100 train_loss:4.3858 train_time:125375ms step_avg:286.90ms
step:448/5100 train_loss:4.4958 train_time:125658ms step_avg:286.89ms
step:449/5100 train_loss:4.3407 train_time:125941ms step_avg:286.88ms
step:450/5100 train_loss:4.3607 train_time:126220ms step_avg:286.86ms
step:451/5100 train_loss:4.4940 train_time:126499ms step_avg:286.85ms
step:452/5100 train_loss:4.2393 train_time:126778ms step_avg:286.83ms
step:453/5100 train_loss:4.5618 train_time:127061ms step_avg:286.82ms
step:454/5100 train_loss:4.2936 train_time:127340ms step_avg:286.80ms
step:455/5100 train_loss:4.4242 train_time:127617ms step_avg:286.78ms
step:456/5100 train_loss:4.3712 train_time:127897ms step_avg:286.76ms
step:457/5100 train_loss:4.3827 train_time:128175ms step_avg:286.74ms
step:458/5100 train_loss:4.3076 train_time:128453ms step_avg:286.72ms
step:459/5100 train_loss:4.4313 train_time:128737ms step_avg:286.72ms
step:460/5100 train_loss:4.3253 train_time:129014ms step_avg:286.70ms
step:461/5100 train_loss:4.5308 train_time:129293ms step_avg:286.68ms
step:462/5100 train_loss:4.3468 train_time:129573ms step_avg:286.67ms
step:463/5100 train_loss:4.4217 train_time:129854ms step_avg:286.65ms
step:464/5100 train_loss:4.3407 train_time:130135ms step_avg:286.64ms
step:465/5100 train_loss:4.3734 train_time:130414ms step_avg:286.62ms
step:466/5100 train_loss:4.2963 train_time:130696ms step_avg:286.61ms
step:467/5100 train_loss:4.3494 train_time:130976ms step_avg:286.60ms
step:468/5100 train_loss:4.2661 train_time:131261ms step_avg:286.60ms
step:469/5100 train_loss:4.3293 train_time:131537ms step_avg:286.57ms
step:470/5100 train_loss:4.4258 train_time:131818ms step_avg:286.56ms
step:471/5100 train_loss:4.3455 train_time:132098ms step_avg:286.55ms
step:472/5100 train_loss:4.3644 train_time:132380ms step_avg:286.54ms
step:473/5100 train_loss:4.2696 train_time:132664ms step_avg:286.53ms
step:474/5100 train_loss:4.2838 train_time:132946ms step_avg:286.52ms
step:475/5100 train_loss:4.3299 train_time:133239ms step_avg:286.54ms
step:476/5100 train_loss:4.3100 train_time:133522ms step_avg:286.53ms
step:477/5100 train_loss:4.3188 train_time:133808ms step_avg:286.53ms
step:478/5100 train_loss:4.2432 train_time:134308ms step_avg:286.98ms
step:479/5100 train_loss:4.3058 train_time:134603ms step_avg:287.00ms
step:480/5100 train_loss:4.3377 train_time:134876ms step_avg:286.97ms
step:481/5100 train_loss:4.3139 train_time:135165ms step_avg:286.97ms
step:482/5100 train_loss:4.1824 train_time:135455ms step_avg:286.98ms
step:483/5100 train_loss:4.3047 train_time:135735ms step_avg:286.97ms
step:484/5100 train_loss:4.3285 train_time:136014ms step_avg:286.95ms
step:485/5100 train_loss:4.3786 train_time:136322ms step_avg:286.99ms
step:486/5100 train_loss:4.3525 train_time:136601ms step_avg:286.98ms
step:487/5100 train_loss:4.2604 train_time:136876ms step_avg:286.95ms
step:488/5100 train_loss:4.2330 train_time:137155ms step_avg:286.94ms
step:489/5100 train_loss:4.1542 train_time:137435ms step_avg:286.92ms
step:490/5100 train_loss:4.2531 train_time:137715ms step_avg:286.91ms
step:491/5100 train_loss:4.3324 train_time:137994ms step_avg:286.89ms
step:492/5100 train_loss:4.3369 train_time:138271ms step_avg:286.87ms
step:493/5100 train_loss:4.2350 train_time:138554ms step_avg:286.86ms
step:494/5100 train_loss:4.4348 train_time:138836ms step_avg:286.85ms
step:495/5100 train_loss:4.2601 train_time:139114ms step_avg:286.83ms
step:496/5100 train_loss:4.1849 train_time:139395ms step_avg:286.82ms
step:497/5100 train_loss:4.2935 train_time:139675ms step_avg:286.81ms
step:498/5100 train_loss:4.3360 train_time:139961ms step_avg:286.81ms
step:499/5100 train_loss:4.3436 train_time:140240ms step_avg:286.79ms
step:500/5100 train_loss:4.2493 train_time:140522ms step_avg:286.78ms
step:501/5100 train_loss:4.3284 train_time:140803ms step_avg:286.77ms
step:502/5100 train_loss:4.2777 train_time:141077ms step_avg:286.74ms
step:503/5100 train_loss:4.3324 train_time:141360ms step_avg:286.73ms
step:504/5100 train_loss:4.2212 train_time:141642ms step_avg:286.72ms
step:505/5100 train_loss:4.2604 train_time:141923ms step_avg:286.71ms
step:506/5100 train_loss:4.3126 train_time:142202ms step_avg:286.70ms
step:507/5100 train_loss:4.3301 train_time:142487ms step_avg:286.69ms
step:508/5100 train_loss:4.4188 train_time:142772ms step_avg:286.69ms
step:509/5100 train_loss:4.3502 train_time:143061ms step_avg:286.70ms
step:510/5100 train_loss:4.2837 train_time:143342ms step_avg:286.68ms
step:511/5100 train_loss:4.1805 train_time:143626ms step_avg:286.68ms
step:512/5100 train_loss:4.3783 train_time:143905ms step_avg:286.66ms
step:513/5100 train_loss:4.2969 train_time:144188ms step_avg:286.66ms
step:514/5100 train_loss:4.4238 train_time:144474ms step_avg:286.65ms
step:515/5100 train_loss:4.3619 train_time:144765ms step_avg:286.66ms
step:516/5100 train_loss:4.3371 train_time:145050ms step_avg:286.66ms
step:517/5100 train_loss:4.2921 train_time:145334ms step_avg:286.66ms
step:518/5100 train_loss:4.2123 train_time:145620ms step_avg:286.65ms
step:519/5100 train_loss:4.0237 train_time:145906ms step_avg:286.65ms
step:520/5100 train_loss:4.2936 train_time:146192ms step_avg:286.65ms
step:521/5100 train_loss:4.1720 train_time:146478ms step_avg:286.65ms
step:522/5100 train_loss:4.2956 train_time:146765ms step_avg:286.65ms
step:523/5100 train_loss:4.2950 train_time:147049ms step_avg:286.65ms
step:524/5100 train_loss:4.3392 train_time:147332ms step_avg:286.64ms
step:525/5100 train_loss:4.2767 train_time:147613ms step_avg:286.63ms
step:526/5100 train_loss:4.2435 train_time:147907ms step_avg:286.64ms
step:527/5100 train_loss:4.2086 train_time:148205ms step_avg:286.66ms
step:528/5100 train_loss:4.2845 train_time:148485ms step_avg:286.65ms
step:529/5100 train_loss:4.3236 train_time:148766ms step_avg:286.64ms
step:530/5100 train_loss:4.3457 train_time:149046ms step_avg:286.63ms
step:531/5100 train_loss:4.2396 train_time:149332ms step_avg:286.63ms
step:532/5100 train_loss:4.1763 train_time:149617ms step_avg:286.62ms
step:533/5100 train_loss:4.2418 train_time:149896ms step_avg:286.61ms
step:534/5100 train_loss:4.2688 train_time:150178ms step_avg:286.60ms
step:535/5100 train_loss:4.2784 train_time:150462ms step_avg:286.59ms
step:536/5100 train_loss:4.2516 train_time:150746ms step_avg:286.59ms
step:537/5100 train_loss:4.1891 train_time:151033ms step_avg:286.59ms
step:538/5100 train_loss:4.4951 train_time:151320ms step_avg:286.59ms
step:539/5100 train_loss:4.2919 train_time:151606ms step_avg:286.59ms
step:540/5100 train_loss:4.2156 train_time:151889ms step_avg:286.58ms
step:541/5100 train_loss:4.1971 train_time:152173ms step_avg:286.58ms
step:542/5100 train_loss:4.1357 train_time:152452ms step_avg:286.56ms
step:543/5100 train_loss:4.3171 train_time:152737ms step_avg:286.56ms
step:544/5100 train_loss:4.1839 train_time:153024ms step_avg:286.56ms
step:545/5100 train_loss:4.2941 train_time:153311ms step_avg:286.56ms
step:546/5100 train_loss:4.3449 train_time:153589ms step_avg:286.55ms
step:547/5100 train_loss:4.1851 train_time:153885ms step_avg:286.57ms
step:548/5100 train_loss:4.3017 train_time:154176ms step_avg:286.57ms
step:549/5100 train_loss:4.1838 train_time:154457ms step_avg:286.56ms
step:550/5100 train_loss:4.2521 train_time:154737ms step_avg:286.55ms
step:551/5100 train_loss:4.2233 train_time:155024ms step_avg:286.55ms
step:552/5100 train_loss:4.2611 train_time:155300ms step_avg:286.53ms
step:553/5100 train_loss:4.3875 train_time:155579ms step_avg:286.52ms
step:554/5100 train_loss:4.2445 train_time:155867ms step_avg:286.52ms
step:555/5100 train_loss:4.1567 train_time:156147ms step_avg:286.51ms
step:556/5100 train_loss:4.3172 train_time:156429ms step_avg:286.50ms
step:557/5100 train_loss:4.2973 train_time:156710ms step_avg:286.49ms
step:558/5100 train_loss:4.3341 train_time:156988ms step_avg:286.48ms
step:559/5100 train_loss:4.1978 train_time:157267ms step_avg:286.46ms
step:560/5100 train_loss:4.3520 train_time:157545ms step_avg:286.45ms
step:561/5100 train_loss:4.2990 train_time:157821ms step_avg:286.43ms
step:562/5100 train_loss:4.2385 train_time:158103ms step_avg:286.42ms
step:563/5100 train_loss:4.0625 train_time:158382ms step_avg:286.41ms
step:564/5100 train_loss:4.2547 train_time:158659ms step_avg:286.39ms
step:565/5100 train_loss:4.2714 train_time:158957ms step_avg:286.41ms
step:566/5100 train_loss:4.2082 train_time:159236ms step_avg:286.40ms
step:567/5100 train_loss:4.4424 train_time:159518ms step_avg:286.39ms
step:568/5100 train_loss:4.3957 train_time:159797ms step_avg:286.37ms
step:569/5100 train_loss:4.2496 train_time:160076ms step_avg:286.36ms
step:570/5100 train_loss:4.2049 train_time:160362ms step_avg:286.36ms
step:571/5100 train_loss:4.1908 train_time:160638ms step_avg:286.34ms
step:572/5100 train_loss:4.2709 train_time:160918ms step_avg:286.33ms
step:573/5100 train_loss:4.2404 train_time:161198ms step_avg:286.32ms
step:574/5100 train_loss:4.2469 train_time:161479ms step_avg:286.31ms
step:575/5100 train_loss:4.2194 train_time:161765ms step_avg:286.31ms
step:576/5100 train_loss:4.3454 train_time:162039ms step_avg:286.29ms
step:577/5100 train_loss:4.1209 train_time:162318ms step_avg:286.27ms
step:578/5100 train_loss:4.2429 train_time:162596ms step_avg:286.26ms
step:579/5100 train_loss:4.1929 train_time:162892ms step_avg:286.28ms
step:580/5100 train_loss:4.1952 train_time:163191ms step_avg:286.30ms
step:581/5100 train_loss:4.3112 train_time:163469ms step_avg:286.29ms
step:582/5100 train_loss:4.1250 train_time:163748ms step_avg:286.27ms
step:583/5100 train_loss:4.1756 train_time:164037ms step_avg:286.28ms
step:584/5100 train_loss:4.2115 train_time:164312ms step_avg:286.26ms
step:585/5100 train_loss:4.1529 train_time:164597ms step_avg:286.25ms
step:586/5100 train_loss:4.2160 train_time:164875ms step_avg:286.24ms
step:587/5100 train_loss:4.1802 train_time:165158ms step_avg:286.24ms
step:588/5100 train_loss:4.2659 train_time:165440ms step_avg:286.23ms
step:589/5100 train_loss:4.1874 train_time:165720ms step_avg:286.22ms
step:590/5100 train_loss:4.3040 train_time:166003ms step_avg:286.21ms
step:591/5100 train_loss:4.2031 train_time:166288ms step_avg:286.21ms
step:592/5100 train_loss:4.1068 train_time:166568ms step_avg:286.20ms
step:593/5100 train_loss:4.2610 train_time:166849ms step_avg:286.19ms
step:594/5100 train_loss:4.2480 train_time:167134ms step_avg:286.19ms
step:595/5100 train_loss:4.1399 train_time:167414ms step_avg:286.18ms
step:596/5100 train_loss:4.2365 train_time:167693ms step_avg:286.17ms
step:597/5100 train_loss:4.3441 train_time:167995ms step_avg:286.19ms
step:598/5100 train_loss:4.3153 train_time:168274ms step_avg:286.18ms
step:599/5100 train_loss:4.2806 train_time:168559ms step_avg:286.18ms
step:600/5100 train_loss:4.1232 train_time:168836ms step_avg:286.16ms
step:601/5100 train_loss:4.2167 train_time:169116ms step_avg:286.15ms
step:602/5100 train_loss:4.2011 train_time:169402ms step_avg:286.15ms
step:603/5100 train_loss:4.2567 train_time:169683ms step_avg:286.14ms
step:604/5100 train_loss:4.1917 train_time:169964ms step_avg:286.13ms
step:605/5100 train_loss:4.2276 train_time:170239ms step_avg:286.12ms
step:606/5100 train_loss:4.1511 train_time:170522ms step_avg:286.11ms
step:607/5100 train_loss:4.1462 train_time:170803ms step_avg:286.10ms
step:608/5100 train_loss:4.0830 train_time:171090ms step_avg:286.10ms
step:609/5100 train_loss:4.1067 train_time:171376ms step_avg:286.10ms
step:610/5100 train_loss:4.1982 train_time:171659ms step_avg:286.10ms
step:611/5100 train_loss:4.1224 train_time:171942ms step_avg:286.09ms
step:612/5100 train_loss:4.2295 train_time:172267ms step_avg:286.16ms
step:613/5100 train_loss:4.1566 train_time:172577ms step_avg:286.20ms
step:614/5100 train_loss:4.1702 train_time:172874ms step_avg:286.22ms
step:615/5100 train_loss:4.2692 train_time:173277ms step_avg:286.41ms
step:616/5100 train_loss:4.1164 train_time:173572ms step_avg:286.42ms
step:617/5100 train_loss:4.2317 train_time:173886ms step_avg:286.47ms
step:618/5100 train_loss:4.1649 train_time:174168ms step_avg:286.46ms
step:619/5100 train_loss:4.2861 train_time:174448ms step_avg:286.45ms
step:620/5100 train_loss:4.3143 train_time:174754ms step_avg:286.48ms
step:621/5100 train_loss:4.2262 train_time:175061ms step_avg:286.52ms
step:622/5100 train_loss:4.2285 train_time:175356ms step_avg:286.53ms
step:623/5100 train_loss:4.1615 train_time:175634ms step_avg:286.52ms
step:624/5100 train_loss:4.2627 train_time:175915ms step_avg:286.51ms
step:625/5100 train_loss:4.2537 train_time:176197ms step_avg:286.50ms
step:626/5100 train_loss:4.2122 train_time:176481ms step_avg:286.49ms
step:627/5100 train_loss:4.2214 train_time:176772ms step_avg:286.50ms
step:628/5100 train_loss:4.2447 train_time:177056ms step_avg:286.50ms
step:629/5100 train_loss:4.1832 train_time:177335ms step_avg:286.49ms
step:630/5100 train_loss:4.0962 train_time:177618ms step_avg:286.48ms
step:631/5100 train_loss:4.1561 train_time:177897ms step_avg:286.47ms
step:632/5100 train_loss:4.2320 train_time:178175ms step_avg:286.46ms
step:633/5100 train_loss:4.1466 train_time:178457ms step_avg:286.45ms
step:634/5100 train_loss:4.2212 train_time:178734ms step_avg:286.43ms
step:635/5100 train_loss:4.2863 train_time:179018ms step_avg:286.43ms
step:636/5100 train_loss:4.1515 train_time:179298ms step_avg:286.42ms
step:637/5100 train_loss:4.1266 train_time:179581ms step_avg:286.41ms
step:638/5100 train_loss:4.0862 train_time:179864ms step_avg:286.41ms
step:639/5100 train_loss:4.3019 train_time:180160ms step_avg:286.42ms
step:639/5100 val_loss:4.1757 train_time:180169ms step_avg:286.44ms
[rank0]: Traceback (most recent call last):
[rank0]:   File "/workspace/modded-nanogpt/exp/bs128.py", line 502, in <module>
[rank0]:     with open(logfile, "a") as f:
[rank0]:          ^^^^^^^^^^^^^^^^^^
[rank0]: FileNotFoundError: [Errno 2] No such file or directory: 'logs/3daed99f-d841-4904-a335-0153934d46fa.txt'
