/workspace/modded-nanogpt/exp/bs64.py:27: SyntaxWarning: invalid escape sequence '\s'
  """
using device: cuda:0
Training DataLoader: total number of tokens: 2600000000 across 26 files
Validation DataLoader: total number of tokens: 100000000 across 1 files
training time budget: 300.0s (5.0 single-GPU min / 1 GPUs)
step:1/5100 train_loss:15.9720 train_time:82852ms step_avg:nanms
step:2/5100 train_loss:8.7145 train_time:120994ms step_avg:nanms
step:3/5100 train_loss:8.7844 train_time:121149ms step_avg:nanms
step:4/5100 train_loss:8.0352 train_time:121306ms step_avg:nanms
step:5/5100 train_loss:7.6232 train_time:121468ms step_avg:nanms
step:6/5100 train_loss:8.2381 train_time:121629ms step_avg:nanms
step:7/5100 train_loss:7.4855 train_time:121790ms step_avg:nanms
step:8/5100 train_loss:7.3901 train_time:121951ms step_avg:nanms
step:9/5100 train_loss:7.3029 train_time:122106ms step_avg:nanms
step:10/5100 train_loss:7.1695 train_time:122273ms step_avg:nanms
step:11/5100 train_loss:6.9335 train_time:148ms step_avg:nanms
step:12/5100 train_loss:6.7429 train_time:308ms step_avg:nanms
step:13/5100 train_loss:6.9980 train_time:470ms step_avg:156.53ms
step:14/5100 train_loss:6.8168 train_time:627ms step_avg:156.68ms
step:15/5100 train_loss:6.6741 train_time:783ms step_avg:156.55ms
step:16/5100 train_loss:6.7327 train_time:936ms step_avg:156.06ms
step:17/5100 train_loss:6.9242 train_time:1091ms step_avg:155.92ms
step:18/5100 train_loss:6.7759 train_time:1250ms step_avg:156.30ms
step:19/5100 train_loss:6.6915 train_time:1408ms step_avg:156.43ms
step:20/5100 train_loss:6.6277 train_time:1565ms step_avg:156.45ms
step:21/5100 train_loss:6.5319 train_time:1718ms step_avg:156.19ms
step:22/5100 train_loss:6.6769 train_time:1875ms step_avg:156.25ms
step:23/5100 train_loss:6.6261 train_time:2030ms step_avg:156.14ms
step:24/5100 train_loss:6.6607 train_time:2185ms step_avg:156.06ms
step:25/5100 train_loss:6.6803 train_time:2344ms step_avg:156.26ms
step:26/5100 train_loss:6.4552 train_time:2499ms step_avg:156.20ms
step:27/5100 train_loss:6.4044 train_time:2657ms step_avg:156.31ms
step:28/5100 train_loss:6.5833 train_time:2813ms step_avg:156.26ms
step:29/5100 train_loss:6.4164 train_time:2969ms step_avg:156.26ms
step:30/5100 train_loss:6.3585 train_time:3127ms step_avg:156.35ms
step:31/5100 train_loss:6.3066 train_time:3281ms step_avg:156.25ms
step:32/5100 train_loss:6.6225 train_time:3442ms step_avg:156.46ms
step:33/5100 train_loss:6.6187 train_time:3599ms step_avg:156.49ms
step:34/5100 train_loss:6.4285 train_time:3757ms step_avg:156.55ms
step:35/5100 train_loss:6.5568 train_time:3913ms step_avg:156.53ms
step:36/5100 train_loss:6.3524 train_time:4070ms step_avg:156.54ms
step:37/5100 train_loss:6.4711 train_time:4225ms step_avg:156.47ms
step:38/5100 train_loss:6.3334 train_time:4380ms step_avg:156.44ms
step:39/5100 train_loss:6.2259 train_time:4536ms step_avg:156.42ms
step:40/5100 train_loss:6.3234 train_time:4693ms step_avg:156.45ms
step:41/5100 train_loss:6.2980 train_time:4855ms step_avg:156.60ms
step:42/5100 train_loss:6.1775 train_time:5011ms step_avg:156.61ms
step:43/5100 train_loss:6.2725 train_time:5165ms step_avg:156.53ms
step:44/5100 train_loss:6.1292 train_time:5324ms step_avg:156.58ms
step:45/5100 train_loss:6.2406 train_time:5481ms step_avg:156.61ms
step:46/5100 train_loss:6.1611 train_time:5642ms step_avg:156.72ms
step:47/5100 train_loss:6.1436 train_time:5800ms step_avg:156.75ms
step:48/5100 train_loss:6.2533 train_time:5957ms step_avg:156.75ms
step:49/5100 train_loss:6.3557 train_time:6119ms step_avg:156.89ms
step:50/5100 train_loss:6.4520 train_time:6275ms step_avg:156.88ms
step:51/5100 train_loss:6.1704 train_time:6432ms step_avg:156.88ms
step:52/5100 train_loss:6.1846 train_time:6591ms step_avg:156.92ms
step:53/5100 train_loss:6.4480 train_time:6752ms step_avg:157.03ms
step:54/5100 train_loss:6.3069 train_time:6914ms step_avg:157.13ms
step:55/5100 train_loss:6.1688 train_time:7071ms step_avg:157.14ms
step:56/5100 train_loss:6.1320 train_time:7230ms step_avg:157.17ms
step:57/5100 train_loss:6.1993 train_time:7388ms step_avg:157.19ms
step:58/5100 train_loss:6.2190 train_time:7546ms step_avg:157.21ms
step:59/5100 train_loss:6.1216 train_time:7703ms step_avg:157.20ms
step:60/5100 train_loss:6.0662 train_time:7860ms step_avg:157.21ms
step:61/5100 train_loss:5.9800 train_time:8015ms step_avg:157.16ms
step:62/5100 train_loss:5.8219 train_time:8175ms step_avg:157.22ms
step:63/5100 train_loss:6.0890 train_time:8331ms step_avg:157.19ms
step:64/5100 train_loss:6.1566 train_time:8490ms step_avg:157.21ms
step:65/5100 train_loss:5.9649 train_time:8654ms step_avg:157.34ms
step:66/5100 train_loss:6.1328 train_time:8812ms step_avg:157.36ms
step:67/5100 train_loss:6.0927 train_time:8968ms step_avg:157.33ms
step:68/5100 train_loss:6.0929 train_time:9125ms step_avg:157.33ms
step:69/5100 train_loss:6.1861 train_time:9284ms step_avg:157.35ms
step:70/5100 train_loss:6.1986 train_time:9442ms step_avg:157.37ms
step:71/5100 train_loss:6.0088 train_time:9599ms step_avg:157.37ms
step:72/5100 train_loss:5.9199 train_time:9757ms step_avg:157.37ms
step:73/5100 train_loss:6.5383 train_time:9915ms step_avg:157.38ms
step:74/5100 train_loss:6.0488 train_time:10072ms step_avg:157.37ms
step:75/5100 train_loss:5.8390 train_time:10230ms step_avg:157.38ms
step:76/5100 train_loss:5.9506 train_time:10387ms step_avg:157.38ms
step:77/5100 train_loss:5.8258 train_time:10547ms step_avg:157.41ms
step:78/5100 train_loss:5.9921 train_time:10701ms step_avg:157.36ms
step:79/5100 train_loss:5.8779 train_time:10859ms step_avg:157.38ms
step:80/5100 train_loss:5.9545 train_time:11012ms step_avg:157.31ms
step:81/5100 train_loss:5.9017 train_time:11169ms step_avg:157.31ms
step:82/5100 train_loss:5.9680 train_time:11323ms step_avg:157.26ms
step:83/5100 train_loss:5.9189 train_time:11481ms step_avg:157.27ms
step:84/5100 train_loss:5.9529 train_time:11654ms step_avg:157.49ms
step:85/5100 train_loss:5.8319 train_time:11824ms step_avg:157.65ms
step:86/5100 train_loss:5.9313 train_time:11988ms step_avg:157.74ms
step:87/5100 train_loss:5.8921 train_time:12148ms step_avg:157.77ms
step:88/5100 train_loss:5.7955 train_time:12303ms step_avg:157.73ms
step:89/5100 train_loss:6.0013 train_time:12461ms step_avg:157.73ms
step:90/5100 train_loss:5.8495 train_time:12617ms step_avg:157.71ms
step:91/5100 train_loss:5.8485 train_time:12776ms step_avg:157.73ms
step:92/5100 train_loss:5.8498 train_time:12932ms step_avg:157.71ms
step:93/5100 train_loss:5.8293 train_time:13092ms step_avg:157.74ms
step:94/5100 train_loss:5.7662 train_time:13253ms step_avg:157.78ms
step:95/5100 train_loss:6.0195 train_time:13410ms step_avg:157.77ms
step:96/5100 train_loss:5.8504 train_time:13566ms step_avg:157.75ms
step:97/5100 train_loss:5.7968 train_time:13722ms step_avg:157.73ms
step:98/5100 train_loss:5.7799 train_time:13883ms step_avg:157.77ms
step:99/5100 train_loss:5.8023 train_time:14042ms step_avg:157.77ms
step:100/5100 train_loss:5.9398 train_time:14199ms step_avg:157.77ms
step:101/5100 train_loss:5.8627 train_time:14355ms step_avg:157.74ms
step:102/5100 train_loss:5.8080 train_time:14514ms step_avg:157.76ms
step:103/5100 train_loss:5.6807 train_time:14674ms step_avg:157.79ms
step:104/5100 train_loss:5.8693 train_time:14832ms step_avg:157.78ms
step:105/5100 train_loss:5.7390 train_time:14987ms step_avg:157.76ms
step:106/5100 train_loss:5.7459 train_time:15146ms step_avg:157.77ms
step:107/5100 train_loss:5.7787 train_time:15303ms step_avg:157.76ms
step:108/5100 train_loss:5.5123 train_time:15459ms step_avg:157.74ms
step:109/5100 train_loss:5.9185 train_time:15614ms step_avg:157.72ms
step:110/5100 train_loss:5.7049 train_time:15767ms step_avg:157.67ms
step:111/5100 train_loss:5.4758 train_time:15926ms step_avg:157.68ms
step:112/5100 train_loss:5.6371 train_time:16083ms step_avg:157.67ms
step:113/5100 train_loss:5.7487 train_time:16241ms step_avg:157.68ms
step:114/5100 train_loss:5.6972 train_time:16399ms step_avg:157.68ms
step:115/5100 train_loss:5.7201 train_time:16568ms step_avg:157.79ms
step:116/5100 train_loss:5.6660 train_time:16722ms step_avg:157.76ms
step:117/5100 train_loss:5.7149 train_time:16883ms step_avg:157.78ms
step:118/5100 train_loss:5.6753 train_time:17045ms step_avg:157.82ms
step:119/5100 train_loss:5.6296 train_time:17201ms step_avg:157.80ms
step:120/5100 train_loss:5.8036 train_time:17357ms step_avg:157.79ms
step:121/5100 train_loss:5.6634 train_time:17514ms step_avg:157.79ms
step:122/5100 train_loss:5.6777 train_time:17673ms step_avg:157.80ms
step:123/5100 train_loss:5.6790 train_time:17827ms step_avg:157.76ms
step:124/5100 train_loss:5.5316 train_time:17984ms step_avg:157.76ms
step:125/5100 train_loss:5.5013 train_time:18154ms step_avg:157.86ms
step:126/5100 train_loss:5.4767 train_time:18309ms step_avg:157.84ms
step:127/5100 train_loss:5.4962 train_time:18464ms step_avg:157.81ms
step:128/5100 train_loss:5.7341 train_time:18620ms step_avg:157.80ms
step:129/5100 train_loss:5.5734 train_time:18780ms step_avg:157.81ms
step:130/5100 train_loss:5.7253 train_time:18935ms step_avg:157.80ms
step:131/5100 train_loss:5.5415 train_time:19095ms step_avg:157.81ms
step:132/5100 train_loss:5.4760 train_time:19249ms step_avg:157.77ms
step:133/5100 train_loss:5.5476 train_time:19402ms step_avg:157.74ms
step:134/5100 train_loss:5.4650 train_time:19557ms step_avg:157.71ms
step:135/5100 train_loss:5.8142 train_time:19712ms step_avg:157.69ms
step:136/5100 train_loss:5.6096 train_time:19871ms step_avg:157.71ms
step:137/5100 train_loss:5.6253 train_time:20023ms step_avg:157.66ms
step:138/5100 train_loss:5.5231 train_time:20182ms step_avg:157.67ms
step:139/5100 train_loss:5.5609 train_time:20355ms step_avg:157.79ms
step:140/5100 train_loss:5.6113 train_time:20522ms step_avg:157.86ms
step:141/5100 train_loss:5.7283 train_time:20678ms step_avg:157.85ms
step:142/5100 train_loss:6.0374 train_time:20836ms step_avg:157.85ms
step:143/5100 train_loss:5.4814 train_time:20995ms step_avg:157.85ms
step:144/5100 train_loss:5.5834 train_time:21151ms step_avg:157.85ms
step:145/5100 train_loss:5.6029 train_time:21308ms step_avg:157.84ms
step:146/5100 train_loss:5.5774 train_time:21465ms step_avg:157.83ms
step:147/5100 train_loss:5.6026 train_time:21620ms step_avg:157.81ms
step:148/5100 train_loss:5.6630 train_time:21780ms step_avg:157.83ms
step:149/5100 train_loss:6.0010 train_time:21945ms step_avg:157.88ms
step:150/5100 train_loss:5.4347 train_time:22102ms step_avg:157.87ms
step:151/5100 train_loss:5.6965 train_time:22263ms step_avg:157.89ms
step:152/5100 train_loss:5.4339 train_time:22419ms step_avg:157.88ms
step:153/5100 train_loss:5.6345 train_time:22579ms step_avg:157.89ms
step:154/5100 train_loss:5.2322 train_time:22736ms step_avg:157.89ms
step:155/5100 train_loss:5.3439 train_time:22888ms step_avg:157.85ms
step:156/5100 train_loss:5.4933 train_time:23050ms step_avg:157.88ms
step:157/5100 train_loss:5.4756 train_time:23206ms step_avg:157.86ms
step:158/5100 train_loss:5.6451 train_time:23359ms step_avg:157.83ms
step:159/5100 train_loss:5.4458 train_time:23514ms step_avg:157.81ms
step:160/5100 train_loss:5.4603 train_time:23671ms step_avg:157.80ms
step:161/5100 train_loss:5.5076 train_time:23828ms step_avg:157.80ms
step:162/5100 train_loss:5.5219 train_time:23981ms step_avg:157.77ms
step:163/5100 train_loss:5.4803 train_time:24136ms step_avg:157.75ms
step:164/5100 train_loss:5.4118 train_time:24293ms step_avg:157.74ms
step:165/5100 train_loss:5.3190 train_time:24451ms step_avg:157.75ms
step:166/5100 train_loss:5.5854 train_time:24604ms step_avg:157.72ms
step:167/5100 train_loss:5.3986 train_time:24759ms step_avg:157.70ms
step:168/5100 train_loss:5.5861 train_time:24917ms step_avg:157.70ms
step:169/5100 train_loss:5.4747 train_time:25071ms step_avg:157.68ms
step:170/5100 train_loss:5.7044 train_time:25225ms step_avg:157.66ms
step:171/5100 train_loss:5.6016 train_time:25382ms step_avg:157.65ms
step:172/5100 train_loss:5.4476 train_time:25538ms step_avg:157.64ms
step:173/5100 train_loss:5.6640 train_time:25692ms step_avg:157.62ms
step:174/5100 train_loss:5.2906 train_time:25850ms step_avg:157.62ms
step:175/5100 train_loss:5.4037 train_time:26005ms step_avg:157.61ms
step:176/5100 train_loss:5.6871 train_time:26159ms step_avg:157.59ms
step:177/5100 train_loss:5.3322 train_time:26315ms step_avg:157.58ms
step:178/5100 train_loss:5.4769 train_time:26470ms step_avg:157.56ms
step:179/5100 train_loss:5.4590 train_time:26624ms step_avg:157.54ms
step:180/5100 train_loss:5.4643 train_time:26782ms step_avg:157.54ms
step:181/5100 train_loss:5.3191 train_time:26941ms step_avg:157.55ms
step:182/5100 train_loss:5.3491 train_time:27096ms step_avg:157.54ms
step:183/5100 train_loss:5.4357 train_time:27250ms step_avg:157.52ms
step:184/5100 train_loss:5.2340 train_time:27404ms step_avg:157.49ms
step:185/5100 train_loss:5.1546 train_time:27560ms step_avg:157.48ms
step:186/5100 train_loss:5.6353 train_time:27715ms step_avg:157.47ms
step:187/5100 train_loss:5.3479 train_time:27872ms step_avg:157.47ms
step:188/5100 train_loss:5.3407 train_time:28027ms step_avg:157.46ms
step:189/5100 train_loss:5.3754 train_time:28182ms step_avg:157.44ms
step:190/5100 train_loss:5.4051 train_time:28341ms step_avg:157.45ms
step:191/5100 train_loss:5.3765 train_time:28496ms step_avg:157.44ms
step:192/5100 train_loss:5.1926 train_time:28654ms step_avg:157.44ms
step:193/5100 train_loss:5.4282 train_time:28815ms step_avg:157.46ms
step:194/5100 train_loss:5.2988 train_time:28971ms step_avg:157.45ms
step:195/5100 train_loss:5.3497 train_time:29131ms step_avg:157.46ms
step:196/5100 train_loss:5.1137 train_time:29288ms step_avg:157.46ms
step:197/5100 train_loss:5.3484 train_time:29452ms step_avg:157.50ms
step:198/5100 train_loss:5.1888 train_time:29609ms step_avg:157.49ms
step:199/5100 train_loss:5.2556 train_time:29768ms step_avg:157.50ms
step:200/5100 train_loss:5.3128 train_time:29930ms step_avg:157.53ms
step:201/5100 train_loss:5.4900 train_time:30087ms step_avg:157.52ms
step:202/5100 train_loss:5.2225 train_time:30248ms step_avg:157.54ms
step:203/5100 train_loss:5.5208 train_time:30404ms step_avg:157.53ms
step:204/5100 train_loss:5.2452 train_time:30565ms step_avg:157.55ms
step:205/5100 train_loss:5.3077 train_time:30723ms step_avg:157.55ms
step:206/5100 train_loss:5.3000 train_time:30884ms step_avg:157.57ms
step:207/5100 train_loss:5.1595 train_time:31047ms step_avg:157.60ms
step:208/5100 train_loss:5.2294 train_time:31203ms step_avg:157.59ms
step:209/5100 train_loss:5.5111 train_time:31364ms step_avg:157.61ms
step:210/5100 train_loss:5.3788 train_time:31522ms step_avg:157.61ms
step:211/5100 train_loss:5.1712 train_time:31681ms step_avg:157.62ms
step:212/5100 train_loss:5.2518 train_time:31839ms step_avg:157.62ms
step:213/5100 train_loss:5.4207 train_time:32003ms step_avg:157.65ms
step:214/5100 train_loss:5.2692 train_time:32159ms step_avg:157.64ms
step:215/5100 train_loss:5.2289 train_time:32320ms step_avg:157.66ms
step:216/5100 train_loss:5.3725 train_time:32479ms step_avg:157.67ms
step:217/5100 train_loss:5.1953 train_time:32638ms step_avg:157.67ms
step:218/5100 train_loss:5.0264 train_time:32798ms step_avg:157.68ms
step:219/5100 train_loss:5.2203 train_time:32957ms step_avg:157.69ms
step:220/5100 train_loss:5.0936 train_time:33116ms step_avg:157.70ms
step:221/5100 train_loss:5.0345 train_time:33281ms step_avg:157.73ms
step:222/5100 train_loss:5.2181 train_time:33440ms step_avg:157.73ms
step:223/5100 train_loss:5.2641 train_time:33596ms step_avg:157.73ms
step:224/5100 train_loss:5.2131 train_time:33754ms step_avg:157.73ms
step:225/5100 train_loss:5.1797 train_time:33911ms step_avg:157.73ms
step:226/5100 train_loss:5.3040 train_time:34070ms step_avg:157.73ms
step:227/5100 train_loss:5.1524 train_time:34223ms step_avg:157.71ms
step:228/5100 train_loss:5.2412 train_time:34382ms step_avg:157.72ms
step:229/5100 train_loss:5.3341 train_time:34539ms step_avg:157.71ms
step:230/5100 train_loss:5.3234 train_time:34699ms step_avg:157.72ms
step:231/5100 train_loss:5.3932 train_time:34860ms step_avg:157.74ms
step:232/5100 train_loss:5.2211 train_time:35019ms step_avg:157.74ms
step:233/5100 train_loss:5.1268 train_time:35177ms step_avg:157.74ms
step:234/5100 train_loss:5.1160 train_time:35335ms step_avg:157.75ms
step:235/5100 train_loss:5.0527 train_time:35493ms step_avg:157.75ms
step:236/5100 train_loss:5.2002 train_time:35659ms step_avg:157.78ms
step:237/5100 train_loss:5.0631 train_time:35826ms step_avg:157.82ms
step:238/5100 train_loss:5.3129 train_time:35989ms step_avg:157.85ms
step:239/5100 train_loss:5.1960 train_time:36151ms step_avg:157.87ms
step:240/5100 train_loss:5.1163 train_time:36312ms step_avg:157.88ms
step:241/5100 train_loss:5.3220 train_time:36472ms step_avg:157.89ms
step:242/5100 train_loss:5.0889 train_time:36671ms step_avg:158.06ms
step:243/5100 train_loss:5.1967 train_time:36827ms step_avg:158.05ms
step:244/5100 train_loss:5.0901 train_time:36983ms step_avg:158.05ms
step:245/5100 train_loss:5.1695 train_time:37147ms step_avg:158.07ms
step:246/5100 train_loss:5.6544 train_time:37305ms step_avg:158.07ms
step:247/5100 train_loss:5.3103 train_time:37463ms step_avg:158.07ms
step:248/5100 train_loss:5.1316 train_time:37619ms step_avg:158.06ms
step:249/5100 train_loss:5.0522 train_time:37781ms step_avg:158.08ms
step:250/5100 train_loss:4.9475 train_time:37938ms step_avg:158.07ms
step:251/5100 train_loss:4.9411 train_time:38099ms step_avg:158.09ms
step:252/5100 train_loss:5.0961 train_time:38258ms step_avg:158.09ms
step:253/5100 train_loss:5.0350 train_time:38414ms step_avg:158.08ms
step:254/5100 train_loss:5.1516 train_time:38578ms step_avg:158.11ms
step:255/5100 train_loss:5.1164 train_time:38739ms step_avg:158.12ms
step:256/5100 train_loss:5.2105 train_time:38899ms step_avg:158.12ms
step:257/5100 train_loss:5.1473 train_time:39058ms step_avg:158.13ms
step:258/5100 train_loss:5.2640 train_time:39216ms step_avg:158.13ms
step:259/5100 train_loss:5.0703 train_time:39378ms step_avg:158.14ms
step:260/5100 train_loss:5.1343 train_time:39533ms step_avg:158.13ms
step:261/5100 train_loss:5.0262 train_time:39692ms step_avg:158.13ms
step:262/5100 train_loss:5.0097 train_time:39855ms step_avg:158.16ms
step:263/5100 train_loss:5.1221 train_time:40016ms step_avg:158.16ms
step:264/5100 train_loss:5.1213 train_time:40173ms step_avg:158.16ms
step:265/5100 train_loss:5.0385 train_time:40337ms step_avg:158.18ms
step:266/5100 train_loss:5.1513 train_time:40496ms step_avg:158.19ms
step:267/5100 train_loss:5.0857 train_time:40677ms step_avg:158.27ms
step:268/5100 train_loss:5.1293 train_time:40837ms step_avg:158.28ms
step:269/5100 train_loss:5.0137 train_time:41002ms step_avg:158.31ms
step:270/5100 train_loss:5.0322 train_time:41173ms step_avg:158.36ms
step:271/5100 train_loss:5.1661 train_time:41347ms step_avg:158.42ms
step:272/5100 train_loss:5.0682 train_time:41520ms step_avg:158.47ms
step:273/5100 train_loss:5.0997 train_time:41687ms step_avg:158.50ms
step:274/5100 train_loss:5.2400 train_time:41926ms step_avg:158.81ms
step:275/5100 train_loss:5.2086 train_time:42086ms step_avg:158.81ms
step:276/5100 train_loss:5.1392 train_time:42247ms step_avg:158.82ms
step:277/5100 train_loss:5.1533 train_time:42516ms step_avg:159.24ms
step:278/5100 train_loss:5.2688 train_time:42691ms step_avg:159.29ms
step:279/5100 train_loss:5.1551 train_time:42857ms step_avg:159.32ms
step:280/5100 train_loss:5.0101 train_time:43019ms step_avg:159.33ms
step:281/5100 train_loss:4.9500 train_time:43179ms step_avg:159.33ms
step:282/5100 train_loss:5.2160 train_time:43338ms step_avg:159.33ms
step:283/5100 train_loss:4.9692 train_time:43496ms step_avg:159.33ms
step:284/5100 train_loss:4.8573 train_time:43659ms step_avg:159.34ms
step:285/5100 train_loss:5.0217 train_time:43818ms step_avg:159.34ms
step:286/5100 train_loss:5.1479 train_time:43976ms step_avg:159.33ms
step:287/5100 train_loss:5.0281 train_time:44134ms step_avg:159.33ms
step:288/5100 train_loss:5.0331 train_time:44292ms step_avg:159.32ms
step:289/5100 train_loss:5.0285 train_time:44453ms step_avg:159.33ms
step:290/5100 train_loss:5.1313 train_time:44615ms step_avg:159.34ms
step:291/5100 train_loss:5.2384 train_time:44775ms step_avg:159.34ms
step:292/5100 train_loss:5.0130 train_time:44936ms step_avg:159.35ms
step:293/5100 train_loss:5.3468 train_time:45095ms step_avg:159.35ms
step:294/5100 train_loss:5.1762 train_time:45255ms step_avg:159.35ms
step:295/5100 train_loss:4.9272 train_time:45415ms step_avg:159.35ms
step:296/5100 train_loss:4.7678 train_time:45580ms step_avg:159.37ms
step:297/5100 train_loss:4.9718 train_time:45739ms step_avg:159.37ms
step:298/5100 train_loss:4.9815 train_time:45899ms step_avg:159.37ms
step:299/5100 train_loss:4.9844 train_time:46057ms step_avg:159.37ms
step:300/5100 train_loss:4.9434 train_time:46218ms step_avg:159.37ms
step:301/5100 train_loss:4.9966 train_time:46380ms step_avg:159.38ms
step:302/5100 train_loss:5.0201 train_time:46542ms step_avg:159.39ms
step:303/5100 train_loss:5.0382 train_time:46702ms step_avg:159.39ms
step:304/5100 train_loss:5.0800 train_time:46862ms step_avg:159.39ms
step:305/5100 train_loss:5.0636 train_time:47022ms step_avg:159.40ms
step:306/5100 train_loss:4.9948 train_time:47183ms step_avg:159.40ms
step:307/5100 train_loss:4.9963 train_time:47340ms step_avg:159.39ms
step:308/5100 train_loss:4.9800 train_time:47506ms step_avg:159.41ms
step:309/5100 train_loss:4.8743 train_time:47664ms step_avg:159.41ms
step:310/5100 train_loss:5.0948 train_time:47823ms step_avg:159.41ms
step:311/5100 train_loss:5.0764 train_time:47983ms step_avg:159.41ms
step:312/5100 train_loss:5.0647 train_time:48147ms step_avg:159.43ms
step:313/5100 train_loss:5.2114 train_time:48303ms step_avg:159.42ms
step:314/5100 train_loss:4.9001 train_time:48462ms step_avg:159.41ms
step:315/5100 train_loss:4.9290 train_time:48624ms step_avg:159.42ms
step:316/5100 train_loss:4.8309 train_time:48784ms step_avg:159.43ms
step:317/5100 train_loss:4.8745 train_time:48947ms step_avg:159.44ms
step:318/5100 train_loss:4.8638 train_time:49109ms step_avg:159.44ms
step:319/5100 train_loss:4.9300 train_time:49269ms step_avg:159.45ms
step:320/5100 train_loss:4.9761 train_time:49427ms step_avg:159.44ms
step:321/5100 train_loss:5.0286 train_time:49588ms step_avg:159.45ms
step:322/5100 train_loss:4.8882 train_time:49754ms step_avg:159.47ms
step:323/5100 train_loss:4.9510 train_time:49913ms step_avg:159.47ms
step:324/5100 train_loss:4.9034 train_time:50077ms step_avg:159.48ms
step:325/5100 train_loss:4.9667 train_time:50236ms step_avg:159.48ms
step:326/5100 train_loss:5.0407 train_time:50395ms step_avg:159.48ms
step:327/5100 train_loss:5.0117 train_time:50559ms step_avg:159.49ms
step:328/5100 train_loss:4.8744 train_time:50718ms step_avg:159.49ms
step:329/5100 train_loss:5.0217 train_time:50880ms step_avg:159.50ms
step:330/5100 train_loss:4.8344 train_time:51041ms step_avg:159.50ms
step:331/5100 train_loss:4.8528 train_time:51202ms step_avg:159.51ms
step:332/5100 train_loss:4.7417 train_time:51361ms step_avg:159.51ms
step:333/5100 train_loss:4.9768 train_time:51521ms step_avg:159.51ms
step:334/5100 train_loss:4.9258 train_time:51681ms step_avg:159.51ms
step:335/5100 train_loss:4.9182 train_time:51840ms step_avg:159.51ms
step:336/5100 train_loss:5.0178 train_time:52006ms step_avg:159.53ms
step:337/5100 train_loss:4.8728 train_time:52166ms step_avg:159.53ms
step:338/5100 train_loss:4.9092 train_time:52324ms step_avg:159.52ms
step:339/5100 train_loss:5.0096 train_time:52485ms step_avg:159.53ms
step:340/5100 train_loss:5.1437 train_time:52653ms step_avg:159.56ms
step:341/5100 train_loss:5.1006 train_time:52811ms step_avg:159.55ms
step:342/5100 train_loss:4.9108 train_time:52970ms step_avg:159.55ms
step:343/5100 train_loss:4.7361 train_time:53132ms step_avg:159.56ms
step:344/5100 train_loss:4.8935 train_time:53289ms step_avg:159.55ms
step:345/5100 train_loss:4.8030 train_time:53454ms step_avg:159.56ms
step:346/5100 train_loss:4.8458 train_time:53610ms step_avg:159.55ms
step:347/5100 train_loss:4.8928 train_time:53769ms step_avg:159.55ms
step:348/5100 train_loss:4.8663 train_time:53926ms step_avg:159.54ms
step:349/5100 train_loss:4.8226 train_time:54081ms step_avg:159.53ms
step:350/5100 train_loss:4.8270 train_time:54244ms step_avg:159.54ms
step:351/5100 train_loss:4.8395 train_time:54403ms step_avg:159.54ms
step:352/5100 train_loss:4.7860 train_time:54566ms step_avg:159.55ms
step:353/5100 train_loss:4.8019 train_time:54723ms step_avg:159.54ms
step:354/5100 train_loss:4.9831 train_time:54883ms step_avg:159.54ms
step:355/5100 train_loss:4.8297 train_time:55051ms step_avg:159.57ms
step:356/5100 train_loss:4.8924 train_time:55207ms step_avg:159.56ms
step:357/5100 train_loss:4.7789 train_time:55368ms step_avg:159.56ms
step:358/5100 train_loss:4.6992 train_time:55529ms step_avg:159.57ms
step:359/5100 train_loss:4.7682 train_time:55686ms step_avg:159.56ms
step:360/5100 train_loss:4.7750 train_time:55846ms step_avg:159.56ms
step:361/5100 train_loss:4.7261 train_time:56005ms step_avg:159.56ms
step:362/5100 train_loss:4.7683 train_time:56164ms step_avg:159.56ms
step:363/5100 train_loss:4.8917 train_time:56322ms step_avg:159.55ms
step:364/5100 train_loss:4.8798 train_time:56481ms step_avg:159.55ms
step:365/5100 train_loss:4.8191 train_time:56637ms step_avg:159.54ms
step:366/5100 train_loss:4.7821 train_time:56798ms step_avg:159.54ms
step:367/5100 train_loss:4.8678 train_time:56960ms step_avg:159.55ms
step:368/5100 train_loss:4.9010 train_time:57119ms step_avg:159.55ms
step:369/5100 train_loss:4.8027 train_time:57278ms step_avg:159.55ms
step:370/5100 train_loss:4.6994 train_time:57440ms step_avg:159.56ms
step:371/5100 train_loss:4.8319 train_time:57600ms step_avg:159.56ms
step:372/5100 train_loss:4.8912 train_time:57760ms step_avg:159.56ms
step:373/5100 train_loss:4.7276 train_time:57922ms step_avg:159.57ms
step:374/5100 train_loss:4.6767 train_time:58078ms step_avg:159.56ms
step:375/5100 train_loss:4.8512 train_time:58233ms step_avg:159.54ms
step:376/5100 train_loss:4.8040 train_time:58394ms step_avg:159.55ms
step:377/5100 train_loss:4.8863 train_time:58553ms step_avg:159.55ms
step:378/5100 train_loss:4.7956 train_time:58708ms step_avg:159.53ms
step:379/5100 train_loss:4.8503 train_time:58865ms step_avg:159.52ms
step:380/5100 train_loss:4.8226 train_time:59024ms step_avg:159.53ms
step:381/5100 train_loss:4.8237 train_time:59183ms step_avg:159.52ms
step:382/5100 train_loss:4.8231 train_time:59341ms step_avg:159.52ms
step:383/5100 train_loss:4.8060 train_time:59495ms step_avg:159.51ms
step:384/5100 train_loss:4.7401 train_time:59654ms step_avg:159.50ms
step:385/5100 train_loss:4.5973 train_time:59815ms step_avg:159.51ms
step:386/5100 train_loss:4.7564 train_time:59967ms step_avg:159.49ms
step:387/5100 train_loss:4.7763 train_time:60122ms step_avg:159.48ms
step:387/5100 val_loss:4.7582 train_time:60134ms step_avg:159.51ms
step:388/5100 train_loss:4.7703 train_time:60283ms step_avg:159.48ms
step:389/5100 train_loss:4.7375 train_time:60448ms step_avg:159.49ms
step:390/5100 train_loss:4.6330 train_time:60617ms step_avg:159.52ms
step:391/5100 train_loss:4.7333 train_time:60772ms step_avg:159.51ms
step:392/5100 train_loss:4.6601 train_time:60929ms step_avg:159.50ms
step:393/5100 train_loss:4.6705 train_time:61084ms step_avg:159.49ms
step:394/5100 train_loss:4.8227 train_time:61242ms step_avg:159.48ms
step:395/5100 train_loss:4.7736 train_time:61399ms step_avg:159.48ms
step:396/5100 train_loss:4.7909 train_time:61556ms step_avg:159.47ms
step:397/5100 train_loss:4.6742 train_time:61713ms step_avg:159.46ms
step:398/5100 train_loss:4.6869 train_time:61871ms step_avg:159.46ms
step:399/5100 train_loss:4.7848 train_time:62032ms step_avg:159.46ms
step:400/5100 train_loss:4.7648 train_time:62185ms step_avg:159.45ms
step:401/5100 train_loss:4.7288 train_time:62343ms step_avg:159.44ms
step:402/5100 train_loss:4.7261 train_time:62502ms step_avg:159.44ms
step:403/5100 train_loss:4.9236 train_time:62662ms step_avg:159.44ms
step:404/5100 train_loss:4.5138 train_time:62814ms step_avg:159.43ms
step:405/5100 train_loss:4.6545 train_time:62981ms step_avg:159.44ms
step:406/5100 train_loss:4.5690 train_time:63137ms step_avg:159.44ms
step:407/5100 train_loss:4.4519 train_time:63291ms step_avg:159.42ms
step:408/5100 train_loss:4.7320 train_time:63445ms step_avg:159.41ms
step:409/5100 train_loss:4.6179 train_time:63603ms step_avg:159.40ms
step:410/5100 train_loss:4.6015 train_time:63762ms step_avg:159.41ms
step:411/5100 train_loss:4.7842 train_time:63920ms step_avg:159.40ms
step:412/5100 train_loss:4.7854 train_time:64086ms step_avg:159.42ms
step:413/5100 train_loss:4.6200 train_time:64257ms step_avg:159.45ms
step:414/5100 train_loss:4.8045 train_time:64414ms step_avg:159.44ms
step:415/5100 train_loss:4.9775 train_time:64580ms step_avg:159.46ms
step:416/5100 train_loss:4.7279 train_time:64752ms step_avg:159.49ms
step:417/5100 train_loss:4.6566 train_time:64911ms step_avg:159.49ms
step:418/5100 train_loss:4.8261 train_time:65064ms step_avg:159.47ms
step:419/5100 train_loss:4.6953 train_time:65216ms step_avg:159.45ms
step:420/5100 train_loss:4.7254 train_time:65376ms step_avg:159.45ms
step:421/5100 train_loss:4.6983 train_time:65539ms step_avg:159.46ms
step:422/5100 train_loss:4.6243 train_time:65692ms step_avg:159.45ms
step:423/5100 train_loss:4.6585 train_time:65868ms step_avg:159.49ms
step:424/5100 train_loss:4.8250 train_time:66024ms step_avg:159.48ms
step:425/5100 train_loss:4.5131 train_time:66180ms step_avg:159.47ms
step:426/5100 train_loss:4.5806 train_time:66339ms step_avg:159.47ms
step:427/5100 train_loss:4.7206 train_time:66495ms step_avg:159.46ms
step:428/5100 train_loss:4.6564 train_time:66659ms step_avg:159.47ms
step:429/5100 train_loss:4.7598 train_time:66825ms step_avg:159.49ms
step:430/5100 train_loss:4.6660 train_time:66995ms step_avg:159.51ms
step:431/5100 train_loss:4.6876 train_time:67162ms step_avg:159.53ms
step:432/5100 train_loss:4.6009 train_time:67331ms step_avg:159.55ms
step:433/5100 train_loss:4.7175 train_time:67487ms step_avg:159.54ms
step:434/5100 train_loss:4.9599 train_time:67647ms step_avg:159.55ms
step:435/5100 train_loss:4.6026 train_time:67816ms step_avg:159.57ms
step:436/5100 train_loss:4.6691 train_time:67985ms step_avg:159.59ms
step:437/5100 train_loss:4.5046 train_time:68146ms step_avg:159.59ms
step:438/5100 train_loss:4.5925 train_time:68299ms step_avg:159.58ms
step:439/5100 train_loss:4.6521 train_time:68454ms step_avg:159.57ms
step:440/5100 train_loss:4.5965 train_time:68610ms step_avg:159.56ms
step:441/5100 train_loss:4.5506 train_time:68779ms step_avg:159.58ms
step:442/5100 train_loss:4.5696 train_time:68951ms step_avg:159.61ms
step:443/5100 train_loss:4.7156 train_time:69106ms step_avg:159.60ms
step:444/5100 train_loss:4.6424 train_time:69263ms step_avg:159.59ms
step:445/5100 train_loss:4.6752 train_time:69417ms step_avg:159.58ms
step:446/5100 train_loss:4.6352 train_time:69583ms step_avg:159.59ms
step:447/5100 train_loss:4.6079 train_time:69750ms step_avg:159.61ms
step:448/5100 train_loss:4.6733 train_time:69909ms step_avg:159.61ms
step:449/5100 train_loss:4.6547 train_time:70063ms step_avg:159.60ms
step:450/5100 train_loss:4.4516 train_time:70221ms step_avg:159.59ms
step:451/5100 train_loss:4.5046 train_time:70379ms step_avg:159.59ms
step:452/5100 train_loss:4.7465 train_time:70537ms step_avg:159.59ms
step:453/5100 train_loss:4.5033 train_time:70704ms step_avg:159.60ms
step:454/5100 train_loss:4.6274 train_time:70880ms step_avg:159.64ms
step:455/5100 train_loss:4.5643 train_time:71047ms step_avg:159.66ms
step:456/5100 train_loss:4.6470 train_time:71213ms step_avg:159.67ms
step:457/5100 train_loss:4.6637 train_time:71367ms step_avg:159.66ms
step:458/5100 train_loss:4.5458 train_time:71525ms step_avg:159.65ms
step:459/5100 train_loss:4.6215 train_time:71680ms step_avg:159.64ms
step:460/5100 train_loss:4.6753 train_time:71839ms step_avg:159.64ms
step:461/5100 train_loss:4.6385 train_time:71999ms step_avg:159.64ms
step:462/5100 train_loss:4.6521 train_time:72166ms step_avg:159.66ms
step:463/5100 train_loss:4.7522 train_time:72323ms step_avg:159.65ms
step:464/5100 train_loss:4.4591 train_time:72480ms step_avg:159.65ms
step:465/5100 train_loss:4.5116 train_time:72646ms step_avg:159.66ms
step:466/5100 train_loss:4.5447 train_time:72813ms step_avg:159.68ms
step:467/5100 train_loss:4.6295 train_time:72984ms step_avg:159.70ms
step:468/5100 train_loss:4.6045 train_time:73150ms step_avg:159.72ms
step:469/5100 train_loss:4.4967 train_time:73307ms step_avg:159.71ms
step:470/5100 train_loss:4.5766 train_time:73463ms step_avg:159.70ms
step:471/5100 train_loss:4.5192 train_time:73649ms step_avg:159.76ms
step:472/5100 train_loss:4.6383 train_time:73816ms step_avg:159.77ms
step:473/5100 train_loss:4.5241 train_time:73972ms step_avg:159.77ms
step:474/5100 train_loss:4.6924 train_time:74147ms step_avg:159.80ms
step:475/5100 train_loss:4.6432 train_time:74314ms step_avg:159.82ms
step:476/5100 train_loss:4.6231 train_time:74484ms step_avg:159.84ms
step:477/5100 train_loss:4.5945 train_time:74657ms step_avg:159.86ms
step:478/5100 train_loss:4.5456 train_time:74812ms step_avg:159.85ms
step:479/5100 train_loss:4.6613 train_time:74967ms step_avg:159.84ms
step:480/5100 train_loss:4.5952 train_time:75121ms step_avg:159.83ms
step:481/5100 train_loss:4.3883 train_time:75290ms step_avg:159.85ms
step:482/5100 train_loss:4.4531 train_time:75459ms step_avg:159.87ms
step:483/5100 train_loss:4.5609 train_time:75611ms step_avg:159.85ms
step:484/5100 train_loss:4.5182 train_time:75765ms step_avg:159.84ms
step:485/5100 train_loss:4.6247 train_time:75920ms step_avg:159.83ms
step:486/5100 train_loss:4.6271 train_time:76081ms step_avg:159.83ms
step:487/5100 train_loss:4.7663 train_time:76253ms step_avg:159.86ms
step:488/5100 train_loss:4.5105 train_time:76427ms step_avg:159.89ms
step:489/5100 train_loss:4.5323 train_time:76582ms step_avg:159.88ms
step:490/5100 train_loss:4.5911 train_time:76741ms step_avg:159.88ms
step:491/5100 train_loss:4.5997 train_time:76896ms step_avg:159.87ms
step:492/5100 train_loss:4.5410 train_time:77064ms step_avg:159.88ms
step:493/5100 train_loss:4.5182 train_time:77239ms step_avg:159.92ms
step:494/5100 train_loss:4.6379 train_time:77391ms step_avg:159.90ms
step:495/5100 train_loss:4.3856 train_time:77544ms step_avg:159.88ms
step:496/5100 train_loss:4.7800 train_time:77700ms step_avg:159.88ms
step:497/5100 train_loss:4.5676 train_time:77860ms step_avg:159.88ms
step:498/5100 train_loss:4.5942 train_time:78018ms step_avg:159.87ms
step:499/5100 train_loss:4.4362 train_time:78177ms step_avg:159.87ms
step:500/5100 train_loss:4.4533 train_time:78340ms step_avg:159.88ms
step:501/5100 train_loss:4.6580 train_time:78506ms step_avg:159.89ms
step:502/5100 train_loss:4.5890 train_time:78667ms step_avg:159.89ms
step:503/5100 train_loss:4.6779 train_time:78831ms step_avg:159.90ms
step:504/5100 train_loss:4.5369 train_time:78996ms step_avg:159.91ms
step:505/5100 train_loss:4.5911 train_time:79164ms step_avg:159.93ms
step:506/5100 train_loss:4.2955 train_time:79334ms step_avg:159.95ms
step:507/5100 train_loss:4.5154 train_time:79502ms step_avg:159.96ms
step:508/5100 train_loss:4.5845 train_time:79671ms step_avg:159.98ms
step:509/5100 train_loss:4.4165 train_time:79828ms step_avg:159.98ms
step:510/5100 train_loss:4.5555 train_time:80000ms step_avg:160.00ms
step:511/5100 train_loss:4.7420 train_time:80168ms step_avg:160.02ms
step:512/5100 train_loss:4.7403 train_time:80327ms step_avg:160.01ms
step:513/5100 train_loss:4.6612 train_time:80483ms step_avg:160.01ms
step:514/5100 train_loss:4.4230 train_time:80642ms step_avg:160.00ms
step:515/5100 train_loss:4.5024 train_time:80799ms step_avg:160.00ms
step:516/5100 train_loss:4.5773 train_time:80973ms step_avg:160.03ms
step:517/5100 train_loss:4.6100 train_time:81144ms step_avg:160.05ms
step:518/5100 train_loss:4.3979 train_time:81300ms step_avg:160.04ms
step:519/5100 train_loss:4.4272 train_time:81461ms step_avg:160.04ms
step:520/5100 train_loss:4.5545 train_time:81621ms step_avg:160.04ms
step:521/5100 train_loss:4.5588 train_time:81776ms step_avg:160.03ms
step:522/5100 train_loss:4.5128 train_time:81935ms step_avg:160.03ms
step:523/5100 train_loss:4.6150 train_time:82091ms step_avg:160.02ms
step:524/5100 train_loss:4.5570 train_time:82246ms step_avg:160.01ms
step:525/5100 train_loss:4.5300 train_time:82406ms step_avg:160.01ms
step:526/5100 train_loss:4.5145 train_time:82564ms step_avg:160.01ms
step:527/5100 train_loss:4.4713 train_time:82724ms step_avg:160.01ms
step:528/5100 train_loss:4.7421 train_time:82898ms step_avg:160.04ms
step:529/5100 train_loss:4.6710 train_time:83064ms step_avg:160.05ms
step:530/5100 train_loss:4.4546 train_time:83222ms step_avg:160.04ms
step:531/5100 train_loss:4.5098 train_time:83384ms step_avg:160.05ms
step:532/5100 train_loss:4.5102 train_time:83541ms step_avg:160.04ms
step:533/5100 train_loss:4.4751 train_time:83698ms step_avg:160.03ms
step:534/5100 train_loss:4.5289 train_time:83851ms step_avg:160.02ms
step:535/5100 train_loss:4.3858 train_time:84011ms step_avg:160.02ms
step:536/5100 train_loss:4.4828 train_time:84181ms step_avg:160.04ms
step:537/5100 train_loss:4.7566 train_time:84361ms step_avg:160.08ms
step:538/5100 train_loss:4.7063 train_time:84520ms step_avg:160.08ms
step:539/5100 train_loss:4.6046 train_time:84673ms step_avg:160.06ms
step:540/5100 train_loss:4.6150 train_time:84834ms step_avg:160.06ms
step:541/5100 train_loss:4.5501 train_time:85006ms step_avg:160.09ms
step:542/5100 train_loss:4.5674 train_time:85185ms step_avg:160.12ms
step:543/5100 train_loss:4.5827 train_time:85357ms step_avg:160.14ms
step:544/5100 train_loss:4.6774 train_time:85538ms step_avg:160.18ms
step:545/5100 train_loss:4.6427 train_time:85703ms step_avg:160.19ms
step:546/5100 train_loss:4.3630 train_time:85858ms step_avg:160.18ms
step:547/5100 train_loss:4.4511 train_time:86017ms step_avg:160.18ms
step:548/5100 train_loss:4.5004 train_time:86172ms step_avg:160.17ms
step:549/5100 train_loss:4.4806 train_time:86330ms step_avg:160.17ms
step:550/5100 train_loss:4.4904 train_time:86488ms step_avg:160.16ms
step:551/5100 train_loss:4.4743 train_time:86651ms step_avg:160.17ms
step:552/5100 train_loss:4.5112 train_time:86822ms step_avg:160.19ms
step:553/5100 train_loss:4.5267 train_time:86990ms step_avg:160.20ms
step:554/5100 train_loss:4.4684 train_time:87147ms step_avg:160.20ms
step:555/5100 train_loss:4.4730 train_time:87306ms step_avg:160.19ms
step:556/5100 train_loss:4.5550 train_time:87482ms step_avg:160.22ms
step:557/5100 train_loss:4.5513 train_time:87650ms step_avg:160.24ms
step:558/5100 train_loss:4.4535 train_time:87820ms step_avg:160.26ms
step:559/5100 train_loss:4.5019 train_time:87990ms step_avg:160.27ms
step:560/5100 train_loss:4.5428 train_time:88148ms step_avg:160.27ms
step:561/5100 train_loss:4.4161 train_time:88319ms step_avg:160.29ms
step:562/5100 train_loss:4.5553 train_time:88491ms step_avg:160.31ms
step:563/5100 train_loss:4.4675 train_time:88649ms step_avg:160.30ms
step:564/5100 train_loss:4.4528 train_time:88851ms step_avg:160.38ms
step:565/5100 train_loss:4.3899 train_time:89025ms step_avg:160.40ms
step:566/5100 train_loss:4.4222 train_time:89183ms step_avg:160.40ms
step:567/5100 train_loss:4.5285 train_time:89358ms step_avg:160.43ms
step:568/5100 train_loss:4.5922 train_time:89540ms step_avg:160.47ms
step:569/5100 train_loss:4.4772 train_time:89697ms step_avg:160.46ms
step:570/5100 train_loss:4.4835 train_time:89869ms step_avg:160.48ms
step:571/5100 train_loss:4.5155 train_time:90042ms step_avg:160.50ms
step:572/5100 train_loss:4.5120 train_time:90202ms step_avg:160.50ms
step:573/5100 train_loss:4.4759 train_time:90380ms step_avg:160.53ms
step:574/5100 train_loss:4.5068 train_time:90551ms step_avg:160.55ms
step:575/5100 train_loss:4.5091 train_time:90710ms step_avg:160.55ms
step:576/5100 train_loss:4.4977 train_time:90867ms step_avg:160.54ms
step:577/5100 train_loss:4.6599 train_time:91029ms step_avg:160.54ms
step:578/5100 train_loss:4.3843 train_time:91191ms step_avg:160.55ms
step:579/5100 train_loss:4.3654 train_time:91367ms step_avg:160.57ms
step:580/5100 train_loss:4.6299 train_time:91545ms step_avg:160.61ms
step:581/5100 train_loss:4.4830 train_time:91724ms step_avg:160.64ms
step:582/5100 train_loss:4.4191 train_time:91903ms step_avg:160.67ms
step:583/5100 train_loss:4.3745 train_time:92066ms step_avg:160.67ms
step:584/5100 train_loss:4.5483 train_time:92225ms step_avg:160.67ms
step:585/5100 train_loss:4.5223 train_time:92385ms step_avg:160.67ms
step:586/5100 train_loss:4.5420 train_time:92553ms step_avg:160.68ms
step:587/5100 train_loss:4.5050 train_time:92710ms step_avg:160.68ms
step:588/5100 train_loss:4.3962 train_time:92869ms step_avg:160.67ms
step:589/5100 train_loss:4.4733 train_time:93043ms step_avg:160.70ms
step:590/5100 train_loss:4.3771 train_time:93215ms step_avg:160.72ms
step:591/5100 train_loss:4.7325 train_time:93372ms step_avg:160.71ms
step:592/5100 train_loss:4.6064 train_time:93546ms step_avg:160.73ms
step:593/5100 train_loss:4.5474 train_time:93718ms step_avg:160.75ms
step:594/5100 train_loss:4.3673 train_time:93874ms step_avg:160.74ms
step:595/5100 train_loss:4.5322 train_time:94041ms step_avg:160.75ms
step:596/5100 train_loss:4.3757 train_time:94214ms step_avg:160.77ms
step:597/5100 train_loss:4.5230 train_time:94374ms step_avg:160.77ms
step:598/5100 train_loss:4.3697 train_time:94538ms step_avg:160.78ms
step:599/5100 train_loss:4.3565 train_time:94701ms step_avg:160.78ms
step:600/5100 train_loss:4.4442 train_time:94862ms step_avg:160.78ms
step:601/5100 train_loss:4.5796 train_time:95026ms step_avg:160.79ms
step:602/5100 train_loss:4.4334 train_time:95197ms step_avg:160.81ms
step:603/5100 train_loss:4.4990 train_time:95370ms step_avg:160.83ms
step:604/5100 train_loss:4.3578 train_time:95536ms step_avg:160.84ms
step:605/5100 train_loss:4.2738 train_time:95707ms step_avg:160.85ms
step:606/5100 train_loss:4.3356 train_time:95882ms step_avg:160.88ms
step:607/5100 train_loss:4.4196 train_time:96043ms step_avg:160.88ms
step:608/5100 train_loss:4.5159 train_time:96223ms step_avg:160.91ms
step:609/5100 train_loss:4.5945 train_time:96408ms step_avg:160.95ms
step:610/5100 train_loss:4.5481 train_time:96589ms step_avg:160.98ms
step:611/5100 train_loss:4.4393 train_time:96772ms step_avg:161.02ms
step:612/5100 train_loss:4.3266 train_time:96950ms step_avg:161.05ms
step:613/5100 train_loss:4.3980 train_time:97112ms step_avg:161.05ms
step:614/5100 train_loss:4.5308 train_time:97284ms step_avg:161.07ms
step:615/5100 train_loss:4.5103 train_time:97454ms step_avg:161.08ms
step:616/5100 train_loss:4.4716 train_time:97628ms step_avg:161.10ms
step:617/5100 train_loss:4.5108 train_time:97802ms step_avg:161.12ms
step:618/5100 train_loss:4.8493 train_time:97964ms step_avg:161.13ms
step:619/5100 train_loss:4.5252 train_time:98121ms step_avg:161.12ms
step:620/5100 train_loss:4.4755 train_time:98280ms step_avg:161.12ms
step:621/5100 train_loss:4.4755 train_time:98455ms step_avg:161.14ms
step:622/5100 train_loss:4.4893 train_time:98629ms step_avg:161.16ms
step:623/5100 train_loss:4.2603 train_time:98785ms step_avg:161.15ms
step:624/5100 train_loss:4.6107 train_time:98946ms step_avg:161.15ms
step:625/5100 train_loss:4.5813 train_time:99102ms step_avg:161.14ms
step:626/5100 train_loss:4.4299 train_time:99257ms step_avg:161.13ms
step:627/5100 train_loss:4.3095 train_time:99431ms step_avg:161.15ms
step:628/5100 train_loss:4.3184 train_time:99602ms step_avg:161.17ms
step:629/5100 train_loss:4.6770 train_time:99761ms step_avg:161.16ms
step:630/5100 train_loss:4.1947 train_time:99935ms step_avg:161.19ms
step:631/5100 train_loss:4.0396 train_time:100110ms step_avg:161.21ms
step:632/5100 train_loss:4.4715 train_time:100265ms step_avg:161.20ms
step:633/5100 train_loss:4.3448 train_time:100423ms step_avg:161.19ms
step:634/5100 train_loss:4.5219 train_time:100583ms step_avg:161.19ms
step:635/5100 train_loss:4.3738 train_time:100761ms step_avg:161.22ms
step:636/5100 train_loss:4.3873 train_time:100936ms step_avg:161.24ms
step:637/5100 train_loss:4.4935 train_time:101108ms step_avg:161.26ms
step:638/5100 train_loss:4.4736 train_time:101264ms step_avg:161.25ms
step:639/5100 train_loss:4.3943 train_time:101422ms step_avg:161.24ms
step:640/5100 train_loss:4.4535 train_time:101596ms step_avg:161.26ms
step:641/5100 train_loss:4.4805 train_time:101749ms step_avg:161.25ms
step:642/5100 train_loss:4.3361 train_time:101906ms step_avg:161.24ms
step:643/5100 train_loss:4.4285 train_time:102066ms step_avg:161.24ms
step:644/5100 train_loss:4.3668 train_time:102222ms step_avg:161.23ms
step:645/5100 train_loss:4.3348 train_time:102381ms step_avg:161.23ms
step:646/5100 train_loss:4.3873 train_time:102558ms step_avg:161.25ms
step:647/5100 train_loss:4.4491 train_time:102745ms step_avg:161.30ms
step:648/5100 train_loss:4.5128 train_time:102928ms step_avg:161.33ms
step:649/5100 train_loss:4.3732 train_time:103111ms step_avg:161.36ms
step:650/5100 train_loss:4.4687 train_time:103270ms step_avg:161.36ms
step:651/5100 train_loss:4.4342 train_time:103429ms step_avg:161.36ms
step:652/5100 train_loss:4.3246 train_time:103585ms step_avg:161.35ms
step:653/5100 train_loss:4.5896 train_time:103741ms step_avg:161.34ms
step:654/5100 train_loss:4.4300 train_time:103901ms step_avg:161.34ms
step:655/5100 train_loss:4.5285 train_time:104059ms step_avg:161.33ms
step:656/5100 train_loss:5.4799 train_time:104211ms step_avg:161.32ms
step:657/5100 train_loss:4.4402 train_time:104365ms step_avg:161.31ms
step:658/5100 train_loss:4.4383 train_time:104521ms step_avg:161.30ms
step:659/5100 train_loss:4.5027 train_time:104676ms step_avg:161.29ms
step:660/5100 train_loss:4.3800 train_time:104836ms step_avg:161.29ms
step:661/5100 train_loss:4.5262 train_time:104993ms step_avg:161.28ms
step:662/5100 train_loss:4.4389 train_time:105149ms step_avg:161.27ms
step:663/5100 train_loss:4.3529 train_time:105307ms step_avg:161.27ms
step:664/5100 train_loss:4.4064 train_time:105462ms step_avg:161.26ms
step:665/5100 train_loss:4.4306 train_time:105620ms step_avg:161.25ms
step:666/5100 train_loss:4.3953 train_time:105779ms step_avg:161.25ms
step:667/5100 train_loss:4.3244 train_time:105944ms step_avg:161.25ms
step:668/5100 train_loss:4.3734 train_time:106091ms step_avg:161.23ms
step:669/5100 train_loss:4.3270 train_time:106247ms step_avg:161.22ms
step:670/5100 train_loss:4.3434 train_time:106403ms step_avg:161.22ms
step:671/5100 train_loss:4.4715 train_time:106563ms step_avg:161.21ms
step:672/5100 train_loss:4.4758 train_time:106718ms step_avg:161.21ms
step:673/5100 train_loss:4.3796 train_time:106874ms step_avg:161.20ms
step:674/5100 train_loss:4.3152 train_time:107034ms step_avg:161.20ms
step:675/5100 train_loss:4.4517 train_time:107190ms step_avg:161.19ms
step:676/5100 train_loss:4.3402 train_time:107347ms step_avg:161.18ms
step:677/5100 train_loss:4.4677 train_time:107503ms step_avg:161.17ms
step:678/5100 train_loss:4.3059 train_time:107659ms step_avg:161.17ms
step:679/5100 train_loss:4.3614 train_time:107812ms step_avg:161.15ms
step:680/5100 train_loss:4.4574 train_time:107971ms step_avg:161.15ms
step:681/5100 train_loss:4.4600 train_time:108139ms step_avg:161.16ms
step:682/5100 train_loss:4.5410 train_time:108302ms step_avg:161.16ms
step:683/5100 train_loss:4.3952 train_time:108458ms step_avg:161.16ms
step:684/5100 train_loss:4.5187 train_time:108614ms step_avg:161.15ms
step:685/5100 train_loss:4.2827 train_time:108787ms step_avg:161.17ms
step:686/5100 train_loss:4.4880 train_time:108966ms step_avg:161.19ms
step:687/5100 train_loss:4.6159 train_time:109147ms step_avg:161.22ms
step:688/5100 train_loss:4.5313 train_time:109325ms step_avg:161.25ms
step:689/5100 train_loss:4.3315 train_time:109504ms step_avg:161.27ms
step:690/5100 train_loss:4.4222 train_time:109663ms step_avg:161.27ms
step:691/5100 train_loss:4.3646 train_time:109823ms step_avg:161.27ms
step:692/5100 train_loss:4.3230 train_time:109981ms step_avg:161.26ms
step:693/5100 train_loss:4.4015 train_time:110142ms step_avg:161.26ms
step:694/5100 train_loss:4.4685 train_time:110310ms step_avg:161.27ms
step:695/5100 train_loss:4.4141 train_time:110473ms step_avg:161.27ms
step:696/5100 train_loss:4.4385 train_time:110633ms step_avg:161.27ms
step:697/5100 train_loss:4.5843 train_time:110789ms step_avg:161.27ms
step:698/5100 train_loss:4.3823 train_time:110947ms step_avg:161.26ms
step:699/5100 train_loss:4.3750 train_time:111103ms step_avg:161.25ms
step:700/5100 train_loss:4.4031 train_time:111267ms step_avg:161.26ms
step:701/5100 train_loss:4.4512 train_time:111421ms step_avg:161.25ms
step:702/5100 train_loss:4.3415 train_time:111578ms step_avg:161.24ms
step:703/5100 train_loss:4.2524 train_time:111742ms step_avg:161.24ms
step:704/5100 train_loss:4.4351 train_time:111902ms step_avg:161.24ms
step:705/5100 train_loss:4.7826 train_time:112058ms step_avg:161.23ms
step:706/5100 train_loss:4.3647 train_time:112212ms step_avg:161.22ms
step:707/5100 train_loss:4.3200 train_time:112371ms step_avg:161.22ms
step:708/5100 train_loss:4.4910 train_time:112526ms step_avg:161.21ms
step:709/5100 train_loss:4.3810 train_time:112683ms step_avg:161.21ms
step:710/5100 train_loss:4.3894 train_time:112838ms step_avg:161.20ms
step:711/5100 train_loss:4.7764 train_time:112991ms step_avg:161.19ms
step:712/5100 train_loss:4.2621 train_time:113148ms step_avg:161.18ms
step:713/5100 train_loss:4.4283 train_time:113304ms step_avg:161.17ms
step:714/5100 train_loss:4.3700 train_time:113460ms step_avg:161.17ms
step:715/5100 train_loss:4.3625 train_time:113618ms step_avg:161.16ms
step:716/5100 train_loss:4.4081 train_time:113776ms step_avg:161.16ms
step:717/5100 train_loss:4.2820 train_time:113940ms step_avg:161.16ms
step:718/5100 train_loss:4.2813 train_time:114099ms step_avg:161.16ms
step:719/5100 train_loss:4.2724 train_time:114259ms step_avg:161.16ms
step:720/5100 train_loss:4.3467 train_time:114416ms step_avg:161.15ms
step:721/5100 train_loss:4.3992 train_time:114575ms step_avg:161.15ms
step:722/5100 train_loss:4.3412 train_time:114735ms step_avg:161.14ms
step:723/5100 train_loss:4.3640 train_time:114888ms step_avg:161.13ms
step:724/5100 train_loss:4.3429 train_time:115043ms step_avg:161.12ms
step:725/5100 train_loss:4.4052 train_time:115198ms step_avg:161.12ms
step:726/5100 train_loss:4.4631 train_time:115355ms step_avg:161.11ms
step:727/5100 train_loss:4.3797 train_time:115511ms step_avg:161.10ms
step:728/5100 train_loss:4.2646 train_time:115671ms step_avg:161.10ms
step:729/5100 train_loss:4.6090 train_time:115830ms step_avg:161.10ms
step:730/5100 train_loss:4.4588 train_time:115985ms step_avg:161.09ms
step:731/5100 train_loss:4.3504 train_time:116143ms step_avg:161.09ms
step:732/5100 train_loss:4.5225 train_time:116299ms step_avg:161.08ms
step:733/5100 train_loss:4.1823 train_time:116454ms step_avg:161.07ms
step:734/5100 train_loss:4.4254 train_time:116610ms step_avg:161.06ms
step:735/5100 train_loss:4.3355 train_time:116762ms step_avg:161.05ms
step:736/5100 train_loss:4.3394 train_time:116921ms step_avg:161.05ms
step:737/5100 train_loss:4.3336 train_time:117079ms step_avg:161.04ms
step:738/5100 train_loss:4.3028 train_time:117233ms step_avg:161.03ms
step:739/5100 train_loss:4.3110 train_time:117389ms step_avg:161.03ms
step:740/5100 train_loss:4.3439 train_time:117544ms step_avg:161.02ms
step:741/5100 train_loss:4.3160 train_time:117704ms step_avg:161.02ms
step:742/5100 train_loss:4.4691 train_time:117857ms step_avg:161.01ms
step:743/5100 train_loss:4.3382 train_time:118013ms step_avg:161.00ms
step:744/5100 train_loss:4.3066 train_time:118171ms step_avg:161.00ms
step:745/5100 train_loss:4.3840 train_time:118332ms step_avg:161.00ms
step:746/5100 train_loss:4.3841 train_time:118497ms step_avg:161.00ms
step:747/5100 train_loss:4.4379 train_time:118652ms step_avg:160.99ms
step:748/5100 train_loss:4.4166 train_time:118807ms step_avg:160.99ms
step:749/5100 train_loss:4.2959 train_time:118964ms step_avg:160.98ms
step:750/5100 train_loss:4.6271 train_time:119120ms step_avg:160.97ms
step:751/5100 train_loss:4.3152 train_time:119272ms step_avg:160.96ms
step:752/5100 train_loss:4.2886 train_time:119434ms step_avg:160.96ms
step:753/5100 train_loss:4.4695 train_time:119585ms step_avg:160.95ms
step:754/5100 train_loss:4.4152 train_time:119740ms step_avg:160.94ms
step:755/5100 train_loss:4.3271 train_time:119894ms step_avg:160.93ms
step:756/5100 train_loss:4.4220 train_time:120048ms step_avg:160.92ms
step:756/5100 val_loss:4.3662 train_time:120054ms step_avg:160.93ms
step:757/5100 train_loss:4.4449 train_time:120205ms step_avg:160.92ms
step:758/5100 train_loss:4.3831 train_time:120363ms step_avg:160.91ms
step:759/5100 train_loss:4.2614 train_time:120518ms step_avg:160.91ms
step:760/5100 train_loss:4.3945 train_time:120675ms step_avg:160.90ms
step:761/5100 train_loss:4.3595 train_time:120843ms step_avg:160.91ms
step:762/5100 train_loss:4.3341 train_time:120995ms step_avg:160.90ms
step:763/5100 train_loss:4.1597 train_time:121150ms step_avg:160.89ms
step:764/5100 train_loss:4.4317 train_time:121306ms step_avg:160.88ms
step:765/5100 train_loss:4.3075 train_time:121464ms step_avg:160.88ms
step:766/5100 train_loss:4.2614 train_time:121623ms step_avg:160.88ms
step:767/5100 train_loss:4.3710 train_time:121778ms step_avg:160.87ms
step:768/5100 train_loss:4.2825 train_time:121938ms step_avg:160.87ms
step:769/5100 train_loss:4.2944 train_time:122093ms step_avg:160.86ms
step:770/5100 train_loss:4.3412 train_time:122252ms step_avg:160.86ms
step:771/5100 train_loss:4.3387 train_time:122419ms step_avg:160.87ms
step:772/5100 train_loss:4.3470 train_time:122573ms step_avg:160.86ms
step:773/5100 train_loss:4.2317 train_time:122759ms step_avg:160.89ms
step:774/5100 train_loss:4.4302 train_time:122940ms step_avg:160.92ms
step:775/5100 train_loss:4.5305 train_time:123106ms step_avg:160.92ms
step:776/5100 train_loss:4.4029 train_time:123272ms step_avg:160.93ms
step:777/5100 train_loss:4.5982 train_time:123440ms step_avg:160.94ms
step:778/5100 train_loss:4.3232 train_time:123599ms step_avg:160.94ms
step:779/5100 train_loss:4.4541 train_time:123761ms step_avg:160.94ms
step:780/5100 train_loss:4.3437 train_time:123927ms step_avg:160.94ms
step:781/5100 train_loss:4.3932 train_time:124088ms step_avg:160.94ms
step:782/5100 train_loss:4.2856 train_time:124247ms step_avg:160.94ms
step:783/5100 train_loss:4.3758 train_time:124420ms step_avg:160.96ms
step:784/5100 train_loss:4.3076 train_time:124586ms step_avg:160.96ms
step:785/5100 train_loss:4.3421 train_time:124754ms step_avg:160.97ms
step:786/5100 train_loss:4.3908 train_time:124912ms step_avg:160.97ms
step:787/5100 train_loss:4.3798 train_time:125077ms step_avg:160.97ms
step:788/5100 train_loss:4.2308 train_time:125258ms step_avg:161.00ms
step:789/5100 train_loss:4.3173 train_time:125432ms step_avg:161.02ms
step:790/5100 train_loss:4.2804 train_time:125587ms step_avg:161.01ms
step:791/5100 train_loss:4.4681 train_time:125745ms step_avg:161.01ms
step:792/5100 train_loss:4.3690 train_time:125904ms step_avg:161.00ms
step:793/5100 train_loss:4.3154 train_time:126065ms step_avg:161.00ms
step:794/5100 train_loss:4.4580 train_time:126226ms step_avg:161.00ms
step:795/5100 train_loss:4.2814 train_time:126386ms step_avg:161.00ms
step:796/5100 train_loss:4.2170 train_time:126547ms step_avg:161.00ms
step:797/5100 train_loss:4.4434 train_time:126704ms step_avg:161.00ms
step:798/5100 train_loss:4.3188 train_time:126864ms step_avg:161.00ms
step:799/5100 train_loss:4.2149 train_time:127024ms step_avg:160.99ms
step:800/5100 train_loss:4.2330 train_time:127187ms step_avg:161.00ms
step:801/5100 train_loss:4.3005 train_time:127351ms step_avg:161.00ms
step:802/5100 train_loss:4.3152 train_time:127502ms step_avg:160.99ms
step:803/5100 train_loss:4.2357 train_time:127659ms step_avg:160.98ms
step:804/5100 train_loss:4.2396 train_time:127814ms step_avg:160.97ms
step:805/5100 train_loss:3.9491 train_time:127979ms step_avg:160.98ms
step:806/5100 train_loss:4.2087 train_time:128140ms step_avg:160.98ms
step:807/5100 train_loss:4.2062 train_time:128296ms step_avg:160.97ms
step:808/5100 train_loss:4.3074 train_time:128486ms step_avg:161.01ms
step:809/5100 train_loss:4.5423 train_time:128648ms step_avg:161.01ms
step:810/5100 train_loss:4.4819 train_time:128805ms step_avg:161.01ms
step:811/5100 train_loss:4.2428 train_time:128966ms step_avg:161.01ms
step:812/5100 train_loss:4.3319 train_time:129129ms step_avg:161.01ms
step:813/5100 train_loss:4.3665 train_time:129287ms step_avg:161.01ms
step:814/5100 train_loss:4.3640 train_time:129462ms step_avg:161.02ms
step:815/5100 train_loss:4.1553 train_time:129623ms step_avg:161.02ms
step:816/5100 train_loss:4.4625 train_time:129778ms step_avg:161.01ms
step:817/5100 train_loss:4.3648 train_time:129940ms step_avg:161.02ms
step:818/5100 train_loss:4.3184 train_time:130098ms step_avg:161.01ms
step:819/5100 train_loss:4.3607 train_time:130256ms step_avg:161.01ms
step:820/5100 train_loss:4.4133 train_time:130425ms step_avg:161.02ms
step:821/5100 train_loss:4.2055 train_time:130593ms step_avg:161.03ms
step:822/5100 train_loss:4.3232 train_time:130750ms step_avg:161.02ms
step:823/5100 train_loss:4.3092 train_time:130909ms step_avg:161.02ms
step:824/5100 train_loss:4.4047 train_time:131084ms step_avg:161.04ms
step:825/5100 train_loss:4.3819 train_time:131257ms step_avg:161.05ms
step:826/5100 train_loss:4.3351 train_time:131416ms step_avg:161.05ms
step:827/5100 train_loss:4.3541 train_time:131578ms step_avg:161.05ms
step:828/5100 train_loss:5.3794 train_time:131748ms step_avg:161.06ms
step:829/5100 train_loss:4.2681 train_time:131910ms step_avg:161.06ms
step:830/5100 train_loss:4.3789 train_time:132072ms step_avg:161.06ms
step:831/5100 train_loss:4.1005 train_time:132310ms step_avg:161.16ms
step:832/5100 train_loss:4.3143 train_time:132468ms step_avg:161.15ms
step:833/5100 train_loss:4.3201 train_time:132635ms step_avg:161.16ms
step:834/5100 train_loss:4.3238 train_time:132811ms step_avg:161.18ms
step:835/5100 train_loss:4.3652 train_time:132978ms step_avg:161.19ms
step:836/5100 train_loss:4.4076 train_time:133141ms step_avg:161.19ms
step:837/5100 train_loss:4.3061 train_time:133414ms step_avg:161.32ms
step:838/5100 train_loss:4.3532 train_time:133610ms step_avg:161.36ms
step:839/5100 train_loss:4.4775 train_time:133784ms step_avg:161.38ms
step:840/5100 train_loss:4.3905 train_time:133950ms step_avg:161.39ms
step:841/5100 train_loss:4.2603 train_time:134110ms step_avg:161.38ms
step:842/5100 train_loss:4.2534 train_time:134268ms step_avg:161.38ms
step:843/5100 train_loss:4.2665 train_time:134427ms step_avg:161.38ms
step:844/5100 train_loss:4.4962 train_time:134585ms step_avg:161.37ms
step:845/5100 train_loss:4.1982 train_time:134746ms step_avg:161.37ms
step:846/5100 train_loss:4.4872 train_time:134905ms step_avg:161.37ms
step:847/5100 train_loss:4.3107 train_time:135061ms step_avg:161.36ms
step:848/5100 train_loss:4.3610 train_time:135217ms step_avg:161.36ms
step:849/5100 train_loss:4.3267 train_time:135371ms step_avg:161.35ms
step:850/5100 train_loss:4.2827 train_time:135530ms step_avg:161.35ms
step:851/5100 train_loss:4.2397 train_time:135691ms step_avg:161.34ms
step:852/5100 train_loss:4.4457 train_time:135850ms step_avg:161.34ms
step:853/5100 train_loss:4.4061 train_time:136005ms step_avg:161.33ms
step:854/5100 train_loss:4.3187 train_time:136171ms step_avg:161.34ms
step:855/5100 train_loss:4.4935 train_time:136331ms step_avg:161.34ms
step:856/5100 train_loss:4.4366 train_time:136490ms step_avg:161.34ms
step:857/5100 train_loss:4.1341 train_time:136646ms step_avg:161.33ms
step:858/5100 train_loss:4.1509 train_time:136805ms step_avg:161.33ms
step:859/5100 train_loss:4.4086 train_time:136966ms step_avg:161.33ms
step:860/5100 train_loss:4.1838 train_time:137125ms step_avg:161.32ms
step:861/5100 train_loss:4.2811 train_time:137300ms step_avg:161.34ms
step:862/5100 train_loss:4.1976 train_time:137470ms step_avg:161.35ms
step:863/5100 train_loss:4.1503 train_time:137634ms step_avg:161.35ms
step:864/5100 train_loss:4.3500 train_time:137792ms step_avg:161.35ms
step:865/5100 train_loss:4.3560 train_time:137950ms step_avg:161.35ms
step:866/5100 train_loss:4.2683 train_time:138104ms step_avg:161.34ms
step:867/5100 train_loss:4.2908 train_time:138260ms step_avg:161.33ms
step:868/5100 train_loss:4.2792 train_time:138414ms step_avg:161.32ms
step:869/5100 train_loss:4.3992 train_time:138566ms step_avg:161.31ms
step:870/5100 train_loss:4.5507 train_time:138721ms step_avg:161.30ms
step:871/5100 train_loss:4.2809 train_time:138875ms step_avg:161.30ms
step:872/5100 train_loss:4.2370 train_time:139036ms step_avg:161.29ms
step:873/5100 train_loss:4.4030 train_time:139191ms step_avg:161.29ms
step:874/5100 train_loss:4.2484 train_time:139351ms step_avg:161.29ms
step:875/5100 train_loss:4.4512 train_time:139507ms step_avg:161.28ms
step:876/5100 train_loss:4.2747 train_time:139664ms step_avg:161.27ms
step:877/5100 train_loss:4.2744 train_time:139819ms step_avg:161.27ms
step:878/5100 train_loss:4.3373 train_time:139970ms step_avg:161.26ms
step:879/5100 train_loss:4.3530 train_time:140131ms step_avg:161.26ms
step:880/5100 train_loss:4.4717 train_time:140286ms step_avg:161.25ms
step:881/5100 train_loss:4.4832 train_time:140443ms step_avg:161.24ms
step:882/5100 train_loss:4.2219 train_time:140599ms step_avg:161.24ms
step:883/5100 train_loss:4.3057 train_time:140756ms step_avg:161.23ms
step:884/5100 train_loss:4.3530 train_time:140910ms step_avg:161.22ms
step:885/5100 train_loss:4.2826 train_time:141067ms step_avg:161.22ms
step:886/5100 train_loss:4.2695 train_time:141224ms step_avg:161.21ms
step:887/5100 train_loss:4.3158 train_time:141382ms step_avg:161.21ms
step:888/5100 train_loss:4.3063 train_time:141535ms step_avg:161.20ms
step:889/5100 train_loss:4.2014 train_time:141690ms step_avg:161.19ms
step:890/5100 train_loss:4.3631 train_time:141845ms step_avg:161.19ms
step:891/5100 train_loss:4.2540 train_time:142000ms step_avg:161.18ms
step:892/5100 train_loss:4.3494 train_time:142154ms step_avg:161.17ms
step:893/5100 train_loss:4.2965 train_time:142307ms step_avg:161.16ms
step:894/5100 train_loss:4.4653 train_time:142463ms step_avg:161.16ms
step:895/5100 train_loss:4.4222 train_time:142624ms step_avg:161.16ms
step:896/5100 train_loss:4.1991 train_time:142781ms step_avg:161.15ms
step:897/5100 train_loss:4.3749 train_time:142938ms step_avg:161.15ms
step:898/5100 train_loss:4.2681 train_time:143093ms step_avg:161.14ms
step:899/5100 train_loss:4.3287 train_time:143249ms step_avg:161.14ms
step:900/5100 train_loss:4.4431 train_time:143401ms step_avg:161.13ms
step:901/5100 train_loss:4.4382 train_time:143560ms step_avg:161.12ms
step:902/5100 train_loss:4.1495 train_time:143721ms step_avg:161.12ms
step:903/5100 train_loss:4.2093 train_time:143879ms step_avg:161.12ms
step:904/5100 train_loss:4.5892 train_time:144043ms step_avg:161.12ms
step:905/5100 train_loss:4.4330 train_time:144199ms step_avg:161.12ms
step:906/5100 train_loss:4.1631 train_time:144353ms step_avg:161.11ms
step:907/5100 train_loss:4.3138 train_time:144508ms step_avg:161.10ms
step:908/5100 train_loss:4.2718 train_time:144671ms step_avg:161.10ms
step:909/5100 train_loss:4.4538 train_time:144830ms step_avg:161.10ms
step:910/5100 train_loss:4.3700 train_time:144985ms step_avg:161.09ms
step:911/5100 train_loss:4.2701 train_time:145144ms step_avg:161.09ms
step:912/5100 train_loss:4.3199 train_time:145297ms step_avg:161.08ms
step:913/5100 train_loss:4.3315 train_time:145451ms step_avg:161.07ms
step:914/5100 train_loss:4.2946 train_time:145605ms step_avg:161.07ms
step:915/5100 train_loss:4.2122 train_time:145760ms step_avg:161.06ms
step:916/5100 train_loss:4.3242 train_time:145916ms step_avg:161.05ms
step:917/5100 train_loss:4.4323 train_time:146073ms step_avg:161.05ms
step:918/5100 train_loss:4.2998 train_time:146238ms step_avg:161.05ms
step:919/5100 train_loss:4.2432 train_time:146405ms step_avg:161.06ms
step:920/5100 train_loss:4.1592 train_time:146565ms step_avg:161.06ms
step:921/5100 train_loss:4.8013 train_time:146721ms step_avg:161.05ms
step:922/5100 train_loss:4.2861 train_time:146884ms step_avg:161.06ms
step:923/5100 train_loss:4.2995 train_time:147043ms step_avg:161.05ms
step:924/5100 train_loss:4.3079 train_time:147201ms step_avg:161.05ms
step:925/5100 train_loss:4.4334 train_time:147366ms step_avg:161.06ms
step:926/5100 train_loss:4.3212 train_time:147523ms step_avg:161.05ms
step:927/5100 train_loss:4.2539 train_time:147688ms step_avg:161.06ms
step:928/5100 train_loss:4.2378 train_time:147845ms step_avg:161.05ms
step:929/5100 train_loss:4.4043 train_time:148010ms step_avg:161.06ms
step:930/5100 train_loss:4.1811 train_time:148170ms step_avg:161.05ms
step:931/5100 train_loss:4.3166 train_time:148329ms step_avg:161.05ms
step:932/5100 train_loss:4.3039 train_time:148496ms step_avg:161.06ms
step:933/5100 train_loss:4.2896 train_time:148651ms step_avg:161.05ms
step:934/5100 train_loss:4.0997 train_time:148813ms step_avg:161.05ms
step:935/5100 train_loss:4.3206 train_time:148967ms step_avg:161.05ms
step:936/5100 train_loss:4.2807 train_time:149121ms step_avg:161.04ms
step:937/5100 train_loss:4.2673 train_time:149289ms step_avg:161.04ms
step:938/5100 train_loss:4.4255 train_time:149460ms step_avg:161.06ms
step:939/5100 train_loss:4.3350 train_time:149611ms step_avg:161.05ms
step:940/5100 train_loss:4.3847 train_time:149766ms step_avg:161.04ms
step:941/5100 train_loss:4.2046 train_time:149923ms step_avg:161.03ms
step:942/5100 train_loss:4.3743 train_time:150073ms step_avg:161.02ms
step:943/5100 train_loss:4.2625 train_time:150227ms step_avg:161.01ms
step:944/5100 train_loss:4.2561 train_time:150380ms step_avg:161.01ms
step:945/5100 train_loss:4.1777 train_time:150534ms step_avg:161.00ms
step:946/5100 train_loss:4.2844 train_time:150690ms step_avg:160.99ms
step:947/5100 train_loss:4.1851 train_time:150843ms step_avg:160.99ms
step:948/5100 train_loss:4.3139 train_time:151000ms step_avg:160.98ms
step:949/5100 train_loss:4.2474 train_time:151159ms step_avg:160.98ms
step:950/5100 train_loss:4.1912 train_time:151316ms step_avg:160.97ms
step:951/5100 train_loss:4.3337 train_time:151469ms step_avg:160.97ms
step:952/5100 train_loss:4.2822 train_time:151627ms step_avg:160.96ms
step:953/5100 train_loss:4.2604 train_time:151784ms step_avg:160.96ms
step:954/5100 train_loss:4.1334 train_time:151941ms step_avg:160.95ms
step:955/5100 train_loss:4.2464 train_time:152100ms step_avg:160.95ms
step:956/5100 train_loss:4.2669 train_time:152255ms step_avg:160.95ms
step:957/5100 train_loss:4.2425 train_time:152411ms step_avg:160.94ms
step:958/5100 train_loss:4.2869 train_time:152567ms step_avg:160.94ms
step:959/5100 train_loss:4.2822 train_time:152727ms step_avg:160.93ms
step:960/5100 train_loss:4.3092 train_time:152883ms step_avg:160.93ms
step:961/5100 train_loss:4.2191 train_time:153038ms step_avg:160.92ms
step:962/5100 train_loss:4.1324 train_time:153191ms step_avg:160.91ms
step:963/5100 train_loss:4.1520 train_time:153345ms step_avg:160.91ms
step:964/5100 train_loss:4.2251 train_time:153497ms step_avg:160.90ms
step:965/5100 train_loss:4.2834 train_time:153649ms step_avg:160.89ms
step:966/5100 train_loss:4.2831 train_time:153804ms step_avg:160.88ms
step:967/5100 train_loss:4.2819 train_time:153963ms step_avg:160.88ms
step:968/5100 train_loss:4.3656 train_time:154120ms step_avg:160.88ms
step:969/5100 train_loss:4.3057 train_time:154270ms step_avg:160.87ms
step:970/5100 train_loss:4.2952 train_time:154427ms step_avg:160.86ms
step:971/5100 train_loss:4.3206 train_time:154584ms step_avg:160.86ms
step:972/5100 train_loss:4.2162 train_time:154741ms step_avg:160.85ms
step:973/5100 train_loss:4.2232 train_time:154894ms step_avg:160.84ms
step:974/5100 train_loss:4.1759 train_time:155049ms step_avg:160.84ms
step:975/5100 train_loss:4.2095 train_time:155204ms step_avg:160.83ms
step:976/5100 train_loss:4.1022 train_time:155359ms step_avg:160.83ms
step:977/5100 train_loss:4.1148 train_time:155516ms step_avg:160.82ms
step:978/5100 train_loss:4.0867 train_time:155667ms step_avg:160.81ms
step:979/5100 train_loss:4.3324 train_time:155836ms step_avg:160.82ms
step:980/5100 train_loss:4.3121 train_time:155992ms step_avg:160.82ms
step:981/5100 train_loss:4.2537 train_time:156152ms step_avg:160.82ms
step:982/5100 train_loss:4.2663 train_time:156307ms step_avg:160.81ms
step:983/5100 train_loss:4.3148 train_time:156467ms step_avg:160.81ms
step:984/5100 train_loss:4.1413 train_time:156617ms step_avg:160.80ms
step:985/5100 train_loss:4.2269 train_time:156772ms step_avg:160.79ms
step:986/5100 train_loss:4.4215 train_time:156929ms step_avg:160.79ms
step:987/5100 train_loss:4.3513 train_time:157083ms step_avg:160.78ms
step:988/5100 train_loss:4.2551 train_time:157246ms step_avg:160.78ms
step:989/5100 train_loss:4.1806 train_time:157402ms step_avg:160.78ms
step:990/5100 train_loss:4.1170 train_time:157558ms step_avg:160.77ms
step:991/5100 train_loss:4.1598 train_time:157711ms step_avg:160.77ms
step:992/5100 train_loss:4.2390 train_time:157866ms step_avg:160.76ms
step:993/5100 train_loss:4.2550 train_time:158023ms step_avg:160.76ms
step:994/5100 train_loss:4.2884 train_time:158178ms step_avg:160.75ms
step:995/5100 train_loss:4.2916 train_time:158339ms step_avg:160.75ms
step:996/5100 train_loss:4.3186 train_time:158497ms step_avg:160.75ms
step:997/5100 train_loss:4.2755 train_time:158654ms step_avg:160.74ms
step:998/5100 train_loss:4.1383 train_time:158804ms step_avg:160.73ms
step:999/5100 train_loss:4.2675 train_time:158962ms step_avg:160.73ms
step:1000/5100 train_loss:4.2765 train_time:159118ms step_avg:160.73ms
step:1001/5100 train_loss:4.2916 train_time:159275ms step_avg:160.72ms
step:1002/5100 train_loss:4.2545 train_time:159438ms step_avg:160.72ms
step:1003/5100 train_loss:4.2249 train_time:159590ms step_avg:160.71ms
step:1004/5100 train_loss:4.2761 train_time:159746ms step_avg:160.71ms
step:1005/5100 train_loss:4.2919 train_time:159902ms step_avg:160.71ms
step:1006/5100 train_loss:4.0719 train_time:160059ms step_avg:160.70ms
step:1007/5100 train_loss:4.2704 train_time:160219ms step_avg:160.70ms
step:1008/5100 train_loss:4.1871 train_time:160372ms step_avg:160.69ms
step:1009/5100 train_loss:4.2473 train_time:160528ms step_avg:160.69ms
step:1010/5100 train_loss:4.2774 train_time:160684ms step_avg:160.68ms
step:1011/5100 train_loss:4.2593 train_time:160838ms step_avg:160.68ms
step:1012/5100 train_loss:4.3517 train_time:160992ms step_avg:160.67ms
step:1013/5100 train_loss:4.2233 train_time:161146ms step_avg:160.66ms
step:1014/5100 train_loss:4.2965 train_time:161321ms step_avg:160.68ms
step:1015/5100 train_loss:4.4548 train_time:161487ms step_avg:160.68ms
step:1016/5100 train_loss:4.4694 train_time:161645ms step_avg:160.68ms
step:1017/5100 train_loss:4.1574 train_time:161799ms step_avg:160.67ms
step:1018/5100 train_loss:4.2247 train_time:161951ms step_avg:160.67ms
step:1019/5100 train_loss:4.2661 train_time:162107ms step_avg:160.66ms
step:1020/5100 train_loss:4.1146 train_time:162265ms step_avg:160.66ms
step:1021/5100 train_loss:4.1624 train_time:162422ms step_avg:160.66ms
step:1022/5100 train_loss:4.2907 train_time:162579ms step_avg:160.65ms
step:1023/5100 train_loss:4.3917 train_time:162738ms step_avg:160.65ms
step:1024/5100 train_loss:4.2919 train_time:162892ms step_avg:160.64ms
step:1025/5100 train_loss:4.2140 train_time:163047ms step_avg:160.64ms
step:1026/5100 train_loss:4.5417 train_time:163201ms step_avg:160.63ms
step:1027/5100 train_loss:4.2358 train_time:163356ms step_avg:160.63ms
step:1028/5100 train_loss:4.3708 train_time:163513ms step_avg:160.62ms
step:1029/5100 train_loss:4.2679 train_time:163665ms step_avg:160.61ms
step:1030/5100 train_loss:4.2996 train_time:163821ms step_avg:160.61ms
step:1031/5100 train_loss:4.2939 train_time:163980ms step_avg:160.61ms
step:1032/5100 train_loss:4.2453 train_time:164134ms step_avg:160.60ms
step:1033/5100 train_loss:4.2625 train_time:164290ms step_avg:160.60ms
step:1034/5100 train_loss:4.1951 train_time:164445ms step_avg:160.59ms
step:1035/5100 train_loss:4.1522 train_time:164602ms step_avg:160.59ms
step:1036/5100 train_loss:4.0533 train_time:164755ms step_avg:160.58ms
step:1037/5100 train_loss:3.9043 train_time:164907ms step_avg:160.57ms
step:1038/5100 train_loss:4.1902 train_time:165068ms step_avg:160.57ms
step:1039/5100 train_loss:4.3437 train_time:165224ms step_avg:160.57ms
step:1040/5100 train_loss:4.0943 train_time:165385ms step_avg:160.57ms
step:1041/5100 train_loss:4.1832 train_time:165543ms step_avg:160.57ms
step:1042/5100 train_loss:4.2614 train_time:165701ms step_avg:160.56ms
step:1043/5100 train_loss:4.2554 train_time:165855ms step_avg:160.56ms
step:1044/5100 train_loss:4.2003 train_time:166018ms step_avg:160.56ms
step:1045/5100 train_loss:4.3273 train_time:166172ms step_avg:160.55ms
step:1046/5100 train_loss:4.3939 train_time:166334ms step_avg:160.55ms
step:1047/5100 train_loss:4.2100 train_time:166489ms step_avg:160.55ms
step:1048/5100 train_loss:4.2559 train_time:166649ms step_avg:160.55ms
step:1049/5100 train_loss:4.2237 train_time:166803ms step_avg:160.54ms
step:1050/5100 train_loss:4.2004 train_time:166958ms step_avg:160.54ms
step:1051/5100 train_loss:4.2108 train_time:167125ms step_avg:160.54ms
step:1052/5100 train_loss:4.1521 train_time:167286ms step_avg:160.54ms
step:1053/5100 train_loss:4.2032 train_time:167445ms step_avg:160.54ms
step:1054/5100 train_loss:4.1649 train_time:167600ms step_avg:160.54ms
step:1055/5100 train_loss:4.3357 train_time:167758ms step_avg:160.53ms
step:1056/5100 train_loss:4.2802 train_time:167911ms step_avg:160.53ms
step:1057/5100 train_loss:4.3077 train_time:168071ms step_avg:160.53ms
step:1058/5100 train_loss:4.3272 train_time:168228ms step_avg:160.52ms
step:1059/5100 train_loss:4.3036 train_time:168382ms step_avg:160.52ms
step:1060/5100 train_loss:4.2090 train_time:168538ms step_avg:160.51ms
step:1061/5100 train_loss:4.1911 train_time:168687ms step_avg:160.50ms
step:1062/5100 train_loss:4.1501 train_time:168841ms step_avg:160.50ms
step:1063/5100 train_loss:4.1269 train_time:168994ms step_avg:160.49ms
step:1064/5100 train_loss:4.2274 train_time:169150ms step_avg:160.48ms
step:1065/5100 train_loss:4.1789 train_time:169305ms step_avg:160.48ms
step:1066/5100 train_loss:4.1388 train_time:169462ms step_avg:160.48ms
step:1067/5100 train_loss:4.3418 train_time:169614ms step_avg:160.47ms
step:1068/5100 train_loss:4.2359 train_time:169771ms step_avg:160.46ms
step:1069/5100 train_loss:4.2552 train_time:169931ms step_avg:160.46ms
step:1070/5100 train_loss:4.2887 train_time:170088ms step_avg:160.46ms
step:1071/5100 train_loss:4.1385 train_time:170247ms step_avg:160.46ms
step:1072/5100 train_loss:4.1536 train_time:170407ms step_avg:160.46ms
step:1073/5100 train_loss:4.1419 train_time:170563ms step_avg:160.45ms
step:1074/5100 train_loss:4.3046 train_time:170722ms step_avg:160.45ms
step:1075/5100 train_loss:4.6047 train_time:170883ms step_avg:160.45ms
step:1076/5100 train_loss:4.3591 train_time:171040ms step_avg:160.45ms
step:1077/5100 train_loss:4.1559 train_time:171200ms step_avg:160.45ms
step:1078/5100 train_loss:4.1429 train_time:171355ms step_avg:160.45ms
step:1079/5100 train_loss:4.2070 train_time:171512ms step_avg:160.44ms
step:1080/5100 train_loss:4.1465 train_time:171671ms step_avg:160.44ms
step:1081/5100 train_loss:4.1605 train_time:171830ms step_avg:160.44ms
step:1082/5100 train_loss:4.0513 train_time:171994ms step_avg:160.44ms
step:1083/5100 train_loss:4.1335 train_time:172174ms step_avg:160.46ms
step:1084/5100 train_loss:4.2725 train_time:172333ms step_avg:160.46ms
step:1085/5100 train_loss:4.2913 train_time:172491ms step_avg:160.46ms
step:1086/5100 train_loss:4.1313 train_time:172648ms step_avg:160.45ms
step:1087/5100 train_loss:4.1703 train_time:172809ms step_avg:160.45ms
step:1088/5100 train_loss:4.3016 train_time:172965ms step_avg:160.45ms
step:1089/5100 train_loss:4.2134 train_time:173128ms step_avg:160.45ms
step:1090/5100 train_loss:4.2521 train_time:173286ms step_avg:160.45ms
step:1091/5100 train_loss:4.3709 train_time:173445ms step_avg:160.45ms
step:1092/5100 train_loss:4.0651 train_time:173603ms step_avg:160.45ms
step:1093/5100 train_loss:4.2352 train_time:173761ms step_avg:160.44ms
step:1094/5100 train_loss:4.1702 train_time:173920ms step_avg:160.44ms
step:1095/5100 train_loss:4.3523 train_time:174081ms step_avg:160.44ms
step:1096/5100 train_loss:4.1343 train_time:174241ms step_avg:160.44ms
step:1097/5100 train_loss:4.1632 train_time:174409ms step_avg:160.45ms
step:1098/5100 train_loss:4.1608 train_time:174568ms step_avg:160.45ms
step:1099/5100 train_loss:4.2789 train_time:174734ms step_avg:160.45ms
step:1100/5100 train_loss:4.2139 train_time:174891ms step_avg:160.45ms
step:1101/5100 train_loss:4.1725 train_time:175046ms step_avg:160.45ms
step:1102/5100 train_loss:4.2435 train_time:175201ms step_avg:160.44ms
step:1103/5100 train_loss:4.2141 train_time:175359ms step_avg:160.44ms
step:1104/5100 train_loss:4.2551 train_time:175516ms step_avg:160.44ms
step:1105/5100 train_loss:4.4494 train_time:175676ms step_avg:160.43ms
step:1106/5100 train_loss:4.2510 train_time:175838ms step_avg:160.44ms
step:1107/5100 train_loss:4.1692 train_time:175991ms step_avg:160.43ms
step:1108/5100 train_loss:4.1699 train_time:176170ms step_avg:160.45ms
step:1109/5100 train_loss:4.0716 train_time:176346ms step_avg:160.46ms
step:1110/5100 train_loss:4.3256 train_time:176504ms step_avg:160.46ms
step:1111/5100 train_loss:4.2349 train_time:176662ms step_avg:160.46ms
step:1112/5100 train_loss:4.3096 train_time:176821ms step_avg:160.45ms
step:1113/5100 train_loss:4.2335 train_time:176980ms step_avg:160.45ms
step:1114/5100 train_loss:4.3458 train_time:177140ms step_avg:160.45ms
step:1115/5100 train_loss:4.2732 train_time:177298ms step_avg:160.45ms
step:1116/5100 train_loss:4.2036 train_time:177459ms step_avg:160.45ms
step:1117/5100 train_loss:4.1160 train_time:177615ms step_avg:160.45ms
step:1118/5100 train_loss:4.2278 train_time:177772ms step_avg:160.44ms
step:1119/5100 train_loss:4.4084 train_time:177934ms step_avg:160.45ms
step:1120/5100 train_loss:4.3130 train_time:178090ms step_avg:160.44ms
step:1121/5100 train_loss:4.2194 train_time:178249ms step_avg:160.44ms
step:1122/5100 train_loss:4.1821 train_time:178413ms step_avg:160.44ms
step:1123/5100 train_loss:4.2341 train_time:178569ms step_avg:160.44ms
step:1124/5100 train_loss:4.1100 train_time:178731ms step_avg:160.44ms
step:1125/5100 train_loss:3.9479 train_time:178891ms step_avg:160.44ms
step:1126/5100 train_loss:4.1100 train_time:179052ms step_avg:160.44ms
step:1127/5100 train_loss:4.3406 train_time:179206ms step_avg:160.43ms
step:1128/5100 train_loss:4.2730 train_time:179367ms step_avg:160.44ms
step:1129/5100 train_loss:4.2107 train_time:179526ms step_avg:160.43ms
step:1130/5100 train_loss:4.1672 train_time:179687ms step_avg:160.43ms
step:1131/5100 train_loss:4.1871 train_time:179849ms step_avg:160.44ms
step:1132/5100 train_loss:4.4942 train_time:180008ms step_avg:160.43ms
step:1132/5100 val_loss:4.1954 train_time:180016ms step_avg:160.44ms
step:1133/5100 train_loss:4.3354 train_time:180163ms step_avg:160.43ms
step:1134/5100 train_loss:4.2491 train_time:180348ms step_avg:160.45ms
step:1135/5100 train_loss:4.4829 train_time:180542ms step_avg:160.48ms
step:1136/5100 train_loss:4.2211 train_time:180715ms step_avg:160.49ms
step:1137/5100 train_loss:4.2052 train_time:180886ms step_avg:160.50ms
step:1138/5100 train_loss:4.1354 train_time:181044ms step_avg:160.50ms
step:1139/5100 train_loss:4.2104 train_time:181202ms step_avg:160.50ms
step:1140/5100 train_loss:4.1503 train_time:181361ms step_avg:160.50ms
step:1141/5100 train_loss:4.1782 train_time:181519ms step_avg:160.49ms
step:1142/5100 train_loss:4.2909 train_time:181673ms step_avg:160.49ms
step:1143/5100 train_loss:4.1856 train_time:181830ms step_avg:160.49ms
step:1144/5100 train_loss:4.1809 train_time:181990ms step_avg:160.49ms
step:1145/5100 train_loss:4.2357 train_time:182147ms step_avg:160.48ms
step:1146/5100 train_loss:4.2361 train_time:182313ms step_avg:160.49ms
step:1147/5100 train_loss:4.1925 train_time:182468ms step_avg:160.48ms
step:1148/5100 train_loss:4.2194 train_time:182627ms step_avg:160.48ms
step:1149/5100 train_loss:4.1635 train_time:182787ms step_avg:160.48ms
step:1150/5100 train_loss:4.3506 train_time:182945ms step_avg:160.48ms
step:1151/5100 train_loss:4.2640 train_time:183102ms step_avg:160.47ms
step:1152/5100 train_loss:4.0906 train_time:183252ms step_avg:160.47ms
step:1153/5100 train_loss:4.0917 train_time:183410ms step_avg:160.46ms
step:1154/5100 train_loss:4.1947 train_time:183571ms step_avg:160.46ms
step:1155/5100 train_loss:4.2417 train_time:183731ms step_avg:160.46ms
step:1156/5100 train_loss:4.1821 train_time:183885ms step_avg:160.46ms
step:1157/5100 train_loss:4.1512 train_time:184036ms step_avg:160.45ms
step:1158/5100 train_loss:4.1759 train_time:184196ms step_avg:160.45ms
step:1159/5100 train_loss:4.1465 train_time:184350ms step_avg:160.44ms
step:1160/5100 train_loss:4.2245 train_time:184504ms step_avg:160.44ms
step:1161/5100 train_loss:4.3401 train_time:184659ms step_avg:160.43ms
step:1162/5100 train_loss:4.0590 train_time:184818ms step_avg:160.43ms
step:1163/5100 train_loss:4.1231 train_time:184971ms step_avg:160.43ms
step:1164/5100 train_loss:4.2026 train_time:185130ms step_avg:160.42ms
step:1165/5100 train_loss:4.0934 train_time:185290ms step_avg:160.42ms
step:1166/5100 train_loss:4.2025 train_time:185441ms step_avg:160.42ms
step:1167/5100 train_loss:4.1670 train_time:185599ms step_avg:160.41ms
step:1168/5100 train_loss:4.1109 train_time:185753ms step_avg:160.41ms
step:1169/5100 train_loss:4.1232 train_time:185916ms step_avg:160.41ms
step:1170/5100 train_loss:4.1912 train_time:186072ms step_avg:160.41ms
step:1171/5100 train_loss:4.1706 train_time:186233ms step_avg:160.41ms
step:1172/5100 train_loss:4.1230 train_time:186387ms step_avg:160.40ms
[rank0]: Traceback (most recent call last):
[rank0]:   File "/workspace/modded-nanogpt/exp/bs64.py", line 561, in <module>
[rank0]:     with open(logfile, "a") as f:
[rank0]:          ^^^^^^^^^^^^^^^^^^
[rank0]: FileNotFoundError: [Errno 2] No such file or directory: 'logs/7d288346-5c43-41d9-b0b4-5bc14e05fa6f.txt'
E0602 20:05:59.950000 171938 torch/distributed/elastic/multiprocessing/api.py:874] failed (exitcode: 1) local_rank: 0 (pid: 172210) of binary: /usr/local/bin/python
Traceback (most recent call last):
  File "/usr/local/bin/torchrun", line 7, in <module>
    sys.exit(main())
             ^^^^^^
  File "/usr/local/lib/python3.12/dist-packages/torch/distributed/elastic/multiprocessing/errors/__init__.py", line 357, in wrapper
    return f(*args, **kwargs)
           ^^^^^^^^^^^^^^^^^^
  File "/usr/local/lib/python3.12/dist-packages/torch/distributed/run.py", line 901, in main
    run(args)
  File "/usr/local/lib/python3.12/dist-packages/torch/distributed/run.py", line 892, in run
    elastic_launch(
  File "/usr/local/lib/python3.12/dist-packages/torch/distributed/launcher/api.py", line 143, in __call__
    return launch_agent(self._config, self._entrypoint, list(args))
           ^^^^^^^^^^^^^^^^^^^^^^^^^^^^^^^^^^^^^^^^^^^^^^^^^^^^^^^^
  File "/usr/local/lib/python3.12/dist-packages/torch/distributed/launcher/api.py", line 277, in launch_agent
    raise ChildFailedError(
torch.distributed.elastic.multiprocessing.errors.ChildFailedError: 
============================================================
exp/bs64.py FAILED
------------------------------------------------------------
Failures:
  <NO_OTHER_FAILURES>
------------------------------------------------------------
Root Cause (first observed failure):
[0]:
  time      : 2026-06-02_20:05:59
  host      : f4976bc75b33
  rank      : 0 (local_rank: 0)
  exitcode  : 1 (pid: 172210)
  error_file: <N/A>
  traceback : To enable traceback see: https://pytorch.org/docs/stable/elastic/errors.html
============================================================
