/workspace/modded-nanogpt/exp/arch_l4.py:27: SyntaxWarning: invalid escape sequence '\s'
  """
using device: cuda:0
Training DataLoader: total number of tokens: 2600000000 across 26 files
Validation DataLoader: total number of tokens: 100000000 across 1 files
training time budget: 300.0s (5.0 single-GPU min / 1 GPUs)
step:1/5100 train_loss:16.0202 train_time:26861ms step_avg:nanms
step:2/5100 train_loss:8.2286 train_time:43647ms step_avg:nanms
step:3/5100 train_loss:8.4516 train_time:43717ms step_avg:nanms
step:4/5100 train_loss:7.7367 train_time:43788ms step_avg:nanms
step:5/5100 train_loss:7.4614 train_time:43863ms step_avg:nanms
step:6/5100 train_loss:8.2135 train_time:43942ms step_avg:nanms
step:7/5100 train_loss:7.4190 train_time:44017ms step_avg:nanms
step:8/5100 train_loss:7.2933 train_time:44090ms step_avg:nanms
step:9/5100 train_loss:7.1506 train_time:44163ms step_avg:nanms
step:10/5100 train_loss:7.0018 train_time:44239ms step_avg:nanms
step:11/5100 train_loss:6.8553 train_time:63ms step_avg:nanms
step:12/5100 train_loss:6.6780 train_time:137ms step_avg:nanms
step:13/5100 train_loss:6.9091 train_time:212ms step_avg:70.83ms
step:14/5100 train_loss:6.7379 train_time:289ms step_avg:72.36ms
step:15/5100 train_loss:6.5978 train_time:362ms step_avg:72.31ms
step:16/5100 train_loss:6.6545 train_time:438ms step_avg:72.93ms
step:17/5100 train_loss:6.8498 train_time:516ms step_avg:73.74ms
step:18/5100 train_loss:6.6963 train_time:591ms step_avg:73.91ms
step:19/5100 train_loss:6.6304 train_time:671ms step_avg:74.54ms
step:20/5100 train_loss:6.5689 train_time:747ms step_avg:74.66ms
step:21/5100 train_loss:6.4724 train_time:820ms step_avg:74.54ms
step:22/5100 train_loss:6.6244 train_time:896ms step_avg:74.70ms
step:23/5100 train_loss:6.5688 train_time:974ms step_avg:74.91ms
step:24/5100 train_loss:6.6066 train_time:1052ms step_avg:75.11ms
step:25/5100 train_loss:6.6241 train_time:1127ms step_avg:75.12ms
step:26/5100 train_loss:6.4005 train_time:1204ms step_avg:75.23ms
step:27/5100 train_loss:6.3611 train_time:1279ms step_avg:75.25ms
step:28/5100 train_loss:6.5341 train_time:1355ms step_avg:75.26ms
step:29/5100 train_loss:6.3649 train_time:1432ms step_avg:75.39ms
step:30/5100 train_loss:6.2971 train_time:1510ms step_avg:75.52ms
step:31/5100 train_loss:6.2552 train_time:1586ms step_avg:75.54ms
step:32/5100 train_loss:6.5679 train_time:1671ms step_avg:75.96ms
step:33/5100 train_loss:6.5555 train_time:1747ms step_avg:75.96ms
step:34/5100 train_loss:6.3777 train_time:1871ms step_avg:77.97ms
step:35/5100 train_loss:6.5005 train_time:1947ms step_avg:77.89ms
step:36/5100 train_loss:6.3002 train_time:2022ms step_avg:77.75ms
step:37/5100 train_loss:6.4153 train_time:2097ms step_avg:77.68ms
step:38/5100 train_loss:6.2739 train_time:2173ms step_avg:77.62ms
step:39/5100 train_loss:6.1802 train_time:2271ms step_avg:78.30ms
step:40/5100 train_loss:6.2694 train_time:2344ms step_avg:78.13ms
step:41/5100 train_loss:6.2508 train_time:2419ms step_avg:78.03ms
step:42/5100 train_loss:6.1290 train_time:2497ms step_avg:78.03ms
step:43/5100 train_loss:6.2119 train_time:2573ms step_avg:77.97ms
step:44/5100 train_loss:6.0761 train_time:2649ms step_avg:77.91ms
step:45/5100 train_loss:6.1873 train_time:2725ms step_avg:77.86ms
step:46/5100 train_loss:6.1066 train_time:2803ms step_avg:77.87ms
step:47/5100 train_loss:6.0913 train_time:2880ms step_avg:77.84ms
step:48/5100 train_loss:6.2092 train_time:2971ms step_avg:78.17ms
step:49/5100 train_loss:6.3089 train_time:3043ms step_avg:78.02ms
step:50/5100 train_loss:6.4013 train_time:3117ms step_avg:77.92ms
step:51/5100 train_loss:6.1206 train_time:3194ms step_avg:77.91ms
step:52/5100 train_loss:6.1254 train_time:3269ms step_avg:77.83ms
step:53/5100 train_loss:6.4035 train_time:3341ms step_avg:77.70ms
step:54/5100 train_loss:6.2540 train_time:3418ms step_avg:77.68ms
step:55/5100 train_loss:6.1278 train_time:3497ms step_avg:77.71ms
step:56/5100 train_loss:6.0897 train_time:3575ms step_avg:77.72ms
step:57/5100 train_loss:6.1616 train_time:3653ms step_avg:77.73ms
step:58/5100 train_loss:6.1729 train_time:3730ms step_avg:77.71ms
step:59/5100 train_loss:6.0830 train_time:3809ms step_avg:77.73ms
step:60/5100 train_loss:6.0201 train_time:3885ms step_avg:77.69ms
step:61/5100 train_loss:5.9378 train_time:3972ms step_avg:77.87ms
step:62/5100 train_loss:5.7825 train_time:4071ms step_avg:78.28ms
step:63/5100 train_loss:6.0395 train_time:4144ms step_avg:78.18ms
step:64/5100 train_loss:6.1135 train_time:4218ms step_avg:78.11ms
step:65/5100 train_loss:5.9247 train_time:4296ms step_avg:78.11ms
step:66/5100 train_loss:6.1019 train_time:4374ms step_avg:78.11ms
step:67/5100 train_loss:6.0579 train_time:4446ms step_avg:78.01ms
step:68/5100 train_loss:6.0564 train_time:4523ms step_avg:77.98ms
step:69/5100 train_loss:6.1483 train_time:4600ms step_avg:77.96ms
step:70/5100 train_loss:6.1588 train_time:4675ms step_avg:77.92ms
step:71/5100 train_loss:5.9751 train_time:4748ms step_avg:77.83ms
step:72/5100 train_loss:5.8871 train_time:4824ms step_avg:77.80ms
step:73/5100 train_loss:6.5044 train_time:4900ms step_avg:77.78ms
step:74/5100 train_loss:6.0176 train_time:4975ms step_avg:77.74ms
step:75/5100 train_loss:5.8154 train_time:5051ms step_avg:77.71ms
step:76/5100 train_loss:5.9167 train_time:5127ms step_avg:77.68ms
step:77/5100 train_loss:5.7997 train_time:5201ms step_avg:77.62ms
step:78/5100 train_loss:5.9707 train_time:5277ms step_avg:77.60ms
step:79/5100 train_loss:5.8506 train_time:5353ms step_avg:77.57ms
step:80/5100 train_loss:5.9236 train_time:5427ms step_avg:77.52ms
step:81/5100 train_loss:5.8733 train_time:5504ms step_avg:77.52ms
step:82/5100 train_loss:5.9463 train_time:5578ms step_avg:77.47ms
step:83/5100 train_loss:5.8944 train_time:5651ms step_avg:77.41ms
step:84/5100 train_loss:5.9272 train_time:5728ms step_avg:77.40ms
step:85/5100 train_loss:5.8086 train_time:5807ms step_avg:77.42ms
step:86/5100 train_loss:5.9061 train_time:5883ms step_avg:77.41ms
step:87/5100 train_loss:5.8477 train_time:5971ms step_avg:77.55ms
step:88/5100 train_loss:5.7711 train_time:6047ms step_avg:77.52ms
step:89/5100 train_loss:5.9731 train_time:6125ms step_avg:77.53ms
step:90/5100 train_loss:5.8305 train_time:6198ms step_avg:77.48ms
step:91/5100 train_loss:5.8258 train_time:6276ms step_avg:77.49ms
step:92/5100 train_loss:5.8249 train_time:6354ms step_avg:77.49ms
step:93/5100 train_loss:5.8054 train_time:6426ms step_avg:77.43ms
step:94/5100 train_loss:5.7411 train_time:6503ms step_avg:77.42ms
step:95/5100 train_loss:5.9928 train_time:6577ms step_avg:77.38ms
step:96/5100 train_loss:5.8316 train_time:6653ms step_avg:77.36ms
step:97/5100 train_loss:5.7808 train_time:6730ms step_avg:77.36ms
step:98/5100 train_loss:5.7658 train_time:6805ms step_avg:77.32ms
step:99/5100 train_loss:5.7928 train_time:6881ms step_avg:77.31ms
step:100/5100 train_loss:5.9260 train_time:6956ms step_avg:77.29ms
step:101/5100 train_loss:5.8478 train_time:7031ms step_avg:77.27ms
step:102/5100 train_loss:5.7785 train_time:7108ms step_avg:77.26ms
step:103/5100 train_loss:5.6737 train_time:7182ms step_avg:77.23ms
step:104/5100 train_loss:5.8642 train_time:7257ms step_avg:77.21ms
step:105/5100 train_loss:5.7290 train_time:7331ms step_avg:77.17ms
step:106/5100 train_loss:5.7143 train_time:7406ms step_avg:77.14ms
step:107/5100 train_loss:5.7645 train_time:7482ms step_avg:77.13ms
step:108/5100 train_loss:5.4955 train_time:7560ms step_avg:77.14ms
step:109/5100 train_loss:5.9038 train_time:7632ms step_avg:77.09ms
step:110/5100 train_loss:5.7006 train_time:7708ms step_avg:77.08ms
step:111/5100 train_loss:5.4744 train_time:7785ms step_avg:77.08ms
step:112/5100 train_loss:5.6311 train_time:7858ms step_avg:77.04ms
step:113/5100 train_loss:5.7360 train_time:7934ms step_avg:77.03ms
step:114/5100 train_loss:5.6875 train_time:8008ms step_avg:77.00ms
step:115/5100 train_loss:5.7163 train_time:8081ms step_avg:76.96ms
step:116/5100 train_loss:5.6656 train_time:8157ms step_avg:76.95ms
step:117/5100 train_loss:5.7119 train_time:8230ms step_avg:76.92ms
step:118/5100 train_loss:5.6810 train_time:8306ms step_avg:76.90ms
step:119/5100 train_loss:5.6348 train_time:8382ms step_avg:76.90ms
step:120/5100 train_loss:5.8162 train_time:8456ms step_avg:76.88ms
step:121/5100 train_loss:5.6649 train_time:8530ms step_avg:76.84ms
step:122/5100 train_loss:5.6800 train_time:8603ms step_avg:76.81ms
step:123/5100 train_loss:5.6777 train_time:8679ms step_avg:76.81ms
step:124/5100 train_loss:5.5304 train_time:8754ms step_avg:76.79ms
step:125/5100 train_loss:5.5076 train_time:8830ms step_avg:76.78ms
step:126/5100 train_loss:5.4719 train_time:8909ms step_avg:76.81ms
step:127/5100 train_loss:5.5049 train_time:8984ms step_avg:76.79ms
step:128/5100 train_loss:5.7316 train_time:9071ms step_avg:76.87ms
step:129/5100 train_loss:5.5807 train_time:9143ms step_avg:76.83ms
step:130/5100 train_loss:5.7280 train_time:9219ms step_avg:76.83ms
step:131/5100 train_loss:5.5508 train_time:9297ms step_avg:76.83ms
step:132/5100 train_loss:5.4683 train_time:9374ms step_avg:76.84ms
step:133/5100 train_loss:5.5457 train_time:9450ms step_avg:76.83ms
step:134/5100 train_loss:5.4681 train_time:9523ms step_avg:76.79ms
step:135/5100 train_loss:5.8098 train_time:9597ms step_avg:76.78ms
step:136/5100 train_loss:5.6165 train_time:9685ms step_avg:76.86ms
step:137/5100 train_loss:5.6190 train_time:9759ms step_avg:76.84ms
step:138/5100 train_loss:5.5159 train_time:9834ms step_avg:76.83ms
step:139/5100 train_loss:5.5701 train_time:9907ms step_avg:76.80ms
step:140/5100 train_loss:5.6029 train_time:9980ms step_avg:76.77ms
step:141/5100 train_loss:5.7395 train_time:10053ms step_avg:76.74ms
step:142/5100 train_loss:6.0358 train_time:10127ms step_avg:76.72ms
step:143/5100 train_loss:5.4883 train_time:10204ms step_avg:76.72ms
step:144/5100 train_loss:5.5957 train_time:10281ms step_avg:76.73ms
step:145/5100 train_loss:5.6222 train_time:10356ms step_avg:76.71ms
step:146/5100 train_loss:5.5718 train_time:10433ms step_avg:76.72ms
step:147/5100 train_loss:5.6148 train_time:10508ms step_avg:76.70ms
step:148/5100 train_loss:5.6742 train_time:10581ms step_avg:76.67ms
step:149/5100 train_loss:6.0261 train_time:10657ms step_avg:76.67ms
step:150/5100 train_loss:5.4513 train_time:10731ms step_avg:76.65ms
step:151/5100 train_loss:5.7125 train_time:10806ms step_avg:76.64ms
step:152/5100 train_loss:5.4472 train_time:10881ms step_avg:76.63ms
step:153/5100 train_loss:5.6485 train_time:10958ms step_avg:76.63ms
step:154/5100 train_loss:5.2488 train_time:11032ms step_avg:76.61ms
step:155/5100 train_loss:5.3629 train_time:11106ms step_avg:76.59ms
step:156/5100 train_loss:5.5043 train_time:11183ms step_avg:76.59ms
step:157/5100 train_loss:5.4939 train_time:11257ms step_avg:76.58ms
step:158/5100 train_loss:5.6640 train_time:11330ms step_avg:76.55ms
step:159/5100 train_loss:5.4518 train_time:11408ms step_avg:76.56ms
step:160/5100 train_loss:5.4708 train_time:11482ms step_avg:76.55ms
step:161/5100 train_loss:5.5264 train_time:11555ms step_avg:76.53ms
step:162/5100 train_loss:5.5410 train_time:11633ms step_avg:76.53ms
step:163/5100 train_loss:5.4950 train_time:11709ms step_avg:76.53ms
step:164/5100 train_loss:5.4247 train_time:11784ms step_avg:76.52ms
step:165/5100 train_loss:5.3349 train_time:11861ms step_avg:76.52ms
step:166/5100 train_loss:5.5936 train_time:11937ms step_avg:76.52ms
step:167/5100 train_loss:5.4153 train_time:12014ms step_avg:76.52ms
step:168/5100 train_loss:5.5968 train_time:12091ms step_avg:76.53ms
step:169/5100 train_loss:5.4927 train_time:12171ms step_avg:76.55ms
step:170/5100 train_loss:5.7125 train_time:12248ms step_avg:76.55ms
step:171/5100 train_loss:5.6121 train_time:12323ms step_avg:76.54ms
step:172/5100 train_loss:5.4703 train_time:12396ms step_avg:76.52ms
step:173/5100 train_loss:5.6809 train_time:12474ms step_avg:76.53ms
step:174/5100 train_loss:5.3049 train_time:12549ms step_avg:76.52ms
step:175/5100 train_loss:5.4254 train_time:12626ms step_avg:76.52ms
step:176/5100 train_loss:5.6834 train_time:12702ms step_avg:76.52ms
step:177/5100 train_loss:5.3577 train_time:12776ms step_avg:76.50ms
step:178/5100 train_loss:5.4969 train_time:12853ms step_avg:76.51ms
step:179/5100 train_loss:5.4718 train_time:12930ms step_avg:76.51ms
step:180/5100 train_loss:5.4828 train_time:13003ms step_avg:76.49ms
step:181/5100 train_loss:5.3448 train_time:13078ms step_avg:76.48ms
step:182/5100 train_loss:5.3725 train_time:13152ms step_avg:76.47ms
step:183/5100 train_loss:5.4606 train_time:13225ms step_avg:76.45ms
step:184/5100 train_loss:5.2574 train_time:13298ms step_avg:76.43ms
step:185/5100 train_loss:5.1788 train_time:13372ms step_avg:76.41ms
step:186/5100 train_loss:5.6598 train_time:13448ms step_avg:76.41ms
step:187/5100 train_loss:5.3722 train_time:13523ms step_avg:76.40ms
step:188/5100 train_loss:5.3652 train_time:13595ms step_avg:76.38ms
step:189/5100 train_loss:5.3974 train_time:13673ms step_avg:76.39ms
step:190/5100 train_loss:5.4220 train_time:13750ms step_avg:76.39ms
step:191/5100 train_loss:5.3940 train_time:13823ms step_avg:76.37ms
step:192/5100 train_loss:5.2171 train_time:13900ms step_avg:76.37ms
step:193/5100 train_loss:5.4634 train_time:13975ms step_avg:76.36ms
step:194/5100 train_loss:5.3229 train_time:14047ms step_avg:76.34ms
step:195/5100 train_loss:5.3832 train_time:14121ms step_avg:76.33ms
step:196/5100 train_loss:5.1530 train_time:14197ms step_avg:76.33ms
step:197/5100 train_loss:5.3846 train_time:14274ms step_avg:76.33ms
step:198/5100 train_loss:5.2185 train_time:14347ms step_avg:76.31ms
step:199/5100 train_loss:5.2855 train_time:14424ms step_avg:76.32ms
step:200/5100 train_loss:5.3379 train_time:14500ms step_avg:76.32ms
step:201/5100 train_loss:5.5108 train_time:14573ms step_avg:76.30ms
step:202/5100 train_loss:5.2553 train_time:14645ms step_avg:76.28ms
step:203/5100 train_loss:5.5449 train_time:14722ms step_avg:76.28ms
step:204/5100 train_loss:5.2745 train_time:14795ms step_avg:76.26ms
step:205/5100 train_loss:5.3403 train_time:14873ms step_avg:76.27ms
step:206/5100 train_loss:5.3267 train_time:14949ms step_avg:76.27ms
step:207/5100 train_loss:5.1849 train_time:15027ms step_avg:76.28ms
step:208/5100 train_loss:5.2601 train_time:15103ms step_avg:76.28ms
step:209/5100 train_loss:5.5351 train_time:15181ms step_avg:76.29ms
step:210/5100 train_loss:5.4241 train_time:15271ms step_avg:76.35ms
step:211/5100 train_loss:5.1967 train_time:15346ms step_avg:76.35ms
step:212/5100 train_loss:5.2889 train_time:15420ms step_avg:76.33ms
step:213/5100 train_loss:5.4397 train_time:15493ms step_avg:76.32ms
step:214/5100 train_loss:5.2946 train_time:15571ms step_avg:76.33ms
step:215/5100 train_loss:5.2679 train_time:15643ms step_avg:76.31ms
step:216/5100 train_loss:5.4080 train_time:15720ms step_avg:76.31ms
step:217/5100 train_loss:5.2264 train_time:15797ms step_avg:76.31ms
step:218/5100 train_loss:5.0621 train_time:15871ms step_avg:76.30ms
step:219/5100 train_loss:5.2499 train_time:15948ms step_avg:76.31ms
step:220/5100 train_loss:5.1190 train_time:16024ms step_avg:76.31ms
step:221/5100 train_loss:5.0734 train_time:16098ms step_avg:76.29ms
step:222/5100 train_loss:5.2568 train_time:16172ms step_avg:76.28ms
step:223/5100 train_loss:5.3009 train_time:16250ms step_avg:76.29ms
step:224/5100 train_loss:5.2477 train_time:16325ms step_avg:76.29ms
step:225/5100 train_loss:5.2189 train_time:16399ms step_avg:76.27ms
step:226/5100 train_loss:5.3396 train_time:16476ms step_avg:76.28ms
step:227/5100 train_loss:5.1982 train_time:16548ms step_avg:76.26ms
step:228/5100 train_loss:5.2776 train_time:16622ms step_avg:76.25ms
step:229/5100 train_loss:5.3587 train_time:16699ms step_avg:76.25ms
step:230/5100 train_loss:5.3539 train_time:16771ms step_avg:76.23ms
step:231/5100 train_loss:5.4203 train_time:16843ms step_avg:76.21ms
step:232/5100 train_loss:5.2522 train_time:16920ms step_avg:76.21ms
step:233/5100 train_loss:5.1567 train_time:16994ms step_avg:76.21ms
step:234/5100 train_loss:5.1497 train_time:17071ms step_avg:76.21ms
step:235/5100 train_loss:5.0868 train_time:17149ms step_avg:76.22ms
step:236/5100 train_loss:5.2434 train_time:17222ms step_avg:76.20ms
step:237/5100 train_loss:5.1001 train_time:17299ms step_avg:76.21ms
step:238/5100 train_loss:5.3580 train_time:17375ms step_avg:76.20ms
step:239/5100 train_loss:5.2487 train_time:17447ms step_avg:76.19ms
step:240/5100 train_loss:5.1589 train_time:17522ms step_avg:76.18ms
step:241/5100 train_loss:5.3136 train_time:17595ms step_avg:76.17ms
step:242/5100 train_loss:5.1320 train_time:17669ms step_avg:76.16ms
step:243/5100 train_loss:5.2333 train_time:17743ms step_avg:76.15ms
step:244/5100 train_loss:5.1304 train_time:17820ms step_avg:76.15ms
step:245/5100 train_loss:5.2085 train_time:17893ms step_avg:76.14ms
step:246/5100 train_loss:5.6885 train_time:17967ms step_avg:76.13ms
step:247/5100 train_loss:5.3509 train_time:18042ms step_avg:76.13ms
step:248/5100 train_loss:5.1636 train_time:18119ms step_avg:76.13ms
step:249/5100 train_loss:5.0973 train_time:18198ms step_avg:76.14ms
step:250/5100 train_loss:4.9900 train_time:18277ms step_avg:76.15ms
step:251/5100 train_loss:4.9829 train_time:18350ms step_avg:76.14ms
step:252/5100 train_loss:5.1417 train_time:18423ms step_avg:76.13ms
step:253/5100 train_loss:5.0789 train_time:18500ms step_avg:76.13ms
step:254/5100 train_loss:5.2011 train_time:18577ms step_avg:76.13ms
step:255/5100 train_loss:5.1616 train_time:18653ms step_avg:76.13ms
step:256/5100 train_loss:5.2591 train_time:18725ms step_avg:76.12ms
step:257/5100 train_loss:5.2016 train_time:18799ms step_avg:76.11ms
step:258/5100 train_loss:5.2994 train_time:18875ms step_avg:76.11ms
step:259/5100 train_loss:5.1270 train_time:18959ms step_avg:76.14ms
step:260/5100 train_loss:5.1779 train_time:19039ms step_avg:76.15ms
step:261/5100 train_loss:5.0699 train_time:19115ms step_avg:76.16ms
step:262/5100 train_loss:5.0612 train_time:19189ms step_avg:76.15ms
step:263/5100 train_loss:5.1691 train_time:19261ms step_avg:76.13ms
step:264/5100 train_loss:5.1661 train_time:19336ms step_avg:76.13ms
step:265/5100 train_loss:5.0958 train_time:19414ms step_avg:76.13ms
step:266/5100 train_loss:5.1958 train_time:19487ms step_avg:76.12ms
step:267/5100 train_loss:5.1281 train_time:19560ms step_avg:76.11ms
step:268/5100 train_loss:5.1753 train_time:19635ms step_avg:76.10ms
step:269/5100 train_loss:5.0547 train_time:19712ms step_avg:76.11ms
step:270/5100 train_loss:5.0851 train_time:19786ms step_avg:76.10ms
step:271/5100 train_loss:5.2204 train_time:19863ms step_avg:76.10ms
step:272/5100 train_loss:5.1177 train_time:19937ms step_avg:76.09ms
step:273/5100 train_loss:5.1644 train_time:20011ms step_avg:76.09ms
step:274/5100 train_loss:5.3083 train_time:20085ms step_avg:76.08ms
step:275/5100 train_loss:5.2635 train_time:20157ms step_avg:76.07ms
step:276/5100 train_loss:5.1877 train_time:20231ms step_avg:76.06ms
step:277/5100 train_loss:5.2045 train_time:20307ms step_avg:76.06ms
step:278/5100 train_loss:5.3222 train_time:20381ms step_avg:76.05ms
step:279/5100 train_loss:5.2042 train_time:20456ms step_avg:76.04ms
step:280/5100 train_loss:5.0564 train_time:20531ms step_avg:76.04ms
step:281/5100 train_loss:5.0131 train_time:20606ms step_avg:76.04ms
step:282/5100 train_loss:5.2584 train_time:20679ms step_avg:76.03ms
step:283/5100 train_loss:5.0277 train_time:20756ms step_avg:76.03ms
step:284/5100 train_loss:4.9158 train_time:20829ms step_avg:76.02ms
step:285/5100 train_loss:5.0761 train_time:20903ms step_avg:76.01ms
step:286/5100 train_loss:5.1969 train_time:20979ms step_avg:76.01ms
step:287/5100 train_loss:5.0823 train_time:21056ms step_avg:76.02ms
step:288/5100 train_loss:5.0836 train_time:21132ms step_avg:76.01ms
step:289/5100 train_loss:5.0861 train_time:21209ms step_avg:76.02ms
step:290/5100 train_loss:5.1947 train_time:21285ms step_avg:76.02ms
step:291/5100 train_loss:5.2933 train_time:21360ms step_avg:76.02ms
step:292/5100 train_loss:5.0682 train_time:21432ms step_avg:76.00ms
step:293/5100 train_loss:5.4230 train_time:21507ms step_avg:76.00ms
step:294/5100 train_loss:5.2400 train_time:21583ms step_avg:76.00ms
step:295/5100 train_loss:4.9829 train_time:21656ms step_avg:75.99ms
step:296/5100 train_loss:4.8290 train_time:21733ms step_avg:75.99ms
step:297/5100 train_loss:5.0385 train_time:21808ms step_avg:75.99ms
step:298/5100 train_loss:5.0398 train_time:21883ms step_avg:75.98ms
step:299/5100 train_loss:5.0449 train_time:21960ms step_avg:75.99ms
step:300/5100 train_loss:4.9998 train_time:22036ms step_avg:75.99ms
step:301/5100 train_loss:5.0388 train_time:22109ms step_avg:75.97ms
step:302/5100 train_loss:5.0841 train_time:22184ms step_avg:75.97ms
step:303/5100 train_loss:5.1034 train_time:22260ms step_avg:75.97ms
step:304/5100 train_loss:5.1673 train_time:22332ms step_avg:75.96ms
step:305/5100 train_loss:5.1400 train_time:22410ms step_avg:75.96ms
step:306/5100 train_loss:5.0536 train_time:22482ms step_avg:75.95ms
step:307/5100 train_loss:5.0766 train_time:22556ms step_avg:75.95ms
step:308/5100 train_loss:5.0425 train_time:22634ms step_avg:75.95ms
step:309/5100 train_loss:4.9407 train_time:22707ms step_avg:75.94ms
step:310/5100 train_loss:5.1531 train_time:22784ms step_avg:75.95ms
step:311/5100 train_loss:5.1484 train_time:22860ms step_avg:75.95ms
step:312/5100 train_loss:5.1324 train_time:22934ms step_avg:75.94ms
step:313/5100 train_loss:5.2953 train_time:23008ms step_avg:75.93ms
step:314/5100 train_loss:4.9650 train_time:23084ms step_avg:75.93ms
step:315/5100 train_loss:5.0024 train_time:23160ms step_avg:75.93ms
step:316/5100 train_loss:4.9168 train_time:23234ms step_avg:75.93ms
step:317/5100 train_loss:4.9443 train_time:23313ms step_avg:75.94ms
step:318/5100 train_loss:4.9464 train_time:23387ms step_avg:75.93ms
step:319/5100 train_loss:5.0024 train_time:23461ms step_avg:75.92ms
step:320/5100 train_loss:5.0480 train_time:23537ms step_avg:75.93ms
step:321/5100 train_loss:5.0935 train_time:23612ms step_avg:75.92ms
step:322/5100 train_loss:4.9557 train_time:23685ms step_avg:75.91ms
step:323/5100 train_loss:5.0315 train_time:23761ms step_avg:75.91ms
step:324/5100 train_loss:4.9760 train_time:23834ms step_avg:75.90ms
step:325/5100 train_loss:5.0658 train_time:23911ms step_avg:75.91ms
step:326/5100 train_loss:5.1152 train_time:23986ms step_avg:75.90ms
step:327/5100 train_loss:5.0888 train_time:24071ms step_avg:75.93ms
step:328/5100 train_loss:4.9536 train_time:24171ms step_avg:76.01ms
step:329/5100 train_loss:5.0948 train_time:24246ms step_avg:76.01ms
step:330/5100 train_loss:4.9040 train_time:24323ms step_avg:76.01ms
step:331/5100 train_loss:4.9347 train_time:24398ms step_avg:76.01ms
step:332/5100 train_loss:4.8254 train_time:24474ms step_avg:76.01ms
step:333/5100 train_loss:5.0597 train_time:24552ms step_avg:76.01ms
step:334/5100 train_loss:5.0121 train_time:24625ms step_avg:76.00ms
step:335/5100 train_loss:5.0033 train_time:24703ms step_avg:76.01ms
step:336/5100 train_loss:5.1069 train_time:24778ms step_avg:76.01ms
step:337/5100 train_loss:4.9572 train_time:24851ms step_avg:76.00ms
step:338/5100 train_loss:5.0009 train_time:24927ms step_avg:76.00ms
step:339/5100 train_loss:5.0972 train_time:25003ms step_avg:76.00ms
step:340/5100 train_loss:5.2529 train_time:25077ms step_avg:75.99ms
step:341/5100 train_loss:5.1968 train_time:25155ms step_avg:76.00ms
step:342/5100 train_loss:5.0040 train_time:25227ms step_avg:75.99ms
step:343/5100 train_loss:4.8273 train_time:25303ms step_avg:75.99ms
step:344/5100 train_loss:5.0065 train_time:25378ms step_avg:75.98ms
step:345/5100 train_loss:4.9006 train_time:25451ms step_avg:75.97ms
step:346/5100 train_loss:4.9410 train_time:25524ms step_avg:75.96ms
step:347/5100 train_loss:4.9923 train_time:25600ms step_avg:75.97ms
step:348/5100 train_loss:4.9606 train_time:25674ms step_avg:75.96ms
step:349/5100 train_loss:4.9241 train_time:25750ms step_avg:75.96ms
step:350/5100 train_loss:4.9104 train_time:25826ms step_avg:75.96ms
step:351/5100 train_loss:4.9607 train_time:25900ms step_avg:75.95ms
step:352/5100 train_loss:4.8835 train_time:25978ms step_avg:75.96ms
step:353/5100 train_loss:4.8852 train_time:26056ms step_avg:75.96ms
step:354/5100 train_loss:5.0998 train_time:26130ms step_avg:75.96ms
step:355/5100 train_loss:4.9333 train_time:26208ms step_avg:75.96ms
step:356/5100 train_loss:5.0014 train_time:26285ms step_avg:75.97ms
step:357/5100 train_loss:4.8881 train_time:26360ms step_avg:75.97ms
step:358/5100 train_loss:4.8024 train_time:26433ms step_avg:75.96ms
step:359/5100 train_loss:4.8949 train_time:26511ms step_avg:75.96ms
step:360/5100 train_loss:4.8738 train_time:26585ms step_avg:75.96ms
step:361/5100 train_loss:4.8256 train_time:26659ms step_avg:75.95ms
step:362/5100 train_loss:4.8788 train_time:26732ms step_avg:75.94ms
step:363/5100 train_loss:4.9999 train_time:26807ms step_avg:75.94ms
step:364/5100 train_loss:4.9942 train_time:26880ms step_avg:75.93ms
step:365/5100 train_loss:4.9359 train_time:26953ms step_avg:75.92ms
step:366/5100 train_loss:4.8886 train_time:27026ms step_avg:75.91ms
step:367/5100 train_loss:4.9742 train_time:27102ms step_avg:75.92ms
