/workspace/modded-nanogpt/exp/b_hd64.py:27: SyntaxWarning: invalid escape sequence '\s'
  """
using device: cuda:0
Training DataLoader: total number of tokens: 2600000000 across 26 files
Validation DataLoader: total number of tokens: 100000000 across 1 files
training time budget: 300.0s (5.0 single-GPU min / 1 GPUs)
step:1/5100 train_loss:14.5992 train_time:60158ms step_avg:nanms
step:2/5100 train_loss:8.8448 train_time:98126ms step_avg:nanms
step:3/5100 train_loss:8.5967 train_time:98267ms step_avg:nanms
step:4/5100 train_loss:8.0121 train_time:98411ms step_avg:nanms
step:5/5100 train_loss:7.6205 train_time:98557ms step_avg:nanms
step:6/5100 train_loss:7.4146 train_time:98699ms step_avg:nanms
step:7/5100 train_loss:7.3247 train_time:98846ms step_avg:nanms
step:8/5100 train_loss:7.0774 train_time:98987ms step_avg:nanms
step:9/5100 train_loss:7.1360 train_time:99134ms step_avg:nanms
step:10/5100 train_loss:7.0378 train_time:99280ms step_avg:nanms
step:11/5100 train_loss:6.8798 train_time:135ms step_avg:nanms
step:12/5100 train_loss:6.9334 train_time:276ms step_avg:nanms
step:13/5100 train_loss:6.8678 train_time:420ms step_avg:140.00ms
step:14/5100 train_loss:6.6325 train_time:564ms step_avg:141.08ms
step:15/5100 train_loss:6.6890 train_time:711ms step_avg:142.26ms
step:16/5100 train_loss:6.5253 train_time:861ms step_avg:143.48ms
step:17/5100 train_loss:6.7947 train_time:1007ms step_avg:143.80ms
step:18/5100 train_loss:6.6588 train_time:1153ms step_avg:144.14ms
step:19/5100 train_loss:6.6056 train_time:1297ms step_avg:144.08ms
step:20/5100 train_loss:6.4564 train_time:1446ms step_avg:144.59ms
step:21/5100 train_loss:6.4878 train_time:1589ms step_avg:144.47ms
step:22/5100 train_loss:6.4120 train_time:1736ms step_avg:144.67ms
step:23/5100 train_loss:6.3618 train_time:1882ms step_avg:144.78ms
step:24/5100 train_loss:6.3375 train_time:2028ms step_avg:144.86ms
step:25/5100 train_loss:6.4916 train_time:2172ms step_avg:144.83ms
step:26/5100 train_loss:6.5160 train_time:2313ms step_avg:144.55ms
step:27/5100 train_loss:6.4896 train_time:2456ms step_avg:144.46ms
step:28/5100 train_loss:6.4176 train_time:2602ms step_avg:144.55ms
step:29/5100 train_loss:6.3432 train_time:2748ms step_avg:144.66ms
step:30/5100 train_loss:6.3629 train_time:2894ms step_avg:144.68ms
step:31/5100 train_loss:6.2335 train_time:3042ms step_avg:144.87ms
step:32/5100 train_loss:6.1498 train_time:3189ms step_avg:144.97ms
step:33/5100 train_loss:6.2893 train_time:3340ms step_avg:145.20ms
step:34/5100 train_loss:6.2839 train_time:3483ms step_avg:145.11ms
step:35/5100 train_loss:6.3307 train_time:3629ms step_avg:145.14ms
step:36/5100 train_loss:6.3068 train_time:3774ms step_avg:145.16ms
step:37/5100 train_loss:6.4183 train_time:3919ms step_avg:145.15ms
step:38/5100 train_loss:6.1678 train_time:4063ms step_avg:145.11ms
step:39/5100 train_loss:6.1334 train_time:4209ms step_avg:145.14ms
step:40/5100 train_loss:6.1752 train_time:4354ms step_avg:145.15ms
step:41/5100 train_loss:6.1419 train_time:4501ms step_avg:145.19ms
step:42/5100 train_loss:6.1693 train_time:4649ms step_avg:145.27ms
step:43/5100 train_loss:6.1207 train_time:4793ms step_avg:145.24ms
step:44/5100 train_loss:6.1411 train_time:4944ms step_avg:145.40ms
step:45/5100 train_loss:6.1383 train_time:5089ms step_avg:145.40ms
step:46/5100 train_loss:6.0898 train_time:5236ms step_avg:145.44ms
step:47/5100 train_loss:6.0795 train_time:5384ms step_avg:145.50ms
step:48/5100 train_loss:6.1484 train_time:5527ms step_avg:145.44ms
step:49/5100 train_loss:6.0652 train_time:5669ms step_avg:145.36ms
step:50/5100 train_loss:6.0506 train_time:5812ms step_avg:145.31ms
step:51/5100 train_loss:6.1415 train_time:5960ms step_avg:145.37ms
step:52/5100 train_loss:5.9956 train_time:6106ms step_avg:145.38ms
step:53/5100 train_loss:6.0603 train_time:6253ms step_avg:145.42ms
step:54/5100 train_loss:6.0106 train_time:6394ms step_avg:145.32ms
step:55/5100 train_loss:5.9603 train_time:6543ms step_avg:145.40ms
step:56/5100 train_loss:5.8727 train_time:6688ms step_avg:145.40ms
step:57/5100 train_loss:5.9781 train_time:6832ms step_avg:145.35ms
step:58/5100 train_loss:5.9724 train_time:6979ms step_avg:145.40ms
step:59/5100 train_loss:5.9655 train_time:7126ms step_avg:145.43ms
step:60/5100 train_loss:5.9406 train_time:7272ms step_avg:145.45ms
step:61/5100 train_loss:6.0113 train_time:7414ms step_avg:145.37ms
step:62/5100 train_loss:5.9542 train_time:7559ms step_avg:145.37ms
step:63/5100 train_loss:5.8107 train_time:7702ms step_avg:145.33ms
step:64/5100 train_loss:5.8044 train_time:7851ms step_avg:145.38ms
step:65/5100 train_loss:5.9375 train_time:7998ms step_avg:145.41ms
step:66/5100 train_loss:5.9173 train_time:8143ms step_avg:145.42ms
step:67/5100 train_loss:5.7872 train_time:8288ms step_avg:145.40ms
step:68/5100 train_loss:5.9414 train_time:8438ms step_avg:145.49ms
step:69/5100 train_loss:5.8871 train_time:8585ms step_avg:145.50ms
step:70/5100 train_loss:5.8139 train_time:8731ms step_avg:145.52ms
step:71/5100 train_loss:5.9410 train_time:8877ms step_avg:145.53ms
step:72/5100 train_loss:6.0318 train_time:9022ms step_avg:145.51ms
step:73/5100 train_loss:5.8827 train_time:9167ms step_avg:145.52ms
step:74/5100 train_loss:5.8702 train_time:9313ms step_avg:145.52ms
step:75/5100 train_loss:6.0975 train_time:9461ms step_avg:145.56ms
step:76/5100 train_loss:5.8536 train_time:9609ms step_avg:145.58ms
step:77/5100 train_loss:5.8154 train_time:9755ms step_avg:145.59ms
step:78/5100 train_loss:5.5874 train_time:9901ms step_avg:145.60ms
step:79/5100 train_loss:5.7712 train_time:10048ms step_avg:145.63ms
step:80/5100 train_loss:5.8214 train_time:10194ms step_avg:145.62ms
step:81/5100 train_loss:5.7778 train_time:10339ms step_avg:145.62ms
step:82/5100 train_loss:5.8133 train_time:10486ms step_avg:145.64ms
step:83/5100 train_loss:5.6630 train_time:10632ms step_avg:145.65ms
step:84/5100 train_loss:5.7692 train_time:10774ms step_avg:145.60ms
step:85/5100 train_loss:5.8264 train_time:10917ms step_avg:145.56ms
step:86/5100 train_loss:5.9242 train_time:11061ms step_avg:145.53ms
step:87/5100 train_loss:5.8213 train_time:11202ms step_avg:145.48ms
step:88/5100 train_loss:5.6136 train_time:11346ms step_avg:145.46ms
step:89/5100 train_loss:5.7476 train_time:11492ms step_avg:145.47ms
step:90/5100 train_loss:5.7471 train_time:11638ms step_avg:145.47ms
step:91/5100 train_loss:5.6632 train_time:11784ms step_avg:145.48ms
step:92/5100 train_loss:5.6816 train_time:11928ms step_avg:145.47ms
step:93/5100 train_loss:5.4707 train_time:12071ms step_avg:145.44ms
step:94/5100 train_loss:5.7576 train_time:12216ms step_avg:145.43ms
step:95/5100 train_loss:5.6247 train_time:12363ms step_avg:145.45ms
step:96/5100 train_loss:5.6674 train_time:12507ms step_avg:145.43ms
step:97/5100 train_loss:5.6005 train_time:12652ms step_avg:145.42ms
step:98/5100 train_loss:5.6022 train_time:12798ms step_avg:145.43ms
step:99/5100 train_loss:5.5154 train_time:12945ms step_avg:145.45ms
step:100/5100 train_loss:5.4965 train_time:13085ms step_avg:145.39ms
step:101/5100 train_loss:5.6685 train_time:13229ms step_avg:145.37ms
step:102/5100 train_loss:5.6571 train_time:13373ms step_avg:145.35ms
step:103/5100 train_loss:5.5603 train_time:13515ms step_avg:145.33ms
step:104/5100 train_loss:5.5051 train_time:13661ms step_avg:145.33ms
step:105/5100 train_loss:5.6266 train_time:13807ms step_avg:145.34ms
step:106/5100 train_loss:5.5316 train_time:13955ms step_avg:145.36ms
step:107/5100 train_loss:5.6225 train_time:14097ms step_avg:145.33ms
step:108/5100 train_loss:5.5120 train_time:14242ms step_avg:145.33ms
step:109/5100 train_loss:5.5634 train_time:14386ms step_avg:145.32ms
step:110/5100 train_loss:5.3865 train_time:14532ms step_avg:145.32ms
step:111/5100 train_loss:5.3490 train_time:14671ms step_avg:145.26ms
step:112/5100 train_loss:5.5192 train_time:14816ms step_avg:145.25ms
step:113/5100 train_loss:5.4712 train_time:14960ms step_avg:145.24ms
step:114/5100 train_loss:5.4986 train_time:15109ms step_avg:145.28ms
step:115/5100 train_loss:5.5436 train_time:15253ms step_avg:145.26ms
step:116/5100 train_loss:5.6055 train_time:15395ms step_avg:145.24ms
step:117/5100 train_loss:5.4347 train_time:15542ms step_avg:145.25ms
step:118/5100 train_loss:5.3631 train_time:15685ms step_avg:145.23ms
step:119/5100 train_loss:5.4049 train_time:15828ms step_avg:145.21ms
step:120/5100 train_loss:5.5313 train_time:15973ms step_avg:145.21ms
step:121/5100 train_loss:5.4551 train_time:16121ms step_avg:145.23ms
step:122/5100 train_loss:5.4092 train_time:16268ms step_avg:145.25ms
step:123/5100 train_loss:5.3918 train_time:16413ms step_avg:145.25ms
step:124/5100 train_loss:5.7248 train_time:16559ms step_avg:145.25ms
step:125/5100 train_loss:5.3487 train_time:16707ms step_avg:145.27ms
step:126/5100 train_loss:5.2048 train_time:16854ms step_avg:145.29ms
step:127/5100 train_loss:5.3403 train_time:16998ms step_avg:145.28ms
step:128/5100 train_loss:5.3945 train_time:17142ms step_avg:145.27ms
step:129/5100 train_loss:5.4582 train_time:17286ms step_avg:145.26ms
step:130/5100 train_loss:5.4277 train_time:17431ms step_avg:145.26ms
step:131/5100 train_loss:5.3337 train_time:17574ms step_avg:145.24ms
step:132/5100 train_loss:5.3191 train_time:17723ms step_avg:145.27ms
step:133/5100 train_loss:5.3468 train_time:17866ms step_avg:145.26ms
step:134/5100 train_loss:5.3630 train_time:18012ms step_avg:145.26ms
step:135/5100 train_loss:5.3280 train_time:18158ms step_avg:145.26ms
step:136/5100 train_loss:5.3670 train_time:18302ms step_avg:145.25ms
step:137/5100 train_loss:5.3327 train_time:18449ms step_avg:145.27ms
step:138/5100 train_loss:5.4912 train_time:18598ms step_avg:145.30ms
step:139/5100 train_loss:5.3987 train_time:18742ms step_avg:145.29ms
step:140/5100 train_loss:5.4647 train_time:18889ms step_avg:145.30ms
step:141/5100 train_loss:5.2452 train_time:19034ms step_avg:145.30ms
step:142/5100 train_loss:5.3447 train_time:19179ms step_avg:145.30ms
step:143/5100 train_loss:5.1963 train_time:19323ms step_avg:145.28ms
step:144/5100 train_loss:5.3497 train_time:19468ms step_avg:145.29ms
step:145/5100 train_loss:5.2984 train_time:19615ms step_avg:145.29ms
step:146/5100 train_loss:5.4349 train_time:19762ms step_avg:145.31ms
step:147/5100 train_loss:5.4484 train_time:19911ms step_avg:145.34ms
step:148/5100 train_loss:5.2999 train_time:20057ms step_avg:145.34ms
step:149/5100 train_loss:5.1330 train_time:20202ms step_avg:145.34ms
step:150/5100 train_loss:5.2342 train_time:20351ms step_avg:145.36ms
step:151/5100 train_loss:5.2052 train_time:20495ms step_avg:145.35ms
step:152/5100 train_loss:5.2819 train_time:20642ms step_avg:145.36ms
step:153/5100 train_loss:5.3792 train_time:20785ms step_avg:145.35ms
step:154/5100 train_loss:5.2587 train_time:20928ms step_avg:145.33ms
step:155/5100 train_loss:5.1841 train_time:21069ms step_avg:145.30ms
step:156/5100 train_loss:5.3412 train_time:21210ms step_avg:145.28ms
step:157/5100 train_loss:5.4014 train_time:21354ms step_avg:145.26ms
step:158/5100 train_loss:5.1799 train_time:21499ms step_avg:145.26ms
step:159/5100 train_loss:5.1381 train_time:21648ms step_avg:145.29ms
step:160/5100 train_loss:5.1738 train_time:21791ms step_avg:145.27ms
step:161/5100 train_loss:5.2774 train_time:21932ms step_avg:145.24ms
step:162/5100 train_loss:5.1912 train_time:22077ms step_avg:145.25ms
step:163/5100 train_loss:5.2284 train_time:22222ms step_avg:145.24ms
step:164/5100 train_loss:5.2961 train_time:22369ms step_avg:145.25ms
step:165/5100 train_loss:5.2227 train_time:22514ms step_avg:145.25ms
step:166/5100 train_loss:5.1160 train_time:22661ms step_avg:145.26ms
step:167/5100 train_loss:5.1422 train_time:22806ms step_avg:145.26ms
step:168/5100 train_loss:5.1973 train_time:22952ms step_avg:145.27ms
step:169/5100 train_loss:5.2400 train_time:23099ms step_avg:145.28ms
step:170/5100 train_loss:5.2455 train_time:23239ms step_avg:145.24ms
step:171/5100 train_loss:5.4280 train_time:23383ms step_avg:145.23ms
step:172/5100 train_loss:5.1251 train_time:23530ms step_avg:145.25ms
step:173/5100 train_loss:5.1662 train_time:23676ms step_avg:145.25ms
step:174/5100 train_loss:5.1724 train_time:23821ms step_avg:145.25ms
step:175/5100 train_loss:5.1324 train_time:23965ms step_avg:145.24ms
step:176/5100 train_loss:5.1478 train_time:24108ms step_avg:145.23ms
step:177/5100 train_loss:5.0877 train_time:24253ms step_avg:145.23ms
step:178/5100 train_loss:5.2211 train_time:24395ms step_avg:145.21ms
step:179/5100 train_loss:5.1705 train_time:24538ms step_avg:145.20ms
step:180/5100 train_loss:5.0697 train_time:24681ms step_avg:145.18ms
step:181/5100 train_loss:5.0595 train_time:24828ms step_avg:145.19ms
step:182/5100 train_loss:5.1450 train_time:24973ms step_avg:145.19ms
step:183/5100 train_loss:5.1747 train_time:25116ms step_avg:145.18ms
step:184/5100 train_loss:5.1350 train_time:25258ms step_avg:145.16ms
step:185/5100 train_loss:5.1602 train_time:25401ms step_avg:145.15ms
step:186/5100 train_loss:5.0623 train_time:25546ms step_avg:145.15ms
step:187/5100 train_loss:5.1399 train_time:25690ms step_avg:145.14ms
step:188/5100 train_loss:5.1090 train_time:25834ms step_avg:145.14ms
step:189/5100 train_loss:5.1855 train_time:25981ms step_avg:145.15ms
step:190/5100 train_loss:5.1602 train_time:26128ms step_avg:145.16ms
step:191/5100 train_loss:5.1713 train_time:26274ms step_avg:145.16ms
step:192/5100 train_loss:5.1686 train_time:26420ms step_avg:145.17ms
step:193/5100 train_loss:5.0759 train_time:26566ms step_avg:145.17ms
step:194/5100 train_loss:5.0915 train_time:26713ms step_avg:145.18ms
step:195/5100 train_loss:5.1250 train_time:26855ms step_avg:145.16ms
step:196/5100 train_loss:5.0730 train_time:26999ms step_avg:145.15ms
step:197/5100 train_loss:5.0178 train_time:27142ms step_avg:145.14ms
step:198/5100 train_loss:5.1469 train_time:27289ms step_avg:145.15ms
step:199/5100 train_loss:5.1326 train_time:27432ms step_avg:145.14ms
step:200/5100 train_loss:5.0669 train_time:27573ms step_avg:145.12ms
step:201/5100 train_loss:5.0662 train_time:27726ms step_avg:145.16ms
step:202/5100 train_loss:5.1582 train_time:27871ms step_avg:145.16ms
step:203/5100 train_loss:4.9222 train_time:28014ms step_avg:145.15ms
step:204/5100 train_loss:4.9927 train_time:28160ms step_avg:145.15ms
step:205/5100 train_loss:5.0150 train_time:28307ms step_avg:145.16ms
step:206/5100 train_loss:5.0629 train_time:28451ms step_avg:145.16ms
step:207/5100 train_loss:5.0810 train_time:28592ms step_avg:145.14ms
step:208/5100 train_loss:5.2411 train_time:28738ms step_avg:145.14ms
step:209/5100 train_loss:5.0558 train_time:28884ms step_avg:145.15ms
step:210/5100 train_loss:5.0943 train_time:29030ms step_avg:145.15ms
step:211/5100 train_loss:5.0716 train_time:29175ms step_avg:145.15ms
step:212/5100 train_loss:5.0206 train_time:29322ms step_avg:145.16ms
step:213/5100 train_loss:5.0588 train_time:29467ms step_avg:145.16ms
step:214/5100 train_loss:5.0361 train_time:29611ms step_avg:145.15ms
step:215/5100 train_loss:5.0789 train_time:29758ms step_avg:145.16ms
step:216/5100 train_loss:5.0994 train_time:29909ms step_avg:145.19ms
step:217/5100 train_loss:5.0193 train_time:30051ms step_avg:145.17ms
step:218/5100 train_loss:5.1768 train_time:30196ms step_avg:145.17ms
step:219/5100 train_loss:4.9626 train_time:30337ms step_avg:145.15ms
step:220/5100 train_loss:5.0167 train_time:30481ms step_avg:145.15ms
step:221/5100 train_loss:4.9563 train_time:30624ms step_avg:145.14ms
step:222/5100 train_loss:5.0390 train_time:30768ms step_avg:145.13ms
step:223/5100 train_loss:5.0317 train_time:30910ms step_avg:145.12ms
step:224/5100 train_loss:4.9687 train_time:31052ms step_avg:145.10ms
step:225/5100 train_loss:5.0068 train_time:31195ms step_avg:145.09ms
step:226/5100 train_loss:4.8848 train_time:31338ms step_avg:145.09ms
step:227/5100 train_loss:5.0052 train_time:31482ms step_avg:145.08ms
step:228/5100 train_loss:4.9384 train_time:31625ms step_avg:145.07ms
step:229/5100 train_loss:5.0792 train_time:31769ms step_avg:145.06ms
step:230/5100 train_loss:4.9861 train_time:31911ms step_avg:145.05ms
step:231/5100 train_loss:5.0472 train_time:32059ms step_avg:145.06ms
step:232/5100 train_loss:5.0894 train_time:32203ms step_avg:145.06ms
step:233/5100 train_loss:4.8375 train_time:32347ms step_avg:145.05ms
step:234/5100 train_loss:4.9793 train_time:32491ms step_avg:145.05ms
step:235/5100 train_loss:4.9321 train_time:32641ms step_avg:145.07ms
step:236/5100 train_loss:4.9200 train_time:32787ms step_avg:145.08ms
step:237/5100 train_loss:4.9753 train_time:32932ms step_avg:145.07ms
step:238/5100 train_loss:5.0434 train_time:33077ms step_avg:145.07ms
step:239/5100 train_loss:4.9888 train_time:33219ms step_avg:145.06ms
step:240/5100 train_loss:4.9549 train_time:33363ms step_avg:145.06ms
step:241/5100 train_loss:4.8789 train_time:33510ms step_avg:145.06ms
step:242/5100 train_loss:4.8697 train_time:33653ms step_avg:145.06ms
step:243/5100 train_loss:4.9291 train_time:33796ms step_avg:145.05ms
step:244/5100 train_loss:5.0705 train_time:33939ms step_avg:145.04ms
step:245/5100 train_loss:4.9175 train_time:34080ms step_avg:145.02ms
step:246/5100 train_loss:4.9583 train_time:34223ms step_avg:145.01ms
step:247/5100 train_loss:4.8997 train_time:34368ms step_avg:145.01ms
step:248/5100 train_loss:4.9232 train_time:34511ms step_avg:145.00ms
step:249/5100 train_loss:5.0463 train_time:34657ms step_avg:145.01ms
step:250/5100 train_loss:4.8425 train_time:34806ms step_avg:145.02ms
step:251/5100 train_loss:4.9378 train_time:34951ms step_avg:145.03ms
step:252/5100 train_loss:4.9994 train_time:35098ms step_avg:145.03ms
step:253/5100 train_loss:4.9102 train_time:35245ms step_avg:145.04ms
step:254/5100 train_loss:4.8477 train_time:35391ms step_avg:145.04ms
step:255/5100 train_loss:4.8426 train_time:35539ms step_avg:145.06ms
step:256/5100 train_loss:5.0136 train_time:35684ms step_avg:145.06ms
step:257/5100 train_loss:5.0465 train_time:35833ms step_avg:145.07ms
step:258/5100 train_loss:4.8216 train_time:35982ms step_avg:145.09ms
step:259/5100 train_loss:4.9560 train_time:36126ms step_avg:145.08ms
step:260/5100 train_loss:4.7874 train_time:36272ms step_avg:145.09ms
step:261/5100 train_loss:4.9726 train_time:36413ms step_avg:145.07ms
step:262/5100 train_loss:4.9421 train_time:36558ms step_avg:145.07ms
step:263/5100 train_loss:4.8934 train_time:36700ms step_avg:145.06ms
step:264/5100 train_loss:4.8415 train_time:36843ms step_avg:145.05ms
step:265/5100 train_loss:5.0583 train_time:36986ms step_avg:145.04ms
step:266/5100 train_loss:4.8345 train_time:37129ms step_avg:145.03ms
step:267/5100 train_loss:4.8773 train_time:37276ms step_avg:145.04ms
step:268/5100 train_loss:4.8491 train_time:37424ms step_avg:145.06ms
step:269/5100 train_loss:4.9941 train_time:37570ms step_avg:145.06ms
step:270/5100 train_loss:5.0213 train_time:37717ms step_avg:145.06ms
step:271/5100 train_loss:4.9891 train_time:37862ms step_avg:145.06ms
step:272/5100 train_loss:4.9460 train_time:38003ms step_avg:145.05ms
step:273/5100 train_loss:5.0272 train_time:38149ms step_avg:145.05ms
step:274/5100 train_loss:4.7737 train_time:38289ms step_avg:145.04ms
step:275/5100 train_loss:4.8639 train_time:38432ms step_avg:145.03ms
step:276/5100 train_loss:4.9755 train_time:38579ms step_avg:145.03ms
step:277/5100 train_loss:4.8937 train_time:38728ms step_avg:145.05ms
step:278/5100 train_loss:4.8416 train_time:38875ms step_avg:145.06ms
step:279/5100 train_loss:4.9007 train_time:39017ms step_avg:145.04ms
step:280/5100 train_loss:4.8963 train_time:39164ms step_avg:145.05ms
step:281/5100 train_loss:4.8680 train_time:39311ms step_avg:145.06ms
step:282/5100 train_loss:4.8754 train_time:39458ms step_avg:145.07ms
step:283/5100 train_loss:4.7591 train_time:39598ms step_avg:145.05ms
step:284/5100 train_loss:4.9136 train_time:39744ms step_avg:145.05ms
step:285/5100 train_loss:4.9066 train_time:39888ms step_avg:145.05ms
step:286/5100 train_loss:4.8600 train_time:40032ms step_avg:145.04ms
step:287/5100 train_loss:4.9221 train_time:40175ms step_avg:145.04ms
step:288/5100 train_loss:4.8683 train_time:40319ms step_avg:145.03ms
step:289/5100 train_loss:4.8748 train_time:40459ms step_avg:145.01ms
step:290/5100 train_loss:4.7492 train_time:40600ms step_avg:145.00ms
step:291/5100 train_loss:4.9348 train_time:40744ms step_avg:144.99ms
step:292/5100 train_loss:4.8003 train_time:40887ms step_avg:144.99ms
step:293/5100 train_loss:4.9015 train_time:41036ms step_avg:145.00ms
step:294/5100 train_loss:4.8771 train_time:41175ms step_avg:144.98ms
step:295/5100 train_loss:4.7998 train_time:41323ms step_avg:144.99ms
step:296/5100 train_loss:4.9088 train_time:41466ms step_avg:144.98ms
step:297/5100 train_loss:4.9430 train_time:41610ms step_avg:144.98ms
step:298/5100 train_loss:4.8765 train_time:41752ms step_avg:144.97ms
step:299/5100 train_loss:4.8188 train_time:41894ms step_avg:144.96ms
step:300/5100 train_loss:4.7381 train_time:42044ms step_avg:144.98ms
step:301/5100 train_loss:4.8935 train_time:42192ms step_avg:144.99ms
step:302/5100 train_loss:4.8491 train_time:42341ms step_avg:145.00ms
step:303/5100 train_loss:4.7533 train_time:42487ms step_avg:145.01ms
step:304/5100 train_loss:4.7035 train_time:42635ms step_avg:145.02ms
step:305/5100 train_loss:4.8784 train_time:42777ms step_avg:145.01ms
step:306/5100 train_loss:5.0399 train_time:42919ms step_avg:145.00ms
step:307/5100 train_loss:4.7738 train_time:43062ms step_avg:144.99ms
step:308/5100 train_loss:4.8791 train_time:43205ms step_avg:144.98ms
step:309/5100 train_loss:4.8331 train_time:43351ms step_avg:144.99ms
step:310/5100 train_loss:4.9973 train_time:43493ms step_avg:144.98ms
step:311/5100 train_loss:4.8189 train_time:43635ms step_avg:144.97ms
step:312/5100 train_loss:4.7501 train_time:43776ms step_avg:144.96ms
step:313/5100 train_loss:4.9281 train_time:43917ms step_avg:144.94ms
step:314/5100 train_loss:4.7187 train_time:44059ms step_avg:144.93ms
step:315/5100 train_loss:4.8504 train_time:44201ms step_avg:144.92ms
step:316/5100 train_loss:4.4672 train_time:44347ms step_avg:144.92ms
step:317/5100 train_loss:4.7417 train_time:44492ms step_avg:144.92ms
step:318/5100 train_loss:4.8314 train_time:44637ms step_avg:144.93ms
step:319/5100 train_loss:4.7407 train_time:44782ms step_avg:144.93ms
step:320/5100 train_loss:4.7795 train_time:44930ms step_avg:144.94ms
step:321/5100 train_loss:4.8259 train_time:45072ms step_avg:144.92ms
step:322/5100 train_loss:4.7394 train_time:45218ms step_avg:144.93ms
step:323/5100 train_loss:4.6883 train_time:45361ms step_avg:144.92ms
step:324/5100 train_loss:4.7808 train_time:45504ms step_avg:144.92ms
step:325/5100 train_loss:4.7559 train_time:45653ms step_avg:144.93ms
step:326/5100 train_loss:4.8263 train_time:45797ms step_avg:144.93ms
step:327/5100 train_loss:4.8317 train_time:45939ms step_avg:144.92ms
step:328/5100 train_loss:4.8264 train_time:46084ms step_avg:144.92ms
step:329/5100 train_loss:5.2597 train_time:46229ms step_avg:144.92ms
step:330/5100 train_loss:4.8431 train_time:46370ms step_avg:144.91ms
step:331/5100 train_loss:4.7751 train_time:46512ms step_avg:144.90ms
step:332/5100 train_loss:4.7527 train_time:46654ms step_avg:144.89ms
step:333/5100 train_loss:4.7898 train_time:46795ms step_avg:144.88ms
step:334/5100 train_loss:4.7269 train_time:46938ms step_avg:144.87ms
step:335/5100 train_loss:4.7042 train_time:47080ms step_avg:144.86ms
step:336/5100 train_loss:4.8642 train_time:47224ms step_avg:144.86ms
step:337/5100 train_loss:4.7484 train_time:47367ms step_avg:144.85ms
step:338/5100 train_loss:4.7094 train_time:47508ms step_avg:144.84ms
step:339/5100 train_loss:4.7294 train_time:47655ms step_avg:144.85ms
step:340/5100 train_loss:4.6901 train_time:47798ms step_avg:144.84ms
step:341/5100 train_loss:4.7642 train_time:47939ms step_avg:144.83ms
step:342/5100 train_loss:4.7736 train_time:48082ms step_avg:144.83ms
step:343/5100 train_loss:4.7131 train_time:48227ms step_avg:144.83ms
step:344/5100 train_loss:4.8634 train_time:48367ms step_avg:144.81ms
step:345/5100 train_loss:4.7350 train_time:48512ms step_avg:144.81ms
step:346/5100 train_loss:4.7200 train_time:48659ms step_avg:144.82ms
step:347/5100 train_loss:4.6801 train_time:48804ms step_avg:144.82ms
step:348/5100 train_loss:4.7701 train_time:48947ms step_avg:144.81ms
step:349/5100 train_loss:4.8099 train_time:49090ms step_avg:144.81ms
step:350/5100 train_loss:4.7210 train_time:49233ms step_avg:144.80ms
step:351/5100 train_loss:4.7337 train_time:49374ms step_avg:144.79ms
step:352/5100 train_loss:4.5934 train_time:49515ms step_avg:144.78ms
step:353/5100 train_loss:4.9078 train_time:49656ms step_avg:144.77ms
step:354/5100 train_loss:4.6771 train_time:49798ms step_avg:144.76ms
step:355/5100 train_loss:4.7523 train_time:49940ms step_avg:144.75ms
step:356/5100 train_loss:4.8680 train_time:50079ms step_avg:144.74ms
step:357/5100 train_loss:4.6137 train_time:50226ms step_avg:144.74ms
step:358/5100 train_loss:4.6691 train_time:50368ms step_avg:144.74ms
step:359/5100 train_loss:4.7292 train_time:50513ms step_avg:144.74ms
step:360/5100 train_loss:4.5607 train_time:50655ms step_avg:144.73ms
step:361/5100 train_loss:4.6604 train_time:50797ms step_avg:144.72ms
step:362/5100 train_loss:4.6639 train_time:50943ms step_avg:144.72ms
step:363/5100 train_loss:4.6611 train_time:51087ms step_avg:144.72ms
step:364/5100 train_loss:4.7028 train_time:51232ms step_avg:144.72ms
step:365/5100 train_loss:4.7499 train_time:51376ms step_avg:144.72ms
step:366/5100 train_loss:4.7018 train_time:51522ms step_avg:144.73ms
step:367/5100 train_loss:4.6511 train_time:51669ms step_avg:144.73ms
step:368/5100 train_loss:4.6510 train_time:51815ms step_avg:144.73ms
step:369/5100 train_loss:4.6798 train_time:51960ms step_avg:144.74ms
step:370/5100 train_loss:4.6063 train_time:52106ms step_avg:144.74ms
step:371/5100 train_loss:4.6171 train_time:52251ms step_avg:144.74ms
step:372/5100 train_loss:4.7180 train_time:52392ms step_avg:144.73ms
step:373/5100 train_loss:4.6422 train_time:52536ms step_avg:144.73ms
step:374/5100 train_loss:4.6686 train_time:52676ms step_avg:144.72ms
step:375/5100 train_loss:4.6175 train_time:52820ms step_avg:144.71ms
step:376/5100 train_loss:4.7549 train_time:52962ms step_avg:144.71ms
step:377/5100 train_loss:4.6808 train_time:53105ms step_avg:144.70ms
step:378/5100 train_loss:4.6437 train_time:53251ms step_avg:144.70ms
step:379/5100 train_loss:4.7034 train_time:53393ms step_avg:144.70ms
step:380/5100 train_loss:4.5834 train_time:53537ms step_avg:144.69ms
step:381/5100 train_loss:4.6809 train_time:53677ms step_avg:144.68ms
step:382/5100 train_loss:4.4974 train_time:53817ms step_avg:144.67ms
step:383/5100 train_loss:4.6520 train_time:53960ms step_avg:144.67ms
step:384/5100 train_loss:4.5813 train_time:54103ms step_avg:144.66ms
step:385/5100 train_loss:4.5689 train_time:54246ms step_avg:144.65ms
step:386/5100 train_loss:4.6392 train_time:54390ms step_avg:144.65ms
step:387/5100 train_loss:4.5676 train_time:54529ms step_avg:144.64ms
step:388/5100 train_loss:4.7486 train_time:54674ms step_avg:144.64ms
step:389/5100 train_loss:4.7461 train_time:54820ms step_avg:144.64ms
step:390/5100 train_loss:4.6585 train_time:54965ms step_avg:144.65ms
step:391/5100 train_loss:4.6495 train_time:55108ms step_avg:144.64ms
step:392/5100 train_loss:4.5966 train_time:55251ms step_avg:144.64ms
step:393/5100 train_loss:4.5787 train_time:55394ms step_avg:144.63ms
step:394/5100 train_loss:4.6627 train_time:55536ms step_avg:144.63ms
step:395/5100 train_loss:4.5459 train_time:55681ms step_avg:144.63ms
step:396/5100 train_loss:4.6181 train_time:55823ms step_avg:144.62ms
step:397/5100 train_loss:4.5915 train_time:55965ms step_avg:144.61ms
step:398/5100 train_loss:4.6219 train_time:56107ms step_avg:144.61ms
step:399/5100 train_loss:4.5899 train_time:56254ms step_avg:144.61ms
step:400/5100 train_loss:4.5271 train_time:56394ms step_avg:144.60ms
step:401/5100 train_loss:4.5190 train_time:56538ms step_avg:144.60ms
step:402/5100 train_loss:4.5566 train_time:56682ms step_avg:144.60ms
step:403/5100 train_loss:4.4244 train_time:56825ms step_avg:144.59ms
step:404/5100 train_loss:4.4446 train_time:56968ms step_avg:144.59ms
step:405/5100 train_loss:4.6979 train_time:57111ms step_avg:144.59ms
step:406/5100 train_loss:4.5862 train_time:57252ms step_avg:144.58ms
step:407/5100 train_loss:4.5840 train_time:57393ms step_avg:144.57ms
step:408/5100 train_loss:4.5050 train_time:57539ms step_avg:144.57ms
step:409/5100 train_loss:4.6457 train_time:57683ms step_avg:144.57ms
step:410/5100 train_loss:4.5885 train_time:57833ms step_avg:144.58ms
step:411/5100 train_loss:4.5588 train_time:57972ms step_avg:144.57ms
step:412/5100 train_loss:4.5317 train_time:58117ms step_avg:144.57ms
step:413/5100 train_loss:4.6364 train_time:58262ms step_avg:144.57ms
step:414/5100 train_loss:4.5514 train_time:58404ms step_avg:144.57ms
step:415/5100 train_loss:5.0591 train_time:58548ms step_avg:144.56ms
step:416/5100 train_loss:4.4833 train_time:58691ms step_avg:144.56ms
step:417/5100 train_loss:4.5387 train_time:58835ms step_avg:144.56ms
step:418/5100 train_loss:4.5830 train_time:58976ms step_avg:144.55ms
step:419/5100 train_loss:4.6101 train_time:59117ms step_avg:144.54ms
step:420/5100 train_loss:4.6444 train_time:59259ms step_avg:144.53ms
step:421/5100 train_loss:4.5447 train_time:59406ms step_avg:144.54ms
step:422/5100 train_loss:4.5590 train_time:59551ms step_avg:144.54ms
step:423/5100 train_loss:4.5714 train_time:59693ms step_avg:144.54ms
step:424/5100 train_loss:4.6304 train_time:59837ms step_avg:144.53ms
step:425/5100 train_loss:4.5792 train_time:59982ms step_avg:144.53ms
step:426/5100 train_loss:4.4952 train_time:60122ms step_avg:144.52ms
step:426/5100 val_loss:4.5517 train_time:60134ms step_avg:144.55ms
step:427/5100 train_loss:4.6878 train_time:60274ms step_avg:144.54ms
step:428/5100 train_loss:4.6378 train_time:60420ms step_avg:144.55ms
step:429/5100 train_loss:4.5198 train_time:60566ms step_avg:144.55ms
step:430/5100 train_loss:4.5017 train_time:60709ms step_avg:144.54ms
step:431/5100 train_loss:4.4646 train_time:60856ms step_avg:144.55ms
step:432/5100 train_loss:4.4122 train_time:60999ms step_avg:144.55ms
step:433/5100 train_loss:4.5831 train_time:61139ms step_avg:144.54ms
step:434/5100 train_loss:4.5164 train_time:61283ms step_avg:144.53ms
step:435/5100 train_loss:4.5719 train_time:61423ms step_avg:144.53ms
step:436/5100 train_loss:4.6303 train_time:61566ms step_avg:144.52ms
step:437/5100 train_loss:4.5463 train_time:61712ms step_avg:144.52ms
step:438/5100 train_loss:4.5770 train_time:61855ms step_avg:144.52ms
step:439/5100 train_loss:4.5106 train_time:61997ms step_avg:144.51ms
step:440/5100 train_loss:4.5778 train_time:62138ms step_avg:144.51ms
step:441/5100 train_loss:4.6975 train_time:62285ms step_avg:144.51ms
step:442/5100 train_loss:4.4781 train_time:62429ms step_avg:144.51ms
step:443/5100 train_loss:4.5392 train_time:62575ms step_avg:144.51ms
step:444/5100 train_loss:4.5149 train_time:62718ms step_avg:144.51ms
step:445/5100 train_loss:4.4829 train_time:62866ms step_avg:144.52ms
step:446/5100 train_loss:4.5211 train_time:63011ms step_avg:144.52ms
step:447/5100 train_loss:4.5468 train_time:63158ms step_avg:144.53ms
step:448/5100 train_loss:4.6543 train_time:63303ms step_avg:144.53ms
step:449/5100 train_loss:4.5084 train_time:63444ms step_avg:144.52ms
step:450/5100 train_loss:4.5179 train_time:63591ms step_avg:144.52ms
step:451/5100 train_loss:4.6555 train_time:63736ms step_avg:144.53ms
step:452/5100 train_loss:4.4026 train_time:63879ms step_avg:144.52ms
step:453/5100 train_loss:4.7004 train_time:64021ms step_avg:144.52ms
step:454/5100 train_loss:4.4530 train_time:64163ms step_avg:144.51ms
step:455/5100 train_loss:4.5783 train_time:64306ms step_avg:144.51ms
step:456/5100 train_loss:4.5304 train_time:64448ms step_avg:144.50ms
step:457/5100 train_loss:4.5258 train_time:64593ms step_avg:144.50ms
step:458/5100 train_loss:4.4628 train_time:64735ms step_avg:144.50ms
step:459/5100 train_loss:4.5947 train_time:64877ms step_avg:144.49ms
step:460/5100 train_loss:4.4776 train_time:65019ms step_avg:144.49ms
step:461/5100 train_loss:4.6661 train_time:65162ms step_avg:144.48ms
step:462/5100 train_loss:4.5009 train_time:65304ms step_avg:144.48ms
step:463/5100 train_loss:4.5812 train_time:65451ms step_avg:144.48ms
step:464/5100 train_loss:4.5071 train_time:65595ms step_avg:144.48ms
step:465/5100 train_loss:4.5301 train_time:65740ms step_avg:144.48ms
step:466/5100 train_loss:4.4463 train_time:65881ms step_avg:144.48ms
step:467/5100 train_loss:4.5069 train_time:66025ms step_avg:144.47ms
step:468/5100 train_loss:4.4257 train_time:66174ms step_avg:144.48ms
step:469/5100 train_loss:4.4945 train_time:66321ms step_avg:144.49ms
step:470/5100 train_loss:4.5774 train_time:66464ms step_avg:144.49ms
step:471/5100 train_loss:4.5039 train_time:66611ms step_avg:144.49ms
step:472/5100 train_loss:4.5139 train_time:66754ms step_avg:144.49ms
step:473/5100 train_loss:4.4269 train_time:66897ms step_avg:144.49ms
step:474/5100 train_loss:4.4518 train_time:67042ms step_avg:144.49ms
step:475/5100 train_loss:4.4846 train_time:67183ms step_avg:144.48ms
step:476/5100 train_loss:4.4700 train_time:67326ms step_avg:144.48ms
step:477/5100 train_loss:4.4770 train_time:67469ms step_avg:144.47ms
step:478/5100 train_loss:4.3949 train_time:67611ms step_avg:144.47ms
step:479/5100 train_loss:4.4570 train_time:67755ms step_avg:144.47ms
step:480/5100 train_loss:4.4873 train_time:67898ms step_avg:144.46ms
step:481/5100 train_loss:4.4605 train_time:68040ms step_avg:144.46ms
step:482/5100 train_loss:4.3446 train_time:68182ms step_avg:144.45ms
step:483/5100 train_loss:4.4574 train_time:68324ms step_avg:144.45ms
step:484/5100 train_loss:4.4796 train_time:68467ms step_avg:144.45ms
step:485/5100 train_loss:4.5294 train_time:68610ms step_avg:144.44ms
step:486/5100 train_loss:4.5079 train_time:68754ms step_avg:144.44ms
step:487/5100 train_loss:4.4184 train_time:68896ms step_avg:144.44ms
step:488/5100 train_loss:4.3870 train_time:69041ms step_avg:144.44ms
step:489/5100 train_loss:4.3031 train_time:69185ms step_avg:144.44ms
step:490/5100 train_loss:4.4061 train_time:69333ms step_avg:144.44ms
step:491/5100 train_loss:4.4817 train_time:69478ms step_avg:144.45ms
step:492/5100 train_loss:4.4943 train_time:69624ms step_avg:144.45ms
step:493/5100 train_loss:4.4037 train_time:69764ms step_avg:144.44ms
step:494/5100 train_loss:4.5842 train_time:69911ms step_avg:144.44ms
step:495/5100 train_loss:4.4091 train_time:70054ms step_avg:144.44ms
step:496/5100 train_loss:4.3270 train_time:70197ms step_avg:144.44ms
step:497/5100 train_loss:4.4432 train_time:70339ms step_avg:144.43ms
step:498/5100 train_loss:4.4848 train_time:70481ms step_avg:144.43ms
step:499/5100 train_loss:4.4859 train_time:70623ms step_avg:144.42ms
step:500/5100 train_loss:4.3952 train_time:70771ms step_avg:144.43ms
step:501/5100 train_loss:4.4692 train_time:70914ms step_avg:144.43ms
step:502/5100 train_loss:4.4222 train_time:71060ms step_avg:144.43ms
step:503/5100 train_loss:4.4723 train_time:71202ms step_avg:144.43ms
step:504/5100 train_loss:4.3704 train_time:71344ms step_avg:144.42ms
step:505/5100 train_loss:4.4138 train_time:71483ms step_avg:144.41ms
step:506/5100 train_loss:4.4605 train_time:71628ms step_avg:144.41ms
step:507/5100 train_loss:4.4768 train_time:71771ms step_avg:144.41ms
step:508/5100 train_loss:4.5732 train_time:71913ms step_avg:144.40ms
step:509/5100 train_loss:4.5051 train_time:72058ms step_avg:144.41ms
step:510/5100 train_loss:4.4267 train_time:72202ms step_avg:144.40ms
step:511/5100 train_loss:4.3332 train_time:72351ms step_avg:144.41ms
step:512/5100 train_loss:4.5287 train_time:72496ms step_avg:144.41ms
step:513/5100 train_loss:4.4553 train_time:72642ms step_avg:144.42ms
step:514/5100 train_loss:4.5860 train_time:72783ms step_avg:144.41ms
step:515/5100 train_loss:4.5029 train_time:72924ms step_avg:144.40ms
step:516/5100 train_loss:4.4830 train_time:73065ms step_avg:144.40ms
step:517/5100 train_loss:4.4310 train_time:73211ms step_avg:144.40ms
step:518/5100 train_loss:4.3637 train_time:73354ms step_avg:144.40ms
step:519/5100 train_loss:4.1885 train_time:73499ms step_avg:144.40ms
step:520/5100 train_loss:4.4515 train_time:73641ms step_avg:144.40ms
step:521/5100 train_loss:4.3264 train_time:73783ms step_avg:144.39ms
step:522/5100 train_loss:4.4495 train_time:73923ms step_avg:144.38ms
step:523/5100 train_loss:4.4414 train_time:74064ms step_avg:144.37ms
step:524/5100 train_loss:4.4868 train_time:74208ms step_avg:144.37ms
step:525/5100 train_loss:4.4347 train_time:74354ms step_avg:144.38ms
step:526/5100 train_loss:4.3932 train_time:74495ms step_avg:144.37ms
step:527/5100 train_loss:4.3453 train_time:74642ms step_avg:144.37ms
step:528/5100 train_loss:4.4297 train_time:74788ms step_avg:144.38ms
step:529/5100 train_loss:4.4716 train_time:74931ms step_avg:144.38ms
step:530/5100 train_loss:4.4830 train_time:75075ms step_avg:144.37ms
step:531/5100 train_loss:4.3928 train_time:75218ms step_avg:144.37ms
step:532/5100 train_loss:4.3227 train_time:75365ms step_avg:144.38ms
step:533/5100 train_loss:4.3836 train_time:75508ms step_avg:144.38ms
step:534/5100 train_loss:4.4170 train_time:75654ms step_avg:144.38ms
step:535/5100 train_loss:4.4228 train_time:75798ms step_avg:144.38ms
step:536/5100 train_loss:4.3991 train_time:75945ms step_avg:144.38ms
step:537/5100 train_loss:4.3406 train_time:76092ms step_avg:144.39ms
step:538/5100 train_loss:4.6386 train_time:76235ms step_avg:144.39ms
step:539/5100 train_loss:4.4311 train_time:76381ms step_avg:144.39ms
step:540/5100 train_loss:4.3591 train_time:76522ms step_avg:144.38ms
step:541/5100 train_loss:4.3406 train_time:76665ms step_avg:144.38ms
step:542/5100 train_loss:4.2780 train_time:76805ms step_avg:144.37ms
step:543/5100 train_loss:4.4671 train_time:76946ms step_avg:144.36ms
step:544/5100 train_loss:4.3135 train_time:77088ms step_avg:144.36ms
step:545/5100 train_loss:4.4378 train_time:77232ms step_avg:144.36ms
step:546/5100 train_loss:4.4867 train_time:77377ms step_avg:144.36ms
step:547/5100 train_loss:4.3334 train_time:77519ms step_avg:144.36ms
step:548/5100 train_loss:4.4395 train_time:77663ms step_avg:144.35ms
step:549/5100 train_loss:4.3253 train_time:77811ms step_avg:144.36ms
step:550/5100 train_loss:4.3970 train_time:77952ms step_avg:144.35ms
step:551/5100 train_loss:4.3722 train_time:78095ms step_avg:144.35ms
step:552/5100 train_loss:4.4029 train_time:78240ms step_avg:144.35ms
step:553/5100 train_loss:4.5239 train_time:78381ms step_avg:144.35ms
step:554/5100 train_loss:4.3900 train_time:78522ms step_avg:144.34ms
step:555/5100 train_loss:4.2978 train_time:78663ms step_avg:144.34ms
step:556/5100 train_loss:4.4518 train_time:78811ms step_avg:144.34ms
step:557/5100 train_loss:4.4307 train_time:78957ms step_avg:144.35ms
step:558/5100 train_loss:4.4810 train_time:79104ms step_avg:144.35ms
step:559/5100 train_loss:4.3399 train_time:79245ms step_avg:144.34ms
step:560/5100 train_loss:4.4864 train_time:79392ms step_avg:144.35ms
step:561/5100 train_loss:4.4475 train_time:79534ms step_avg:144.34ms
step:562/5100 train_loss:4.3832 train_time:79678ms step_avg:144.34ms
step:563/5100 train_loss:4.1919 train_time:79821ms step_avg:144.34ms
step:564/5100 train_loss:4.4008 train_time:79963ms step_avg:144.34ms
step:565/5100 train_loss:4.4168 train_time:80106ms step_avg:144.34ms
step:566/5100 train_loss:4.3559 train_time:80247ms step_avg:144.33ms
step:567/5100 train_loss:4.5771 train_time:80390ms step_avg:144.33ms
step:568/5100 train_loss:4.5285 train_time:80534ms step_avg:144.33ms
step:569/5100 train_loss:4.3946 train_time:80678ms step_avg:144.33ms
step:570/5100 train_loss:4.3430 train_time:80821ms step_avg:144.32ms
step:571/5100 train_loss:4.3288 train_time:80963ms step_avg:144.32ms
step:572/5100 train_loss:4.4104 train_time:81104ms step_avg:144.31ms
step:573/5100 train_loss:4.3898 train_time:81248ms step_avg:144.31ms
step:574/5100 train_loss:4.3875 train_time:81391ms step_avg:144.31ms
step:575/5100 train_loss:4.3563 train_time:81533ms step_avg:144.31ms
step:576/5100 train_loss:4.4999 train_time:81676ms step_avg:144.30ms
step:577/5100 train_loss:4.2692 train_time:81815ms step_avg:144.29ms
step:578/5100 train_loss:4.3785 train_time:81961ms step_avg:144.30ms
step:579/5100 train_loss:4.3340 train_time:82106ms step_avg:144.30ms
step:580/5100 train_loss:4.3337 train_time:82257ms step_avg:144.31ms
step:581/5100 train_loss:4.4601 train_time:82401ms step_avg:144.31ms
step:582/5100 train_loss:4.2715 train_time:82546ms step_avg:144.31ms
step:583/5100 train_loss:4.3174 train_time:82689ms step_avg:144.31ms
step:584/5100 train_loss:4.3495 train_time:82831ms step_avg:144.31ms
step:585/5100 train_loss:4.2907 train_time:82975ms step_avg:144.30ms
step:586/5100 train_loss:4.3577 train_time:83118ms step_avg:144.30ms
step:587/5100 train_loss:4.3182 train_time:83259ms step_avg:144.30ms
step:588/5100 train_loss:4.4084 train_time:83403ms step_avg:144.30ms
step:589/5100 train_loss:4.3250 train_time:83548ms step_avg:144.30ms
step:590/5100 train_loss:4.4441 train_time:83690ms step_avg:144.29ms
step:591/5100 train_loss:4.3451 train_time:83835ms step_avg:144.29ms
step:592/5100 train_loss:4.2435 train_time:83978ms step_avg:144.29ms
step:593/5100 train_loss:4.4224 train_time:84119ms step_avg:144.29ms
step:594/5100 train_loss:4.3877 train_time:84263ms step_avg:144.29ms
step:595/5100 train_loss:4.2801 train_time:84405ms step_avg:144.28ms
step:596/5100 train_loss:4.3913 train_time:84545ms step_avg:144.28ms
step:597/5100 train_loss:4.4784 train_time:84689ms step_avg:144.27ms
step:598/5100 train_loss:4.4486 train_time:84835ms step_avg:144.28ms
step:599/5100 train_loss:4.4122 train_time:84980ms step_avg:144.28ms
step:600/5100 train_loss:4.2710 train_time:85128ms step_avg:144.28ms
step:601/5100 train_loss:4.3553 train_time:85273ms step_avg:144.29ms
step:602/5100 train_loss:4.3461 train_time:85419ms step_avg:144.29ms
step:603/5100 train_loss:4.4054 train_time:85567ms step_avg:144.30ms
step:604/5100 train_loss:4.3322 train_time:85711ms step_avg:144.29ms
step:605/5100 train_loss:4.3600 train_time:85854ms step_avg:144.29ms
step:606/5100 train_loss:4.2847 train_time:85996ms step_avg:144.29ms
step:607/5100 train_loss:4.2822 train_time:86139ms step_avg:144.29ms
step:608/5100 train_loss:4.2254 train_time:86280ms step_avg:144.28ms
step:609/5100 train_loss:4.2380 train_time:86422ms step_avg:144.28ms
step:610/5100 train_loss:4.3405 train_time:86564ms step_avg:144.27ms
step:611/5100 train_loss:4.2820 train_time:86709ms step_avg:144.27ms
step:612/5100 train_loss:4.3714 train_time:86851ms step_avg:144.27ms
step:613/5100 train_loss:4.2857 train_time:86992ms step_avg:144.27ms
step:614/5100 train_loss:4.3054 train_time:87137ms step_avg:144.27ms
step:615/5100 train_loss:4.4043 train_time:87275ms step_avg:144.26ms
step:616/5100 train_loss:4.2530 train_time:87417ms step_avg:144.25ms
step:617/5100 train_loss:4.3734 train_time:87557ms step_avg:144.25ms
step:618/5100 train_loss:4.3152 train_time:87699ms step_avg:144.24ms
step:619/5100 train_loss:4.4287 train_time:87848ms step_avg:144.25ms
step:620/5100 train_loss:4.4525 train_time:87997ms step_avg:144.26ms
step:621/5100 train_loss:4.3614 train_time:88139ms step_avg:144.25ms
step:622/5100 train_loss:4.3669 train_time:88285ms step_avg:144.26ms
step:623/5100 train_loss:4.2950 train_time:88430ms step_avg:144.26ms
step:624/5100 train_loss:4.4115 train_time:88578ms step_avg:144.26ms
step:625/5100 train_loss:4.4043 train_time:88722ms step_avg:144.26ms
step:626/5100 train_loss:4.3622 train_time:88871ms step_avg:144.27ms
step:627/5100 train_loss:4.3693 train_time:89013ms step_avg:144.27ms
step:628/5100 train_loss:4.3793 train_time:89156ms step_avg:144.26ms
step:629/5100 train_loss:4.3189 train_time:89299ms step_avg:144.26ms
step:630/5100 train_loss:4.2399 train_time:89441ms step_avg:144.26ms
step:631/5100 train_loss:4.2903 train_time:89583ms step_avg:144.26ms
step:632/5100 train_loss:4.3765 train_time:89725ms step_avg:144.25ms
step:633/5100 train_loss:4.2846 train_time:89866ms step_avg:144.25ms
step:634/5100 train_loss:4.3532 train_time:90010ms step_avg:144.25ms
step:635/5100 train_loss:4.4217 train_time:90149ms step_avg:144.24ms
step:636/5100 train_loss:4.2895 train_time:90293ms step_avg:144.24ms
step:637/5100 train_loss:4.2642 train_time:90436ms step_avg:144.24ms
step:638/5100 train_loss:4.2348 train_time:90582ms step_avg:144.24ms
step:639/5100 train_loss:4.4512 train_time:90723ms step_avg:144.23ms
step:640/5100 train_loss:4.2913 train_time:90867ms step_avg:144.23ms
step:641/5100 train_loss:4.3414 train_time:91009ms step_avg:144.23ms
step:642/5100 train_loss:4.4231 train_time:91154ms step_avg:144.23ms
step:643/5100 train_loss:4.3804 train_time:91299ms step_avg:144.23ms
step:644/5100 train_loss:4.3370 train_time:91440ms step_avg:144.23ms
step:645/5100 train_loss:4.2333 train_time:91582ms step_avg:144.22ms
step:646/5100 train_loss:4.3787 train_time:91727ms step_avg:144.22ms
step:647/5100 train_loss:4.3516 train_time:91875ms step_avg:144.23ms
step:648/5100 train_loss:4.3223 train_time:92018ms step_avg:144.23ms
step:649/5100 train_loss:4.2868 train_time:92161ms step_avg:144.23ms
step:650/5100 train_loss:4.3150 train_time:92305ms step_avg:144.23ms
step:651/5100 train_loss:4.3767 train_time:92447ms step_avg:144.22ms
step:652/5100 train_loss:4.2494 train_time:92590ms step_avg:144.22ms
step:653/5100 train_loss:4.2312 train_time:92730ms step_avg:144.21ms
step:654/5100 train_loss:4.3574 train_time:92874ms step_avg:144.21ms
step:655/5100 train_loss:4.4516 train_time:93017ms step_avg:144.21ms
step:656/5100 train_loss:4.3077 train_time:93157ms step_avg:144.21ms
step:657/5100 train_loss:4.2682 train_time:93299ms step_avg:144.20ms
step:658/5100 train_loss:4.3307 train_time:93443ms step_avg:144.20ms
step:659/5100 train_loss:4.1765 train_time:93591ms step_avg:144.21ms
step:660/5100 train_loss:4.3373 train_time:93733ms step_avg:144.20ms
step:661/5100 train_loss:4.3320 train_time:93879ms step_avg:144.21ms
step:662/5100 train_loss:4.3949 train_time:94021ms step_avg:144.20ms
step:663/5100 train_loss:4.2851 train_time:94165ms step_avg:144.20ms
step:664/5100 train_loss:4.3875 train_time:94309ms step_avg:144.20ms
step:665/5100 train_loss:4.2841 train_time:94452ms step_avg:144.20ms
step:666/5100 train_loss:4.2759 train_time:94597ms step_avg:144.20ms
step:667/5100 train_loss:4.2009 train_time:94740ms step_avg:144.20ms
step:668/5100 train_loss:4.3297 train_time:94883ms step_avg:144.20ms
step:669/5100 train_loss:4.2189 train_time:95030ms step_avg:144.20ms
step:670/5100 train_loss:4.2825 train_time:95178ms step_avg:144.21ms
step:671/5100 train_loss:4.3560 train_time:95320ms step_avg:144.21ms
step:672/5100 train_loss:4.2718 train_time:95463ms step_avg:144.20ms
step:673/5100 train_loss:4.2146 train_time:95607ms step_avg:144.20ms
step:674/5100 train_loss:4.2357 train_time:95746ms step_avg:144.20ms
step:675/5100 train_loss:4.2279 train_time:95887ms step_avg:144.19ms
step:676/5100 train_loss:4.3519 train_time:96028ms step_avg:144.19ms
step:677/5100 train_loss:4.2622 train_time:96169ms step_avg:144.18ms
step:678/5100 train_loss:4.2229 train_time:96308ms step_avg:144.17ms
step:679/5100 train_loss:4.3230 train_time:96448ms step_avg:144.17ms
step:680/5100 train_loss:4.2651 train_time:96589ms step_avg:144.16ms
step:681/5100 train_loss:4.1608 train_time:96733ms step_avg:144.16ms
step:682/5100 train_loss:4.3105 train_time:96877ms step_avg:144.16ms
step:683/5100 train_loss:4.3049 train_time:97020ms step_avg:144.16ms
step:684/5100 train_loss:4.0265 train_time:97164ms step_avg:144.16ms
step:685/5100 train_loss:4.3758 train_time:97309ms step_avg:144.16ms
step:686/5100 train_loss:4.3196 train_time:97455ms step_avg:144.16ms
step:687/5100 train_loss:4.3370 train_time:97599ms step_avg:144.16ms
step:688/5100 train_loss:4.2360 train_time:97740ms step_avg:144.16ms
step:689/5100 train_loss:4.4487 train_time:97883ms step_avg:144.16ms
step:690/5100 train_loss:4.3076 train_time:98028ms step_avg:144.16ms
step:691/5100 train_loss:4.3818 train_time:98172ms step_avg:144.16ms
step:692/5100 train_loss:4.2385 train_time:98318ms step_avg:144.16ms
step:693/5100 train_loss:4.1722 train_time:98460ms step_avg:144.16ms
step:694/5100 train_loss:4.3669 train_time:98602ms step_avg:144.16ms
step:695/5100 train_loss:4.2450 train_time:98743ms step_avg:144.15ms
step:696/5100 train_loss:4.3661 train_time:98883ms step_avg:144.14ms
step:697/5100 train_loss:4.2633 train_time:99024ms step_avg:144.14ms
step:698/5100 train_loss:4.2796 train_time:99167ms step_avg:144.14ms
step:699/5100 train_loss:4.2766 train_time:99310ms step_avg:144.14ms
step:700/5100 train_loss:4.3424 train_time:99451ms step_avg:144.13ms
step:701/5100 train_loss:4.3066 train_time:99594ms step_avg:144.13ms
step:702/5100 train_loss:4.2260 train_time:99734ms step_avg:144.12ms
step:703/5100 train_loss:4.2716 train_time:99875ms step_avg:144.12ms
step:704/5100 train_loss:4.2893 train_time:100016ms step_avg:144.11ms
step:705/5100 train_loss:4.2880 train_time:100163ms step_avg:144.12ms
step:706/5100 train_loss:4.1872 train_time:100314ms step_avg:144.13ms
step:707/5100 train_loss:4.2733 train_time:100459ms step_avg:144.13ms
step:708/5100 train_loss:4.3399 train_time:100605ms step_avg:144.13ms
step:709/5100 train_loss:4.2724 train_time:100747ms step_avg:144.13ms
step:710/5100 train_loss:4.2202 train_time:100892ms step_avg:144.13ms
step:711/5100 train_loss:4.2061 train_time:101039ms step_avg:144.14ms
step:712/5100 train_loss:4.3580 train_time:101184ms step_avg:144.14ms
step:713/5100 train_loss:4.3594 train_time:101327ms step_avg:144.14ms
step:714/5100 train_loss:4.2499 train_time:101477ms step_avg:144.14ms
step:715/5100 train_loss:4.4076 train_time:101620ms step_avg:144.14ms
step:716/5100 train_loss:4.2752 train_time:101765ms step_avg:144.14ms
step:717/5100 train_loss:4.2143 train_time:101910ms step_avg:144.14ms
step:718/5100 train_loss:4.2034 train_time:102055ms step_avg:144.15ms
step:719/5100 train_loss:4.3295 train_time:102196ms step_avg:144.14ms
step:720/5100 train_loss:4.2396 train_time:102338ms step_avg:144.14ms
step:721/5100 train_loss:4.2595 train_time:102485ms step_avg:144.14ms
step:722/5100 train_loss:4.2949 train_time:102628ms step_avg:144.14ms
step:723/5100 train_loss:4.2322 train_time:102769ms step_avg:144.14ms
step:724/5100 train_loss:4.1551 train_time:102917ms step_avg:144.14ms
step:725/5100 train_loss:4.2739 train_time:103059ms step_avg:144.14ms
step:726/5100 train_loss:4.2410 train_time:103202ms step_avg:144.14ms
step:727/5100 train_loss:4.2295 train_time:103346ms step_avg:144.14ms
step:728/5100 train_loss:4.2920 train_time:103487ms step_avg:144.13ms
step:729/5100 train_loss:4.3215 train_time:103627ms step_avg:144.13ms
step:730/5100 train_loss:4.2410 train_time:103775ms step_avg:144.13ms
step:731/5100 train_loss:4.1803 train_time:103921ms step_avg:144.13ms
step:732/5100 train_loss:4.2228 train_time:104069ms step_avg:144.14ms
step:733/5100 train_loss:4.2074 train_time:104213ms step_avg:144.14ms
step:734/5100 train_loss:4.2432 train_time:104356ms step_avg:144.14ms
step:735/5100 train_loss:4.2903 train_time:104495ms step_avg:144.13ms
step:736/5100 train_loss:4.4238 train_time:104638ms step_avg:144.13ms
step:737/5100 train_loss:4.1672 train_time:104780ms step_avg:144.13ms
step:738/5100 train_loss:4.2494 train_time:104927ms step_avg:144.13ms
step:739/5100 train_loss:4.1479 train_time:105077ms step_avg:144.14ms
step:740/5100 train_loss:4.2292 train_time:105220ms step_avg:144.14ms
step:741/5100 train_loss:4.3084 train_time:105363ms step_avg:144.14ms
step:742/5100 train_loss:4.2191 train_time:105505ms step_avg:144.13ms
step:743/5100 train_loss:4.2799 train_time:105645ms step_avg:144.13ms
step:744/5100 train_loss:4.2437 train_time:105787ms step_avg:144.12ms
step:745/5100 train_loss:4.1770 train_time:105930ms step_avg:144.12ms
step:746/5100 train_loss:4.2698 train_time:106075ms step_avg:144.12ms
step:747/5100 train_loss:4.2682 train_time:106217ms step_avg:144.12ms
step:748/5100 train_loss:4.2900 train_time:106363ms step_avg:144.12ms
step:749/5100 train_loss:4.3528 train_time:106506ms step_avg:144.12ms
step:750/5100 train_loss:4.3936 train_time:106654ms step_avg:144.13ms
step:751/5100 train_loss:4.2109 train_time:106794ms step_avg:144.12ms
step:752/5100 train_loss:4.2272 train_time:106939ms step_avg:144.12ms
step:753/5100 train_loss:4.2657 train_time:107082ms step_avg:144.12ms
step:754/5100 train_loss:4.1980 train_time:107223ms step_avg:144.12ms
step:755/5100 train_loss:4.2838 train_time:107368ms step_avg:144.12ms
step:756/5100 train_loss:4.2007 train_time:107509ms step_avg:144.11ms
step:757/5100 train_loss:4.1111 train_time:107656ms step_avg:144.12ms
step:758/5100 train_loss:4.3505 train_time:107798ms step_avg:144.12ms
step:759/5100 train_loss:4.2206 train_time:107940ms step_avg:144.11ms
step:760/5100 train_loss:4.1790 train_time:108083ms step_avg:144.11ms
step:761/5100 train_loss:4.1797 train_time:108224ms step_avg:144.11ms
step:762/5100 train_loss:4.6770 train_time:108616ms step_avg:144.44ms
step:763/5100 train_loss:4.1282 train_time:108759ms step_avg:144.43ms
step:764/5100 train_loss:4.1966 train_time:108903ms step_avg:144.43ms
step:765/5100 train_loss:4.1832 train_time:109044ms step_avg:144.43ms
step:766/5100 train_loss:4.1724 train_time:109187ms step_avg:144.43ms
step:767/5100 train_loss:4.0785 train_time:109329ms step_avg:144.42ms
step:768/5100 train_loss:4.1904 train_time:109474ms step_avg:144.42ms
step:769/5100 train_loss:4.3983 train_time:109619ms step_avg:144.43ms
step:770/5100 train_loss:4.2756 train_time:109767ms step_avg:144.43ms
step:771/5100 train_loss:4.3467 train_time:109912ms step_avg:144.43ms
step:772/5100 train_loss:4.1785 train_time:110059ms step_avg:144.43ms
step:773/5100 train_loss:4.3129 train_time:110199ms step_avg:144.43ms
step:774/5100 train_loss:4.2332 train_time:110346ms step_avg:144.43ms
step:775/5100 train_loss:4.2558 train_time:110492ms step_avg:144.43ms
step:776/5100 train_loss:4.3260 train_time:110637ms step_avg:144.43ms
step:777/5100 train_loss:4.2721 train_time:110780ms step_avg:144.43ms
step:778/5100 train_loss:4.2389 train_time:110922ms step_avg:144.43ms
step:779/5100 train_loss:4.3579 train_time:111065ms step_avg:144.43ms
step:780/5100 train_loss:4.3355 train_time:111212ms step_avg:144.43ms
step:781/5100 train_loss:4.2948 train_time:111354ms step_avg:144.43ms
step:782/5100 train_loss:4.1289 train_time:111498ms step_avg:144.43ms
step:783/5100 train_loss:4.3323 train_time:111639ms step_avg:144.42ms
step:784/5100 train_loss:4.2553 train_time:111781ms step_avg:144.42ms
step:785/5100 train_loss:4.2425 train_time:111924ms step_avg:144.42ms
step:786/5100 train_loss:4.4514 train_time:112066ms step_avg:144.41ms
step:787/5100 train_loss:4.2136 train_time:112209ms step_avg:144.41ms
step:788/5100 train_loss:4.1605 train_time:112350ms step_avg:144.41ms
step:789/5100 train_loss:4.2404 train_time:112497ms step_avg:144.41ms
step:790/5100 train_loss:4.2284 train_time:112640ms step_avg:144.41ms
step:791/5100 train_loss:4.2067 train_time:112781ms step_avg:144.41ms
step:792/5100 train_loss:4.2971 train_time:112925ms step_avg:144.41ms
step:793/5100 train_loss:4.2396 train_time:113076ms step_avg:144.41ms
step:794/5100 train_loss:4.3116 train_time:113220ms step_avg:144.41ms
step:795/5100 train_loss:4.2106 train_time:113363ms step_avg:144.41ms
step:796/5100 train_loss:4.1278 train_time:113509ms step_avg:144.41ms
step:797/5100 train_loss:4.2591 train_time:113652ms step_avg:144.41ms
step:798/5100 train_loss:4.2516 train_time:113796ms step_avg:144.41ms
step:799/5100 train_loss:4.1964 train_time:113945ms step_avg:144.42ms
step:800/5100 train_loss:4.3015 train_time:114088ms step_avg:144.41ms
step:801/5100 train_loss:4.4110 train_time:114234ms step_avg:144.42ms
step:802/5100 train_loss:4.6290 train_time:114380ms step_avg:144.42ms
step:803/5100 train_loss:4.1682 train_time:114522ms step_avg:144.42ms
step:804/5100 train_loss:4.1866 train_time:114663ms step_avg:144.41ms
step:805/5100 train_loss:4.1800 train_time:114805ms step_avg:144.41ms
step:806/5100 train_loss:4.3583 train_time:114949ms step_avg:144.41ms
step:807/5100 train_loss:4.2094 train_time:115093ms step_avg:144.41ms
step:808/5100 train_loss:4.2875 train_time:115238ms step_avg:144.41ms
step:809/5100 train_loss:4.2546 train_time:115380ms step_avg:144.41ms
step:810/5100 train_loss:4.2243 train_time:115522ms step_avg:144.40ms
step:811/5100 train_loss:4.2015 train_time:115664ms step_avg:144.40ms
step:812/5100 train_loss:4.3394 train_time:115806ms step_avg:144.40ms
step:813/5100 train_loss:4.2665 train_time:115948ms step_avg:144.39ms
step:814/5100 train_loss:4.2445 train_time:116094ms step_avg:144.40ms
step:815/5100 train_loss:4.3158 train_time:116237ms step_avg:144.39ms
step:816/5100 train_loss:4.2993 train_time:116383ms step_avg:144.40ms
step:817/5100 train_loss:4.2391 train_time:116525ms step_avg:144.39ms
step:818/5100 train_loss:4.2172 train_time:116673ms step_avg:144.40ms
step:819/5100 train_loss:4.2195 train_time:116820ms step_avg:144.40ms
step:820/5100 train_loss:4.3654 train_time:116963ms step_avg:144.40ms
step:821/5100 train_loss:4.1721 train_time:117111ms step_avg:144.40ms
step:822/5100 train_loss:4.1896 train_time:117257ms step_avg:144.40ms
step:823/5100 train_loss:4.1679 train_time:117400ms step_avg:144.40ms
step:824/5100 train_loss:4.0514 train_time:117541ms step_avg:144.40ms
step:825/5100 train_loss:4.1451 train_time:117684ms step_avg:144.40ms
step:826/5100 train_loss:4.2051 train_time:117824ms step_avg:144.39ms
step:827/5100 train_loss:4.3010 train_time:117966ms step_avg:144.39ms
step:828/5100 train_loss:4.2371 train_time:118107ms step_avg:144.39ms
step:829/5100 train_loss:4.2974 train_time:118249ms step_avg:144.38ms
step:830/5100 train_loss:4.1977 train_time:118392ms step_avg:144.38ms
step:831/5100 train_loss:4.3310 train_time:118534ms step_avg:144.38ms
step:832/5100 train_loss:4.2748 train_time:118680ms step_avg:144.38ms
step:833/5100 train_loss:4.1968 train_time:118822ms step_avg:144.38ms
step:834/5100 train_loss:4.2510 train_time:118965ms step_avg:144.37ms
step:835/5100 train_loss:4.2186 train_time:119106ms step_avg:144.37ms
step:836/5100 train_loss:4.2740 train_time:119256ms step_avg:144.38ms
step:837/5100 train_loss:4.1475 train_time:119400ms step_avg:144.38ms
step:838/5100 train_loss:4.0403 train_time:119541ms step_avg:144.37ms
step:839/5100 train_loss:4.1117 train_time:119686ms step_avg:144.37ms
step:840/5100 train_loss:4.2327 train_time:119830ms step_avg:144.37ms
step:841/5100 train_loss:4.2824 train_time:119975ms step_avg:144.37ms
W0604 21:38:23.013000 108530 torch/distributed/elastic/agent/server/api.py:723] Received 15 death signal, shutting down workers
W0604 21:38:23.015000 108530 torch/distributed/elastic/multiprocessing/api.py:900] Sending process 108604 closing signal SIGTERM
Traceback (most recent call last):
  File "/usr/local/bin/torchrun", line 7, in <module>
    sys.exit(main())
             ^^^^^^
  File "/usr/local/lib/python3.12/dist-packages/torch/distributed/elastic/multiprocessing/errors/__init__.py", line 357, in wrapper
    return f(*args, **kwargs)
           ^^^^^^^^^^^^^^^^^^
  File "/usr/local/lib/python3.12/dist-packages/torch/distributed/run.py", line 901, in main
    run(args)
  File "/usr/local/lib/python3.12/dist-packages/torch/distributed/run.py", line 892, in run
    elastic_launch(
  File "/usr/local/lib/python3.12/dist-packages/torch/distributed/launcher/api.py", line 143, in __call__
    return launch_agent(self._config, self._entrypoint, list(args))
           ^^^^^^^^^^^^^^^^^^^^^^^^^^^^^^^^^^^^^^^^^^^^^^^^^^^^^^^^
  File "/usr/local/lib/python3.12/dist-packages/torch/distributed/launcher/api.py", line 268, in launch_agent
    result = agent.run()
             ^^^^^^^^^^^
  File "/usr/local/lib/python3.12/dist-packages/torch/distributed/elastic/metrics/api.py", line 138, in wrapper
    result = f(*args, **kwargs)
             ^^^^^^^^^^^^^^^^^^
  File "/usr/local/lib/python3.12/dist-packages/torch/distributed/elastic/agent/server/api.py", line 715, in run
    result = self._invoke_run(role)
             ^^^^^^^^^^^^^^^^^^^^^^
  File "/usr/local/lib/python3.12/dist-packages/torch/distributed/elastic/agent/server/api.py", line 879, in _invoke_run
    time.sleep(monitor_interval)
  File "/usr/local/lib/python3.12/dist-packages/torch/distributed/elastic/multiprocessing/api.py", line 84, in _terminate_process_handler
    raise SignalException(f"Process {os.getpid()} got signal: {sigval}", sigval=sigval)
torch.distributed.elastic.multiprocessing.api.SignalException: Process 108530 got signal: 15
