/workspace/modded-nanogpt/exp/b_mom98.py:27: SyntaxWarning: invalid escape sequence '\s'
  """
using device: cuda:0
Training DataLoader: total number of tokens: 2600000000 across 26 files
Validation DataLoader: total number of tokens: 100000000 across 1 files
training time budget: 300.0s (5.0 single-GPU min / 1 GPUs)
step:1/5100 train_loss:14.6014 train_time:46239ms step_avg:nanms
step:2/5100 train_loss:8.8238 train_time:73769ms step_avg:nanms
step:3/5100 train_loss:8.5984 train_time:73906ms step_avg:nanms
step:4/5100 train_loss:8.1382 train_time:74046ms step_avg:nanms
step:5/5100 train_loss:7.7935 train_time:74188ms step_avg:nanms
step:6/5100 train_loss:7.4718 train_time:74328ms step_avg:nanms
step:7/5100 train_loss:7.2739 train_time:74468ms step_avg:nanms
step:8/5100 train_loss:7.1046 train_time:74606ms step_avg:nanms
step:9/5100 train_loss:7.1352 train_time:74752ms step_avg:nanms
step:10/5100 train_loss:7.1074 train_time:74904ms step_avg:nanms
step:11/5100 train_loss:6.8454 train_time:135ms step_avg:nanms
step:12/5100 train_loss:6.8678 train_time:278ms step_avg:nanms
step:13/5100 train_loss:6.8686 train_time:422ms step_avg:140.55ms
step:14/5100 train_loss:6.6281 train_time:564ms step_avg:140.89ms
step:15/5100 train_loss:6.6862 train_time:705ms step_avg:141.02ms
step:16/5100 train_loss:6.5234 train_time:848ms step_avg:141.37ms
step:17/5100 train_loss:6.8052 train_time:990ms step_avg:141.50ms
step:18/5100 train_loss:6.6820 train_time:1134ms step_avg:141.76ms
step:19/5100 train_loss:6.6407 train_time:1276ms step_avg:141.81ms
step:20/5100 train_loss:6.4665 train_time:1421ms step_avg:142.11ms
step:21/5100 train_loss:6.4995 train_time:1567ms step_avg:142.43ms
step:22/5100 train_loss:6.4162 train_time:1710ms step_avg:142.46ms
step:23/5100 train_loss:6.3666 train_time:1849ms step_avg:142.23ms
step:24/5100 train_loss:6.3463 train_time:1991ms step_avg:142.22ms
step:25/5100 train_loss:6.5024 train_time:2130ms step_avg:142.03ms
step:26/5100 train_loss:6.5224 train_time:2277ms step_avg:142.33ms
step:27/5100 train_loss:6.4993 train_time:2417ms step_avg:142.17ms
step:28/5100 train_loss:6.4271 train_time:2564ms step_avg:142.43ms
step:29/5100 train_loss:6.3571 train_time:2706ms step_avg:142.44ms
step:30/5100 train_loss:6.3824 train_time:2845ms step_avg:142.25ms
step:31/5100 train_loss:6.2524 train_time:2984ms step_avg:142.12ms
step:32/5100 train_loss:6.1618 train_time:3127ms step_avg:142.13ms
step:33/5100 train_loss:6.3002 train_time:3268ms step_avg:142.08ms
step:34/5100 train_loss:6.3003 train_time:3409ms step_avg:142.04ms
step:35/5100 train_loss:6.3456 train_time:3552ms step_avg:142.10ms
step:36/5100 train_loss:6.3274 train_time:3694ms step_avg:142.08ms
step:37/5100 train_loss:6.4237 train_time:3837ms step_avg:142.12ms
step:38/5100 train_loss:6.1806 train_time:3981ms step_avg:142.19ms
step:39/5100 train_loss:6.1487 train_time:4122ms step_avg:142.13ms
step:40/5100 train_loss:6.1901 train_time:4266ms step_avg:142.19ms
step:41/5100 train_loss:6.1620 train_time:4407ms step_avg:142.15ms
step:42/5100 train_loss:6.1823 train_time:4549ms step_avg:142.15ms
step:43/5100 train_loss:6.1392 train_time:4689ms step_avg:142.08ms
step:44/5100 train_loss:6.1591 train_time:4830ms step_avg:142.05ms
step:45/5100 train_loss:6.1495 train_time:4972ms step_avg:142.06ms
step:46/5100 train_loss:6.1038 train_time:5116ms step_avg:142.10ms
step:47/5100 train_loss:6.0907 train_time:5261ms step_avg:142.20ms
step:48/5100 train_loss:6.1653 train_time:5403ms step_avg:142.19ms
step:49/5100 train_loss:6.0754 train_time:5548ms step_avg:142.26ms
step:50/5100 train_loss:6.0573 train_time:5686ms step_avg:142.14ms
step:51/5100 train_loss:6.1403 train_time:5825ms step_avg:142.07ms
step:52/5100 train_loss:5.9978 train_time:5969ms step_avg:142.11ms
step:53/5100 train_loss:6.0583 train_time:6110ms step_avg:142.10ms
step:54/5100 train_loss:6.0124 train_time:6255ms step_avg:142.15ms
step:55/5100 train_loss:5.9635 train_time:6399ms step_avg:142.21ms
step:56/5100 train_loss:5.8792 train_time:6543ms step_avg:142.24ms
step:57/5100 train_loss:5.9745 train_time:6687ms step_avg:142.27ms
step:58/5100 train_loss:5.9723 train_time:6824ms step_avg:142.17ms
step:59/5100 train_loss:5.9644 train_time:6966ms step_avg:142.16ms
step:60/5100 train_loss:5.9369 train_time:7112ms step_avg:142.23ms
step:61/5100 train_loss:6.0091 train_time:7256ms step_avg:142.28ms
step:62/5100 train_loss:5.9526 train_time:7399ms step_avg:142.30ms
step:63/5100 train_loss:5.8101 train_time:7541ms step_avg:142.29ms
step:64/5100 train_loss:5.7956 train_time:7684ms step_avg:142.30ms
step:65/5100 train_loss:5.9285 train_time:7824ms step_avg:142.26ms
step:66/5100 train_loss:5.9130 train_time:7968ms step_avg:142.28ms
step:67/5100 train_loss:5.7878 train_time:8109ms step_avg:142.26ms
step:68/5100 train_loss:5.9188 train_time:8253ms step_avg:142.30ms
step:69/5100 train_loss:5.8811 train_time:8396ms step_avg:142.31ms
step:70/5100 train_loss:5.8069 train_time:8534ms step_avg:142.23ms
step:71/5100 train_loss:5.9454 train_time:8676ms step_avg:142.24ms
step:72/5100 train_loss:6.0319 train_time:8821ms step_avg:142.27ms
step:73/5100 train_loss:5.8777 train_time:8965ms step_avg:142.30ms
step:74/5100 train_loss:5.8637 train_time:9107ms step_avg:142.30ms
step:75/5100 train_loss:6.0947 train_time:9250ms step_avg:142.31ms
step:76/5100 train_loss:5.8467 train_time:9391ms step_avg:142.28ms
step:77/5100 train_loss:5.8078 train_time:9531ms step_avg:142.26ms
step:78/5100 train_loss:5.5817 train_time:9676ms step_avg:142.29ms
step:79/5100 train_loss:5.7722 train_time:9819ms step_avg:142.31ms
step:80/5100 train_loss:5.8172 train_time:9964ms step_avg:142.34ms
step:81/5100 train_loss:5.7704 train_time:10104ms step_avg:142.31ms
step:82/5100 train_loss:5.8008 train_time:10247ms step_avg:142.32ms
step:83/5100 train_loss:5.6610 train_time:10388ms step_avg:142.30ms
step:84/5100 train_loss:5.7694 train_time:10531ms step_avg:142.31ms
step:85/5100 train_loss:5.8247 train_time:10674ms step_avg:142.32ms
step:86/5100 train_loss:5.9328 train_time:10816ms step_avg:142.32ms
step:87/5100 train_loss:5.8384 train_time:10959ms step_avg:142.33ms
step:88/5100 train_loss:5.6061 train_time:11106ms step_avg:142.38ms
step:89/5100 train_loss:5.7517 train_time:11248ms step_avg:142.37ms
step:90/5100 train_loss:5.7487 train_time:11386ms step_avg:142.32ms
step:91/5100 train_loss:5.6634 train_time:11529ms step_avg:142.33ms
step:92/5100 train_loss:5.6886 train_time:11671ms step_avg:142.32ms
step:93/5100 train_loss:5.4678 train_time:11810ms step_avg:142.28ms
step:94/5100 train_loss:5.7637 train_time:11953ms step_avg:142.30ms
step:95/5100 train_loss:5.6403 train_time:12096ms step_avg:142.30ms
step:96/5100 train_loss:5.6747 train_time:12238ms step_avg:142.31ms
step:97/5100 train_loss:5.6112 train_time:12385ms step_avg:142.36ms
step:98/5100 train_loss:5.6061 train_time:12528ms step_avg:142.37ms
step:99/5100 train_loss:5.5239 train_time:12671ms step_avg:142.37ms
step:100/5100 train_loss:5.5084 train_time:12814ms step_avg:142.38ms
step:101/5100 train_loss:5.6728 train_time:12958ms step_avg:142.40ms
step:102/5100 train_loss:5.6596 train_time:13107ms step_avg:142.46ms
step:103/5100 train_loss:5.5755 train_time:13251ms step_avg:142.49ms
step:104/5100 train_loss:5.5219 train_time:13394ms step_avg:142.48ms
step:105/5100 train_loss:5.6395 train_time:13533ms step_avg:142.46ms
step:106/5100 train_loss:5.5533 train_time:13672ms step_avg:142.41ms
step:107/5100 train_loss:5.6370 train_time:13811ms step_avg:142.39ms
step:108/5100 train_loss:5.5333 train_time:13954ms step_avg:142.39ms
step:109/5100 train_loss:5.5818 train_time:14093ms step_avg:142.36ms
step:110/5100 train_loss:5.4096 train_time:14236ms step_avg:142.36ms
step:111/5100 train_loss:5.3754 train_time:14379ms step_avg:142.37ms
step:112/5100 train_loss:5.5465 train_time:14519ms step_avg:142.35ms
step:113/5100 train_loss:5.4918 train_time:14663ms step_avg:142.36ms
step:114/5100 train_loss:5.5226 train_time:14804ms step_avg:142.35ms
step:115/5100 train_loss:5.5703 train_time:14944ms step_avg:142.33ms
step:116/5100 train_loss:5.6331 train_time:15085ms step_avg:142.31ms
step:117/5100 train_loss:5.4625 train_time:15221ms step_avg:142.25ms
step:118/5100 train_loss:5.3825 train_time:15366ms step_avg:142.28ms
step:119/5100 train_loss:5.4200 train_time:15511ms step_avg:142.30ms
step:120/5100 train_loss:5.5573 train_time:15663ms step_avg:142.39ms
step:121/5100 train_loss:5.4433 train_time:15807ms step_avg:142.41ms
step:122/5100 train_loss:5.4404 train_time:15946ms step_avg:142.38ms
step:123/5100 train_loss:5.4179 train_time:16086ms step_avg:142.36ms
step:124/5100 train_loss:5.7566 train_time:16225ms step_avg:142.33ms
step:125/5100 train_loss:5.3824 train_time:16369ms step_avg:142.34ms
step:126/5100 train_loss:5.2363 train_time:16511ms step_avg:142.34ms
step:127/5100 train_loss:5.3749 train_time:16653ms step_avg:142.34ms
step:128/5100 train_loss:5.4205 train_time:16790ms step_avg:142.29ms
step:129/5100 train_loss:5.4886 train_time:16934ms step_avg:142.30ms
step:130/5100 train_loss:5.4574 train_time:17077ms step_avg:142.31ms
step:131/5100 train_loss:5.3643 train_time:17222ms step_avg:142.33ms
step:132/5100 train_loss:5.3546 train_time:17367ms step_avg:142.35ms
step:133/5100 train_loss:5.3936 train_time:17506ms step_avg:142.33ms
step:134/5100 train_loss:5.3984 train_time:17647ms step_avg:142.31ms
step:135/5100 train_loss:5.3573 train_time:17788ms step_avg:142.31ms
step:136/5100 train_loss:5.4049 train_time:17932ms step_avg:142.32ms
step:137/5100 train_loss:5.3758 train_time:18075ms step_avg:142.32ms
step:138/5100 train_loss:5.5335 train_time:18219ms step_avg:142.33ms
step:139/5100 train_loss:5.4358 train_time:18363ms step_avg:142.35ms
step:140/5100 train_loss:5.5048 train_time:18507ms step_avg:142.36ms
step:141/5100 train_loss:5.2819 train_time:18649ms step_avg:142.36ms
step:142/5100 train_loss:5.3903 train_time:18788ms step_avg:142.34ms
step:143/5100 train_loss:5.2436 train_time:18931ms step_avg:142.34ms
step:144/5100 train_loss:5.3906 train_time:19074ms step_avg:142.34ms
step:145/5100 train_loss:5.3384 train_time:19215ms step_avg:142.33ms
step:146/5100 train_loss:5.4792 train_time:19355ms step_avg:142.32ms
step:147/5100 train_loss:5.4956 train_time:19498ms step_avg:142.32ms
step:148/5100 train_loss:5.3453 train_time:19647ms step_avg:142.37ms
step:149/5100 train_loss:5.1724 train_time:19789ms step_avg:142.37ms
step:150/5100 train_loss:5.2811 train_time:19930ms step_avg:142.36ms
step:151/5100 train_loss:5.2538 train_time:20071ms step_avg:142.34ms
step:152/5100 train_loss:5.3353 train_time:20213ms step_avg:142.35ms
step:153/5100 train_loss:5.4259 train_time:20358ms step_avg:142.36ms
step:154/5100 train_loss:5.3050 train_time:20502ms step_avg:142.37ms
step:155/5100 train_loss:5.2284 train_time:20651ms step_avg:142.42ms
step:156/5100 train_loss:5.3860 train_time:20789ms step_avg:142.39ms
step:157/5100 train_loss:5.4558 train_time:20932ms step_avg:142.40ms
step:158/5100 train_loss:5.2340 train_time:21071ms step_avg:142.37ms
step:159/5100 train_loss:5.1937 train_time:21215ms step_avg:142.38ms
step:160/5100 train_loss:5.2328 train_time:21357ms step_avg:142.38ms
step:161/5100 train_loss:5.3328 train_time:21497ms step_avg:142.36ms
step:162/5100 train_loss:5.2479 train_time:21641ms step_avg:142.37ms
step:163/5100 train_loss:5.2788 train_time:21785ms step_avg:142.38ms
step:164/5100 train_loss:5.3518 train_time:21928ms step_avg:142.39ms
step:165/5100 train_loss:5.2776 train_time:22066ms step_avg:142.36ms
step:166/5100 train_loss:5.1676 train_time:22208ms step_avg:142.36ms
step:167/5100 train_loss:5.2039 train_time:22352ms step_avg:142.37ms
step:168/5100 train_loss:5.2565 train_time:22490ms step_avg:142.34ms
step:169/5100 train_loss:5.2931 train_time:22630ms step_avg:142.33ms
step:170/5100 train_loss:5.2989 train_time:22771ms step_avg:142.32ms
step:171/5100 train_loss:5.4883 train_time:22915ms step_avg:142.33ms
step:172/5100 train_loss:5.1822 train_time:23060ms step_avg:142.35ms
step:173/5100 train_loss:5.2343 train_time:23202ms step_avg:142.34ms
step:174/5100 train_loss:5.2342 train_time:23345ms step_avg:142.35ms
step:175/5100 train_loss:5.1990 train_time:23483ms step_avg:142.32ms
step:176/5100 train_loss:5.2139 train_time:23623ms step_avg:142.31ms
step:177/5100 train_loss:5.1515 train_time:23766ms step_avg:142.31ms
step:178/5100 train_loss:5.2857 train_time:23915ms step_avg:142.35ms
step:179/5100 train_loss:5.2298 train_time:24059ms step_avg:142.36ms
step:180/5100 train_loss:5.1255 train_time:24204ms step_avg:142.38ms
step:181/5100 train_loss:5.1191 train_time:24349ms step_avg:142.39ms
step:182/5100 train_loss:5.2054 train_time:24490ms step_avg:142.39ms
step:183/5100 train_loss:5.2351 train_time:24635ms step_avg:142.40ms
step:184/5100 train_loss:5.2015 train_time:24779ms step_avg:142.41ms
step:185/5100 train_loss:5.2280 train_time:24918ms step_avg:142.39ms
step:186/5100 train_loss:5.1257 train_time:25066ms step_avg:142.42ms
step:187/5100 train_loss:5.2047 train_time:25206ms step_avg:142.40ms
step:188/5100 train_loss:5.1745 train_time:25350ms step_avg:142.42ms
step:189/5100 train_loss:5.2425 train_time:25495ms step_avg:142.43ms
step:190/5100 train_loss:5.2263 train_time:25642ms step_avg:142.46ms
step:191/5100 train_loss:5.2406 train_time:25783ms step_avg:142.45ms
step:192/5100 train_loss:5.2372 train_time:25927ms step_avg:142.45ms
step:193/5100 train_loss:5.1337 train_time:26071ms step_avg:142.47ms
step:194/5100 train_loss:5.1585 train_time:26210ms step_avg:142.45ms
step:195/5100 train_loss:5.1983 train_time:26354ms step_avg:142.46ms
step:196/5100 train_loss:5.1350 train_time:26499ms step_avg:142.47ms
step:197/5100 train_loss:5.0889 train_time:26643ms step_avg:142.48ms
step:198/5100 train_loss:5.2133 train_time:26790ms step_avg:142.50ms
step:199/5100 train_loss:5.1987 train_time:26929ms step_avg:142.48ms
step:200/5100 train_loss:5.1362 train_time:27074ms step_avg:142.49ms
step:201/5100 train_loss:5.1334 train_time:27215ms step_avg:142.49ms
step:202/5100 train_loss:5.2338 train_time:27360ms step_avg:142.50ms
step:203/5100 train_loss:4.9866 train_time:27506ms step_avg:142.52ms
step:204/5100 train_loss:5.0648 train_time:27648ms step_avg:142.52ms
step:205/5100 train_loss:5.0851 train_time:27790ms step_avg:142.51ms
step:206/5100 train_loss:5.1366 train_time:27933ms step_avg:142.51ms
step:207/5100 train_loss:5.1729 train_time:28075ms step_avg:142.51ms
step:208/5100 train_loss:5.3082 train_time:28215ms step_avg:142.50ms
step:209/5100 train_loss:5.1327 train_time:28361ms step_avg:142.52ms
step:210/5100 train_loss:5.1702 train_time:28504ms step_avg:142.52ms
step:211/5100 train_loss:5.1501 train_time:28647ms step_avg:142.52ms
step:212/5100 train_loss:5.0904 train_time:28788ms step_avg:142.51ms
step:213/5100 train_loss:5.1356 train_time:28928ms step_avg:142.50ms
step:214/5100 train_loss:5.1075 train_time:29071ms step_avg:142.50ms
step:215/5100 train_loss:5.1605 train_time:29210ms step_avg:142.49ms
step:216/5100 train_loss:5.1857 train_time:29355ms step_avg:142.50ms
step:217/5100 train_loss:5.0868 train_time:29497ms step_avg:142.50ms
step:218/5100 train_loss:5.2497 train_time:29635ms step_avg:142.48ms
step:219/5100 train_loss:5.0379 train_time:29777ms step_avg:142.48ms
step:220/5100 train_loss:5.0933 train_time:29918ms step_avg:142.47ms
step:221/5100 train_loss:5.0365 train_time:30061ms step_avg:142.47ms
step:222/5100 train_loss:5.1155 train_time:30202ms step_avg:142.46ms
step:223/5100 train_loss:5.1092 train_time:30345ms step_avg:142.47ms
step:224/5100 train_loss:5.0490 train_time:30492ms step_avg:142.49ms
step:225/5100 train_loss:5.0915 train_time:30636ms step_avg:142.49ms
step:226/5100 train_loss:4.9647 train_time:30779ms step_avg:142.50ms
step:227/5100 train_loss:5.0838 train_time:30922ms step_avg:142.50ms
step:228/5100 train_loss:5.0188 train_time:31065ms step_avg:142.50ms
step:229/5100 train_loss:5.1590 train_time:31209ms step_avg:142.51ms
step:230/5100 train_loss:5.0687 train_time:31355ms step_avg:142.52ms
step:231/5100 train_loss:5.1363 train_time:31496ms step_avg:142.52ms
step:232/5100 train_loss:5.1744 train_time:31639ms step_avg:142.52ms
step:233/5100 train_loss:4.9236 train_time:31781ms step_avg:142.52ms
step:234/5100 train_loss:5.0575 train_time:31924ms step_avg:142.52ms
step:235/5100 train_loss:5.0160 train_time:32067ms step_avg:142.52ms
step:236/5100 train_loss:5.0005 train_time:32209ms step_avg:142.52ms
step:237/5100 train_loss:5.0513 train_time:32355ms step_avg:142.53ms
step:238/5100 train_loss:5.1296 train_time:32496ms step_avg:142.53ms
step:239/5100 train_loss:5.0788 train_time:32639ms step_avg:142.53ms
step:240/5100 train_loss:5.0343 train_time:32781ms step_avg:142.53ms
step:241/5100 train_loss:4.9590 train_time:32923ms step_avg:142.52ms
step:242/5100 train_loss:4.9517 train_time:33067ms step_avg:142.53ms
step:243/5100 train_loss:5.0141 train_time:33207ms step_avg:142.52ms
step:244/5100 train_loss:5.1512 train_time:33348ms step_avg:142.51ms
step:245/5100 train_loss:5.0034 train_time:33491ms step_avg:142.52ms
step:246/5100 train_loss:5.0464 train_time:33633ms step_avg:142.51ms
step:247/5100 train_loss:4.9811 train_time:33774ms step_avg:142.51ms
step:248/5100 train_loss:4.9971 train_time:33915ms step_avg:142.50ms
step:249/5100 train_loss:5.1343 train_time:34061ms step_avg:142.52ms
step:250/5100 train_loss:4.9203 train_time:34204ms step_avg:142.52ms
step:251/5100 train_loss:5.0194 train_time:34348ms step_avg:142.52ms
step:252/5100 train_loss:5.0809 train_time:34488ms step_avg:142.51ms
step:253/5100 train_loss:4.9601 train_time:34628ms step_avg:142.50ms
step:254/5100 train_loss:4.8870 train_time:34769ms step_avg:142.50ms
step:255/5100 train_loss:4.9222 train_time:34909ms step_avg:142.49ms
step:256/5100 train_loss:5.0985 train_time:35052ms step_avg:142.49ms
step:257/5100 train_loss:5.1377 train_time:35201ms step_avg:142.51ms
step:258/5100 train_loss:4.8990 train_time:35345ms step_avg:142.52ms
step:259/5100 train_loss:5.0465 train_time:35489ms step_avg:142.53ms
step:260/5100 train_loss:4.8668 train_time:35629ms step_avg:142.52ms
step:261/5100 train_loss:5.0655 train_time:35771ms step_avg:142.51ms
step:262/5100 train_loss:5.0345 train_time:35911ms step_avg:142.50ms
step:263/5100 train_loss:4.9744 train_time:36055ms step_avg:142.51ms
step:264/5100 train_loss:4.9308 train_time:36203ms step_avg:142.53ms
step:265/5100 train_loss:5.1446 train_time:36346ms step_avg:142.53ms
step:266/5100 train_loss:4.9194 train_time:36493ms step_avg:142.55ms
step:267/5100 train_loss:4.9699 train_time:36629ms step_avg:142.53ms
step:268/5100 train_loss:4.9432 train_time:36774ms step_avg:142.53ms
step:269/5100 train_loss:5.0822 train_time:36915ms step_avg:142.53ms
step:270/5100 train_loss:5.1146 train_time:37057ms step_avg:142.53ms
step:271/5100 train_loss:5.0733 train_time:37200ms step_avg:142.53ms
step:272/5100 train_loss:5.0317 train_time:37345ms step_avg:142.54ms
step:273/5100 train_loss:5.1196 train_time:37490ms step_avg:142.55ms
step:274/5100 train_loss:4.8627 train_time:37634ms step_avg:142.55ms
step:275/5100 train_loss:4.9563 train_time:37776ms step_avg:142.55ms
step:276/5100 train_loss:5.0578 train_time:37920ms step_avg:142.56ms
step:277/5100 train_loss:4.9811 train_time:38064ms step_avg:142.56ms
step:278/5100 train_loss:4.9381 train_time:38205ms step_avg:142.56ms
step:279/5100 train_loss:4.9892 train_time:38350ms step_avg:142.57ms
step:280/5100 train_loss:5.0033 train_time:38490ms step_avg:142.56ms
step:281/5100 train_loss:4.9558 train_time:38631ms step_avg:142.55ms
step:282/5100 train_loss:4.9652 train_time:38770ms step_avg:142.54ms
step:283/5100 train_loss:4.8468 train_time:38915ms step_avg:142.55ms
step:284/5100 train_loss:4.9997 train_time:39063ms step_avg:142.57ms
step:285/5100 train_loss:4.9987 train_time:39204ms step_avg:142.56ms
step:286/5100 train_loss:4.9539 train_time:39349ms step_avg:142.57ms
step:287/5100 train_loss:5.0103 train_time:39490ms step_avg:142.56ms
step:288/5100 train_loss:4.9556 train_time:39632ms step_avg:142.56ms
step:289/5100 train_loss:4.9556 train_time:39774ms step_avg:142.56ms
step:290/5100 train_loss:4.8429 train_time:39921ms step_avg:142.57ms
step:291/5100 train_loss:5.0282 train_time:40066ms step_avg:142.58ms
step:292/5100 train_loss:4.8965 train_time:40208ms step_avg:142.58ms
step:293/5100 train_loss:4.9987 train_time:40354ms step_avg:142.59ms
step:294/5100 train_loss:4.9625 train_time:40498ms step_avg:142.60ms
step:295/5100 train_loss:4.8988 train_time:40637ms step_avg:142.59ms
step:296/5100 train_loss:4.9959 train_time:40780ms step_avg:142.59ms
step:297/5100 train_loss:5.0474 train_time:40924ms step_avg:142.59ms
step:298/5100 train_loss:4.9711 train_time:41069ms step_avg:142.60ms
step:299/5100 train_loss:4.9130 train_time:41215ms step_avg:142.61ms
step:300/5100 train_loss:4.8323 train_time:41356ms step_avg:142.61ms
step:301/5100 train_loss:4.9905 train_time:41501ms step_avg:142.62ms
step:302/5100 train_loss:4.9535 train_time:41645ms step_avg:142.62ms
step:303/5100 train_loss:4.8673 train_time:41791ms step_avg:142.63ms
step:304/5100 train_loss:4.7966 train_time:41932ms step_avg:142.63ms
step:305/5100 train_loss:4.9673 train_time:42077ms step_avg:142.63ms
step:306/5100 train_loss:5.1330 train_time:42220ms step_avg:142.63ms
step:307/5100 train_loss:4.8820 train_time:42366ms step_avg:142.65ms
step:308/5100 train_loss:4.9753 train_time:42510ms step_avg:142.65ms
step:309/5100 train_loss:4.9199 train_time:42657ms step_avg:142.66ms
step:310/5100 train_loss:5.0856 train_time:42797ms step_avg:142.66ms
step:311/5100 train_loss:4.9218 train_time:42944ms step_avg:142.67ms
step:312/5100 train_loss:4.8636 train_time:43087ms step_avg:142.67ms
step:313/5100 train_loss:5.0270 train_time:43233ms step_avg:142.68ms
step:314/5100 train_loss:4.7928 train_time:43374ms step_avg:142.68ms
step:315/5100 train_loss:4.9452 train_time:43517ms step_avg:142.68ms
step:316/5100 train_loss:4.5648 train_time:43664ms step_avg:142.69ms
step:317/5100 train_loss:4.8374 train_time:43805ms step_avg:142.69ms
step:318/5100 train_loss:4.9327 train_time:43950ms step_avg:142.70ms
step:319/5100 train_loss:4.8276 train_time:44093ms step_avg:142.70ms
step:320/5100 train_loss:4.8783 train_time:44236ms step_avg:142.70ms
step:321/5100 train_loss:4.9224 train_time:44379ms step_avg:142.70ms
step:322/5100 train_loss:4.8455 train_time:44524ms step_avg:142.71ms
step:323/5100 train_loss:4.7968 train_time:44667ms step_avg:142.71ms
step:324/5100 train_loss:4.8882 train_time:44805ms step_avg:142.69ms
step:325/5100 train_loss:4.8528 train_time:44949ms step_avg:142.70ms
step:326/5100 train_loss:4.9381 train_time:45093ms step_avg:142.70ms
step:327/5100 train_loss:4.9341 train_time:45236ms step_avg:142.70ms
step:328/5100 train_loss:4.9281 train_time:45380ms step_avg:142.70ms
step:329/5100 train_loss:5.3637 train_time:45519ms step_avg:142.69ms
step:330/5100 train_loss:4.9342 train_time:45665ms step_avg:142.70ms
step:331/5100 train_loss:4.8800 train_time:45808ms step_avg:142.71ms
step:332/5100 train_loss:4.8685 train_time:45952ms step_avg:142.71ms
step:333/5100 train_loss:4.9009 train_time:46089ms step_avg:142.69ms
step:334/5100 train_loss:4.8328 train_time:46231ms step_avg:142.69ms
step:335/5100 train_loss:4.8047 train_time:46373ms step_avg:142.69ms
step:336/5100 train_loss:4.9914 train_time:46516ms step_avg:142.69ms
step:337/5100 train_loss:4.8616 train_time:46656ms step_avg:142.68ms
step:338/5100 train_loss:4.8148 train_time:46797ms step_avg:142.67ms
step:339/5100 train_loss:4.8408 train_time:46942ms step_avg:142.68ms
step:340/5100 train_loss:4.8046 train_time:47084ms step_avg:142.68ms
step:341/5100 train_loss:4.8747 train_time:47228ms step_avg:142.68ms
step:342/5100 train_loss:4.8856 train_time:47372ms step_avg:142.69ms
step:343/5100 train_loss:4.8204 train_time:47516ms step_avg:142.69ms
step:344/5100 train_loss:4.9744 train_time:47662ms step_avg:142.70ms
step:345/5100 train_loss:4.8473 train_time:47805ms step_avg:142.70ms
step:346/5100 train_loss:4.8404 train_time:47949ms step_avg:142.71ms
step:347/5100 train_loss:4.7989 train_time:48099ms step_avg:142.73ms
step:348/5100 train_loss:4.8927 train_time:48242ms step_avg:142.73ms
step:349/5100 train_loss:4.9180 train_time:48384ms step_avg:142.72ms
step:350/5100 train_loss:4.8430 train_time:48524ms step_avg:142.72ms
step:351/5100 train_loss:4.8531 train_time:48666ms step_avg:142.72ms
step:352/5100 train_loss:4.7137 train_time:48808ms step_avg:142.71ms
step:353/5100 train_loss:5.0247 train_time:48954ms step_avg:142.72ms
step:354/5100 train_loss:4.8107 train_time:49097ms step_avg:142.72ms
step:355/5100 train_loss:4.8681 train_time:49241ms step_avg:142.73ms
step:356/5100 train_loss:4.9818 train_time:49382ms step_avg:142.72ms
step:357/5100 train_loss:4.7301 train_time:49523ms step_avg:142.72ms
step:358/5100 train_loss:4.7940 train_time:49670ms step_avg:142.73ms
step:359/5100 train_loss:4.8720 train_time:49817ms step_avg:142.74ms
step:360/5100 train_loss:4.6870 train_time:49964ms step_avg:142.76ms
step:361/5100 train_loss:4.7953 train_time:50106ms step_avg:142.75ms
step:362/5100 train_loss:4.7876 train_time:50250ms step_avg:142.76ms
step:363/5100 train_loss:4.7824 train_time:50390ms step_avg:142.75ms
step:364/5100 train_loss:4.8318 train_time:50534ms step_avg:142.75ms
step:365/5100 train_loss:4.8924 train_time:50676ms step_avg:142.75ms
step:366/5100 train_loss:4.8317 train_time:50817ms step_avg:142.74ms
step:367/5100 train_loss:4.7825 train_time:50963ms step_avg:142.75ms
step:368/5100 train_loss:4.7831 train_time:51104ms step_avg:142.75ms
step:369/5100 train_loss:4.8299 train_time:51249ms step_avg:142.75ms
step:370/5100 train_loss:4.7374 train_time:51391ms step_avg:142.75ms
step:371/5100 train_loss:4.7540 train_time:51535ms step_avg:142.76ms
step:372/5100 train_loss:4.8675 train_time:51680ms step_avg:142.76ms
step:373/5100 train_loss:4.7717 train_time:51821ms step_avg:142.76ms
step:374/5100 train_loss:4.7784 train_time:51967ms step_avg:142.77ms
step:375/5100 train_loss:4.7447 train_time:52109ms step_avg:142.76ms
step:376/5100 train_loss:4.9070 train_time:52252ms step_avg:142.76ms
step:377/5100 train_loss:4.8192 train_time:52390ms step_avg:142.75ms
step:378/5100 train_loss:4.7675 train_time:52530ms step_avg:142.75ms
step:379/5100 train_loss:4.8438 train_time:52673ms step_avg:142.75ms
step:380/5100 train_loss:4.7051 train_time:52814ms step_avg:142.74ms
step:381/5100 train_loss:4.8296 train_time:52956ms step_avg:142.74ms
step:382/5100 train_loss:4.6181 train_time:53096ms step_avg:142.73ms
step:383/5100 train_loss:4.7842 train_time:53240ms step_avg:142.74ms
step:384/5100 train_loss:4.7337 train_time:53383ms step_avg:142.73ms
step:385/5100 train_loss:4.7197 train_time:53524ms step_avg:142.73ms
step:386/5100 train_loss:4.7901 train_time:53669ms step_avg:142.74ms
step:387/5100 train_loss:4.7147 train_time:53810ms step_avg:142.73ms
step:388/5100 train_loss:4.8886 train_time:53956ms step_avg:142.74ms
step:389/5100 train_loss:4.8732 train_time:54100ms step_avg:142.74ms
step:390/5100 train_loss:4.8004 train_time:54243ms step_avg:142.75ms
step:391/5100 train_loss:4.8008 train_time:54383ms step_avg:142.74ms
step:392/5100 train_loss:4.7308 train_time:54524ms step_avg:142.73ms
step:393/5100 train_loss:4.7048 train_time:54667ms step_avg:142.73ms
step:394/5100 train_loss:4.8077 train_time:54807ms step_avg:142.73ms
step:395/5100 train_loss:4.6973 train_time:54950ms step_avg:142.73ms
step:396/5100 train_loss:4.7437 train_time:55095ms step_avg:142.73ms
step:397/5100 train_loss:4.7379 train_time:55235ms step_avg:142.73ms
step:398/5100 train_loss:4.7588 train_time:55379ms step_avg:142.73ms
step:399/5100 train_loss:4.7394 train_time:55522ms step_avg:142.73ms
step:400/5100 train_loss:4.6696 train_time:55665ms step_avg:142.73ms
step:401/5100 train_loss:4.6509 train_time:55807ms step_avg:142.73ms
step:402/5100 train_loss:4.7362 train_time:55950ms step_avg:142.73ms
step:403/5100 train_loss:4.5811 train_time:56093ms step_avg:142.73ms
step:404/5100 train_loss:4.5812 train_time:56236ms step_avg:142.73ms
step:405/5100 train_loss:4.8451 train_time:56380ms step_avg:142.73ms
step:406/5100 train_loss:4.7045 train_time:56519ms step_avg:142.72ms
step:407/5100 train_loss:4.7122 train_time:56660ms step_avg:142.72ms
step:408/5100 train_loss:4.6345 train_time:56801ms step_avg:142.72ms
step:409/5100 train_loss:4.7682 train_time:56944ms step_avg:142.72ms
step:410/5100 train_loss:4.7156 train_time:57085ms step_avg:142.71ms
step:411/5100 train_loss:4.7016 train_time:57233ms step_avg:142.73ms
step:412/5100 train_loss:4.6470 train_time:57378ms step_avg:142.73ms
step:413/5100 train_loss:4.7814 train_time:57524ms step_avg:142.74ms
step:414/5100 train_loss:4.6629 train_time:57668ms step_avg:142.74ms
step:415/5100 train_loss:5.2044 train_time:57809ms step_avg:142.74ms
step:416/5100 train_loss:4.6274 train_time:57951ms step_avg:142.74ms
step:417/5100 train_loss:4.6589 train_time:58092ms step_avg:142.73ms
step:418/5100 train_loss:4.7087 train_time:58235ms step_avg:142.73ms
step:419/5100 train_loss:4.7480 train_time:58378ms step_avg:142.73ms
step:420/5100 train_loss:4.7655 train_time:58521ms step_avg:142.73ms
step:421/5100 train_loss:4.6672 train_time:58664ms step_avg:142.74ms
step:422/5100 train_loss:4.7396 train_time:58807ms step_avg:142.74ms
step:423/5100 train_loss:4.6993 train_time:58946ms step_avg:142.73ms
step:424/5100 train_loss:4.7555 train_time:59088ms step_avg:142.72ms
step:425/5100 train_loss:4.7090 train_time:59231ms step_avg:142.72ms
step:426/5100 train_loss:4.6172 train_time:59373ms step_avg:142.72ms
step:427/5100 train_loss:4.8245 train_time:59516ms step_avg:142.73ms
step:428/5100 train_loss:4.7589 train_time:59664ms step_avg:142.74ms
step:429/5100 train_loss:4.6482 train_time:59806ms step_avg:142.73ms
step:430/5100 train_loss:4.6152 train_time:59948ms step_avg:142.73ms
step:431/5100 train_loss:4.5962 train_time:60091ms step_avg:142.73ms
step:431/5100 val_loss:4.6722 train_time:60102ms step_avg:142.76ms
step:432/5100 train_loss:4.5707 train_time:60242ms step_avg:142.75ms
step:433/5100 train_loss:4.7093 train_time:60386ms step_avg:142.76ms
step:434/5100 train_loss:4.6436 train_time:60532ms step_avg:142.76ms
step:435/5100 train_loss:4.6930 train_time:60674ms step_avg:142.76ms
step:436/5100 train_loss:4.7558 train_time:60818ms step_avg:142.76ms
step:437/5100 train_loss:4.6682 train_time:60959ms step_avg:142.76ms
step:438/5100 train_loss:4.7015 train_time:61102ms step_avg:142.76ms
step:439/5100 train_loss:4.6317 train_time:61245ms step_avg:142.76ms
step:440/5100 train_loss:4.7053 train_time:61385ms step_avg:142.76ms
step:441/5100 train_loss:4.8252 train_time:61528ms step_avg:142.76ms
step:442/5100 train_loss:4.5953 train_time:61669ms step_avg:142.75ms
step:443/5100 train_loss:4.6511 train_time:61810ms step_avg:142.75ms
step:444/5100 train_loss:4.6314 train_time:61953ms step_avg:142.75ms
step:445/5100 train_loss:4.5912 train_time:62092ms step_avg:142.74ms
step:446/5100 train_loss:4.6356 train_time:62233ms step_avg:142.74ms
step:447/5100 train_loss:4.6569 train_time:62371ms step_avg:142.73ms
step:448/5100 train_loss:4.7674 train_time:62512ms step_avg:142.72ms
step:449/5100 train_loss:4.6247 train_time:62655ms step_avg:142.72ms
step:450/5100 train_loss:4.6330 train_time:62798ms step_avg:142.72ms
step:451/5100 train_loss:4.7723 train_time:62942ms step_avg:142.73ms
step:452/5100 train_loss:4.5337 train_time:63084ms step_avg:142.72ms
step:453/5100 train_loss:4.8077 train_time:63229ms step_avg:142.73ms
step:454/5100 train_loss:4.5743 train_time:63373ms step_avg:142.73ms
step:455/5100 train_loss:4.6912 train_time:63517ms step_avg:142.74ms
step:456/5100 train_loss:4.6379 train_time:63662ms step_avg:142.74ms
step:457/5100 train_loss:4.6311 train_time:63801ms step_avg:142.73ms
step:458/5100 train_loss:4.5662 train_time:63948ms step_avg:142.74ms
step:459/5100 train_loss:4.7032 train_time:64089ms step_avg:142.74ms
step:460/5100 train_loss:4.5907 train_time:64237ms step_avg:142.75ms
step:461/5100 train_loss:4.7833 train_time:64377ms step_avg:142.74ms
step:462/5100 train_loss:4.6110 train_time:64521ms step_avg:142.75ms
step:463/5100 train_loss:4.6835 train_time:64665ms step_avg:142.75ms
step:464/5100 train_loss:4.6085 train_time:64808ms step_avg:142.75ms
step:465/5100 train_loss:4.6307 train_time:64952ms step_avg:142.75ms
step:466/5100 train_loss:4.5450 train_time:65093ms step_avg:142.75ms
step:467/5100 train_loss:4.6180 train_time:65235ms step_avg:142.75ms
step:468/5100 train_loss:4.5262 train_time:65374ms step_avg:142.74ms
step:469/5100 train_loss:4.6019 train_time:65515ms step_avg:142.73ms
step:470/5100 train_loss:4.6734 train_time:65656ms step_avg:142.73ms
step:471/5100 train_loss:4.6018 train_time:65799ms step_avg:142.73ms
step:472/5100 train_loss:4.6026 train_time:65946ms step_avg:142.74ms
step:473/5100 train_loss:4.5145 train_time:66089ms step_avg:142.74ms
step:474/5100 train_loss:4.5606 train_time:66235ms step_avg:142.75ms
step:475/5100 train_loss:4.5823 train_time:66379ms step_avg:142.75ms
step:476/5100 train_loss:4.5660 train_time:66524ms step_avg:142.76ms
step:477/5100 train_loss:4.5762 train_time:66667ms step_avg:142.76ms
step:478/5100 train_loss:4.4962 train_time:66808ms step_avg:142.75ms
step:479/5100 train_loss:4.5482 train_time:66952ms step_avg:142.75ms
step:480/5100 train_loss:4.5835 train_time:67096ms step_avg:142.76ms
step:481/5100 train_loss:4.5498 train_time:67242ms step_avg:142.77ms
step:482/5100 train_loss:4.4386 train_time:67383ms step_avg:142.76ms
step:483/5100 train_loss:4.5473 train_time:67528ms step_avg:142.77ms
step:484/5100 train_loss:4.5755 train_time:67668ms step_avg:142.76ms
step:485/5100 train_loss:4.6223 train_time:67812ms step_avg:142.76ms
step:486/5100 train_loss:4.5910 train_time:67956ms step_avg:142.76ms
step:487/5100 train_loss:4.5041 train_time:68099ms step_avg:142.76ms
step:488/5100 train_loss:4.4656 train_time:68243ms step_avg:142.77ms
step:489/5100 train_loss:4.3871 train_time:68382ms step_avg:142.76ms
step:490/5100 train_loss:4.4946 train_time:68526ms step_avg:142.76ms
step:491/5100 train_loss:4.5702 train_time:68664ms step_avg:142.75ms
step:492/5100 train_loss:4.5893 train_time:68804ms step_avg:142.75ms
step:493/5100 train_loss:4.4983 train_time:68946ms step_avg:142.74ms
step:494/5100 train_loss:4.6776 train_time:69088ms step_avg:142.74ms
step:495/5100 train_loss:4.4862 train_time:69231ms step_avg:142.74ms
step:496/5100 train_loss:4.4044 train_time:69370ms step_avg:142.74ms
step:497/5100 train_loss:4.5198 train_time:69513ms step_avg:142.74ms
step:498/5100 train_loss:4.5694 train_time:69659ms step_avg:142.74ms
step:499/5100 train_loss:4.5767 train_time:69799ms step_avg:142.74ms
step:500/5100 train_loss:4.4724 train_time:69943ms step_avg:142.74ms
step:501/5100 train_loss:4.5512 train_time:70085ms step_avg:142.74ms
step:502/5100 train_loss:4.4978 train_time:70230ms step_avg:142.74ms
step:503/5100 train_loss:4.5546 train_time:70372ms step_avg:142.74ms
step:504/5100 train_loss:4.4499 train_time:70516ms step_avg:142.74ms
step:505/5100 train_loss:4.4955 train_time:70659ms step_avg:142.75ms
step:506/5100 train_loss:4.5507 train_time:70800ms step_avg:142.74ms
step:507/5100 train_loss:4.5523 train_time:70946ms step_avg:142.75ms
step:508/5100 train_loss:4.6557 train_time:71090ms step_avg:142.75ms
step:509/5100 train_loss:4.5834 train_time:71233ms step_avg:142.75ms
step:510/5100 train_loss:4.5052 train_time:71377ms step_avg:142.75ms
step:511/5100 train_loss:4.4084 train_time:71520ms step_avg:142.75ms
step:512/5100 train_loss:4.6078 train_time:71662ms step_avg:142.75ms
step:513/5100 train_loss:4.5351 train_time:71805ms step_avg:142.75ms
step:514/5100 train_loss:4.6692 train_time:71946ms step_avg:142.75ms
step:515/5100 train_loss:4.5851 train_time:72089ms step_avg:142.75ms
step:516/5100 train_loss:4.5648 train_time:72233ms step_avg:142.75ms
step:517/5100 train_loss:4.5030 train_time:72374ms step_avg:142.75ms
step:518/5100 train_loss:4.4444 train_time:72513ms step_avg:142.74ms
step:519/5100 train_loss:4.2689 train_time:72656ms step_avg:142.74ms
step:520/5100 train_loss:4.5371 train_time:72796ms step_avg:142.74ms
step:521/5100 train_loss:4.3967 train_time:72942ms step_avg:142.74ms
step:522/5100 train_loss:4.5217 train_time:73086ms step_avg:142.75ms
step:523/5100 train_loss:4.5103 train_time:73235ms step_avg:142.76ms
step:524/5100 train_loss:4.5563 train_time:73379ms step_avg:142.76ms
step:525/5100 train_loss:4.5022 train_time:73523ms step_avg:142.76ms
step:526/5100 train_loss:4.4741 train_time:73667ms step_avg:142.77ms
step:527/5100 train_loss:4.4183 train_time:73811ms step_avg:142.77ms
step:528/5100 train_loss:4.5035 train_time:73955ms step_avg:142.77ms
step:529/5100 train_loss:4.5457 train_time:74100ms step_avg:142.77ms
step:530/5100 train_loss:4.5502 train_time:74244ms step_avg:142.78ms
step:531/5100 train_loss:4.4560 train_time:74389ms step_avg:142.78ms
step:532/5100 train_loss:4.3932 train_time:74534ms step_avg:142.79ms
step:533/5100 train_loss:4.4569 train_time:74679ms step_avg:142.79ms
step:534/5100 train_loss:4.4819 train_time:74823ms step_avg:142.79ms
step:535/5100 train_loss:4.5021 train_time:74962ms step_avg:142.79ms
step:536/5100 train_loss:4.4709 train_time:75105ms step_avg:142.78ms
step:537/5100 train_loss:4.4161 train_time:75247ms step_avg:142.78ms
step:538/5100 train_loss:4.7080 train_time:75388ms step_avg:142.78ms
step:539/5100 train_loss:4.5028 train_time:75532ms step_avg:142.78ms
step:540/5100 train_loss:4.4320 train_time:75670ms step_avg:142.77ms
step:541/5100 train_loss:4.4114 train_time:75810ms step_avg:142.77ms
step:542/5100 train_loss:4.3493 train_time:75951ms step_avg:142.77ms
step:543/5100 train_loss:4.5433 train_time:76095ms step_avg:142.77ms
step:544/5100 train_loss:4.3764 train_time:76237ms step_avg:142.77ms
step:545/5100 train_loss:4.4972 train_time:76381ms step_avg:142.77ms
step:546/5100 train_loss:4.5578 train_time:76524ms step_avg:142.77ms
step:547/5100 train_loss:4.3904 train_time:76666ms step_avg:142.77ms
step:548/5100 train_loss:4.5154 train_time:76808ms step_avg:142.77ms
step:549/5100 train_loss:4.3857 train_time:76952ms step_avg:142.77ms
step:550/5100 train_loss:4.4667 train_time:77096ms step_avg:142.77ms
step:551/5100 train_loss:4.4356 train_time:77242ms step_avg:142.78ms
step:552/5100 train_loss:4.4675 train_time:77384ms step_avg:142.78ms
step:553/5100 train_loss:4.5898 train_time:77529ms step_avg:142.78ms
step:554/5100 train_loss:4.4553 train_time:77671ms step_avg:142.78ms
step:555/5100 train_loss:4.3600 train_time:77816ms step_avg:142.78ms
step:556/5100 train_loss:4.5127 train_time:77958ms step_avg:142.78ms
step:557/5100 train_loss:4.4872 train_time:78102ms step_avg:142.78ms
step:558/5100 train_loss:4.5472 train_time:78247ms step_avg:142.79ms
step:559/5100 train_loss:4.4130 train_time:78390ms step_avg:142.79ms
step:560/5100 train_loss:4.5494 train_time:78534ms step_avg:142.79ms
step:561/5100 train_loss:4.5099 train_time:78676ms step_avg:142.79ms
step:562/5100 train_loss:4.4422 train_time:78817ms step_avg:142.78ms
step:563/5100 train_loss:4.2536 train_time:78958ms step_avg:142.78ms
step:564/5100 train_loss:4.4613 train_time:79099ms step_avg:142.78ms
step:565/5100 train_loss:4.4811 train_time:79248ms step_avg:142.79ms
step:566/5100 train_loss:4.4207 train_time:79396ms step_avg:142.80ms
step:567/5100 train_loss:4.6438 train_time:79541ms step_avg:142.80ms
step:568/5100 train_loss:4.5930 train_time:79684ms step_avg:142.80ms
step:569/5100 train_loss:4.4575 train_time:79829ms step_avg:142.81ms
step:570/5100 train_loss:4.4105 train_time:79971ms step_avg:142.80ms
step:571/5100 train_loss:4.3911 train_time:80113ms step_avg:142.80ms
step:572/5100 train_loss:4.4705 train_time:80257ms step_avg:142.81ms
step:573/5100 train_loss:4.4479 train_time:80401ms step_avg:142.81ms
step:574/5100 train_loss:4.4507 train_time:80544ms step_avg:142.81ms
step:575/5100 train_loss:4.4155 train_time:80685ms step_avg:142.81ms
step:576/5100 train_loss:4.5623 train_time:80835ms step_avg:142.82ms
step:577/5100 train_loss:4.3286 train_time:80974ms step_avg:142.81ms
step:578/5100 train_loss:4.4423 train_time:81120ms step_avg:142.82ms
step:579/5100 train_loss:4.3928 train_time:81260ms step_avg:142.81ms
step:580/5100 train_loss:4.3979 train_time:81399ms step_avg:142.81ms
step:581/5100 train_loss:4.5256 train_time:81542ms step_avg:142.81ms
step:582/5100 train_loss:4.3321 train_time:81681ms step_avg:142.80ms
step:583/5100 train_loss:4.3770 train_time:81823ms step_avg:142.80ms
step:584/5100 train_loss:4.4150 train_time:81966ms step_avg:142.80ms
step:585/5100 train_loss:4.3523 train_time:82107ms step_avg:142.79ms
step:586/5100 train_loss:4.4123 train_time:82249ms step_avg:142.79ms
step:587/5100 train_loss:4.3822 train_time:82391ms step_avg:142.79ms
step:588/5100 train_loss:4.4778 train_time:82533ms step_avg:142.79ms
step:589/5100 train_loss:4.3832 train_time:82670ms step_avg:142.78ms
step:590/5100 train_loss:4.5021 train_time:82811ms step_avg:142.78ms
step:591/5100 train_loss:4.4050 train_time:82953ms step_avg:142.78ms
step:592/5100 train_loss:4.3005 train_time:83092ms step_avg:142.77ms
step:593/5100 train_loss:4.4837 train_time:83235ms step_avg:142.77ms
step:594/5100 train_loss:4.4541 train_time:83375ms step_avg:142.76ms
step:595/5100 train_loss:4.3398 train_time:83518ms step_avg:142.77ms
step:596/5100 train_loss:4.4454 train_time:83661ms step_avg:142.77ms
step:597/5100 train_loss:4.5352 train_time:83805ms step_avg:142.77ms
step:598/5100 train_loss:4.4996 train_time:83947ms step_avg:142.77ms
step:599/5100 train_loss:4.4722 train_time:84084ms step_avg:142.76ms
step:600/5100 train_loss:4.3274 train_time:84226ms step_avg:142.76ms
step:601/5100 train_loss:4.4112 train_time:84368ms step_avg:142.75ms
step:602/5100 train_loss:4.4075 train_time:84509ms step_avg:142.75ms
step:603/5100 train_loss:4.4640 train_time:84653ms step_avg:142.75ms
step:604/5100 train_loss:4.3826 train_time:84795ms step_avg:142.75ms
step:605/5100 train_loss:4.4170 train_time:84941ms step_avg:142.76ms
step:606/5100 train_loss:4.3430 train_time:85081ms step_avg:142.75ms
step:607/5100 train_loss:4.3378 train_time:85225ms step_avg:142.76ms
step:608/5100 train_loss:4.2858 train_time:85366ms step_avg:142.75ms
step:609/5100 train_loss:4.2958 train_time:85510ms step_avg:142.75ms
step:610/5100 train_loss:4.3970 train_time:85657ms step_avg:142.76ms
step:611/5100 train_loss:4.3362 train_time:85799ms step_avg:142.76ms
step:612/5100 train_loss:4.4288 train_time:85939ms step_avg:142.76ms
step:613/5100 train_loss:4.3380 train_time:86082ms step_avg:142.76ms
step:614/5100 train_loss:4.3583 train_time:86226ms step_avg:142.76ms
step:615/5100 train_loss:4.4556 train_time:86364ms step_avg:142.75ms
step:616/5100 train_loss:4.3117 train_time:86506ms step_avg:142.75ms
step:617/5100 train_loss:4.4274 train_time:86648ms step_avg:142.75ms
step:618/5100 train_loss:4.3683 train_time:86789ms step_avg:142.75ms
step:619/5100 train_loss:4.4784 train_time:86933ms step_avg:142.75ms
step:620/5100 train_loss:4.5082 train_time:87076ms step_avg:142.75ms
step:621/5100 train_loss:4.4164 train_time:87218ms step_avg:142.75ms
step:622/5100 train_loss:4.4190 train_time:87358ms step_avg:142.74ms
step:623/5100 train_loss:4.3505 train_time:87498ms step_avg:142.74ms
step:624/5100 train_loss:4.4597 train_time:87641ms step_avg:142.74ms
step:625/5100 train_loss:4.4506 train_time:87784ms step_avg:142.74ms
step:626/5100 train_loss:4.4112 train_time:87938ms step_avg:142.76ms
step:627/5100 train_loss:4.4224 train_time:88079ms step_avg:142.75ms
step:628/5100 train_loss:4.4371 train_time:88225ms step_avg:142.76ms
step:629/5100 train_loss:4.3738 train_time:88367ms step_avg:142.76ms
step:630/5100 train_loss:4.2920 train_time:88507ms step_avg:142.75ms
step:631/5100 train_loss:4.3390 train_time:88648ms step_avg:142.75ms
step:632/5100 train_loss:4.4321 train_time:88790ms step_avg:142.75ms
step:633/5100 train_loss:4.3396 train_time:88934ms step_avg:142.75ms
step:634/5100 train_loss:4.4039 train_time:89078ms step_avg:142.75ms
step:635/5100 train_loss:4.4706 train_time:89226ms step_avg:142.76ms
step:636/5100 train_loss:4.3386 train_time:89366ms step_avg:142.76ms
step:637/5100 train_loss:4.3151 train_time:89508ms step_avg:142.76ms
step:638/5100 train_loss:4.2801 train_time:89651ms step_avg:142.76ms
step:639/5100 train_loss:4.4976 train_time:89793ms step_avg:142.75ms
step:640/5100 train_loss:4.3415 train_time:89938ms step_avg:142.76ms
step:641/5100 train_loss:4.3881 train_time:90081ms step_avg:142.76ms
step:642/5100 train_loss:4.4720 train_time:90225ms step_avg:142.76ms
step:643/5100 train_loss:4.4260 train_time:90368ms step_avg:142.76ms
step:644/5100 train_loss:4.3831 train_time:90510ms step_avg:142.76ms
step:645/5100 train_loss:4.2831 train_time:90654ms step_avg:142.76ms
step:646/5100 train_loss:4.4273 train_time:90798ms step_avg:142.76ms
step:647/5100 train_loss:4.4054 train_time:90943ms step_avg:142.77ms
step:648/5100 train_loss:4.3658 train_time:91087ms step_avg:142.77ms
step:649/5100 train_loss:4.3403 train_time:91230ms step_avg:142.77ms
step:650/5100 train_loss:4.3628 train_time:91375ms step_avg:142.77ms
step:651/5100 train_loss:4.4275 train_time:91516ms step_avg:142.77ms
step:652/5100 train_loss:4.2908 train_time:91660ms step_avg:142.77ms
step:653/5100 train_loss:4.2772 train_time:91801ms step_avg:142.77ms
step:654/5100 train_loss:4.4047 train_time:91946ms step_avg:142.77ms
step:655/5100 train_loss:4.5001 train_time:92083ms step_avg:142.76ms
step:656/5100 train_loss:4.3484 train_time:92226ms step_avg:142.77ms
step:657/5100 train_loss:4.3113 train_time:92369ms step_avg:142.76ms
step:658/5100 train_loss:4.3746 train_time:92511ms step_avg:142.76ms
step:659/5100 train_loss:4.2269 train_time:92653ms step_avg:142.76ms
step:660/5100 train_loss:4.3864 train_time:92796ms step_avg:142.76ms
step:661/5100 train_loss:4.3881 train_time:92938ms step_avg:142.76ms
step:662/5100 train_loss:4.4395 train_time:93079ms step_avg:142.76ms
step:663/5100 train_loss:4.3256 train_time:93224ms step_avg:142.76ms
step:664/5100 train_loss:4.4380 train_time:93367ms step_avg:142.76ms
step:665/5100 train_loss:4.3339 train_time:93512ms step_avg:142.77ms
step:666/5100 train_loss:4.3245 train_time:93654ms step_avg:142.77ms
step:667/5100 train_loss:4.2550 train_time:93795ms step_avg:142.76ms
step:668/5100 train_loss:4.3681 train_time:93934ms step_avg:142.76ms
step:669/5100 train_loss:4.2666 train_time:94077ms step_avg:142.76ms
step:670/5100 train_loss:4.3236 train_time:94222ms step_avg:142.76ms
step:671/5100 train_loss:4.4045 train_time:94366ms step_avg:142.76ms
step:672/5100 train_loss:4.3193 train_time:94509ms step_avg:142.76ms
step:673/5100 train_loss:4.2629 train_time:94654ms step_avg:142.77ms
step:674/5100 train_loss:4.2848 train_time:94799ms step_avg:142.77ms
step:675/5100 train_loss:4.2699 train_time:94943ms step_avg:142.77ms
step:676/5100 train_loss:4.3946 train_time:95088ms step_avg:142.78ms
step:677/5100 train_loss:4.3035 train_time:95231ms step_avg:142.77ms
step:678/5100 train_loss:4.2748 train_time:95373ms step_avg:142.77ms
step:679/5100 train_loss:4.3656 train_time:95516ms step_avg:142.77ms
step:680/5100 train_loss:4.3040 train_time:95660ms step_avg:142.78ms
step:681/5100 train_loss:4.1967 train_time:95803ms step_avg:142.78ms
step:682/5100 train_loss:4.3559 train_time:95947ms step_avg:142.78ms
step:683/5100 train_loss:4.3387 train_time:96092ms step_avg:142.78ms
step:684/5100 train_loss:4.0791 train_time:96238ms step_avg:142.79ms
step:685/5100 train_loss:4.4169 train_time:96382ms step_avg:142.79ms
step:686/5100 train_loss:4.3621 train_time:96526ms step_avg:142.79ms
step:687/5100 train_loss:4.3744 train_time:96667ms step_avg:142.79ms
step:688/5100 train_loss:4.2799 train_time:96809ms step_avg:142.79ms
step:689/5100 train_loss:4.4910 train_time:96951ms step_avg:142.79ms
step:690/5100 train_loss:4.3520 train_time:97091ms step_avg:142.78ms
step:691/5100 train_loss:4.4282 train_time:97234ms step_avg:142.78ms
step:692/5100 train_loss:4.2722 train_time:97371ms step_avg:142.77ms
step:693/5100 train_loss:4.2093 train_time:97516ms step_avg:142.78ms
step:694/5100 train_loss:4.4091 train_time:97657ms step_avg:142.77ms
step:695/5100 train_loss:4.2902 train_time:97799ms step_avg:142.77ms
step:696/5100 train_loss:4.4025 train_time:97942ms step_avg:142.77ms
step:697/5100 train_loss:4.3075 train_time:98081ms step_avg:142.77ms
step:698/5100 train_loss:4.3281 train_time:98223ms step_avg:142.77ms
step:699/5100 train_loss:4.3145 train_time:98366ms step_avg:142.77ms
step:700/5100 train_loss:4.3818 train_time:98507ms step_avg:142.76ms
step:701/5100 train_loss:4.3409 train_time:98648ms step_avg:142.76ms
step:702/5100 train_loss:4.2661 train_time:98791ms step_avg:142.76ms
step:703/5100 train_loss:4.3176 train_time:98934ms step_avg:142.76ms
step:704/5100 train_loss:4.3308 train_time:99075ms step_avg:142.76ms
step:705/5100 train_loss:4.3262 train_time:99219ms step_avg:142.76ms
step:706/5100 train_loss:4.2313 train_time:99361ms step_avg:142.76ms
step:707/5100 train_loss:4.3148 train_time:99502ms step_avg:142.76ms
step:708/5100 train_loss:4.3802 train_time:99646ms step_avg:142.76ms
step:709/5100 train_loss:4.3099 train_time:99789ms step_avg:142.76ms
step:710/5100 train_loss:4.2616 train_time:99936ms step_avg:142.77ms
step:711/5100 train_loss:4.2448 train_time:100080ms step_avg:142.77ms
step:712/5100 train_loss:4.3993 train_time:100225ms step_avg:142.77ms
step:713/5100 train_loss:4.3993 train_time:100368ms step_avg:142.77ms
step:714/5100 train_loss:4.2830 train_time:100510ms step_avg:142.77ms
step:715/5100 train_loss:4.4464 train_time:100651ms step_avg:142.77ms
step:716/5100 train_loss:4.3172 train_time:100792ms step_avg:142.77ms
step:717/5100 train_loss:4.2564 train_time:100937ms step_avg:142.77ms
step:718/5100 train_loss:4.2476 train_time:101079ms step_avg:142.77ms
step:719/5100 train_loss:4.3761 train_time:101221ms step_avg:142.77ms
step:720/5100 train_loss:4.2808 train_time:101362ms step_avg:142.76ms
step:721/5100 train_loss:4.2982 train_time:101505ms step_avg:142.76ms
step:722/5100 train_loss:4.3327 train_time:101648ms step_avg:142.76ms
step:723/5100 train_loss:4.2722 train_time:101792ms step_avg:142.77ms
step:724/5100 train_loss:4.1971 train_time:101938ms step_avg:142.77ms
step:725/5100 train_loss:4.3183 train_time:102081ms step_avg:142.77ms
step:726/5100 train_loss:4.2857 train_time:102226ms step_avg:142.77ms
step:727/5100 train_loss:4.2704 train_time:102366ms step_avg:142.77ms
step:728/5100 train_loss:4.3275 train_time:102507ms step_avg:142.77ms
step:729/5100 train_loss:4.3600 train_time:102656ms step_avg:142.78ms
step:730/5100 train_loss:4.2751 train_time:102796ms step_avg:142.77ms
step:731/5100 train_loss:4.2221 train_time:102939ms step_avg:142.77ms
step:732/5100 train_loss:4.2653 train_time:103084ms step_avg:142.78ms
step:733/5100 train_loss:4.2520 train_time:103226ms step_avg:142.77ms
step:734/5100 train_loss:4.2798 train_time:103367ms step_avg:142.77ms
step:735/5100 train_loss:4.3313 train_time:103510ms step_avg:142.77ms
step:736/5100 train_loss:4.4589 train_time:103655ms step_avg:142.77ms
step:737/5100 train_loss:4.2082 train_time:103798ms step_avg:142.78ms
step:738/5100 train_loss:4.2818 train_time:103941ms step_avg:142.78ms
step:739/5100 train_loss:4.1876 train_time:104084ms step_avg:142.78ms
step:740/5100 train_loss:4.2743 train_time:104230ms step_avg:142.78ms
step:741/5100 train_loss:4.3466 train_time:104371ms step_avg:142.78ms
step:742/5100 train_loss:4.2532 train_time:104518ms step_avg:142.78ms
step:743/5100 train_loss:4.3222 train_time:104660ms step_avg:142.78ms
step:744/5100 train_loss:4.2810 train_time:104800ms step_avg:142.78ms
step:745/5100 train_loss:4.2124 train_time:104947ms step_avg:142.78ms
step:746/5100 train_loss:4.3068 train_time:105095ms step_avg:142.79ms
step:747/5100 train_loss:4.3167 train_time:105240ms step_avg:142.80ms
step:748/5100 train_loss:4.3281 train_time:105383ms step_avg:142.80ms
step:749/5100 train_loss:4.3790 train_time:105531ms step_avg:142.80ms
step:750/5100 train_loss:4.4333 train_time:105674ms step_avg:142.80ms
step:751/5100 train_loss:4.2472 train_time:105814ms step_avg:142.80ms
step:752/5100 train_loss:4.2680 train_time:105958ms step_avg:142.80ms
step:753/5100 train_loss:4.2938 train_time:106101ms step_avg:142.80ms
step:754/5100 train_loss:4.2323 train_time:106246ms step_avg:142.80ms
step:755/5100 train_loss:4.3210 train_time:106389ms step_avg:142.80ms
step:756/5100 train_loss:4.2443 train_time:106536ms step_avg:142.81ms
step:757/5100 train_loss:4.1519 train_time:106680ms step_avg:142.81ms
step:758/5100 train_loss:4.3831 train_time:106823ms step_avg:142.81ms
step:759/5100 train_loss:4.2580 train_time:106961ms step_avg:142.81ms
step:760/5100 train_loss:4.2147 train_time:107104ms step_avg:142.81ms
step:761/5100 train_loss:4.2114 train_time:107250ms step_avg:142.81ms
step:762/5100 train_loss:4.6984 train_time:107624ms step_avg:143.12ms
step:763/5100 train_loss:4.1629 train_time:107767ms step_avg:143.12ms
step:764/5100 train_loss:4.2325 train_time:107907ms step_avg:143.11ms
step:765/5100 train_loss:4.2171 train_time:108051ms step_avg:143.11ms
step:766/5100 train_loss:4.2089 train_time:108196ms step_avg:143.12ms
step:767/5100 train_loss:4.1166 train_time:108342ms step_avg:143.12ms
step:768/5100 train_loss:4.2287 train_time:108484ms step_avg:143.12ms
step:769/5100 train_loss:4.4347 train_time:108629ms step_avg:143.12ms
step:770/5100 train_loss:4.3161 train_time:108771ms step_avg:143.12ms
step:771/5100 train_loss:4.3812 train_time:108912ms step_avg:143.12ms
step:772/5100 train_loss:4.2018 train_time:109053ms step_avg:143.11ms
step:773/5100 train_loss:4.3480 train_time:109195ms step_avg:143.11ms
step:774/5100 train_loss:4.2624 train_time:109337ms step_avg:143.11ms
step:775/5100 train_loss:4.2863 train_time:109478ms step_avg:143.11ms
step:776/5100 train_loss:4.3613 train_time:109621ms step_avg:143.11ms
step:777/5100 train_loss:4.3060 train_time:109764ms step_avg:143.11ms
step:778/5100 train_loss:4.2772 train_time:109906ms step_avg:143.11ms
step:779/5100 train_loss:4.3915 train_time:110052ms step_avg:143.11ms
step:780/5100 train_loss:4.3708 train_time:110195ms step_avg:143.11ms
step:781/5100 train_loss:4.3236 train_time:110340ms step_avg:143.11ms
step:782/5100 train_loss:4.1584 train_time:110481ms step_avg:143.11ms
step:783/5100 train_loss:4.3663 train_time:110624ms step_avg:143.11ms
step:784/5100 train_loss:4.2948 train_time:110768ms step_avg:143.11ms
step:785/5100 train_loss:4.2806 train_time:110912ms step_avg:143.11ms
step:786/5100 train_loss:4.4830 train_time:111056ms step_avg:143.11ms
step:787/5100 train_loss:4.2468 train_time:111200ms step_avg:143.11ms
step:788/5100 train_loss:4.1892 train_time:111343ms step_avg:143.11ms
step:789/5100 train_loss:4.2737 train_time:111487ms step_avg:143.12ms
step:790/5100 train_loss:4.2636 train_time:111630ms step_avg:143.12ms
step:791/5100 train_loss:4.2454 train_time:111775ms step_avg:143.12ms
step:792/5100 train_loss:4.3328 train_time:111923ms step_avg:143.12ms
step:793/5100 train_loss:4.2751 train_time:112062ms step_avg:143.12ms
step:794/5100 train_loss:4.3414 train_time:112203ms step_avg:143.12ms
step:795/5100 train_loss:4.2444 train_time:112345ms step_avg:143.11ms
step:796/5100 train_loss:4.1638 train_time:112487ms step_avg:143.11ms
step:797/5100 train_loss:4.2896 train_time:112629ms step_avg:143.11ms
step:798/5100 train_loss:4.2869 train_time:112772ms step_avg:143.11ms
step:799/5100 train_loss:4.2286 train_time:112913ms step_avg:143.11ms
step:800/5100 train_loss:4.3338 train_time:113058ms step_avg:143.11ms
step:801/5100 train_loss:4.4492 train_time:113199ms step_avg:143.11ms
step:802/5100 train_loss:4.6821 train_time:113345ms step_avg:143.11ms
step:803/5100 train_loss:4.1943 train_time:113485ms step_avg:143.11ms
step:804/5100 train_loss:4.2131 train_time:113630ms step_avg:143.11ms
step:805/5100 train_loss:4.2126 train_time:113774ms step_avg:143.11ms
step:806/5100 train_loss:4.3984 train_time:113917ms step_avg:143.11ms
step:807/5100 train_loss:4.2454 train_time:114058ms step_avg:143.11ms
step:808/5100 train_loss:4.3205 train_time:114200ms step_avg:143.11ms
step:809/5100 train_loss:4.2796 train_time:114344ms step_avg:143.11ms
step:810/5100 train_loss:4.2613 train_time:114484ms step_avg:143.10ms
step:811/5100 train_loss:4.2339 train_time:114629ms step_avg:143.11ms
step:812/5100 train_loss:4.3747 train_time:114775ms step_avg:143.11ms
step:813/5100 train_loss:4.3116 train_time:114914ms step_avg:143.11ms
step:814/5100 train_loss:4.2802 train_time:115058ms step_avg:143.11ms
step:815/5100 train_loss:4.3914 train_time:115201ms step_avg:143.11ms
step:816/5100 train_loss:4.3320 train_time:115345ms step_avg:143.11ms
step:817/5100 train_loss:4.2772 train_time:115484ms step_avg:143.10ms
step:818/5100 train_loss:4.2464 train_time:115628ms step_avg:143.10ms
step:819/5100 train_loss:4.2590 train_time:115771ms step_avg:143.10ms
step:820/5100 train_loss:4.4010 train_time:115914ms step_avg:143.10ms
step:821/5100 train_loss:4.2164 train_time:116057ms step_avg:143.10ms
step:822/5100 train_loss:4.2205 train_time:116197ms step_avg:143.10ms
step:823/5100 train_loss:4.2003 train_time:116341ms step_avg:143.10ms
step:824/5100 train_loss:4.0885 train_time:116486ms step_avg:143.10ms
step:825/5100 train_loss:4.1816 train_time:116637ms step_avg:143.11ms
step:826/5100 train_loss:4.2405 train_time:116784ms step_avg:143.12ms
step:827/5100 train_loss:4.3362 train_time:116924ms step_avg:143.11ms
step:828/5100 train_loss:4.2653 train_time:117067ms step_avg:143.11ms
step:829/5100 train_loss:4.3271 train_time:117208ms step_avg:143.11ms
step:830/5100 train_loss:4.2379 train_time:117349ms step_avg:143.11ms
step:831/5100 train_loss:4.3625 train_time:117495ms step_avg:143.11ms
step:832/5100 train_loss:4.3041 train_time:117640ms step_avg:143.11ms
step:833/5100 train_loss:4.2225 train_time:117784ms step_avg:143.12ms
step:834/5100 train_loss:4.2851 train_time:117929ms step_avg:143.12ms
step:835/5100 train_loss:4.2557 train_time:118075ms step_avg:143.12ms
step:836/5100 train_loss:4.3075 train_time:118219ms step_avg:143.12ms
step:837/5100 train_loss:4.1735 train_time:118361ms step_avg:143.12ms
step:838/5100 train_loss:4.0689 train_time:118504ms step_avg:143.12ms
step:839/5100 train_loss:4.1428 train_time:118644ms step_avg:143.12ms
step:840/5100 train_loss:4.2649 train_time:118783ms step_avg:143.11ms
step:841/5100 train_loss:4.3138 train_time:118925ms step_avg:143.11ms
step:842/5100 train_loss:4.2082 train_time:119064ms step_avg:143.11ms
step:843/5100 train_loss:4.3042 train_time:119206ms step_avg:143.11ms
step:844/5100 train_loss:4.1866 train_time:119349ms step_avg:143.10ms
step:845/5100 train_loss:4.2739 train_time:119490ms step_avg:143.10ms
step:846/5100 train_loss:4.2249 train_time:119633ms step_avg:143.10ms
step:847/5100 train_loss:4.2428 train_time:119777ms step_avg:143.10ms
step:848/5100 train_loss:4.2085 train_time:119922ms step_avg:143.10ms
step:849/5100 train_loss:4.2726 train_time:120060ms step_avg:143.10ms
step:849/5100 val_loss:4.2327 train_time:120071ms step_avg:143.11ms
step:850/5100 train_loss:4.2326 train_time:120204ms step_avg:143.10ms
step:851/5100 train_loss:4.2637 train_time:120347ms step_avg:143.10ms
step:852/5100 train_loss:4.2600 train_time:120493ms step_avg:143.10ms
step:853/5100 train_loss:4.2268 train_time:120639ms step_avg:143.11ms
step:854/5100 train_loss:4.1699 train_time:120782ms step_avg:143.11ms
step:855/5100 train_loss:4.2978 train_time:120925ms step_avg:143.11ms
step:856/5100 train_loss:4.2666 train_time:121069ms step_avg:143.11ms
step:857/5100 train_loss:4.2239 train_time:121211ms step_avg:143.11ms
step:858/5100 train_loss:4.2337 train_time:121353ms step_avg:143.10ms
step:859/5100 train_loss:4.2656 train_time:121498ms step_avg:143.11ms
step:860/5100 train_loss:4.1611 train_time:121640ms step_avg:143.11ms
step:861/5100 train_loss:4.3112 train_time:121785ms step_avg:143.11ms
step:862/5100 train_loss:4.2617 train_time:121929ms step_avg:143.11ms
step:863/5100 train_loss:4.1905 train_time:122072ms step_avg:143.11ms
step:864/5100 train_loss:4.1754 train_time:122217ms step_avg:143.11ms
step:865/5100 train_loss:4.2612 train_time:122359ms step_avg:143.11ms
step:866/5100 train_loss:4.2602 train_time:122499ms step_avg:143.11ms
step:867/5100 train_loss:4.1481 train_time:122639ms step_avg:143.10ms
step:868/5100 train_loss:4.2118 train_time:122782ms step_avg:143.10ms
step:869/5100 train_loss:4.2928 train_time:122923ms step_avg:143.10ms
step:870/5100 train_loss:4.3689 train_time:123069ms step_avg:143.10ms
step:871/5100 train_loss:4.2386 train_time:123218ms step_avg:143.11ms
step:872/5100 train_loss:4.2888 train_time:123363ms step_avg:143.11ms
step:873/5100 train_loss:4.2132 train_time:123505ms step_avg:143.11ms
step:874/5100 train_loss:4.1665 train_time:123648ms step_avg:143.11ms
step:875/5100 train_loss:4.1669 train_time:123791ms step_avg:143.11ms
step:876/5100 train_loss:4.2110 train_time:123935ms step_avg:143.11ms
step:877/5100 train_loss:4.2187 train_time:124081ms step_avg:143.12ms
step:878/5100 train_loss:4.3223 train_time:124224ms step_avg:143.12ms
step:879/5100 train_loss:4.1779 train_time:124368ms step_avg:143.12ms
step:880/5100 train_loss:4.1991 train_time:124514ms step_avg:143.12ms
step:881/5100 train_loss:4.1332 train_time:124657ms step_avg:143.12ms
step:882/5100 train_loss:4.1371 train_time:124801ms step_avg:143.12ms
step:883/5100 train_loss:4.3353 train_time:124941ms step_avg:143.12ms
step:884/5100 train_loss:4.2058 train_time:125086ms step_avg:143.12ms
step:885/5100 train_loss:4.2381 train_time:125227ms step_avg:143.12ms
step:886/5100 train_loss:4.1854 train_time:125369ms step_avg:143.12ms
step:887/5100 train_loss:4.1576 train_time:125509ms step_avg:143.11ms
step:888/5100 train_loss:4.1453 train_time:125650ms step_avg:143.11ms
step:889/5100 train_loss:4.1669 train_time:125793ms step_avg:143.11ms
step:890/5100 train_loss:4.2183 train_time:125935ms step_avg:143.11ms
step:891/5100 train_loss:4.2496 train_time:126078ms step_avg:143.11ms
step:892/5100 train_loss:4.2709 train_time:126223ms step_avg:143.11ms
step:893/5100 train_loss:4.2586 train_time:126367ms step_avg:143.11ms
step:894/5100 train_loss:4.2245 train_time:126511ms step_avg:143.11ms
step:895/5100 train_loss:4.3599 train_time:126655ms step_avg:143.11ms
step:896/5100 train_loss:4.3063 train_time:126799ms step_avg:143.11ms
step:897/5100 train_loss:4.2321 train_time:126941ms step_avg:143.11ms
step:898/5100 train_loss:4.1855 train_time:127086ms step_avg:143.11ms
step:899/5100 train_loss:4.2902 train_time:127227ms step_avg:143.11ms
step:900/5100 train_loss:4.1930 train_time:127370ms step_avg:143.11ms
step:901/5100 train_loss:4.1416 train_time:127514ms step_avg:143.11ms
step:902/5100 train_loss:4.1459 train_time:127658ms step_avg:143.11ms
step:903/5100 train_loss:4.1835 train_time:127800ms step_avg:143.11ms
step:904/5100 train_loss:4.1266 train_time:127940ms step_avg:143.11ms
step:905/5100 train_loss:4.2550 train_time:128084ms step_avg:143.11ms
step:906/5100 train_loss:4.1557 train_time:128227ms step_avg:143.11ms
step:907/5100 train_loss:4.2183 train_time:128371ms step_avg:143.11ms
step:908/5100 train_loss:4.1471 train_time:128519ms step_avg:143.12ms
step:909/5100 train_loss:4.1949 train_time:128659ms step_avg:143.11ms
step:910/5100 train_loss:4.1380 train_time:128801ms step_avg:143.11ms
step:911/5100 train_loss:4.2784 train_time:128941ms step_avg:143.11ms
step:912/5100 train_loss:4.2661 train_time:129082ms step_avg:143.11ms
step:913/5100 train_loss:4.2394 train_time:129227ms step_avg:143.11ms
W0604 21:50:46.705000 113773 torch/distributed/elastic/agent/server/api.py:723] Received 15 death signal, shutting down workers
W0604 21:50:46.707000 113773 torch/distributed/elastic/multiprocessing/api.py:900] Sending process 113845 closing signal SIGTERM
Traceback (most recent call last):
  File "/usr/local/bin/torchrun", line 7, in <module>
    sys.exit(main())
             ^^^^^^
  File "/usr/local/lib/python3.12/dist-packages/torch/distributed/elastic/multiprocessing/errors/__init__.py", line 357, in wrapper
    return f(*args, **kwargs)
           ^^^^^^^^^^^^^^^^^^
  File "/usr/local/lib/python3.12/dist-packages/torch/distributed/run.py", line 901, in main
    run(args)
  File "/usr/local/lib/python3.12/dist-packages/torch/distributed/run.py", line 892, in run
    elastic_launch(
  File "/usr/local/lib/python3.12/dist-packages/torch/distributed/launcher/api.py", line 143, in __call__
    return launch_agent(self._config, self._entrypoint, list(args))
           ^^^^^^^^^^^^^^^^^^^^^^^^^^^^^^^^^^^^^^^^^^^^^^^^^^^^^^^^
  File "/usr/local/lib/python3.12/dist-packages/torch/distributed/launcher/api.py", line 268, in launch_agent
    result = agent.run()
             ^^^^^^^^^^^
  File "/usr/local/lib/python3.12/dist-packages/torch/distributed/elastic/metrics/api.py", line 138, in wrapper
    result = f(*args, **kwargs)
             ^^^^^^^^^^^^^^^^^^
  File "/usr/local/lib/python3.12/dist-packages/torch/distributed/elastic/agent/server/api.py", line 715, in run
    result = self._invoke_run(role)
             ^^^^^^^^^^^^^^^^^^^^^^
  File "/usr/local/lib/python3.12/dist-packages/torch/distributed/elastic/agent/server/api.py", line 879, in _invoke_run
    time.sleep(monitor_interval)
  File "/usr/local/lib/python3.12/dist-packages/torch/distributed/elastic/multiprocessing/api.py", line 84, in _terminate_process_handler
    raise SignalException(f"Process {os.getpid()} got signal: {sigval}", sigval=sigval)
torch.distributed.elastic.multiprocessing.api.SignalException: Process 113773 got signal: 15
