/workspace/modded-nanogpt/exp/b_ns6.py:27: SyntaxWarning: invalid escape sequence '\s'
  """
using device: cuda:0
Training DataLoader: total number of tokens: 2600000000 across 26 files
Validation DataLoader: total number of tokens: 100000000 across 1 files
training time budget: 300.0s (5.0 single-GPU min / 1 GPUs)
step:1/5100 train_loss:14.6428 train_time:55051ms step_avg:nanms
step:2/5100 train_loss:8.7786 train_time:82543ms step_avg:nanms
step:3/5100 train_loss:8.4950 train_time:82682ms step_avg:nanms
step:4/5100 train_loss:8.1684 train_time:82828ms step_avg:nanms
step:5/5100 train_loss:7.8576 train_time:82975ms step_avg:nanms
step:6/5100 train_loss:7.5667 train_time:83117ms step_avg:nanms
step:7/5100 train_loss:7.3554 train_time:83260ms step_avg:nanms
step:8/5100 train_loss:7.1804 train_time:83399ms step_avg:nanms
step:9/5100 train_loss:7.2439 train_time:83544ms step_avg:nanms
step:10/5100 train_loss:7.0857 train_time:83689ms step_avg:nanms
step:11/5100 train_loss:6.9132 train_time:140ms step_avg:nanms
step:12/5100 train_loss:6.9191 train_time:283ms step_avg:nanms
step:13/5100 train_loss:6.8945 train_time:423ms step_avg:140.94ms
step:14/5100 train_loss:6.6644 train_time:567ms step_avg:141.74ms
step:15/5100 train_loss:6.7272 train_time:708ms step_avg:141.62ms
step:16/5100 train_loss:6.5500 train_time:850ms step_avg:141.66ms
step:17/5100 train_loss:6.8172 train_time:999ms step_avg:142.66ms
step:18/5100 train_loss:6.6732 train_time:1141ms step_avg:142.58ms
step:19/5100 train_loss:6.6273 train_time:1283ms step_avg:142.58ms
step:20/5100 train_loss:6.4631 train_time:1427ms step_avg:142.66ms
step:21/5100 train_loss:6.5002 train_time:1564ms step_avg:142.22ms
step:22/5100 train_loss:6.4130 train_time:1708ms step_avg:142.29ms
step:23/5100 train_loss:6.3634 train_time:1854ms step_avg:142.62ms
step:24/5100 train_loss:6.3417 train_time:1999ms step_avg:142.78ms
step:25/5100 train_loss:6.4921 train_time:2142ms step_avg:142.81ms
step:26/5100 train_loss:6.5078 train_time:2287ms step_avg:142.92ms
step:27/5100 train_loss:6.4905 train_time:2431ms step_avg:143.00ms
step:28/5100 train_loss:6.4126 train_time:2578ms step_avg:143.24ms
step:29/5100 train_loss:6.3366 train_time:2720ms step_avg:143.16ms
step:30/5100 train_loss:6.3613 train_time:2865ms step_avg:143.25ms
step:31/5100 train_loss:6.2298 train_time:3010ms step_avg:143.32ms
step:32/5100 train_loss:6.1411 train_time:3155ms step_avg:143.41ms
step:33/5100 train_loss:6.2775 train_time:3296ms step_avg:143.32ms
step:34/5100 train_loss:6.2754 train_time:3438ms step_avg:143.23ms
step:35/5100 train_loss:6.3193 train_time:3582ms step_avg:143.29ms
step:36/5100 train_loss:6.2958 train_time:3726ms step_avg:143.29ms
step:37/5100 train_loss:6.4051 train_time:3872ms step_avg:143.42ms
step:38/5100 train_loss:6.1531 train_time:4012ms step_avg:143.29ms
step:39/5100 train_loss:6.1165 train_time:4162ms step_avg:143.52ms
step:40/5100 train_loss:6.1632 train_time:4302ms step_avg:143.41ms
step:41/5100 train_loss:6.1356 train_time:4440ms step_avg:143.24ms
step:42/5100 train_loss:6.1554 train_time:4583ms step_avg:143.22ms
step:43/5100 train_loss:6.1096 train_time:4726ms step_avg:143.23ms
step:44/5100 train_loss:6.1271 train_time:4867ms step_avg:143.14ms
step:45/5100 train_loss:6.1175 train_time:5008ms step_avg:143.09ms
step:46/5100 train_loss:6.0740 train_time:5151ms step_avg:143.07ms
step:47/5100 train_loss:6.0576 train_time:5297ms step_avg:143.16ms
step:48/5100 train_loss:6.1296 train_time:5441ms step_avg:143.17ms
step:49/5100 train_loss:6.0402 train_time:5584ms step_avg:143.19ms
step:50/5100 train_loss:6.0225 train_time:5727ms step_avg:143.18ms
step:51/5100 train_loss:6.1100 train_time:5874ms step_avg:143.28ms
step:52/5100 train_loss:5.9598 train_time:6017ms step_avg:143.27ms
step:53/5100 train_loss:6.0248 train_time:6165ms step_avg:143.37ms
step:54/5100 train_loss:5.9717 train_time:6304ms step_avg:143.27ms
step:55/5100 train_loss:5.9306 train_time:6450ms step_avg:143.33ms
step:56/5100 train_loss:5.8396 train_time:6593ms step_avg:143.34ms
step:57/5100 train_loss:5.9347 train_time:6737ms step_avg:143.35ms
step:58/5100 train_loss:5.9319 train_time:6883ms step_avg:143.39ms
step:59/5100 train_loss:5.9139 train_time:7024ms step_avg:143.35ms
step:60/5100 train_loss:5.8979 train_time:7167ms step_avg:143.34ms
step:61/5100 train_loss:5.9646 train_time:7312ms step_avg:143.36ms
step:62/5100 train_loss:5.9105 train_time:7457ms step_avg:143.40ms
step:63/5100 train_loss:5.7622 train_time:7599ms step_avg:143.37ms
step:64/5100 train_loss:5.7505 train_time:7743ms step_avg:143.38ms
step:65/5100 train_loss:5.8804 train_time:7886ms step_avg:143.38ms
step:66/5100 train_loss:5.8679 train_time:8031ms step_avg:143.40ms
step:67/5100 train_loss:5.7339 train_time:8179ms step_avg:143.49ms
step:68/5100 train_loss:5.8862 train_time:8322ms step_avg:143.48ms
step:69/5100 train_loss:5.8203 train_time:8466ms step_avg:143.50ms
step:70/5100 train_loss:5.7588 train_time:8609ms step_avg:143.49ms
step:71/5100 train_loss:5.8875 train_time:8753ms step_avg:143.49ms
step:72/5100 train_loss:5.9792 train_time:8894ms step_avg:143.45ms
step:73/5100 train_loss:5.8218 train_time:9038ms step_avg:143.46ms
step:74/5100 train_loss:5.8004 train_time:9180ms step_avg:143.44ms
step:75/5100 train_loss:6.0296 train_time:9319ms step_avg:143.37ms
step:76/5100 train_loss:5.7811 train_time:9465ms step_avg:143.42ms
step:77/5100 train_loss:5.7493 train_time:9606ms step_avg:143.38ms
step:78/5100 train_loss:5.5194 train_time:9751ms step_avg:143.40ms
step:79/5100 train_loss:5.7122 train_time:9895ms step_avg:143.41ms
step:80/5100 train_loss:5.7514 train_time:10040ms step_avg:143.42ms
step:81/5100 train_loss:5.7046 train_time:10184ms step_avg:143.44ms
step:82/5100 train_loss:5.7300 train_time:10330ms step_avg:143.47ms
step:83/5100 train_loss:5.5871 train_time:10475ms step_avg:143.49ms
step:84/5100 train_loss:5.6942 train_time:10619ms step_avg:143.50ms
step:85/5100 train_loss:5.7510 train_time:10764ms step_avg:143.52ms
step:86/5100 train_loss:5.8426 train_time:10906ms step_avg:143.50ms
step:87/5100 train_loss:5.7414 train_time:11054ms step_avg:143.56ms
step:88/5100 train_loss:5.5418 train_time:11194ms step_avg:143.52ms
step:89/5100 train_loss:5.6761 train_time:11340ms step_avg:143.55ms
step:90/5100 train_loss:5.6646 train_time:11485ms step_avg:143.56ms
step:91/5100 train_loss:5.5875 train_time:11624ms step_avg:143.51ms
step:92/5100 train_loss:5.5998 train_time:11769ms step_avg:143.52ms
step:93/5100 train_loss:5.3923 train_time:11910ms step_avg:143.50ms
step:94/5100 train_loss:5.6834 train_time:12053ms step_avg:143.49ms
step:95/5100 train_loss:5.5522 train_time:12196ms step_avg:143.48ms
step:96/5100 train_loss:5.5857 train_time:12341ms step_avg:143.50ms
step:97/5100 train_loss:5.5208 train_time:12486ms step_avg:143.51ms
step:98/5100 train_loss:5.5217 train_time:12626ms step_avg:143.47ms
step:99/5100 train_loss:5.4346 train_time:12771ms step_avg:143.50ms
step:100/5100 train_loss:5.4156 train_time:12916ms step_avg:143.51ms
step:101/5100 train_loss:5.5828 train_time:13062ms step_avg:143.54ms
step:102/5100 train_loss:5.5754 train_time:13203ms step_avg:143.51ms
step:103/5100 train_loss:5.4841 train_time:13346ms step_avg:143.51ms
step:104/5100 train_loss:5.4271 train_time:13491ms step_avg:143.53ms
step:105/5100 train_loss:5.5533 train_time:13644ms step_avg:143.62ms
step:106/5100 train_loss:5.4630 train_time:13785ms step_avg:143.59ms
step:107/5100 train_loss:5.5369 train_time:13929ms step_avg:143.60ms
step:108/5100 train_loss:5.4354 train_time:14074ms step_avg:143.61ms
step:109/5100 train_loss:5.4821 train_time:14217ms step_avg:143.60ms
step:110/5100 train_loss:5.3104 train_time:14356ms step_avg:143.56ms
step:111/5100 train_loss:5.2690 train_time:14497ms step_avg:143.54ms
step:112/5100 train_loss:5.4414 train_time:14641ms step_avg:143.54ms
step:113/5100 train_loss:5.3977 train_time:14788ms step_avg:143.58ms
step:114/5100 train_loss:5.4264 train_time:14934ms step_avg:143.59ms
step:115/5100 train_loss:5.4754 train_time:15079ms step_avg:143.61ms
step:116/5100 train_loss:5.5389 train_time:15222ms step_avg:143.60ms
step:117/5100 train_loss:5.3699 train_time:15366ms step_avg:143.61ms
step:118/5100 train_loss:5.2878 train_time:15509ms step_avg:143.60ms
step:119/5100 train_loss:5.3340 train_time:15647ms step_avg:143.55ms
step:120/5100 train_loss:5.4528 train_time:15792ms step_avg:143.57ms
step:121/5100 train_loss:5.3614 train_time:15941ms step_avg:143.62ms
step:122/5100 train_loss:5.3275 train_time:16083ms step_avg:143.60ms
step:123/5100 train_loss:5.3199 train_time:16227ms step_avg:143.60ms
step:124/5100 train_loss:5.6448 train_time:16373ms step_avg:143.62ms
step:125/5100 train_loss:5.2764 train_time:16518ms step_avg:143.63ms
step:126/5100 train_loss:5.1310 train_time:16664ms step_avg:143.65ms
step:127/5100 train_loss:5.2644 train_time:16804ms step_avg:143.62ms
step:128/5100 train_loss:5.3208 train_time:16945ms step_avg:143.60ms
step:129/5100 train_loss:5.3781 train_time:17093ms step_avg:143.64ms
step:130/5100 train_loss:5.3646 train_time:17231ms step_avg:143.59ms
step:131/5100 train_loss:5.2642 train_time:17379ms step_avg:143.63ms
step:132/5100 train_loss:5.2434 train_time:17519ms step_avg:143.60ms
step:133/5100 train_loss:5.2648 train_time:17662ms step_avg:143.60ms
step:134/5100 train_loss:5.2922 train_time:17800ms step_avg:143.55ms
step:135/5100 train_loss:5.2514 train_time:17948ms step_avg:143.58ms
step:136/5100 train_loss:5.2876 train_time:18086ms step_avg:143.54ms
step:137/5100 train_loss:5.2618 train_time:18231ms step_avg:143.55ms
step:138/5100 train_loss:5.4261 train_time:18381ms step_avg:143.60ms
step:139/5100 train_loss:5.3245 train_time:18524ms step_avg:143.60ms
step:140/5100 train_loss:5.3896 train_time:18672ms step_avg:143.63ms
step:141/5100 train_loss:5.1702 train_time:18813ms step_avg:143.61ms
step:142/5100 train_loss:5.2779 train_time:18960ms step_avg:143.64ms
step:143/5100 train_loss:5.1286 train_time:19100ms step_avg:143.61ms
step:144/5100 train_loss:5.2746 train_time:19245ms step_avg:143.62ms
step:145/5100 train_loss:5.2190 train_time:19389ms step_avg:143.62ms
step:146/5100 train_loss:5.3719 train_time:19534ms step_avg:143.63ms
step:147/5100 train_loss:5.3838 train_time:19677ms step_avg:143.63ms
step:148/5100 train_loss:5.2271 train_time:19816ms step_avg:143.59ms
step:149/5100 train_loss:5.0571 train_time:19960ms step_avg:143.59ms
step:150/5100 train_loss:5.1680 train_time:20098ms step_avg:143.56ms
step:151/5100 train_loss:5.1415 train_time:20243ms step_avg:143.56ms
step:152/5100 train_loss:5.2184 train_time:20397ms step_avg:143.64ms
step:153/5100 train_loss:5.3055 train_time:20541ms step_avg:143.64ms
step:154/5100 train_loss:5.1854 train_time:20685ms step_avg:143.64ms
step:155/5100 train_loss:5.1099 train_time:20823ms step_avg:143.61ms
step:156/5100 train_loss:5.2721 train_time:20968ms step_avg:143.62ms
step:157/5100 train_loss:5.3323 train_time:21109ms step_avg:143.60ms
step:158/5100 train_loss:5.1101 train_time:21257ms step_avg:143.63ms
step:159/5100 train_loss:5.0640 train_time:21401ms step_avg:143.63ms
step:160/5100 train_loss:5.1045 train_time:21546ms step_avg:143.64ms
step:161/5100 train_loss:5.2043 train_time:21688ms step_avg:143.63ms
step:162/5100 train_loss:5.1244 train_time:21828ms step_avg:143.61ms
step:163/5100 train_loss:5.1555 train_time:21977ms step_avg:143.64ms
step:164/5100 train_loss:5.2269 train_time:22121ms step_avg:143.64ms
step:165/5100 train_loss:5.1557 train_time:22267ms step_avg:143.66ms
step:166/5100 train_loss:5.0477 train_time:22406ms step_avg:143.63ms
step:167/5100 train_loss:5.0714 train_time:22551ms step_avg:143.64ms
step:168/5100 train_loss:5.1270 train_time:22694ms step_avg:143.64ms
step:169/5100 train_loss:5.1615 train_time:22840ms step_avg:143.65ms
step:170/5100 train_loss:5.1768 train_time:22985ms step_avg:143.66ms
step:171/5100 train_loss:5.3537 train_time:23129ms step_avg:143.66ms
step:172/5100 train_loss:5.0515 train_time:23275ms step_avg:143.67ms
step:173/5100 train_loss:5.0993 train_time:23419ms step_avg:143.68ms
step:174/5100 train_loss:5.1045 train_time:23565ms step_avg:143.69ms
step:175/5100 train_loss:5.0679 train_time:23704ms step_avg:143.66ms
step:176/5100 train_loss:5.0774 train_time:23845ms step_avg:143.65ms
step:177/5100 train_loss:5.0167 train_time:23990ms step_avg:143.65ms
step:178/5100 train_loss:5.1538 train_time:24134ms step_avg:143.65ms
step:179/5100 train_loss:5.0940 train_time:24279ms step_avg:143.66ms
step:180/5100 train_loss:4.9935 train_time:24424ms step_avg:143.67ms
step:181/5100 train_loss:4.9908 train_time:24566ms step_avg:143.66ms
step:182/5100 train_loss:5.0701 train_time:24708ms step_avg:143.65ms
step:183/5100 train_loss:5.0969 train_time:24854ms step_avg:143.66ms
step:184/5100 train_loss:5.0623 train_time:24994ms step_avg:143.65ms
step:185/5100 train_loss:5.0864 train_time:25140ms step_avg:143.66ms
step:186/5100 train_loss:5.0017 train_time:25280ms step_avg:143.64ms
step:187/5100 train_loss:5.0706 train_time:25422ms step_avg:143.63ms
step:188/5100 train_loss:5.0329 train_time:25570ms step_avg:143.65ms
step:189/5100 train_loss:5.1110 train_time:25711ms step_avg:143.64ms
step:190/5100 train_loss:5.0931 train_time:25858ms step_avg:143.66ms
step:191/5100 train_loss:5.0976 train_time:26003ms step_avg:143.66ms
step:192/5100 train_loss:5.0907 train_time:26142ms step_avg:143.64ms
step:193/5100 train_loss:4.9878 train_time:26291ms step_avg:143.67ms
step:194/5100 train_loss:5.0224 train_time:26434ms step_avg:143.66ms
step:195/5100 train_loss:5.0495 train_time:26578ms step_avg:143.67ms
step:196/5100 train_loss:4.9982 train_time:26721ms step_avg:143.66ms
step:197/5100 train_loss:4.9440 train_time:26867ms step_avg:143.67ms
step:198/5100 train_loss:5.0746 train_time:27004ms step_avg:143.64ms
step:199/5100 train_loss:5.0528 train_time:27146ms step_avg:143.63ms
step:200/5100 train_loss:4.9957 train_time:27289ms step_avg:143.63ms
step:201/5100 train_loss:4.9955 train_time:27433ms step_avg:143.63ms
step:202/5100 train_loss:5.0949 train_time:27579ms step_avg:143.64ms
step:203/5100 train_loss:4.8531 train_time:27723ms step_avg:143.64ms
step:204/5100 train_loss:4.8933 train_time:27866ms step_avg:143.64ms
step:205/5100 train_loss:4.9377 train_time:28008ms step_avg:143.63ms
step:206/5100 train_loss:4.9907 train_time:28150ms step_avg:143.62ms
step:207/5100 train_loss:5.0121 train_time:28295ms step_avg:143.63ms
step:208/5100 train_loss:5.1778 train_time:28437ms step_avg:143.62ms
step:209/5100 train_loss:4.9785 train_time:28584ms step_avg:143.64ms
step:210/5100 train_loss:5.0242 train_time:28725ms step_avg:143.63ms
step:211/5100 train_loss:5.0013 train_time:28866ms step_avg:143.61ms
step:212/5100 train_loss:4.9473 train_time:29009ms step_avg:143.61ms
step:213/5100 train_loss:4.9910 train_time:29156ms step_avg:143.62ms
step:214/5100 train_loss:4.9588 train_time:29298ms step_avg:143.62ms
step:215/5100 train_loss:5.0055 train_time:29438ms step_avg:143.60ms
step:216/5100 train_loss:5.0178 train_time:29584ms step_avg:143.61ms
step:217/5100 train_loss:4.9502 train_time:29728ms step_avg:143.61ms
step:218/5100 train_loss:5.1038 train_time:29875ms step_avg:143.63ms
step:219/5100 train_loss:4.8897 train_time:30018ms step_avg:143.63ms
step:220/5100 train_loss:4.9397 train_time:30162ms step_avg:143.63ms
step:221/5100 train_loss:4.8777 train_time:30305ms step_avg:143.62ms
step:222/5100 train_loss:4.9586 train_time:30447ms step_avg:143.62ms
step:223/5100 train_loss:4.9550 train_time:30595ms step_avg:143.64ms
step:224/5100 train_loss:4.9026 train_time:30735ms step_avg:143.62ms
step:225/5100 train_loss:4.9422 train_time:30877ms step_avg:143.61ms
step:226/5100 train_loss:4.8093 train_time:31018ms step_avg:143.60ms
step:227/5100 train_loss:4.9313 train_time:31165ms step_avg:143.62ms
step:228/5100 train_loss:4.8709 train_time:31302ms step_avg:143.59ms
step:229/5100 train_loss:4.9972 train_time:31446ms step_avg:143.59ms
step:230/5100 train_loss:4.9090 train_time:31593ms step_avg:143.60ms
step:231/5100 train_loss:4.9759 train_time:31736ms step_avg:143.60ms
step:232/5100 train_loss:5.0176 train_time:31883ms step_avg:143.62ms
step:233/5100 train_loss:4.7641 train_time:32025ms step_avg:143.61ms
step:234/5100 train_loss:4.9025 train_time:32170ms step_avg:143.62ms
step:235/5100 train_loss:4.8546 train_time:32309ms step_avg:143.59ms
step:236/5100 train_loss:4.8505 train_time:32451ms step_avg:143.59ms
step:237/5100 train_loss:4.8967 train_time:32593ms step_avg:143.58ms
step:238/5100 train_loss:4.9645 train_time:32741ms step_avg:143.60ms
step:239/5100 train_loss:4.9053 train_time:32883ms step_avg:143.59ms
step:240/5100 train_loss:4.8795 train_time:33022ms step_avg:143.57ms
step:241/5100 train_loss:4.7956 train_time:33168ms step_avg:143.58ms
step:242/5100 train_loss:4.7861 train_time:33307ms step_avg:143.56ms
step:243/5100 train_loss:4.8494 train_time:33449ms step_avg:143.56ms
step:244/5100 train_loss:4.9847 train_time:33595ms step_avg:143.57ms
step:245/5100 train_loss:4.8343 train_time:33734ms step_avg:143.55ms
step:246/5100 train_loss:4.8820 train_time:33879ms step_avg:143.55ms
step:247/5100 train_loss:4.8140 train_time:34023ms step_avg:143.56ms
step:248/5100 train_loss:4.8279 train_time:34167ms step_avg:143.56ms
step:249/5100 train_loss:4.9714 train_time:34313ms step_avg:143.57ms
step:250/5100 train_loss:4.7715 train_time:34454ms step_avg:143.56ms
step:251/5100 train_loss:4.8544 train_time:34600ms step_avg:143.57ms
step:252/5100 train_loss:4.9080 train_time:34752ms step_avg:143.60ms
step:253/5100 train_loss:4.8118 train_time:34898ms step_avg:143.61ms
step:254/5100 train_loss:4.7226 train_time:35046ms step_avg:143.63ms
step:255/5100 train_loss:4.7614 train_time:35195ms step_avg:143.65ms
step:256/5100 train_loss:4.9256 train_time:35335ms step_avg:143.64ms
step:257/5100 train_loss:4.9596 train_time:35480ms step_avg:143.65ms
step:258/5100 train_loss:4.7234 train_time:35623ms step_avg:143.64ms
step:259/5100 train_loss:4.8617 train_time:35766ms step_avg:143.64ms
step:260/5100 train_loss:4.6877 train_time:35911ms step_avg:143.64ms
step:261/5100 train_loss:4.8584 train_time:36056ms step_avg:143.65ms
step:262/5100 train_loss:4.8481 train_time:36196ms step_avg:143.64ms
step:263/5100 train_loss:4.8048 train_time:36337ms step_avg:143.63ms
step:264/5100 train_loss:4.7453 train_time:36478ms step_avg:143.62ms
step:265/5100 train_loss:4.9619 train_time:36618ms step_avg:143.60ms
step:266/5100 train_loss:4.7399 train_time:36760ms step_avg:143.60ms
step:267/5100 train_loss:4.7710 train_time:36903ms step_avg:143.59ms
step:268/5100 train_loss:4.7360 train_time:37050ms step_avg:143.61ms
step:269/5100 train_loss:4.8909 train_time:37195ms step_avg:143.61ms
step:270/5100 train_loss:4.9278 train_time:37340ms step_avg:143.62ms
step:271/5100 train_loss:4.8879 train_time:37485ms step_avg:143.62ms
step:272/5100 train_loss:4.8406 train_time:37626ms step_avg:143.61ms
step:273/5100 train_loss:4.9109 train_time:37780ms step_avg:143.65ms
step:274/5100 train_loss:4.6665 train_time:37921ms step_avg:143.64ms
step:275/5100 train_loss:4.7544 train_time:38066ms step_avg:143.65ms
step:276/5100 train_loss:4.8192 train_time:38211ms step_avg:143.65ms
step:277/5100 train_loss:4.7786 train_time:38357ms step_avg:143.66ms
step:278/5100 train_loss:4.7233 train_time:38500ms step_avg:143.66ms
step:279/5100 train_loss:4.7878 train_time:38643ms step_avg:143.65ms
step:280/5100 train_loss:4.7628 train_time:38786ms step_avg:143.65ms
step:281/5100 train_loss:4.7450 train_time:38929ms step_avg:143.65ms
step:282/5100 train_loss:4.7665 train_time:39072ms step_avg:143.65ms
step:283/5100 train_loss:4.6491 train_time:39216ms step_avg:143.65ms
step:284/5100 train_loss:4.7570 train_time:39363ms step_avg:143.66ms
step:285/5100 train_loss:4.7812 train_time:39506ms step_avg:143.66ms
step:286/5100 train_loss:4.7302 train_time:39651ms step_avg:143.66ms
step:287/5100 train_loss:4.7654 train_time:39792ms step_avg:143.65ms
step:288/5100 train_loss:4.7453 train_time:39936ms step_avg:143.65ms
step:289/5100 train_loss:4.7875 train_time:40084ms step_avg:143.67ms
step:290/5100 train_loss:4.6140 train_time:40224ms step_avg:143.66ms
step:291/5100 train_loss:4.7985 train_time:40372ms step_avg:143.67ms
step:292/5100 train_loss:4.6532 train_time:40517ms step_avg:143.68ms
step:293/5100 train_loss:4.7699 train_time:40663ms step_avg:143.69ms
step:294/5100 train_loss:4.7406 train_time:40803ms step_avg:143.67ms
step:295/5100 train_loss:4.6623 train_time:40947ms step_avg:143.67ms
step:296/5100 train_loss:4.7744 train_time:41095ms step_avg:143.69ms
step:297/5100 train_loss:4.8160 train_time:41237ms step_avg:143.68ms
step:298/5100 train_loss:4.6937 train_time:41380ms step_avg:143.68ms
step:299/5100 train_loss:4.6702 train_time:41520ms step_avg:143.67ms
step:300/5100 train_loss:4.5955 train_time:41663ms step_avg:143.67ms
step:301/5100 train_loss:4.7475 train_time:41805ms step_avg:143.66ms
step:302/5100 train_loss:4.6948 train_time:41949ms step_avg:143.66ms
step:303/5100 train_loss:4.5768 train_time:42094ms step_avg:143.67ms
step:304/5100 train_loss:4.5775 train_time:42241ms step_avg:143.68ms
step:305/5100 train_loss:4.7493 train_time:42381ms step_avg:143.66ms
step:306/5100 train_loss:4.7689 train_time:42524ms step_avg:143.66ms
step:307/5100 train_loss:4.5843 train_time:42667ms step_avg:143.66ms
step:308/5100 train_loss:4.7143 train_time:42806ms step_avg:143.65ms
step:309/5100 train_loss:4.6917 train_time:42949ms step_avg:143.64ms
step:310/5100 train_loss:4.8737 train_time:43088ms step_avg:143.63ms
step:311/5100 train_loss:4.6729 train_time:43235ms step_avg:143.64ms
step:312/5100 train_loss:4.5822 train_time:43380ms step_avg:143.64ms
step:313/5100 train_loss:4.7900 train_time:43522ms step_avg:143.64ms
step:314/5100 train_loss:4.5762 train_time:43668ms step_avg:143.65ms
step:315/5100 train_loss:4.6887 train_time:43812ms step_avg:143.64ms
step:316/5100 train_loss:4.2983 train_time:43960ms step_avg:143.66ms
step:317/5100 train_loss:4.5920 train_time:44098ms step_avg:143.64ms
step:318/5100 train_loss:4.6591 train_time:44242ms step_avg:143.64ms
step:319/5100 train_loss:4.6119 train_time:44388ms step_avg:143.65ms
step:320/5100 train_loss:4.6260 train_time:44531ms step_avg:143.65ms
step:321/5100 train_loss:4.6640 train_time:44674ms step_avg:143.65ms
step:322/5100 train_loss:4.5747 train_time:44818ms step_avg:143.65ms
step:323/5100 train_loss:4.5418 train_time:44962ms step_avg:143.65ms
step:324/5100 train_loss:4.6065 train_time:45105ms step_avg:143.65ms
step:325/5100 train_loss:4.6198 train_time:45252ms step_avg:143.66ms
step:326/5100 train_loss:4.6613 train_time:45399ms step_avg:143.67ms
step:327/5100 train_loss:4.6585 train_time:45543ms step_avg:143.67ms
step:328/5100 train_loss:4.6722 train_time:45687ms step_avg:143.67ms
step:329/5100 train_loss:5.1337 train_time:45832ms step_avg:143.67ms
step:330/5100 train_loss:4.6817 train_time:45979ms step_avg:143.68ms
step:331/5100 train_loss:4.6393 train_time:46121ms step_avg:143.68ms
step:332/5100 train_loss:4.5774 train_time:46265ms step_avg:143.68ms
step:333/5100 train_loss:4.6139 train_time:46409ms step_avg:143.68ms
step:334/5100 train_loss:4.5422 train_time:46551ms step_avg:143.68ms
step:335/5100 train_loss:4.5277 train_time:46697ms step_avg:143.68ms
step:336/5100 train_loss:4.6297 train_time:46837ms step_avg:143.67ms
step:337/5100 train_loss:4.6105 train_time:46981ms step_avg:143.67ms
step:338/5100 train_loss:4.5570 train_time:47126ms step_avg:143.68ms
step:339/5100 train_loss:4.5762 train_time:47271ms step_avg:143.68ms
step:340/5100 train_loss:4.5124 train_time:47419ms step_avg:143.69ms
step:341/5100 train_loss:4.6322 train_time:47559ms step_avg:143.68ms
step:342/5100 train_loss:4.6420 train_time:47705ms step_avg:143.69ms
step:343/5100 train_loss:4.5764 train_time:47843ms step_avg:143.67ms
step:344/5100 train_loss:4.7168 train_time:47985ms step_avg:143.67ms
step:345/5100 train_loss:4.5989 train_time:48128ms step_avg:143.66ms
step:346/5100 train_loss:4.5673 train_time:48273ms step_avg:143.67ms
step:347/5100 train_loss:4.5360 train_time:48413ms step_avg:143.66ms
step:348/5100 train_loss:4.6259 train_time:48558ms step_avg:143.66ms
step:349/5100 train_loss:4.6839 train_time:48698ms step_avg:143.65ms
step:350/5100 train_loss:4.5569 train_time:48839ms step_avg:143.64ms
step:351/5100 train_loss:4.5955 train_time:48984ms step_avg:143.65ms
step:352/5100 train_loss:4.4769 train_time:49122ms step_avg:143.63ms
step:353/5100 train_loss:4.7815 train_time:49268ms step_avg:143.64ms
step:354/5100 train_loss:4.5166 train_time:49410ms step_avg:143.63ms
step:355/5100 train_loss:4.5967 train_time:49549ms step_avg:143.62ms
step:356/5100 train_loss:4.7444 train_time:49693ms step_avg:143.62ms
step:357/5100 train_loss:4.5004 train_time:49833ms step_avg:143.61ms
step:358/5100 train_loss:4.5333 train_time:49979ms step_avg:143.62ms
step:359/5100 train_loss:4.5161 train_time:50120ms step_avg:143.61ms
step:360/5100 train_loss:4.4318 train_time:50267ms step_avg:143.62ms
step:361/5100 train_loss:4.5297 train_time:50404ms step_avg:143.60ms
step:362/5100 train_loss:4.5182 train_time:50547ms step_avg:143.60ms
step:363/5100 train_loss:4.5329 train_time:50691ms step_avg:143.60ms
step:364/5100 train_loss:4.5802 train_time:50831ms step_avg:143.59ms
step:365/5100 train_loss:4.5994 train_time:50971ms step_avg:143.58ms
step:366/5100 train_loss:4.5617 train_time:51118ms step_avg:143.59ms
step:367/5100 train_loss:4.5119 train_time:51260ms step_avg:143.59ms
step:368/5100 train_loss:4.5308 train_time:51399ms step_avg:143.57ms
step:369/5100 train_loss:4.5079 train_time:51541ms step_avg:143.57ms
step:370/5100 train_loss:4.4592 train_time:51684ms step_avg:143.57ms
step:371/5100 train_loss:4.4924 train_time:51825ms step_avg:143.56ms
step:372/5100 train_loss:4.5665 train_time:51968ms step_avg:143.56ms
step:373/5100 train_loss:4.5071 train_time:52110ms step_avg:143.55ms
step:374/5100 train_loss:4.5599 train_time:52258ms step_avg:143.57ms
step:375/5100 train_loss:4.5082 train_time:52402ms step_avg:143.57ms
step:376/5100 train_loss:4.6182 train_time:52542ms step_avg:143.56ms
step:377/5100 train_loss:4.5427 train_time:52687ms step_avg:143.56ms
step:378/5100 train_loss:4.5214 train_time:52829ms step_avg:143.56ms
step:379/5100 train_loss:4.5813 train_time:52975ms step_avg:143.56ms
step:380/5100 train_loss:4.4668 train_time:53119ms step_avg:143.57ms
step:381/5100 train_loss:4.5327 train_time:53265ms step_avg:143.57ms
step:382/5100 train_loss:4.3926 train_time:53407ms step_avg:143.57ms
step:383/5100 train_loss:4.5164 train_time:53554ms step_avg:143.58ms
step:384/5100 train_loss:4.4641 train_time:53697ms step_avg:143.58ms
step:385/5100 train_loss:4.4449 train_time:53841ms step_avg:143.57ms
step:386/5100 train_loss:4.4942 train_time:53985ms step_avg:143.58ms
step:387/5100 train_loss:4.4339 train_time:54126ms step_avg:143.57ms
step:388/5100 train_loss:4.6274 train_time:54274ms step_avg:143.58ms
step:389/5100 train_loss:4.6345 train_time:54418ms step_avg:143.58ms
step:390/5100 train_loss:4.5364 train_time:54564ms step_avg:143.59ms
step:391/5100 train_loss:4.5236 train_time:54712ms step_avg:143.60ms
step:392/5100 train_loss:4.4784 train_time:54859ms step_avg:143.61ms
step:393/5100 train_loss:4.4684 train_time:55005ms step_avg:143.62ms
step:394/5100 train_loss:4.5396 train_time:55146ms step_avg:143.61ms
step:395/5100 train_loss:4.4202 train_time:55292ms step_avg:143.62ms
step:396/5100 train_loss:4.5155 train_time:55436ms step_avg:143.62ms
step:397/5100 train_loss:4.4797 train_time:55585ms step_avg:143.63ms
step:398/5100 train_loss:4.5153 train_time:55727ms step_avg:143.63ms
step:399/5100 train_loss:4.4776 train_time:55873ms step_avg:143.63ms
step:400/5100 train_loss:4.4115 train_time:56013ms step_avg:143.62ms
step:401/5100 train_loss:4.4124 train_time:56159ms step_avg:143.63ms
step:402/5100 train_loss:4.4151 train_time:56302ms step_avg:143.63ms
step:403/5100 train_loss:4.2356 train_time:56446ms step_avg:143.63ms
step:404/5100 train_loss:4.3447 train_time:56587ms step_avg:143.62ms
step:405/5100 train_loss:4.5561 train_time:56732ms step_avg:143.62ms
step:406/5100 train_loss:4.4919 train_time:56880ms step_avg:143.64ms
step:407/5100 train_loss:4.4856 train_time:57020ms step_avg:143.63ms
step:408/5100 train_loss:4.3997 train_time:57165ms step_avg:143.63ms
step:409/5100 train_loss:4.5459 train_time:57308ms step_avg:143.63ms
step:410/5100 train_loss:4.4810 train_time:57454ms step_avg:143.63ms
step:411/5100 train_loss:4.4550 train_time:57598ms step_avg:143.64ms
step:412/5100 train_loss:4.4457 train_time:57743ms step_avg:143.64ms
step:413/5100 train_loss:4.5351 train_time:57888ms step_avg:143.64ms
step:414/5100 train_loss:4.4709 train_time:58031ms step_avg:143.64ms
step:415/5100 train_loss:4.9586 train_time:58177ms step_avg:143.65ms
step:416/5100 train_loss:4.3857 train_time:58317ms step_avg:143.64ms
step:417/5100 train_loss:4.4463 train_time:58461ms step_avg:143.64ms
step:418/5100 train_loss:4.4856 train_time:58603ms step_avg:143.64ms
step:419/5100 train_loss:4.4958 train_time:58747ms step_avg:143.64ms
step:420/5100 train_loss:4.5478 train_time:58895ms step_avg:143.65ms
step:421/5100 train_loss:4.4591 train_time:59034ms step_avg:143.64ms
step:422/5100 train_loss:4.4141 train_time:59181ms step_avg:143.64ms
step:423/5100 train_loss:4.4791 train_time:59322ms step_avg:143.64ms
step:424/5100 train_loss:4.5318 train_time:59463ms step_avg:143.63ms
step:425/5100 train_loss:4.4832 train_time:59609ms step_avg:143.64ms
step:426/5100 train_loss:4.4003 train_time:59754ms step_avg:143.64ms
step:427/5100 train_loss:4.5758 train_time:59897ms step_avg:143.64ms
step:428/5100 train_loss:4.5500 train_time:60041ms step_avg:143.64ms
step:428/5100 val_loss:4.4468 train_time:60051ms step_avg:143.66ms
step:429/5100 train_loss:4.4239 train_time:60187ms step_avg:143.64ms
step:430/5100 train_loss:4.4124 train_time:60332ms step_avg:143.65ms
step:431/5100 train_loss:4.3631 train_time:60478ms step_avg:143.65ms
step:432/5100 train_loss:4.3100 train_time:60622ms step_avg:143.65ms
step:433/5100 train_loss:4.4939 train_time:60767ms step_avg:143.66ms
step:434/5100 train_loss:4.4239 train_time:60909ms step_avg:143.65ms
step:435/5100 train_loss:4.4795 train_time:61053ms step_avg:143.65ms
step:436/5100 train_loss:4.5488 train_time:61198ms step_avg:143.66ms
step:437/5100 train_loss:4.4563 train_time:61342ms step_avg:143.66ms
step:438/5100 train_loss:4.4824 train_time:61487ms step_avg:143.66ms
step:439/5100 train_loss:4.4081 train_time:61629ms step_avg:143.66ms
step:440/5100 train_loss:4.4788 train_time:61775ms step_avg:143.66ms
step:441/5100 train_loss:4.6113 train_time:61915ms step_avg:143.65ms
step:442/5100 train_loss:4.4016 train_time:62063ms step_avg:143.66ms
step:443/5100 train_loss:4.4603 train_time:62206ms step_avg:143.66ms
step:444/5100 train_loss:4.4288 train_time:62352ms step_avg:143.67ms
step:445/5100 train_loss:4.3922 train_time:62492ms step_avg:143.66ms
step:446/5100 train_loss:4.4352 train_time:62633ms step_avg:143.65ms
step:447/5100 train_loss:4.4591 train_time:62771ms step_avg:143.64ms
step:448/5100 train_loss:4.5740 train_time:62910ms step_avg:143.63ms
step:449/5100 train_loss:4.4155 train_time:63055ms step_avg:143.63ms
step:450/5100 train_loss:4.4348 train_time:63195ms step_avg:143.63ms
step:451/5100 train_loss:4.5674 train_time:63342ms step_avg:143.63ms
step:452/5100 train_loss:4.3037 train_time:63483ms step_avg:143.63ms
step:453/5100 train_loss:4.6291 train_time:63626ms step_avg:143.62ms
step:454/5100 train_loss:4.3704 train_time:63770ms step_avg:143.63ms
step:455/5100 train_loss:4.4949 train_time:63911ms step_avg:143.62ms
step:456/5100 train_loss:4.4504 train_time:64054ms step_avg:143.62ms
step:457/5100 train_loss:4.4582 train_time:64199ms step_avg:143.62ms
step:458/5100 train_loss:4.3905 train_time:64348ms step_avg:143.63ms
step:459/5100 train_loss:4.5068 train_time:64489ms step_avg:143.63ms
step:460/5100 train_loss:4.4047 train_time:64634ms step_avg:143.63ms
step:461/5100 train_loss:4.6098 train_time:64778ms step_avg:143.63ms
step:462/5100 train_loss:4.4204 train_time:64921ms step_avg:143.63ms
step:463/5100 train_loss:4.4877 train_time:65067ms step_avg:143.63ms
step:464/5100 train_loss:4.4207 train_time:65209ms step_avg:143.63ms
step:465/5100 train_loss:4.4474 train_time:65353ms step_avg:143.63ms
step:466/5100 train_loss:4.3713 train_time:65492ms step_avg:143.62ms
step:467/5100 train_loss:4.4243 train_time:65635ms step_avg:143.62ms
step:468/5100 train_loss:4.3416 train_time:65780ms step_avg:143.62ms
step:469/5100 train_loss:4.4097 train_time:65923ms step_avg:143.62ms
step:470/5100 train_loss:4.5018 train_time:66067ms step_avg:143.62ms
step:471/5100 train_loss:4.4280 train_time:66212ms step_avg:143.63ms
step:472/5100 train_loss:4.4398 train_time:66356ms step_avg:143.63ms
step:473/5100 train_loss:4.3464 train_time:66499ms step_avg:143.63ms
step:474/5100 train_loss:4.3681 train_time:66643ms step_avg:143.63ms
step:475/5100 train_loss:4.4079 train_time:66784ms step_avg:143.62ms
step:476/5100 train_loss:4.3892 train_time:66927ms step_avg:143.62ms
step:477/5100 train_loss:4.4011 train_time:67071ms step_avg:143.62ms
step:478/5100 train_loss:4.3211 train_time:67211ms step_avg:143.61ms
step:479/5100 train_loss:4.3800 train_time:67355ms step_avg:143.61ms
step:480/5100 train_loss:4.4071 train_time:67493ms step_avg:143.60ms
step:481/5100 train_loss:4.3867 train_time:67640ms step_avg:143.61ms
step:482/5100 train_loss:4.2667 train_time:67780ms step_avg:143.60ms
step:483/5100 train_loss:4.3819 train_time:67921ms step_avg:143.60ms
step:484/5100 train_loss:4.4043 train_time:68066ms step_avg:143.60ms
step:485/5100 train_loss:4.4560 train_time:68209ms step_avg:143.60ms
step:486/5100 train_loss:4.4368 train_time:68354ms step_avg:143.60ms
step:487/5100 train_loss:4.3391 train_time:68499ms step_avg:143.60ms
step:488/5100 train_loss:4.3165 train_time:68646ms step_avg:143.61ms
step:489/5100 train_loss:4.2399 train_time:68786ms step_avg:143.60ms
step:490/5100 train_loss:4.3301 train_time:68929ms step_avg:143.60ms
step:491/5100 train_loss:4.4121 train_time:69072ms step_avg:143.60ms
step:492/5100 train_loss:4.4238 train_time:69215ms step_avg:143.60ms
step:493/5100 train_loss:4.3170 train_time:69361ms step_avg:143.60ms
step:494/5100 train_loss:4.5166 train_time:69504ms step_avg:143.60ms
step:495/5100 train_loss:4.3403 train_time:69650ms step_avg:143.61ms
step:496/5100 train_loss:4.2640 train_time:69792ms step_avg:143.61ms
step:497/5100 train_loss:4.3688 train_time:69940ms step_avg:143.61ms
step:498/5100 train_loss:4.4109 train_time:70082ms step_avg:143.61ms
step:499/5100 train_loss:4.4153 train_time:70227ms step_avg:143.61ms
step:500/5100 train_loss:4.3247 train_time:70370ms step_avg:143.61ms
step:501/5100 train_loss:4.4100 train_time:70514ms step_avg:143.61ms
step:502/5100 train_loss:4.3549 train_time:70659ms step_avg:143.62ms
step:503/5100 train_loss:4.4099 train_time:70801ms step_avg:143.61ms
step:504/5100 train_loss:4.3002 train_time:70946ms step_avg:143.62ms
step:505/5100 train_loss:4.3432 train_time:71087ms step_avg:143.61ms
step:506/5100 train_loss:4.3983 train_time:71226ms step_avg:143.60ms
step:507/5100 train_loss:4.4100 train_time:71370ms step_avg:143.60ms
step:508/5100 train_loss:4.5019 train_time:71511ms step_avg:143.60ms
step:509/5100 train_loss:4.4347 train_time:71654ms step_avg:143.60ms
step:510/5100 train_loss:4.3697 train_time:71798ms step_avg:143.60ms
step:511/5100 train_loss:4.2622 train_time:71944ms step_avg:143.60ms
step:512/5100 train_loss:4.4623 train_time:72086ms step_avg:143.60ms
step:513/5100 train_loss:4.3744 train_time:72228ms step_avg:143.59ms
step:514/5100 train_loss:4.5096 train_time:72370ms step_avg:143.59ms
step:515/5100 train_loss:4.4395 train_time:72513ms step_avg:143.59ms
step:516/5100 train_loss:4.4191 train_time:72658ms step_avg:143.59ms
step:517/5100 train_loss:4.3704 train_time:72799ms step_avg:143.59ms
step:518/5100 train_loss:4.3003 train_time:72944ms step_avg:143.59ms
step:519/5100 train_loss:4.1033 train_time:73087ms step_avg:143.59ms
step:520/5100 train_loss:4.3830 train_time:73226ms step_avg:143.58ms
step:521/5100 train_loss:4.2521 train_time:73368ms step_avg:143.58ms
step:522/5100 train_loss:4.3724 train_time:73511ms step_avg:143.58ms
step:523/5100 train_loss:4.3738 train_time:73655ms step_avg:143.58ms
step:524/5100 train_loss:4.4159 train_time:73794ms step_avg:143.57ms
step:525/5100 train_loss:4.3526 train_time:73934ms step_avg:143.56ms
step:526/5100 train_loss:4.3187 train_time:74078ms step_avg:143.56ms
step:527/5100 train_loss:4.2853 train_time:74221ms step_avg:143.56ms
step:528/5100 train_loss:4.3689 train_time:74368ms step_avg:143.57ms
step:529/5100 train_loss:4.4009 train_time:74508ms step_avg:143.56ms
step:530/5100 train_loss:4.4265 train_time:74655ms step_avg:143.57ms
step:531/5100 train_loss:4.3246 train_time:74794ms step_avg:143.56ms
step:532/5100 train_loss:4.2569 train_time:74943ms step_avg:143.57ms
step:533/5100 train_loss:4.3251 train_time:75083ms step_avg:143.56ms
step:534/5100 train_loss:4.3493 train_time:75226ms step_avg:143.56ms
step:535/5100 train_loss:4.3650 train_time:75369ms step_avg:143.56ms
step:536/5100 train_loss:4.3391 train_time:75510ms step_avg:143.55ms
step:537/5100 train_loss:4.2695 train_time:75653ms step_avg:143.55ms
step:538/5100 train_loss:4.5719 train_time:75798ms step_avg:143.56ms
step:539/5100 train_loss:4.3738 train_time:75943ms step_avg:143.56ms
step:540/5100 train_loss:4.2974 train_time:76087ms step_avg:143.56ms
step:541/5100 train_loss:4.2724 train_time:76231ms step_avg:143.56ms
step:542/5100 train_loss:4.2131 train_time:76376ms step_avg:143.56ms
step:543/5100 train_loss:4.4039 train_time:76521ms step_avg:143.57ms
step:544/5100 train_loss:4.2551 train_time:76667ms step_avg:143.57ms
step:545/5100 train_loss:4.3748 train_time:76809ms step_avg:143.57ms
step:546/5100 train_loss:4.4266 train_time:76954ms step_avg:143.57ms
step:547/5100 train_loss:4.2624 train_time:77099ms step_avg:143.57ms
step:548/5100 train_loss:4.3734 train_time:77244ms step_avg:143.58ms
step:549/5100 train_loss:4.2616 train_time:77388ms step_avg:143.58ms
step:550/5100 train_loss:4.3387 train_time:77528ms step_avg:143.57ms
step:551/5100 train_loss:4.3113 train_time:77676ms step_avg:143.58ms
step:552/5100 train_loss:4.3432 train_time:77817ms step_avg:143.57ms
step:553/5100 train_loss:4.4652 train_time:77965ms step_avg:143.58ms
step:554/5100 train_loss:4.3299 train_time:78107ms step_avg:143.58ms
step:555/5100 train_loss:4.2403 train_time:78249ms step_avg:143.58ms
step:556/5100 train_loss:4.3966 train_time:78392ms step_avg:143.58ms
step:557/5100 train_loss:4.3815 train_time:78536ms step_avg:143.58ms
step:558/5100 train_loss:4.4248 train_time:78682ms step_avg:143.58ms
step:559/5100 train_loss:4.2853 train_time:78827ms step_avg:143.58ms
step:560/5100 train_loss:4.4351 train_time:78972ms step_avg:143.59ms
step:561/5100 train_loss:4.3867 train_time:79114ms step_avg:143.58ms
step:562/5100 train_loss:4.3204 train_time:79258ms step_avg:143.58ms
step:563/5100 train_loss:4.1401 train_time:79402ms step_avg:143.58ms
step:564/5100 train_loss:4.3436 train_time:79547ms step_avg:143.59ms
step:565/5100 train_loss:4.3549 train_time:79691ms step_avg:143.59ms
step:566/5100 train_loss:4.2944 train_time:79829ms step_avg:143.58ms
step:567/5100 train_loss:4.5235 train_time:79973ms step_avg:143.58ms
step:568/5100 train_loss:4.4791 train_time:80119ms step_avg:143.58ms
step:569/5100 train_loss:4.3354 train_time:80266ms step_avg:143.59ms
step:570/5100 train_loss:4.2852 train_time:80407ms step_avg:143.58ms
step:571/5100 train_loss:4.2731 train_time:80551ms step_avg:143.59ms
step:572/5100 train_loss:4.3543 train_time:80692ms step_avg:143.58ms
step:573/5100 train_loss:4.3273 train_time:80833ms step_avg:143.58ms
step:574/5100 train_loss:4.3329 train_time:80976ms step_avg:143.58ms
step:575/5100 train_loss:4.3008 train_time:81119ms step_avg:143.57ms
step:576/5100 train_loss:4.4246 train_time:81266ms step_avg:143.58ms
step:577/5100 train_loss:4.2078 train_time:81405ms step_avg:143.57ms
step:578/5100 train_loss:4.3215 train_time:81549ms step_avg:143.57ms
step:579/5100 train_loss:4.2787 train_time:81693ms step_avg:143.57ms
step:580/5100 train_loss:4.2777 train_time:81839ms step_avg:143.58ms
step:581/5100 train_loss:4.4046 train_time:81983ms step_avg:143.58ms
step:582/5100 train_loss:4.2103 train_time:82123ms step_avg:143.57ms
step:583/5100 train_loss:4.2643 train_time:82266ms step_avg:143.57ms
step:584/5100 train_loss:4.2941 train_time:82409ms step_avg:143.57ms
step:585/5100 train_loss:4.2368 train_time:82552ms step_avg:143.57ms
step:586/5100 train_loss:4.3006 train_time:82693ms step_avg:143.56ms
step:587/5100 train_loss:4.2638 train_time:82839ms step_avg:143.57ms
step:588/5100 train_loss:4.3508 train_time:82982ms step_avg:143.57ms
step:589/5100 train_loss:4.2717 train_time:83124ms step_avg:143.56ms
step:590/5100 train_loss:4.3845 train_time:83268ms step_avg:143.57ms
step:591/5100 train_loss:4.2862 train_time:83411ms step_avg:143.56ms
step:592/5100 train_loss:4.1945 train_time:83552ms step_avg:143.56ms
step:593/5100 train_loss:4.3477 train_time:83695ms step_avg:143.56ms
step:594/5100 train_loss:4.3315 train_time:83840ms step_avg:143.56ms
step:595/5100 train_loss:4.2294 train_time:83983ms step_avg:143.56ms
step:596/5100 train_loss:4.3261 train_time:84124ms step_avg:143.56ms
step:597/5100 train_loss:4.4307 train_time:84269ms step_avg:143.56ms
step:598/5100 train_loss:4.3958 train_time:84414ms step_avg:143.56ms
step:599/5100 train_loss:4.3660 train_time:84562ms step_avg:143.57ms
step:600/5100 train_loss:4.2104 train_time:84709ms step_avg:143.57ms
step:601/5100 train_loss:4.2982 train_time:84854ms step_avg:143.58ms
step:602/5100 train_loss:4.2897 train_time:84994ms step_avg:143.57ms
step:603/5100 train_loss:4.3382 train_time:85136ms step_avg:143.57ms
step:604/5100 train_loss:4.2801 train_time:85280ms step_avg:143.57ms
step:605/5100 train_loss:4.3122 train_time:85422ms step_avg:143.57ms
step:606/5100 train_loss:4.2349 train_time:85566ms step_avg:143.57ms
step:607/5100 train_loss:4.2305 train_time:85709ms step_avg:143.57ms
step:608/5100 train_loss:4.1688 train_time:85855ms step_avg:143.57ms
step:609/5100 train_loss:4.1876 train_time:85997ms step_avg:143.57ms
step:610/5100 train_loss:4.2835 train_time:86145ms step_avg:143.57ms
step:611/5100 train_loss:4.2203 train_time:86288ms step_avg:143.57ms
step:612/5100 train_loss:4.3203 train_time:86432ms step_avg:143.57ms
step:613/5100 train_loss:4.2343 train_time:86575ms step_avg:143.57ms
step:614/5100 train_loss:4.2515 train_time:86715ms step_avg:143.57ms
step:615/5100 train_loss:4.3525 train_time:86860ms step_avg:143.57ms
step:616/5100 train_loss:4.2030 train_time:87000ms step_avg:143.56ms
step:617/5100 train_loss:4.3179 train_time:87146ms step_avg:143.57ms
step:618/5100 train_loss:4.2514 train_time:87288ms step_avg:143.57ms
step:619/5100 train_loss:4.3720 train_time:87430ms step_avg:143.56ms
step:620/5100 train_loss:4.3960 train_time:87573ms step_avg:143.56ms
step:621/5100 train_loss:4.3141 train_time:87715ms step_avg:143.56ms
step:622/5100 train_loss:4.3124 train_time:87862ms step_avg:143.57ms
step:623/5100 train_loss:4.2441 train_time:88008ms step_avg:143.57ms
step:624/5100 train_loss:4.3522 train_time:88155ms step_avg:143.57ms
step:625/5100 train_loss:4.3498 train_time:88298ms step_avg:143.57ms
step:626/5100 train_loss:4.3021 train_time:88447ms step_avg:143.58ms
step:627/5100 train_loss:4.3028 train_time:88590ms step_avg:143.58ms
step:628/5100 train_loss:4.3312 train_time:88730ms step_avg:143.58ms
step:629/5100 train_loss:4.2659 train_time:88874ms step_avg:143.58ms
step:630/5100 train_loss:4.1842 train_time:89017ms step_avg:143.58ms
step:631/5100 train_loss:4.2401 train_time:89158ms step_avg:143.57ms
step:632/5100 train_loss:4.3201 train_time:89297ms step_avg:143.56ms
step:633/5100 train_loss:4.2330 train_time:89441ms step_avg:143.56ms
step:634/5100 train_loss:4.3051 train_time:89581ms step_avg:143.56ms
step:635/5100 train_loss:4.3732 train_time:89725ms step_avg:143.56ms
step:636/5100 train_loss:4.2370 train_time:89868ms step_avg:143.56ms
step:637/5100 train_loss:4.2191 train_time:90008ms step_avg:143.55ms
step:638/5100 train_loss:4.1750 train_time:90157ms step_avg:143.56ms
step:639/5100 train_loss:4.3965 train_time:90303ms step_avg:143.57ms
step:640/5100 train_loss:4.2435 train_time:90451ms step_avg:143.57ms
step:641/5100 train_loss:4.2896 train_time:90593ms step_avg:143.57ms
step:642/5100 train_loss:4.3679 train_time:90738ms step_avg:143.57ms
step:643/5100 train_loss:4.3331 train_time:90881ms step_avg:143.57ms
step:644/5100 train_loss:4.2772 train_time:91027ms step_avg:143.58ms
step:645/5100 train_loss:4.1823 train_time:91173ms step_avg:143.58ms
step:646/5100 train_loss:4.3316 train_time:91313ms step_avg:143.57ms
step:647/5100 train_loss:4.3011 train_time:91459ms step_avg:143.58ms
step:648/5100 train_loss:4.2698 train_time:91599ms step_avg:143.57ms
step:649/5100 train_loss:4.2381 train_time:91746ms step_avg:143.58ms
step:650/5100 train_loss:4.2704 train_time:91889ms step_avg:143.58ms
step:651/5100 train_loss:4.3275 train_time:92032ms step_avg:143.58ms
step:652/5100 train_loss:4.1970 train_time:92177ms step_avg:143.58ms
step:653/5100 train_loss:4.1793 train_time:92316ms step_avg:143.57ms
step:654/5100 train_loss:4.3058 train_time:92457ms step_avg:143.57ms
step:655/5100 train_loss:4.4024 train_time:92597ms step_avg:143.56ms
step:656/5100 train_loss:4.2552 train_time:92741ms step_avg:143.56ms
step:657/5100 train_loss:4.2147 train_time:92884ms step_avg:143.56ms
step:658/5100 train_loss:4.2710 train_time:93026ms step_avg:143.56ms
step:659/5100 train_loss:4.1223 train_time:93172ms step_avg:143.56ms
step:660/5100 train_loss:4.2911 train_time:93313ms step_avg:143.56ms
step:661/5100 train_loss:4.2939 train_time:93457ms step_avg:143.56ms
step:662/5100 train_loss:4.3396 train_time:93603ms step_avg:143.56ms
step:663/5100 train_loss:4.2250 train_time:93749ms step_avg:143.57ms
step:664/5100 train_loss:4.3433 train_time:93892ms step_avg:143.57ms
step:665/5100 train_loss:4.2320 train_time:94038ms step_avg:143.57ms
step:666/5100 train_loss:4.2235 train_time:94179ms step_avg:143.57ms
step:667/5100 train_loss:4.1524 train_time:94322ms step_avg:143.56ms
step:668/5100 train_loss:4.2705 train_time:94466ms step_avg:143.57ms
step:669/5100 train_loss:4.1776 train_time:94607ms step_avg:143.56ms
step:670/5100 train_loss:4.2309 train_time:94750ms step_avg:143.56ms
step:671/5100 train_loss:4.3126 train_time:94892ms step_avg:143.56ms
step:672/5100 train_loss:4.2230 train_time:95034ms step_avg:143.56ms
step:673/5100 train_loss:4.1668 train_time:95178ms step_avg:143.56ms
step:674/5100 train_loss:4.1936 train_time:95319ms step_avg:143.55ms
step:675/5100 train_loss:4.1769 train_time:95462ms step_avg:143.55ms
step:676/5100 train_loss:4.3039 train_time:95602ms step_avg:143.55ms
step:677/5100 train_loss:4.2175 train_time:95745ms step_avg:143.55ms
step:678/5100 train_loss:4.1786 train_time:95885ms step_avg:143.54ms
step:679/5100 train_loss:4.2823 train_time:96026ms step_avg:143.54ms
step:680/5100 train_loss:4.2168 train_time:96171ms step_avg:143.54ms
step:681/5100 train_loss:4.1053 train_time:96317ms step_avg:143.54ms
step:682/5100 train_loss:4.2661 train_time:96464ms step_avg:143.55ms
step:683/5100 train_loss:4.2548 train_time:96608ms step_avg:143.55ms
step:684/5100 train_loss:3.9893 train_time:96752ms step_avg:143.55ms
step:685/5100 train_loss:4.3283 train_time:96893ms step_avg:143.55ms
step:686/5100 train_loss:4.2730 train_time:97035ms step_avg:143.54ms
step:687/5100 train_loss:4.2851 train_time:97178ms step_avg:143.54ms
step:688/5100 train_loss:4.1914 train_time:97319ms step_avg:143.54ms
step:689/5100 train_loss:4.4096 train_time:97465ms step_avg:143.54ms
step:690/5100 train_loss:4.2675 train_time:97607ms step_avg:143.54ms
step:691/5100 train_loss:4.3390 train_time:97751ms step_avg:143.54ms
step:692/5100 train_loss:4.1908 train_time:97891ms step_avg:143.54ms
step:693/5100 train_loss:4.1224 train_time:98033ms step_avg:143.53ms
step:694/5100 train_loss:4.3238 train_time:98177ms step_avg:143.53ms
step:695/5100 train_loss:4.1988 train_time:98318ms step_avg:143.53ms
step:696/5100 train_loss:4.3200 train_time:98465ms step_avg:143.53ms
step:697/5100 train_loss:4.2180 train_time:98608ms step_avg:143.53ms
step:698/5100 train_loss:4.2393 train_time:98750ms step_avg:143.53ms
step:699/5100 train_loss:4.2252 train_time:98895ms step_avg:143.53ms
step:700/5100 train_loss:4.2901 train_time:99039ms step_avg:143.53ms
step:701/5100 train_loss:4.2556 train_time:99182ms step_avg:143.53ms
step:702/5100 train_loss:4.1756 train_time:99325ms step_avg:143.53ms
step:703/5100 train_loss:4.2299 train_time:99473ms step_avg:143.54ms
step:704/5100 train_loss:4.2403 train_time:99613ms step_avg:143.53ms
step:705/5100 train_loss:4.2353 train_time:99758ms step_avg:143.54ms
step:706/5100 train_loss:4.1477 train_time:99900ms step_avg:143.53ms
step:707/5100 train_loss:4.2303 train_time:100047ms step_avg:143.54ms
step:708/5100 train_loss:4.2962 train_time:100190ms step_avg:143.54ms
step:709/5100 train_loss:4.2299 train_time:100334ms step_avg:143.54ms
step:710/5100 train_loss:4.1767 train_time:100478ms step_avg:143.54ms
step:711/5100 train_loss:4.1562 train_time:100623ms step_avg:143.54ms
step:712/5100 train_loss:4.3063 train_time:100769ms step_avg:143.55ms
step:713/5100 train_loss:4.3168 train_time:100910ms step_avg:143.54ms
step:714/5100 train_loss:4.1943 train_time:101056ms step_avg:143.55ms
step:715/5100 train_loss:4.3592 train_time:101201ms step_avg:143.55ms
step:716/5100 train_loss:4.2339 train_time:101343ms step_avg:143.54ms
step:717/5100 train_loss:4.1723 train_time:101482ms step_avg:143.54ms
step:718/5100 train_loss:4.1580 train_time:101624ms step_avg:143.54ms
step:719/5100 train_loss:4.2842 train_time:101761ms step_avg:143.53ms
step:720/5100 train_loss:4.1978 train_time:101903ms step_avg:143.52ms
step:721/5100 train_loss:4.2155 train_time:102047ms step_avg:143.53ms
step:722/5100 train_loss:4.2437 train_time:102187ms step_avg:143.52ms
step:723/5100 train_loss:4.1838 train_time:102334ms step_avg:143.53ms
step:724/5100 train_loss:4.1099 train_time:102478ms step_avg:143.53ms
step:725/5100 train_loss:4.2317 train_time:102621ms step_avg:143.53ms
step:726/5100 train_loss:4.1954 train_time:102766ms step_avg:143.53ms
step:727/5100 train_loss:4.1867 train_time:102909ms step_avg:143.53ms
step:728/5100 train_loss:4.2482 train_time:103055ms step_avg:143.53ms
step:729/5100 train_loss:4.2773 train_time:103194ms step_avg:143.52ms
step:730/5100 train_loss:4.1940 train_time:103336ms step_avg:143.52ms
step:731/5100 train_loss:4.1363 train_time:103480ms step_avg:143.52ms
step:732/5100 train_loss:4.1819 train_time:103619ms step_avg:143.52ms
step:733/5100 train_loss:4.1649 train_time:103765ms step_avg:143.52ms
step:734/5100 train_loss:4.1997 train_time:103907ms step_avg:143.52ms
step:735/5100 train_loss:4.2472 train_time:104055ms step_avg:143.52ms
step:736/5100 train_loss:4.3762 train_time:104197ms step_avg:143.52ms
step:737/5100 train_loss:4.1199 train_time:104347ms step_avg:143.53ms
step:738/5100 train_loss:4.2014 train_time:104486ms step_avg:143.52ms
step:739/5100 train_loss:4.1064 train_time:104631ms step_avg:143.53ms
step:740/5100 train_loss:4.1928 train_time:104777ms step_avg:143.53ms
step:741/5100 train_loss:4.2719 train_time:104921ms step_avg:143.53ms
step:742/5100 train_loss:4.1782 train_time:105063ms step_avg:143.53ms
step:743/5100 train_loss:4.2397 train_time:105208ms step_avg:143.53ms
step:744/5100 train_loss:4.2046 train_time:105353ms step_avg:143.53ms
step:745/5100 train_loss:4.1340 train_time:105499ms step_avg:143.54ms
step:746/5100 train_loss:4.2182 train_time:105648ms step_avg:143.54ms
step:747/5100 train_loss:4.2347 train_time:105785ms step_avg:143.54ms
step:748/5100 train_loss:4.2479 train_time:105926ms step_avg:143.53ms
step:749/5100 train_loss:4.2900 train_time:106072ms step_avg:143.53ms
step:750/5100 train_loss:4.3503 train_time:106213ms step_avg:143.53ms
step:751/5100 train_loss:4.1621 train_time:106362ms step_avg:143.54ms
step:752/5100 train_loss:4.1836 train_time:106507ms step_avg:143.54ms
step:753/5100 train_loss:4.2191 train_time:106652ms step_avg:143.54ms
step:754/5100 train_loss:4.1557 train_time:106798ms step_avg:143.55ms
step:755/5100 train_loss:4.2410 train_time:106940ms step_avg:143.54ms
step:756/5100 train_loss:4.1621 train_time:107081ms step_avg:143.54ms
step:757/5100 train_loss:4.0854 train_time:107222ms step_avg:143.54ms
step:758/5100 train_loss:4.3074 train_time:107363ms step_avg:143.53ms
step:759/5100 train_loss:4.1800 train_time:107506ms step_avg:143.53ms
step:760/5100 train_loss:4.1372 train_time:107656ms step_avg:143.54ms
step:761/5100 train_loss:4.1354 train_time:107802ms step_avg:143.54ms
step:762/5100 train_loss:4.6277 train_time:108177ms step_avg:143.85ms
step:763/5100 train_loss:4.0843 train_time:108321ms step_avg:143.85ms
step:764/5100 train_loss:4.1545 train_time:108467ms step_avg:143.86ms
step:765/5100 train_loss:4.1415 train_time:108611ms step_avg:143.86ms
step:766/5100 train_loss:4.1216 train_time:108757ms step_avg:143.86ms
step:767/5100 train_loss:4.0289 train_time:108902ms step_avg:143.86ms
step:768/5100 train_loss:4.1501 train_time:109043ms step_avg:143.86ms
step:769/5100 train_loss:4.3577 train_time:109188ms step_avg:143.86ms
step:770/5100 train_loss:4.2331 train_time:109327ms step_avg:143.85ms
step:771/5100 train_loss:4.3039 train_time:109472ms step_avg:143.85ms
step:772/5100 train_loss:4.1388 train_time:109619ms step_avg:143.86ms
step:773/5100 train_loss:4.2831 train_time:109767ms step_avg:143.86ms
step:774/5100 train_loss:4.1899 train_time:109911ms step_avg:143.86ms
step:775/5100 train_loss:4.2144 train_time:110059ms step_avg:143.87ms
step:776/5100 train_loss:4.2864 train_time:110203ms step_avg:143.87ms
step:777/5100 train_loss:4.2240 train_time:110347ms step_avg:143.87ms
step:778/5100 train_loss:4.1912 train_time:110487ms step_avg:143.86ms
step:779/5100 train_loss:4.3140 train_time:110630ms step_avg:143.86ms
step:780/5100 train_loss:4.2932 train_time:110775ms step_avg:143.86ms
step:781/5100 train_loss:4.2507 train_time:110919ms step_avg:143.86ms
step:782/5100 train_loss:4.0772 train_time:111067ms step_avg:143.87ms
step:783/5100 train_loss:4.2929 train_time:111210ms step_avg:143.87ms
step:784/5100 train_loss:4.2131 train_time:111356ms step_avg:143.87ms
step:785/5100 train_loss:4.2060 train_time:111498ms step_avg:143.87ms
step:786/5100 train_loss:4.4066 train_time:111640ms step_avg:143.87ms
step:787/5100 train_loss:4.1725 train_time:111785ms step_avg:143.87ms
step:788/5100 train_loss:4.1190 train_time:111928ms step_avg:143.87ms
step:789/5100 train_loss:4.1961 train_time:112071ms step_avg:143.87ms
step:790/5100 train_loss:4.1858 train_time:112217ms step_avg:143.87ms
step:791/5100 train_loss:4.1606 train_time:112365ms step_avg:143.87ms
step:792/5100 train_loss:4.2575 train_time:112508ms step_avg:143.87ms
step:793/5100 train_loss:4.2059 train_time:112650ms step_avg:143.87ms
step:794/5100 train_loss:4.2671 train_time:112795ms step_avg:143.87ms
step:795/5100 train_loss:4.1658 train_time:112942ms step_avg:143.88ms
step:796/5100 train_loss:4.0872 train_time:113087ms step_avg:143.88ms
step:797/5100 train_loss:4.2135 train_time:113230ms step_avg:143.88ms
step:798/5100 train_loss:4.2051 train_time:113378ms step_avg:143.88ms
step:799/5100 train_loss:4.1527 train_time:113519ms step_avg:143.88ms
step:800/5100 train_loss:4.2616 train_time:113663ms step_avg:143.88ms
W0604 22:11:20.794000 119470 torch/distributed/elastic/agent/server/api.py:723] Received 15 death signal, shutting down workers
W0604 22:11:20.796000 119470 torch/distributed/elastic/multiprocessing/api.py:900] Sending process 119538 closing signal SIGTERM
Traceback (most recent call last):
  File "/usr/local/bin/torchrun", line 7, in <module>
    sys.exit(main())
             ^^^^^^
  File "/usr/local/lib/python3.12/dist-packages/torch/distributed/elastic/multiprocessing/errors/__init__.py", line 357, in wrapper
    return f(*args, **kwargs)
           ^^^^^^^^^^^^^^^^^^
  File "/usr/local/lib/python3.12/dist-packages/torch/distributed/run.py", line 901, in main
    run(args)
  File "/usr/local/lib/python3.12/dist-packages/torch/distributed/run.py", line 892, in run
    elastic_launch(
  File "/usr/local/lib/python3.12/dist-packages/torch/distributed/launcher/api.py", line 143, in __call__
    return launch_agent(self._config, self._entrypoint, list(args))
           ^^^^^^^^^^^^^^^^^^^^^^^^^^^^^^^^^^^^^^^^^^^^^^^^^^^^^^^^
  File "/usr/local/lib/python3.12/dist-packages/torch/distributed/launcher/api.py", line 268, in launch_agent
    result = agent.run()
             ^^^^^^^^^^^
  File "/usr/local/lib/python3.12/dist-packages/torch/distributed/elastic/metrics/api.py", line 138, in wrapper
    result = f(*args, **kwargs)
             ^^^^^^^^^^^^^^^^^^
  File "/usr/local/lib/python3.12/dist-packages/torch/distributed/elastic/agent/server/api.py", line 715, in run
    result = self._invoke_run(role)
             ^^^^^^^^^^^^^^^^^^^^^^
  File "/usr/local/lib/python3.12/dist-packages/torch/distributed/elastic/agent/server/api.py", line 879, in _invoke_run
    time.sleep(monitor_interval)
  File "/usr/local/lib/python3.12/dist-packages/torch/distributed/elastic/multiprocessing/api.py", line 84, in _terminate_process_handler
    raise SignalException(f"Process {os.getpid()} got signal: {sigval}", sigval=sigval)
torch.distributed.elastic.multiprocessing.api.SignalException: Process 119470 got signal: 15
