/workspace/modded-nanogpt/exp/baseline.py:27: SyntaxWarning: invalid escape sequence '\s'
  """
using device: cuda:0
Training DataLoader: total number of tokens: 2600000000 across 26 files
Validation DataLoader: total number of tokens: 100000000 across 1 files
training time budget: 300.0s (5.0 single-GPU min / 1 GPUs)
step:1/5100 train_loss:16.0118 train_time:132021ms step_avg:nanms
step:2/5100 train_loss:9.6371 train_time:133095ms step_avg:nanms
step:3/5100 train_loss:8.7664 train_time:134166ms step_avg:nanms
step:4/5100 train_loss:8.1951 train_time:135245ms step_avg:nanms
step:5/5100 train_loss:7.7980 train_time:136321ms step_avg:nanms
step:6/5100 train_loss:7.5697 train_time:137398ms step_avg:nanms
step:7/5100 train_loss:7.3487 train_time:138468ms step_avg:nanms
step:8/5100 train_loss:7.2620 train_time:139546ms step_avg:nanms
step:9/5100 train_loss:7.1051 train_time:140625ms step_avg:nanms
step:10/5100 train_loss:7.3603 train_time:141706ms step_avg:nanms
step:11/5100 train_loss:6.8583 train_time:1069ms step_avg:nanms
step:12/5100 train_loss:6.8763 train_time:2150ms step_avg:nanms
step:13/5100 train_loss:6.8836 train_time:3229ms step_avg:1076.44ms
step:14/5100 train_loss:6.6389 train_time:4311ms step_avg:1077.64ms
step:15/5100 train_loss:6.7709 train_time:5384ms step_avg:1076.86ms
step:16/5100 train_loss:6.7419 train_time:6472ms step_avg:1078.62ms
step:17/5100 train_loss:6.6025 train_time:7550ms step_avg:1078.59ms
step:18/5100 train_loss:6.5298 train_time:8629ms step_avg:1078.68ms
step:19/5100 train_loss:6.3844 train_time:9709ms step_avg:1078.74ms
step:20/5100 train_loss:6.4213 train_time:10786ms step_avg:1078.60ms
step:21/5100 train_loss:6.5343 train_time:11869ms step_avg:1079.02ms
step:22/5100 train_loss:6.4909 train_time:12954ms step_avg:1079.47ms
step:23/5100 train_loss:6.2028 train_time:14034ms step_avg:1079.52ms
step:24/5100 train_loss:6.1677 train_time:15115ms step_avg:1079.63ms
step:25/5100 train_loss:6.2586 train_time:16191ms step_avg:1079.37ms
step:26/5100 train_loss:6.2223 train_time:17271ms step_avg:1079.43ms
step:27/5100 train_loss:6.3382 train_time:18352ms step_avg:1079.53ms
step:28/5100 train_loss:6.2066 train_time:19430ms step_avg:1079.44ms
step:29/5100 train_loss:6.1879 train_time:20509ms step_avg:1079.42ms
step:30/5100 train_loss:6.1168 train_time:21592ms step_avg:1079.62ms
step:31/5100 train_loss:6.1145 train_time:22669ms step_avg:1079.47ms
step:32/5100 train_loss:6.2174 train_time:23751ms step_avg:1079.60ms
step:33/5100 train_loss:6.1105 train_time:24831ms step_avg:1079.60ms
step:34/5100 train_loss:5.9917 train_time:25910ms step_avg:1079.57ms
step:35/5100 train_loss:5.9905 train_time:26993ms step_avg:1079.71ms
step:36/5100 train_loss:6.0515 train_time:28075ms step_avg:1079.80ms
step:37/5100 train_loss:5.7626 train_time:29150ms step_avg:1079.63ms
step:38/5100 train_loss:6.1321 train_time:30230ms step_avg:1079.63ms
step:39/5100 train_loss:6.0576 train_time:31310ms step_avg:1079.64ms
step:40/5100 train_loss:6.0404 train_time:32390ms step_avg:1079.67ms
step:41/5100 train_loss:5.8813 train_time:33470ms step_avg:1079.67ms
step:42/5100 train_loss:6.0697 train_time:34550ms step_avg:1079.70ms
step:43/5100 train_loss:5.9497 train_time:35632ms step_avg:1079.76ms
step:44/5100 train_loss:5.8317 train_time:36711ms step_avg:1079.73ms
step:45/5100 train_loss:5.7776 train_time:37794ms step_avg:1079.82ms
step:46/5100 train_loss:5.9248 train_time:38878ms step_avg:1079.93ms
step:47/5100 train_loss:5.8876 train_time:39957ms step_avg:1079.91ms
step:48/5100 train_loss:5.7524 train_time:41042ms step_avg:1080.06ms
step:49/5100 train_loss:5.7374 train_time:42128ms step_avg:1080.20ms
step:50/5100 train_loss:5.7472 train_time:43223ms step_avg:1080.59ms
step:51/5100 train_loss:5.7929 train_time:44306ms step_avg:1080.64ms
step:52/5100 train_loss:5.8076 train_time:45391ms step_avg:1080.74ms
step:53/5100 train_loss:5.9261 train_time:46473ms step_avg:1080.77ms
step:54/5100 train_loss:5.6219 train_time:47551ms step_avg:1080.70ms
step:55/5100 train_loss:5.6822 train_time:48631ms step_avg:1080.68ms
step:56/5100 train_loss:5.6990 train_time:49712ms step_avg:1080.69ms
step:57/5100 train_loss:5.7193 train_time:50790ms step_avg:1080.64ms
step:58/5100 train_loss:5.5100 train_time:51870ms step_avg:1080.62ms
step:59/5100 train_loss:5.6949 train_time:52949ms step_avg:1080.59ms
step:60/5100 train_loss:5.7051 train_time:54030ms step_avg:1080.60ms
step:61/5100 train_loss:5.6179 train_time:55110ms step_avg:1080.58ms
step:62/5100 train_loss:5.7648 train_time:56193ms step_avg:1080.64ms
step:63/5100 train_loss:5.5895 train_time:57272ms step_avg:1080.61ms
step:64/5100 train_loss:5.7172 train_time:58360ms step_avg:1080.74ms
step:65/5100 train_loss:5.5383 train_time:59446ms step_avg:1080.83ms
step:66/5100 train_loss:5.6549 train_time:60528ms step_avg:1080.87ms
step:66/5100 val_loss:5.5403 train_time:60537ms step_avg:1081.02ms
step:67/5100 train_loss:5.5423 train_time:61620ms step_avg:1081.05ms
step:68/5100 train_loss:5.6697 train_time:62699ms step_avg:1081.02ms
step:69/5100 train_loss:5.5119 train_time:63779ms step_avg:1081.00ms
step:70/5100 train_loss:5.5616 train_time:64859ms step_avg:1080.98ms
step:71/5100 train_loss:5.6491 train_time:65942ms step_avg:1081.01ms
step:72/5100 train_loss:5.4254 train_time:67024ms step_avg:1081.04ms
step:73/5100 train_loss:5.5346 train_time:68104ms step_avg:1081.02ms
step:74/5100 train_loss:5.5398 train_time:69184ms step_avg:1081.01ms
step:75/5100 train_loss:5.4199 train_time:70267ms step_avg:1081.04ms
step:76/5100 train_loss:5.4160 train_time:71351ms step_avg:1081.07ms
step:77/5100 train_loss:5.3942 train_time:72434ms step_avg:1081.11ms
step:78/5100 train_loss:5.4810 train_time:73516ms step_avg:1081.11ms
step:79/5100 train_loss:5.3668 train_time:74601ms step_avg:1081.17ms
step:80/5100 train_loss:5.3863 train_time:75679ms step_avg:1081.13ms
step:81/5100 train_loss:5.4167 train_time:76760ms step_avg:1081.13ms
step:82/5100 train_loss:6.2007 train_time:77843ms step_avg:1081.15ms
step:83/5100 train_loss:5.3729 train_time:78922ms step_avg:1081.13ms
step:84/5100 train_loss:5.3311 train_time:80001ms step_avg:1081.09ms
step:85/5100 train_loss:5.3383 train_time:81080ms step_avg:1081.06ms
step:86/5100 train_loss:5.3647 train_time:82157ms step_avg:1081.01ms
step:87/5100 train_loss:5.3046 train_time:83239ms step_avg:1081.03ms
step:88/5100 train_loss:5.2529 train_time:84317ms step_avg:1080.99ms
step:89/5100 train_loss:5.0127 train_time:85399ms step_avg:1081.00ms
step:90/5100 train_loss:5.2061 train_time:86479ms step_avg:1080.99ms
step:91/5100 train_loss:5.2098 train_time:87561ms step_avg:1081.00ms
step:92/5100 train_loss:5.3933 train_time:88639ms step_avg:1080.96ms
step:93/5100 train_loss:5.1735 train_time:89719ms step_avg:1080.96ms
step:94/5100 train_loss:5.1481 train_time:90800ms step_avg:1080.95ms
step:95/5100 train_loss:5.3197 train_time:91881ms step_avg:1080.95ms
step:96/5100 train_loss:5.1473 train_time:92962ms step_avg:1080.95ms
step:97/5100 train_loss:5.1988 train_time:94038ms step_avg:1080.89ms
step:98/5100 train_loss:5.1411 train_time:95120ms step_avg:1080.91ms
step:99/5100 train_loss:5.1967 train_time:96199ms step_avg:1080.89ms
step:100/5100 train_loss:5.0155 train_time:97279ms step_avg:1080.88ms
step:101/5100 train_loss:5.2564 train_time:98360ms step_avg:1080.88ms
step:102/5100 train_loss:5.1951 train_time:99440ms step_avg:1080.87ms
step:103/5100 train_loss:5.2397 train_time:100519ms step_avg:1080.85ms
step:104/5100 train_loss:5.0290 train_time:101598ms step_avg:1080.83ms
step:105/5100 train_loss:5.1227 train_time:102680ms step_avg:1080.84ms
step:106/5100 train_loss:5.1635 train_time:103758ms step_avg:1080.81ms
step:107/5100 train_loss:5.2125 train_time:104838ms step_avg:1080.80ms
step:108/5100 train_loss:5.1421 train_time:105918ms step_avg:1080.80ms
step:109/5100 train_loss:5.0614 train_time:106999ms step_avg:1080.79ms
step:110/5100 train_loss:5.2865 train_time:108081ms step_avg:1080.81ms
step:111/5100 train_loss:5.0796 train_time:109159ms step_avg:1080.79ms
step:112/5100 train_loss:5.0465 train_time:110237ms step_avg:1080.75ms
step:113/5100 train_loss:5.3065 train_time:111321ms step_avg:1080.79ms
step:114/5100 train_loss:5.0496 train_time:112400ms step_avg:1080.77ms
step:115/5100 train_loss:4.9362 train_time:113478ms step_avg:1080.74ms
step:116/5100 train_loss:5.0110 train_time:114563ms step_avg:1080.79ms
step:117/5100 train_loss:5.0535 train_time:115641ms step_avg:1080.76ms
step:118/5100 train_loss:4.9473 train_time:116722ms step_avg:1080.76ms
step:119/5100 train_loss:5.0481 train_time:117813ms step_avg:1080.85ms
step:120/5100 train_loss:5.0373 train_time:118896ms step_avg:1080.87ms
step:121/5100 train_loss:5.1023 train_time:119974ms step_avg:1080.84ms
step:122/5100 train_loss:4.8226 train_time:121054ms step_avg:1080.84ms
step:122/5100 val_loss:4.9953 train_time:121063ms step_avg:1080.92ms
step:123/5100 train_loss:4.9892 train_time:122144ms step_avg:1080.92ms
step:124/5100 train_loss:4.9620 train_time:123230ms step_avg:1080.96ms
step:125/5100 train_loss:4.9718 train_time:124313ms step_avg:1080.98ms
step:126/5100 train_loss:4.9382 train_time:125397ms step_avg:1081.01ms
step:127/5100 train_loss:5.1884 train_time:126480ms step_avg:1081.03ms
step:128/5100 train_loss:4.9913 train_time:127560ms step_avg:1081.02ms
step:129/5100 train_loss:4.8969 train_time:128641ms step_avg:1081.01ms
step:130/5100 train_loss:4.7980 train_time:129716ms step_avg:1080.96ms
step:131/5100 train_loss:5.0682 train_time:130799ms step_avg:1080.98ms
step:132/5100 train_loss:4.9246 train_time:131879ms step_avg:1080.97ms
step:133/5100 train_loss:4.9069 train_time:132957ms step_avg:1080.95ms
step:134/5100 train_loss:4.9804 train_time:134035ms step_avg:1080.93ms
step:135/5100 train_loss:4.8107 train_time:135115ms step_avg:1080.92ms
step:136/5100 train_loss:4.9657 train_time:136200ms step_avg:1080.95ms
step:137/5100 train_loss:4.8279 train_time:137277ms step_avg:1080.92ms
step:138/5100 train_loss:4.8885 train_time:138352ms step_avg:1080.87ms
step:139/5100 train_loss:4.9278 train_time:139435ms step_avg:1080.89ms
step:140/5100 train_loss:4.9987 train_time:140515ms step_avg:1080.89ms
step:141/5100 train_loss:4.9555 train_time:141597ms step_avg:1080.90ms
step:142/5100 train_loss:4.9282 train_time:142677ms step_avg:1080.88ms
step:143/5100 train_loss:4.9395 train_time:143758ms step_avg:1080.88ms
step:144/5100 train_loss:4.7611 train_time:144839ms step_avg:1080.89ms
step:145/5100 train_loss:4.8848 train_time:145918ms step_avg:1080.87ms
step:146/5100 train_loss:4.7837 train_time:147000ms step_avg:1080.88ms
step:147/5100 train_loss:4.7751 train_time:148077ms step_avg:1080.86ms
step:148/5100 train_loss:4.8559 train_time:149158ms step_avg:1080.85ms
step:149/5100 train_loss:4.9444 train_time:150239ms step_avg:1080.86ms
step:150/5100 train_loss:4.9783 train_time:151314ms step_avg:1080.81ms
step:151/5100 train_loss:4.7335 train_time:152397ms step_avg:1080.83ms
step:152/5100 train_loss:4.7159 train_time:153478ms step_avg:1080.83ms
step:153/5100 train_loss:4.6218 train_time:154558ms step_avg:1080.83ms
step:154/5100 train_loss:4.8506 train_time:155641ms step_avg:1080.84ms
step:155/5100 train_loss:4.9104 train_time:156726ms step_avg:1080.87ms
step:156/5100 train_loss:4.8453 train_time:157810ms step_avg:1080.89ms
step:157/5100 train_loss:4.8118 train_time:158892ms step_avg:1080.90ms
step:158/5100 train_loss:4.7056 train_time:159966ms step_avg:1080.85ms
step:159/5100 train_loss:4.7351 train_time:161047ms step_avg:1080.85ms
step:160/5100 train_loss:4.7539 train_time:162125ms step_avg:1080.84ms
step:161/5100 train_loss:4.6798 train_time:163205ms step_avg:1080.83ms
step:162/5100 train_loss:4.7212 train_time:164292ms step_avg:1080.87ms
step:163/5100 train_loss:4.6548 train_time:165391ms step_avg:1080.99ms
step:164/5100 train_loss:4.6498 train_time:166476ms step_avg:1081.01ms
step:165/5100 train_loss:4.6065 train_time:167572ms step_avg:1081.11ms
step:166/5100 train_loss:4.7975 train_time:168654ms step_avg:1081.12ms
step:167/5100 train_loss:4.5568 train_time:169735ms step_avg:1081.11ms
step:168/5100 train_loss:4.5916 train_time:170815ms step_avg:1081.11ms
step:169/5100 train_loss:4.6794 train_time:171896ms step_avg:1081.11ms
step:170/5100 train_loss:4.6796 train_time:172975ms step_avg:1081.10ms
step:171/5100 train_loss:4.6974 train_time:174057ms step_avg:1081.10ms
step:172/5100 train_loss:4.9370 train_time:175136ms step_avg:1081.09ms
step:173/5100 train_loss:4.6166 train_time:176220ms step_avg:1081.10ms
step:174/5100 train_loss:4.7059 train_time:177305ms step_avg:1081.13ms
step:175/5100 train_loss:4.8747 train_time:178386ms step_avg:1081.13ms
step:176/5100 train_loss:4.7341 train_time:179470ms step_avg:1081.15ms
step:177/5100 train_loss:4.7491 train_time:180554ms step_avg:1081.16ms
step:177/5100 val_loss:4.6844 train_time:180557ms step_avg:1081.18ms
step:178/5100 train_loss:4.8050 train_time:181636ms step_avg:1081.17ms
step:179/5100 train_loss:4.6287 train_time:182718ms step_avg:1081.17ms
step:180/5100 train_loss:4.7172 train_time:183798ms step_avg:1081.16ms
step:181/5100 train_loss:4.5939 train_time:184875ms step_avg:1081.14ms
step:182/5100 train_loss:4.7595 train_time:185955ms step_avg:1081.13ms
step:183/5100 train_loss:4.6351 train_time:187035ms step_avg:1081.13ms
step:184/5100 train_loss:4.6070 train_time:188109ms step_avg:1081.09ms
step:185/5100 train_loss:4.6785 train_time:189192ms step_avg:1081.10ms
step:186/5100 train_loss:4.6144 train_time:190271ms step_avg:1081.08ms
step:187/5100 train_loss:4.8682 train_time:191348ms step_avg:1081.06ms
step:188/5100 train_loss:4.6249 train_time:192424ms step_avg:1081.03ms
step:189/5100 train_loss:4.3174 train_time:193503ms step_avg:1081.02ms
step:190/5100 train_loss:4.4767 train_time:194584ms step_avg:1081.02ms
step:191/5100 train_loss:4.6132 train_time:195840ms step_avg:1081.99ms
step:192/5100 train_loss:4.5951 train_time:196919ms step_avg:1081.97ms
step:193/5100 train_loss:4.2164 train_time:198001ms step_avg:1081.97ms
step:194/5100 train_loss:4.7269 train_time:199085ms step_avg:1081.98ms
step:195/5100 train_loss:4.4988 train_time:200165ms step_avg:1081.97ms
step:196/5100 train_loss:4.6028 train_time:201244ms step_avg:1081.96ms
step:197/5100 train_loss:4.5490 train_time:202322ms step_avg:1081.93ms
step:198/5100 train_loss:4.6465 train_time:203401ms step_avg:1081.92ms
step:199/5100 train_loss:4.4692 train_time:204481ms step_avg:1081.91ms
step:200/5100 train_loss:4.7075 train_time:205563ms step_avg:1081.91ms
step:201/5100 train_loss:4.6100 train_time:206643ms step_avg:1081.90ms
step:202/5100 train_loss:4.5436 train_time:207722ms step_avg:1081.89ms
step:203/5100 train_loss:4.7992 train_time:208803ms step_avg:1081.88ms
step:204/5100 train_loss:4.6545 train_time:209879ms step_avg:1081.85ms
step:205/5100 train_loss:4.6861 train_time:210961ms step_avg:1081.85ms
step:206/5100 train_loss:4.3553 train_time:212044ms step_avg:1081.86ms
step:207/5100 train_loss:4.6008 train_time:213123ms step_avg:1081.84ms
step:208/5100 train_loss:4.6718 train_time:214203ms step_avg:1081.83ms
step:209/5100 train_loss:4.5064 train_time:215282ms step_avg:1081.82ms
step:210/5100 train_loss:4.5137 train_time:216362ms step_avg:1081.81ms
step:211/5100 train_loss:4.4339 train_time:217441ms step_avg:1081.79ms
step:212/5100 train_loss:4.4453 train_time:218521ms step_avg:1081.79ms
step:213/5100 train_loss:4.6286 train_time:219600ms step_avg:1081.77ms
step:214/5100 train_loss:4.5369 train_time:220684ms step_avg:1081.79ms
step:215/5100 train_loss:4.4940 train_time:221759ms step_avg:1081.75ms
step:216/5100 train_loss:4.4047 train_time:222838ms step_avg:1081.74ms
step:217/5100 train_loss:4.5270 train_time:223920ms step_avg:1081.74ms
step:218/5100 train_loss:4.5883 train_time:225001ms step_avg:1081.73ms
step:219/5100 train_loss:4.4516 train_time:226080ms step_avg:1081.72ms
step:220/5100 train_loss:4.4215 train_time:227160ms step_avg:1081.72ms
step:221/5100 train_loss:4.3774 train_time:228242ms step_avg:1081.71ms
step:222/5100 train_loss:4.3786 train_time:229322ms step_avg:1081.71ms
step:223/5100 train_loss:4.6207 train_time:230402ms step_avg:1081.70ms
step:224/5100 train_loss:4.3929 train_time:231481ms step_avg:1081.69ms
step:225/5100 train_loss:4.5863 train_time:232560ms step_avg:1081.67ms
step:226/5100 train_loss:4.3319 train_time:233640ms step_avg:1081.67ms
step:227/5100 train_loss:4.3636 train_time:234720ms step_avg:1081.66ms
step:228/5100 train_loss:4.4519 train_time:235800ms step_avg:1081.65ms
step:229/5100 train_loss:4.4836 train_time:236880ms step_avg:1081.64ms
step:230/5100 train_loss:4.4451 train_time:237954ms step_avg:1081.61ms
step:231/5100 train_loss:4.3640 train_time:239026ms step_avg:1081.57ms
step:232/5100 train_loss:4.4494 train_time:240105ms step_avg:1081.55ms
step:232/5100 val_loss:4.3835 train_time:240114ms step_avg:1081.60ms
step:233/5100 train_loss:4.4244 train_time:241188ms step_avg:1081.56ms
step:234/5100 train_loss:4.3397 train_time:242261ms step_avg:1081.52ms
step:235/5100 train_loss:4.3549 train_time:243339ms step_avg:1081.51ms
step:236/5100 train_loss:4.4479 train_time:244420ms step_avg:1081.50ms
step:237/5100 train_loss:4.1855 train_time:245498ms step_avg:1081.49ms
step:238/5100 train_loss:4.4449 train_time:246573ms step_avg:1081.46ms
step:239/5100 train_loss:4.3509 train_time:247647ms step_avg:1081.43ms
step:240/5100 train_loss:4.2242 train_time:248726ms step_avg:1081.42ms
step:241/5100 train_loss:4.4789 train_time:249801ms step_avg:1081.39ms
step:242/5100 train_loss:4.1804 train_time:250880ms step_avg:1081.38ms
step:243/5100 train_loss:4.3477 train_time:251959ms step_avg:1081.37ms
step:244/5100 train_loss:4.4553 train_time:253040ms step_avg:1081.37ms
step:245/5100 train_loss:4.2011 train_time:254125ms step_avg:1081.38ms
step:246/5100 train_loss:4.2450 train_time:255198ms step_avg:1081.35ms
step:247/5100 train_loss:4.2799 train_time:256278ms step_avg:1081.34ms
step:248/5100 train_loss:4.3978 train_time:257350ms step_avg:1081.30ms
step:249/5100 train_loss:4.1309 train_time:258427ms step_avg:1081.29ms
step:250/5100 train_loss:4.3400 train_time:259504ms step_avg:1081.27ms
step:251/5100 train_loss:4.2553 train_time:260580ms step_avg:1081.25ms
step:252/5100 train_loss:4.4218 train_time:261669ms step_avg:1081.28ms
step:253/5100 train_loss:4.2671 train_time:262741ms step_avg:1081.24ms
step:254/5100 train_loss:4.2841 train_time:263819ms step_avg:1081.22ms
step:255/5100 train_loss:4.2746 train_time:264901ms step_avg:1081.23ms
step:256/5100 train_loss:4.3235 train_time:265980ms step_avg:1081.22ms
step:257/5100 train_loss:4.1823 train_time:267058ms step_avg:1081.21ms
step:258/5100 train_loss:4.4462 train_time:268136ms step_avg:1081.19ms
step:259/5100 train_loss:4.1916 train_time:269208ms step_avg:1081.16ms
step:260/5100 train_loss:4.1753 train_time:270284ms step_avg:1081.14ms
step:261/5100 train_loss:4.4620 train_time:271372ms step_avg:1081.17ms
step:262/5100 train_loss:4.2395 train_time:272447ms step_avg:1081.14ms
step:263/5100 train_loss:4.2838 train_time:273527ms step_avg:1081.13ms
step:264/5100 train_loss:4.2675 train_time:274605ms step_avg:1081.12ms
step:265/5100 train_loss:4.1505 train_time:275680ms step_avg:1081.10ms
step:266/5100 train_loss:4.3260 train_time:276761ms step_avg:1081.10ms
step:267/5100 train_loss:4.1672 train_time:277841ms step_avg:1081.09ms
step:268/5100 train_loss:4.2794 train_time:278912ms step_avg:1081.06ms
step:269/5100 train_loss:4.3435 train_time:279988ms step_avg:1081.03ms
step:270/5100 train_loss:4.1958 train_time:281062ms step_avg:1081.01ms
step:271/5100 train_loss:4.2110 train_time:282142ms step_avg:1081.00ms
step:272/5100 train_loss:4.3672 train_time:283220ms step_avg:1080.99ms
step:273/5100 train_loss:4.1957 train_time:284300ms step_avg:1080.99ms
step:274/5100 train_loss:4.1481 train_time:285383ms step_avg:1081.00ms
step:275/5100 train_loss:4.2453 train_time:286455ms step_avg:1080.96ms
step:276/5100 train_loss:4.3408 train_time:287529ms step_avg:1080.94ms
step:277/5100 train_loss:4.1504 train_time:288605ms step_avg:1080.92ms
step:278/5100 train_loss:4.1609 train_time:289679ms step_avg:1080.89ms
step:279/5100 train_loss:4.1205 train_time:290762ms step_avg:1080.90ms
step:280/5100 train_loss:4.2033 train_time:291843ms step_avg:1080.90ms
step:281/5100 train_loss:4.3779 train_time:292921ms step_avg:1080.89ms
step:282/5100 train_loss:4.3773 train_time:293996ms step_avg:1080.87ms
step:283/5100 train_loss:4.1690 train_time:295082ms step_avg:1080.89ms
step:284/5100 train_loss:4.0656 train_time:296159ms step_avg:1080.87ms
step:285/5100 train_loss:4.1803 train_time:297238ms step_avg:1080.87ms
step:286/5100 train_loss:4.3704 train_time:298318ms step_avg:1080.86ms
step:287/5100 train_loss:4.2064 train_time:299396ms step_avg:1080.85ms
step:288/5100 train_loss:4.2068 train_time:300467ms step_avg:1080.82ms
step:288/5100 val_loss:4.1955 train_time:300479ms step_avg:1080.86ms
peak memory consumption: 31073 MiB
