/workspace/modded-nanogpt/exp/bs128.py:27: SyntaxWarning: invalid escape sequence '\s'
  """
using device: cuda:0
Training DataLoader: total number of tokens: 2600000000 across 26 files
Validation DataLoader: total number of tokens: 100000000 across 1 files
training time budget: 300.0s (5.0 single-GPU min / 1 GPUs)
step:1/5100 train_loss:15.9920 train_time:212899ms step_avg:nanms
step:2/5100 train_loss:9.0316 train_time:327093ms step_avg:nanms
step:3/5100 train_loss:8.6656 train_time:327373ms step_avg:nanms
step:4/5100 train_loss:8.0669 train_time:327647ms step_avg:nanms
step:5/5100 train_loss:7.8636 train_time:327923ms step_avg:nanms
step:6/5100 train_loss:7.7285 train_time:328195ms step_avg:nanms
step:7/5100 train_loss:7.5149 train_time:328470ms step_avg:nanms
step:8/5100 train_loss:7.3351 train_time:328747ms step_avg:nanms
step:9/5100 train_loss:7.5398 train_time:329021ms step_avg:nanms
step:10/5100 train_loss:7.1772 train_time:329295ms step_avg:nanms
step:11/5100 train_loss:7.0343 train_time:268ms step_avg:nanms
step:12/5100 train_loss:7.0621 train_time:543ms step_avg:nanms
step:13/5100 train_loss:6.9728 train_time:819ms step_avg:272.97ms
step:14/5100 train_loss:6.7330 train_time:1095ms step_avg:273.65ms
step:15/5100 train_loss:6.7809 train_time:1369ms step_avg:273.88ms
step:16/5100 train_loss:6.5946 train_time:1647ms step_avg:274.43ms
step:17/5100 train_loss:6.8610 train_time:1925ms step_avg:275.00ms
step:18/5100 train_loss:6.7264 train_time:2202ms step_avg:275.24ms
step:19/5100 train_loss:6.6777 train_time:2478ms step_avg:275.38ms
step:20/5100 train_loss:6.5072 train_time:2752ms step_avg:275.17ms
step:21/5100 train_loss:6.5269 train_time:3028ms step_avg:275.26ms
step:22/5100 train_loss:6.4416 train_time:3304ms step_avg:275.29ms
step:23/5100 train_loss:6.3942 train_time:3581ms step_avg:275.48ms
step:24/5100 train_loss:6.3707 train_time:3857ms step_avg:275.52ms
step:25/5100 train_loss:6.5259 train_time:4130ms step_avg:275.34ms
step:26/5100 train_loss:6.5538 train_time:4408ms step_avg:275.48ms
step:27/5100 train_loss:6.5269 train_time:4686ms step_avg:275.65ms
step:28/5100 train_loss:6.4486 train_time:4962ms step_avg:275.64ms
step:29/5100 train_loss:6.3749 train_time:5237ms step_avg:275.61ms
step:30/5100 train_loss:6.3938 train_time:5512ms step_avg:275.62ms
step:31/5100 train_loss:6.2621 train_time:5788ms step_avg:275.62ms
step:32/5100 train_loss:6.1702 train_time:6065ms step_avg:275.68ms
step:33/5100 train_loss:6.3085 train_time:6343ms step_avg:275.77ms
step:34/5100 train_loss:6.3138 train_time:6621ms step_avg:275.86ms
step:35/5100 train_loss:6.3502 train_time:6895ms step_avg:275.80ms
step:36/5100 train_loss:6.3278 train_time:7171ms step_avg:275.80ms
step:37/5100 train_loss:6.4397 train_time:7450ms step_avg:275.93ms
step:38/5100 train_loss:6.1826 train_time:7731ms step_avg:276.10ms
step:39/5100 train_loss:6.1485 train_time:8009ms step_avg:276.16ms
step:40/5100 train_loss:6.1914 train_time:8286ms step_avg:276.18ms
step:41/5100 train_loss:6.1671 train_time:8562ms step_avg:276.21ms
step:42/5100 train_loss:6.1939 train_time:8840ms step_avg:276.26ms
step:43/5100 train_loss:6.1416 train_time:9118ms step_avg:276.31ms
step:44/5100 train_loss:6.1578 train_time:9393ms step_avg:276.26ms
step:45/5100 train_loss:6.1464 train_time:9670ms step_avg:276.29ms
step:46/5100 train_loss:6.1027 train_time:9948ms step_avg:276.33ms
step:47/5100 train_loss:6.0887 train_time:10227ms step_avg:276.41ms
step:48/5100 train_loss:6.1589 train_time:10504ms step_avg:276.42ms
step:49/5100 train_loss:6.0687 train_time:10781ms step_avg:276.44ms
step:50/5100 train_loss:6.0495 train_time:11056ms step_avg:276.39ms
step:51/5100 train_loss:6.1382 train_time:11334ms step_avg:276.43ms
step:52/5100 train_loss:5.9850 train_time:11611ms step_avg:276.45ms
step:53/5100 train_loss:6.0546 train_time:11890ms step_avg:276.51ms
step:54/5100 train_loss:5.9949 train_time:12167ms step_avg:276.51ms
step:55/5100 train_loss:5.9501 train_time:12445ms step_avg:276.55ms
step:56/5100 train_loss:5.8657 train_time:12722ms step_avg:276.57ms
step:57/5100 train_loss:5.9601 train_time:12995ms step_avg:276.49ms
step:58/5100 train_loss:5.9559 train_time:13271ms step_avg:276.48ms
step:59/5100 train_loss:5.9455 train_time:13549ms step_avg:276.50ms
step:60/5100 train_loss:5.9217 train_time:13828ms step_avg:276.55ms
step:61/5100 train_loss:5.9895 train_time:14105ms step_avg:276.58ms
step:62/5100 train_loss:5.9350 train_time:14383ms step_avg:276.59ms
step:63/5100 train_loss:5.7861 train_time:14659ms step_avg:276.58ms
step:64/5100 train_loss:5.7656 train_time:14935ms step_avg:276.57ms
step:65/5100 train_loss:5.9029 train_time:15214ms step_avg:276.61ms
step:66/5100 train_loss:5.8827 train_time:15489ms step_avg:276.59ms
step:67/5100 train_loss:5.7562 train_time:15768ms step_avg:276.63ms
step:68/5100 train_loss:5.8974 train_time:16047ms step_avg:276.67ms
step:69/5100 train_loss:5.8522 train_time:16328ms step_avg:276.74ms
step:70/5100 train_loss:5.7776 train_time:16604ms step_avg:276.73ms
step:71/5100 train_loss:5.9122 train_time:16880ms step_avg:276.73ms
step:72/5100 train_loss:5.9936 train_time:17155ms step_avg:276.70ms
step:73/5100 train_loss:5.8383 train_time:17433ms step_avg:276.71ms
step:74/5100 train_loss:5.8256 train_time:17710ms step_avg:276.72ms
step:75/5100 train_loss:6.0492 train_time:17988ms step_avg:276.74ms
step:76/5100 train_loss:5.8044 train_time:18264ms step_avg:276.72ms
step:77/5100 train_loss:5.7638 train_time:18541ms step_avg:276.73ms
step:78/5100 train_loss:5.5425 train_time:18817ms step_avg:276.72ms
step:79/5100 train_loss:5.7390 train_time:19094ms step_avg:276.73ms
step:80/5100 train_loss:5.7694 train_time:19367ms step_avg:276.67ms
step:81/5100 train_loss:5.7212 train_time:19647ms step_avg:276.71ms
step:82/5100 train_loss:5.7453 train_time:19927ms step_avg:276.77ms
step:83/5100 train_loss:5.6073 train_time:20205ms step_avg:276.78ms
step:84/5100 train_loss:5.7104 train_time:20482ms step_avg:276.78ms
step:85/5100 train_loss:5.7605 train_time:20757ms step_avg:276.77ms
step:86/5100 train_loss:5.8668 train_time:21032ms step_avg:276.74ms
step:87/5100 train_loss:5.7652 train_time:21310ms step_avg:276.75ms
step:88/5100 train_loss:5.5511 train_time:21589ms step_avg:276.79ms
step:89/5100 train_loss:5.6974 train_time:21864ms step_avg:276.75ms
step:90/5100 train_loss:5.6862 train_time:22141ms step_avg:276.76ms
step:91/5100 train_loss:5.6054 train_time:22416ms step_avg:276.75ms
step:92/5100 train_loss:5.6179 train_time:22693ms step_avg:276.74ms
step:93/5100 train_loss:5.4000 train_time:22968ms step_avg:276.72ms
step:94/5100 train_loss:5.6950 train_time:23243ms step_avg:276.71ms
step:95/5100 train_loss:5.5649 train_time:23520ms step_avg:276.71ms
step:96/5100 train_loss:5.5933 train_time:23795ms step_avg:276.68ms
step:97/5100 train_loss:5.5256 train_time:24068ms step_avg:276.64ms
step:98/5100 train_loss:5.5349 train_time:24344ms step_avg:276.64ms
step:99/5100 train_loss:5.4445 train_time:24621ms step_avg:276.64ms
step:100/5100 train_loss:5.4265 train_time:24893ms step_avg:276.59ms
step:101/5100 train_loss:5.5944 train_time:25169ms step_avg:276.58ms
step:102/5100 train_loss:5.5843 train_time:25447ms step_avg:276.60ms
step:103/5100 train_loss:5.4894 train_time:25726ms step_avg:276.62ms
step:104/5100 train_loss:5.4416 train_time:26003ms step_avg:276.62ms
step:105/5100 train_loss:5.5624 train_time:26278ms step_avg:276.61ms
step:106/5100 train_loss:5.4663 train_time:26554ms step_avg:276.60ms
step:107/5100 train_loss:5.5460 train_time:26830ms step_avg:276.60ms
step:108/5100 train_loss:5.4536 train_time:27108ms step_avg:276.61ms
step:109/5100 train_loss:5.4955 train_time:27386ms step_avg:276.62ms
step:110/5100 train_loss:5.3152 train_time:27665ms step_avg:276.65ms
step:111/5100 train_loss:5.2755 train_time:27946ms step_avg:276.69ms
step:112/5100 train_loss:5.4415 train_time:28225ms step_avg:276.71ms
step:113/5100 train_loss:5.3958 train_time:28500ms step_avg:276.70ms
step:114/5100 train_loss:5.4263 train_time:28775ms step_avg:276.68ms
step:115/5100 train_loss:5.4709 train_time:29051ms step_avg:276.68ms
step:116/5100 train_loss:5.5396 train_time:29330ms step_avg:276.70ms
step:117/5100 train_loss:5.3638 train_time:29607ms step_avg:276.70ms
step:118/5100 train_loss:5.2742 train_time:29889ms step_avg:276.75ms
step:119/5100 train_loss:5.3228 train_time:30163ms step_avg:276.72ms
step:120/5100 train_loss:5.4530 train_time:30437ms step_avg:276.70ms
step:121/5100 train_loss:5.3900 train_time:30711ms step_avg:276.68ms
step:122/5100 train_loss:5.3364 train_time:30989ms step_avg:276.69ms
step:123/5100 train_loss:5.3262 train_time:31265ms step_avg:276.69ms
step:124/5100 train_loss:5.6695 train_time:31542ms step_avg:276.69ms
step:125/5100 train_loss:5.2787 train_time:31820ms step_avg:276.69ms
step:126/5100 train_loss:5.1294 train_time:32095ms step_avg:276.68ms
step:127/5100 train_loss:5.2597 train_time:32374ms step_avg:276.70ms
step:128/5100 train_loss:5.3172 train_time:32653ms step_avg:276.72ms
step:129/5100 train_loss:5.3769 train_time:32931ms step_avg:276.73ms
step:130/5100 train_loss:5.3568 train_time:33206ms step_avg:276.72ms
step:131/5100 train_loss:5.2622 train_time:33483ms step_avg:276.72ms
step:132/5100 train_loss:5.2396 train_time:33759ms step_avg:276.71ms
step:133/5100 train_loss:5.2639 train_time:34035ms step_avg:276.71ms
step:134/5100 train_loss:5.2896 train_time:34311ms step_avg:276.70ms
step:135/5100 train_loss:5.2493 train_time:34589ms step_avg:276.71ms
step:136/5100 train_loss:5.2873 train_time:34863ms step_avg:276.69ms
step:137/5100 train_loss:5.2569 train_time:35139ms step_avg:276.69ms
step:138/5100 train_loss:5.4193 train_time:35415ms step_avg:276.68ms
step:139/5100 train_loss:5.3277 train_time:35693ms step_avg:276.69ms
step:140/5100 train_loss:5.3903 train_time:35970ms step_avg:276.69ms
step:141/5100 train_loss:5.1591 train_time:36295ms step_avg:277.06ms
step:142/5100 train_loss:5.2728 train_time:36570ms step_avg:277.05ms
step:143/5100 train_loss:5.1252 train_time:36848ms step_avg:277.05ms
step:144/5100 train_loss:5.2722 train_time:37122ms step_avg:277.03ms
step:145/5100 train_loss:5.2214 train_time:37395ms step_avg:277.00ms
step:146/5100 train_loss:5.3670 train_time:37669ms step_avg:276.98ms
step:147/5100 train_loss:5.3840 train_time:37947ms step_avg:276.98ms
step:148/5100 train_loss:5.2241 train_time:38228ms step_avg:277.01ms
step:149/5100 train_loss:5.0455 train_time:38503ms step_avg:277.00ms
step:150/5100 train_loss:5.1595 train_time:38776ms step_avg:276.97ms
step:151/5100 train_loss:5.1308 train_time:39052ms step_avg:276.96ms
step:152/5100 train_loss:5.2077 train_time:39329ms step_avg:276.97ms
step:153/5100 train_loss:5.2960 train_time:39605ms step_avg:276.96ms
step:154/5100 train_loss:5.1803 train_time:39881ms step_avg:276.95ms
step:155/5100 train_loss:5.1057 train_time:40157ms step_avg:276.94ms
step:156/5100 train_loss:5.2636 train_time:40433ms step_avg:276.94ms
step:157/5100 train_loss:5.3318 train_time:40709ms step_avg:276.93ms
step:158/5100 train_loss:5.1047 train_time:40987ms step_avg:276.94ms
step:159/5100 train_loss:5.0491 train_time:41262ms step_avg:276.93ms
step:160/5100 train_loss:5.0921 train_time:41537ms step_avg:276.92ms
step:161/5100 train_loss:5.1908 train_time:41812ms step_avg:276.90ms
step:162/5100 train_loss:5.1158 train_time:42088ms step_avg:276.90ms
step:163/5100 train_loss:5.1481 train_time:42366ms step_avg:276.90ms
step:164/5100 train_loss:5.2156 train_time:42646ms step_avg:276.92ms
step:165/5100 train_loss:5.1453 train_time:42922ms step_avg:276.92ms
step:166/5100 train_loss:5.0367 train_time:43196ms step_avg:276.90ms
step:167/5100 train_loss:5.0641 train_time:43475ms step_avg:276.91ms
step:168/5100 train_loss:5.1186 train_time:43748ms step_avg:276.88ms
step:169/5100 train_loss:5.1490 train_time:44028ms step_avg:276.90ms
step:170/5100 train_loss:5.1656 train_time:44304ms step_avg:276.90ms
step:171/5100 train_loss:5.3470 train_time:44581ms step_avg:276.90ms
step:172/5100 train_loss:5.0363 train_time:44854ms step_avg:276.88ms
step:173/5100 train_loss:5.0860 train_time:45129ms step_avg:276.87ms
step:174/5100 train_loss:5.0933 train_time:45404ms step_avg:276.85ms
step:175/5100 train_loss:5.0591 train_time:45682ms step_avg:276.86ms
step:176/5100 train_loss:5.0733 train_time:45957ms step_avg:276.85ms
step:177/5100 train_loss:5.0032 train_time:46232ms step_avg:276.84ms
step:178/5100 train_loss:5.1336 train_time:46508ms step_avg:276.83ms
step:179/5100 train_loss:5.0820 train_time:46787ms step_avg:276.85ms
step:180/5100 train_loss:4.9837 train_time:47062ms step_avg:276.83ms
step:181/5100 train_loss:4.9828 train_time:47338ms step_avg:276.83ms
step:182/5100 train_loss:5.0674 train_time:47612ms step_avg:276.82ms
step:183/5100 train_loss:5.0781 train_time:47889ms step_avg:276.82ms
step:184/5100 train_loss:5.0549 train_time:48164ms step_avg:276.81ms
step:185/5100 train_loss:5.0772 train_time:48441ms step_avg:276.80ms
step:186/5100 train_loss:4.9861 train_time:48718ms step_avg:276.80ms
step:187/5100 train_loss:5.0518 train_time:48992ms step_avg:276.79ms
step:188/5100 train_loss:5.0199 train_time:49266ms step_avg:276.78ms
step:189/5100 train_loss:5.0975 train_time:49542ms step_avg:276.77ms
step:190/5100 train_loss:5.0755 train_time:49815ms step_avg:276.75ms
step:191/5100 train_loss:5.0856 train_time:50091ms step_avg:276.74ms
step:192/5100 train_loss:5.0729 train_time:50366ms step_avg:276.73ms
step:193/5100 train_loss:4.9821 train_time:50640ms step_avg:276.72ms
step:194/5100 train_loss:5.0017 train_time:50915ms step_avg:276.71ms
step:195/5100 train_loss:5.0340 train_time:51192ms step_avg:276.71ms
step:196/5100 train_loss:4.9786 train_time:51468ms step_avg:276.71ms
step:197/5100 train_loss:4.9269 train_time:51748ms step_avg:276.73ms
step:198/5100 train_loss:5.0549 train_time:52027ms step_avg:276.74ms
step:199/5100 train_loss:5.0278 train_time:52304ms step_avg:276.74ms
step:200/5100 train_loss:4.9727 train_time:52579ms step_avg:276.73ms
step:201/5100 train_loss:4.9806 train_time:52853ms step_avg:276.72ms
step:202/5100 train_loss:5.0783 train_time:53129ms step_avg:276.71ms
step:203/5100 train_loss:4.8353 train_time:53407ms step_avg:276.72ms
step:204/5100 train_loss:4.8928 train_time:53683ms step_avg:276.72ms
step:205/5100 train_loss:4.9174 train_time:53958ms step_avg:276.71ms
step:206/5100 train_loss:4.9748 train_time:54232ms step_avg:276.69ms
step:207/5100 train_loss:5.0009 train_time:54509ms step_avg:276.70ms
step:208/5100 train_loss:5.1580 train_time:54786ms step_avg:276.70ms
step:209/5100 train_loss:4.9604 train_time:55062ms step_avg:276.69ms
step:210/5100 train_loss:5.0150 train_time:55336ms step_avg:276.68ms
step:211/5100 train_loss:4.9856 train_time:55611ms step_avg:276.67ms
step:212/5100 train_loss:4.9208 train_time:55888ms step_avg:276.67ms
step:213/5100 train_loss:4.9727 train_time:56163ms step_avg:276.66ms
step:214/5100 train_loss:4.9391 train_time:56438ms step_avg:276.66ms
step:215/5100 train_loss:4.9834 train_time:56710ms step_avg:276.64ms
step:216/5100 train_loss:4.9997 train_time:56989ms step_avg:276.65ms
step:217/5100 train_loss:4.9164 train_time:57263ms step_avg:276.63ms
step:218/5100 train_loss:5.0803 train_time:57538ms step_avg:276.63ms
step:219/5100 train_loss:4.8681 train_time:57815ms step_avg:276.63ms
step:220/5100 train_loss:4.9125 train_time:58091ms step_avg:276.62ms
step:221/5100 train_loss:4.8551 train_time:58368ms step_avg:276.63ms
step:222/5100 train_loss:4.9360 train_time:58646ms step_avg:276.63ms
step:223/5100 train_loss:4.9333 train_time:58926ms step_avg:276.65ms
step:224/5100 train_loss:4.8716 train_time:59202ms step_avg:276.65ms
step:225/5100 train_loss:4.9067 train_time:59478ms step_avg:276.64ms
step:226/5100 train_loss:4.7754 train_time:59754ms step_avg:276.64ms
step:227/5100 train_loss:4.9041 train_time:60031ms step_avg:276.64ms
step:227/5100 val_loss:4.9079 train_time:60040ms step_avg:276.68ms
step:228/5100 train_loss:4.8376 train_time:60313ms step_avg:276.66ms
step:229/5100 train_loss:4.9669 train_time:60588ms step_avg:276.66ms
step:230/5100 train_loss:4.8767 train_time:60865ms step_avg:276.66ms
step:231/5100 train_loss:4.9488 train_time:61139ms step_avg:276.65ms
step:232/5100 train_loss:4.9892 train_time:61415ms step_avg:276.64ms
step:233/5100 train_loss:4.7417 train_time:61691ms step_avg:276.64ms
step:234/5100 train_loss:4.8700 train_time:61969ms step_avg:276.65ms
step:235/5100 train_loss:4.8275 train_time:62243ms step_avg:276.63ms
step:236/5100 train_loss:4.8146 train_time:62515ms step_avg:276.62ms
step:237/5100 train_loss:4.8613 train_time:62791ms step_avg:276.61ms
step:238/5100 train_loss:4.9348 train_time:63067ms step_avg:276.61ms
step:239/5100 train_loss:4.8746 train_time:63339ms step_avg:276.59ms
step:240/5100 train_loss:4.8461 train_time:63613ms step_avg:276.58ms
step:241/5100 train_loss:4.7619 train_time:63890ms step_avg:276.58ms
step:242/5100 train_loss:4.7542 train_time:64167ms step_avg:276.58ms
step:243/5100 train_loss:4.8182 train_time:64446ms step_avg:276.59ms
step:244/5100 train_loss:4.9507 train_time:64722ms step_avg:276.59ms
step:245/5100 train_loss:4.7920 train_time:64998ms step_avg:276.59ms
step:246/5100 train_loss:4.8427 train_time:65274ms step_avg:276.58ms
step:247/5100 train_loss:4.7803 train_time:65548ms step_avg:276.57ms
step:248/5100 train_loss:4.7993 train_time:65825ms step_avg:276.58ms
step:249/5100 train_loss:4.9428 train_time:66100ms step_avg:276.57ms
step:250/5100 train_loss:4.7358 train_time:66376ms step_avg:276.57ms
step:251/5100 train_loss:4.8238 train_time:66653ms step_avg:276.57ms
step:252/5100 train_loss:4.8872 train_time:66931ms step_avg:276.57ms
step:253/5100 train_loss:4.7729 train_time:67205ms step_avg:276.57ms
step:254/5100 train_loss:4.7328 train_time:67485ms step_avg:276.58ms
step:255/5100 train_loss:4.7246 train_time:67760ms step_avg:276.57ms
step:256/5100 train_loss:4.8838 train_time:68036ms step_avg:276.57ms
step:257/5100 train_loss:4.9216 train_time:68312ms step_avg:276.57ms
step:258/5100 train_loss:4.6890 train_time:68589ms step_avg:276.57ms
step:259/5100 train_loss:4.8320 train_time:68864ms step_avg:276.56ms
step:260/5100 train_loss:4.6570 train_time:69140ms step_avg:276.56ms
step:261/5100 train_loss:4.8240 train_time:69418ms step_avg:276.57ms
step:262/5100 train_loss:4.8113 train_time:69693ms step_avg:276.56ms
step:263/5100 train_loss:4.7709 train_time:69970ms step_avg:276.56ms
step:264/5100 train_loss:4.7078 train_time:70245ms step_avg:276.55ms
step:265/5100 train_loss:4.9319 train_time:70518ms step_avg:276.54ms
step:266/5100 train_loss:4.7078 train_time:70794ms step_avg:276.54ms
step:267/5100 train_loss:4.7382 train_time:71069ms step_avg:276.53ms
step:268/5100 train_loss:4.7086 train_time:71344ms step_avg:276.53ms
step:269/5100 train_loss:4.8570 train_time:71616ms step_avg:276.51ms
step:270/5100 train_loss:4.8778 train_time:71891ms step_avg:276.50ms
step:271/5100 train_loss:4.8521 train_time:72168ms step_avg:276.50ms
step:272/5100 train_loss:4.8013 train_time:72443ms step_avg:276.50ms
step:273/5100 train_loss:4.8738 train_time:72719ms step_avg:276.50ms
step:274/5100 train_loss:4.6252 train_time:72995ms step_avg:276.50ms
step:275/5100 train_loss:4.7147 train_time:73272ms step_avg:276.50ms
step:276/5100 train_loss:4.7836 train_time:73548ms step_avg:276.50ms
step:277/5100 train_loss:4.7364 train_time:73825ms step_avg:276.50ms
step:278/5100 train_loss:4.6919 train_time:74099ms step_avg:276.49ms
step:279/5100 train_loss:4.7496 train_time:74374ms step_avg:276.48ms
step:280/5100 train_loss:4.7194 train_time:74649ms step_avg:276.48ms
step:281/5100 train_loss:4.6986 train_time:74926ms step_avg:276.48ms
step:282/5100 train_loss:4.7165 train_time:75201ms step_avg:276.47ms
step:283/5100 train_loss:4.6062 train_time:75476ms step_avg:276.47ms
step:284/5100 train_loss:4.7164 train_time:75746ms step_avg:276.45ms
step:285/5100 train_loss:4.7363 train_time:76021ms step_avg:276.44ms
step:286/5100 train_loss:4.6926 train_time:76300ms step_avg:276.45ms
step:287/5100 train_loss:4.7197 train_time:76576ms step_avg:276.45ms
step:288/5100 train_loss:4.6941 train_time:76853ms step_avg:276.45ms
step:289/5100 train_loss:4.7416 train_time:77130ms step_avg:276.45ms
step:290/5100 train_loss:4.5705 train_time:77407ms step_avg:276.45ms
step:291/5100 train_loss:4.7519 train_time:77683ms step_avg:276.45ms
step:292/5100 train_loss:4.5990 train_time:77958ms step_avg:276.45ms
step:293/5100 train_loss:4.7267 train_time:78233ms step_avg:276.44ms
step:294/5100 train_loss:4.6963 train_time:78511ms step_avg:276.45ms
step:295/5100 train_loss:4.6137 train_time:78788ms step_avg:276.45ms
step:296/5100 train_loss:4.7273 train_time:79065ms step_avg:276.45ms
step:297/5100 train_loss:4.7607 train_time:79342ms step_avg:276.45ms
step:298/5100 train_loss:4.6443 train_time:79617ms step_avg:276.45ms
step:299/5100 train_loss:4.6201 train_time:79893ms step_avg:276.44ms
step:300/5100 train_loss:4.5451 train_time:80169ms step_avg:276.45ms
step:301/5100 train_loss:4.6958 train_time:80444ms step_avg:276.44ms
step:302/5100 train_loss:4.6418 train_time:80720ms step_avg:276.44ms
step:303/5100 train_loss:4.5305 train_time:80996ms step_avg:276.44ms
step:304/5100 train_loss:4.5258 train_time:81273ms step_avg:276.44ms
step:305/5100 train_loss:4.6986 train_time:81548ms step_avg:276.44ms
step:306/5100 train_loss:4.6933 train_time:81823ms step_avg:276.43ms
step:307/5100 train_loss:4.5265 train_time:82098ms step_avg:276.42ms
step:308/5100 train_loss:4.6715 train_time:82377ms step_avg:276.43ms
step:309/5100 train_loss:4.6447 train_time:82652ms step_avg:276.43ms
step:310/5100 train_loss:4.8219 train_time:82930ms step_avg:276.43ms
step:311/5100 train_loss:4.6183 train_time:83208ms step_avg:276.44ms
step:312/5100 train_loss:4.5270 train_time:83486ms step_avg:276.44ms
step:313/5100 train_loss:4.7381 train_time:83760ms step_avg:276.43ms
step:314/5100 train_loss:4.5286 train_time:84034ms step_avg:276.43ms
step:315/5100 train_loss:4.6417 train_time:84311ms step_avg:276.43ms
step:316/5100 train_loss:4.2644 train_time:84588ms step_avg:276.43ms
step:317/5100 train_loss:4.5419 train_time:84860ms step_avg:276.42ms
step:318/5100 train_loss:4.5949 train_time:85133ms step_avg:276.41ms
step:319/5100 train_loss:4.5605 train_time:85408ms step_avg:276.40ms
step:320/5100 train_loss:4.5742 train_time:85685ms step_avg:276.40ms
step:321/5100 train_loss:4.6100 train_time:85959ms step_avg:276.39ms
step:322/5100 train_loss:4.5194 train_time:86234ms step_avg:276.39ms
step:323/5100 train_loss:4.4829 train_time:86509ms step_avg:276.39ms
step:324/5100 train_loss:4.5580 train_time:86784ms step_avg:276.38ms
step:325/5100 train_loss:4.5618 train_time:87057ms step_avg:276.37ms
step:326/5100 train_loss:4.6058 train_time:87333ms step_avg:276.37ms
step:327/5100 train_loss:4.6057 train_time:87609ms step_avg:276.37ms
step:328/5100 train_loss:4.6103 train_time:87885ms step_avg:276.37ms
step:329/5100 train_loss:5.0811 train_time:88157ms step_avg:276.35ms
step:330/5100 train_loss:4.6148 train_time:88432ms step_avg:276.35ms
step:331/5100 train_loss:4.5802 train_time:88709ms step_avg:276.35ms
step:332/5100 train_loss:4.5275 train_time:88985ms step_avg:276.35ms
step:333/5100 train_loss:4.5524 train_time:89259ms step_avg:276.34ms
step:334/5100 train_loss:4.4881 train_time:89533ms step_avg:276.34ms
step:335/5100 train_loss:4.4764 train_time:89810ms step_avg:276.34ms
step:336/5100 train_loss:4.5740 train_time:90087ms step_avg:276.34ms
step:337/5100 train_loss:4.5470 train_time:90361ms step_avg:276.33ms
step:338/5100 train_loss:4.5068 train_time:90635ms step_avg:276.33ms
step:339/5100 train_loss:4.5256 train_time:90913ms step_avg:276.33ms
step:340/5100 train_loss:4.4545 train_time:91190ms step_avg:276.33ms
step:341/5100 train_loss:4.5741 train_time:91467ms step_avg:276.33ms
step:342/5100 train_loss:4.5799 train_time:91744ms step_avg:276.34ms
step:343/5100 train_loss:4.5156 train_time:92018ms step_avg:276.33ms
step:344/5100 train_loss:4.6704 train_time:92294ms step_avg:276.33ms
step:345/5100 train_loss:4.5396 train_time:92570ms step_avg:276.33ms
step:346/5100 train_loss:4.5129 train_time:92847ms step_avg:276.33ms
step:347/5100 train_loss:4.4810 train_time:93122ms step_avg:276.33ms
step:348/5100 train_loss:4.5572 train_time:93399ms step_avg:276.33ms
step:349/5100 train_loss:4.6237 train_time:93674ms step_avg:276.32ms
step:350/5100 train_loss:4.4932 train_time:93945ms step_avg:276.31ms
step:351/5100 train_loss:4.5322 train_time:94220ms step_avg:276.30ms
step:352/5100 train_loss:4.4047 train_time:94497ms step_avg:276.31ms
step:353/5100 train_loss:4.7195 train_time:94774ms step_avg:276.31ms
step:354/5100 train_loss:4.4541 train_time:95048ms step_avg:276.30ms
step:355/5100 train_loss:4.5433 train_time:95326ms step_avg:276.31ms
step:356/5100 train_loss:4.6829 train_time:95601ms step_avg:276.30ms
step:357/5100 train_loss:4.4359 train_time:95876ms step_avg:276.30ms
step:358/5100 train_loss:4.4705 train_time:96152ms step_avg:276.30ms
step:359/5100 train_loss:4.4606 train_time:96430ms step_avg:276.30ms
step:360/5100 train_loss:4.3812 train_time:96702ms step_avg:276.29ms
step:361/5100 train_loss:4.4727 train_time:96978ms step_avg:276.29ms
step:362/5100 train_loss:4.4593 train_time:97253ms step_avg:276.29ms
step:363/5100 train_loss:4.4701 train_time:97529ms step_avg:276.28ms
step:364/5100 train_loss:4.5117 train_time:97806ms step_avg:276.29ms
step:365/5100 train_loss:4.5385 train_time:98082ms step_avg:276.29ms
step:366/5100 train_loss:4.5031 train_time:98357ms step_avg:276.28ms
step:367/5100 train_loss:4.4472 train_time:98633ms step_avg:276.28ms
step:368/5100 train_loss:4.4673 train_time:98912ms step_avg:276.29ms
step:369/5100 train_loss:4.4392 train_time:99189ms step_avg:276.29ms
step:370/5100 train_loss:4.4044 train_time:99465ms step_avg:276.29ms
step:371/5100 train_loss:4.4258 train_time:99739ms step_avg:276.28ms
step:372/5100 train_loss:4.4996 train_time:100015ms step_avg:276.29ms
step:373/5100 train_loss:4.4422 train_time:100291ms step_avg:276.28ms
step:374/5100 train_loss:4.4930 train_time:100570ms step_avg:276.29ms
step:375/5100 train_loss:4.4432 train_time:100844ms step_avg:276.29ms
step:376/5100 train_loss:4.5579 train_time:101119ms step_avg:276.28ms
step:377/5100 train_loss:4.4799 train_time:101394ms step_avg:276.28ms
step:378/5100 train_loss:4.4563 train_time:101670ms step_avg:276.28ms
step:379/5100 train_loss:4.5213 train_time:101944ms step_avg:276.27ms
step:380/5100 train_loss:4.4061 train_time:102219ms step_avg:276.27ms
step:381/5100 train_loss:4.4786 train_time:102495ms step_avg:276.27ms
step:382/5100 train_loss:4.3280 train_time:102772ms step_avg:276.27ms
step:383/5100 train_loss:4.4525 train_time:103049ms step_avg:276.27ms
step:384/5100 train_loss:4.4055 train_time:103328ms step_avg:276.28ms
step:385/5100 train_loss:4.3833 train_time:103606ms step_avg:276.28ms
step:386/5100 train_loss:4.4333 train_time:103882ms step_avg:276.28ms
step:387/5100 train_loss:4.3730 train_time:104157ms step_avg:276.28ms
step:388/5100 train_loss:4.5650 train_time:104433ms step_avg:276.28ms
step:389/5100 train_loss:4.5785 train_time:104710ms step_avg:276.28ms
step:390/5100 train_loss:4.4771 train_time:104985ms step_avg:276.28ms
step:391/5100 train_loss:4.4605 train_time:105260ms step_avg:276.27ms
step:392/5100 train_loss:4.4104 train_time:105538ms step_avg:276.28ms
step:393/5100 train_loss:4.4060 train_time:105812ms step_avg:276.27ms
step:394/5100 train_loss:4.4721 train_time:106088ms step_avg:276.27ms
step:395/5100 train_loss:4.3506 train_time:106364ms step_avg:276.27ms
step:396/5100 train_loss:4.4529 train_time:106638ms step_avg:276.26ms
step:397/5100 train_loss:4.4187 train_time:106913ms step_avg:276.26ms
step:398/5100 train_loss:4.4489 train_time:107189ms step_avg:276.26ms
step:399/5100 train_loss:4.4142 train_time:107466ms step_avg:276.26ms
step:400/5100 train_loss:4.3436 train_time:107737ms step_avg:276.25ms
step:401/5100 train_loss:4.3464 train_time:108011ms step_avg:276.24ms
step:402/5100 train_loss:4.3541 train_time:108287ms step_avg:276.24ms
step:403/5100 train_loss:4.2058 train_time:108567ms step_avg:276.25ms
step:404/5100 train_loss:4.2828 train_time:108842ms step_avg:276.25ms
step:405/5100 train_loss:4.4938 train_time:109117ms step_avg:276.25ms
step:406/5100 train_loss:4.4265 train_time:109391ms step_avg:276.24ms
step:407/5100 train_loss:4.4252 train_time:109665ms step_avg:276.23ms
step:408/5100 train_loss:4.3357 train_time:109939ms step_avg:276.23ms
step:409/5100 train_loss:4.4881 train_time:110216ms step_avg:276.23ms
step:410/5100 train_loss:4.4146 train_time:110492ms step_avg:276.23ms
step:411/5100 train_loss:4.3894 train_time:110768ms step_avg:276.23ms
step:412/5100 train_loss:4.3793 train_time:111043ms step_avg:276.23ms
step:413/5100 train_loss:4.4755 train_time:111318ms step_avg:276.22ms
step:414/5100 train_loss:4.4081 train_time:111593ms step_avg:276.22ms
step:415/5100 train_loss:4.8897 train_time:111870ms step_avg:276.22ms
step:416/5100 train_loss:4.3219 train_time:112142ms step_avg:276.21ms
step:417/5100 train_loss:4.3853 train_time:112417ms step_avg:276.21ms
step:418/5100 train_loss:4.4201 train_time:112693ms step_avg:276.21ms
step:419/5100 train_loss:4.4361 train_time:112969ms step_avg:276.21ms
step:420/5100 train_loss:4.4836 train_time:113244ms step_avg:276.20ms
step:421/5100 train_loss:4.3961 train_time:113521ms step_avg:276.21ms
step:422/5100 train_loss:4.3469 train_time:113796ms step_avg:276.20ms
step:423/5100 train_loss:4.4140 train_time:114070ms step_avg:276.20ms
step:424/5100 train_loss:4.4680 train_time:114345ms step_avg:276.20ms
step:425/5100 train_loss:4.4182 train_time:114628ms step_avg:276.21ms
step:426/5100 train_loss:4.3384 train_time:114903ms step_avg:276.21ms
step:427/5100 train_loss:4.5072 train_time:115176ms step_avg:276.20ms
step:428/5100 train_loss:4.4803 train_time:115452ms step_avg:276.20ms
step:429/5100 train_loss:4.3574 train_time:115728ms step_avg:276.20ms
step:430/5100 train_loss:4.3459 train_time:116010ms step_avg:276.22ms
step:431/5100 train_loss:4.2992 train_time:116286ms step_avg:276.21ms
step:432/5100 train_loss:4.2485 train_time:116560ms step_avg:276.21ms
step:433/5100 train_loss:4.4266 train_time:116834ms step_avg:276.20ms
step:434/5100 train_loss:4.3544 train_time:117111ms step_avg:276.21ms
step:435/5100 train_loss:4.4131 train_time:117385ms step_avg:276.20ms
step:436/5100 train_loss:4.4817 train_time:117658ms step_avg:276.19ms
step:437/5100 train_loss:4.3913 train_time:117931ms step_avg:276.19ms
step:438/5100 train_loss:4.4189 train_time:118208ms step_avg:276.19ms
step:439/5100 train_loss:4.3435 train_time:118486ms step_avg:276.19ms
step:440/5100 train_loss:4.4083 train_time:118761ms step_avg:276.19ms
step:441/5100 train_loss:4.5428 train_time:119035ms step_avg:276.18ms
step:442/5100 train_loss:4.3260 train_time:119311ms step_avg:276.18ms
step:443/5100 train_loss:4.3893 train_time:119587ms step_avg:276.18ms
step:444/5100 train_loss:4.3586 train_time:119865ms step_avg:276.19ms
step:445/5100 train_loss:4.3275 train_time:120140ms step_avg:276.18ms
step:445/5100 val_loss:4.3550 train_time:120150ms step_avg:276.21ms
step:446/5100 train_loss:4.3677 train_time:120422ms step_avg:276.20ms
step:447/5100 train_loss:4.3911 train_time:120698ms step_avg:276.20ms
step:448/5100 train_loss:4.5027 train_time:120974ms step_avg:276.20ms
step:449/5100 train_loss:4.3509 train_time:121248ms step_avg:276.19ms
step:450/5100 train_loss:4.3695 train_time:121522ms step_avg:276.19ms
step:451/5100 train_loss:4.4986 train_time:121797ms step_avg:276.18ms
step:452/5100 train_loss:4.2458 train_time:122071ms step_avg:276.18ms
step:453/5100 train_loss:4.5695 train_time:122344ms step_avg:276.17ms
step:454/5100 train_loss:4.3039 train_time:122622ms step_avg:276.18ms
step:455/5100 train_loss:4.4314 train_time:122899ms step_avg:276.18ms
step:456/5100 train_loss:4.3841 train_time:123176ms step_avg:276.18ms
step:457/5100 train_loss:4.3877 train_time:123450ms step_avg:276.17ms
step:458/5100 train_loss:4.3119 train_time:123725ms step_avg:276.17ms
step:459/5100 train_loss:4.4332 train_time:124001ms step_avg:276.17ms
step:460/5100 train_loss:4.3320 train_time:124276ms step_avg:276.17ms
step:461/5100 train_loss:4.5326 train_time:124550ms step_avg:276.16ms
step:462/5100 train_loss:4.3492 train_time:124826ms step_avg:276.16ms
step:463/5100 train_loss:4.4267 train_time:125101ms step_avg:276.16ms
step:464/5100 train_loss:4.3510 train_time:125377ms step_avg:276.16ms
step:465/5100 train_loss:4.3835 train_time:125648ms step_avg:276.15ms
step:466/5100 train_loss:4.3088 train_time:125923ms step_avg:276.15ms
step:467/5100 train_loss:4.3557 train_time:126198ms step_avg:276.15ms
step:468/5100 train_loss:4.2773 train_time:126478ms step_avg:276.15ms
step:469/5100 train_loss:4.3392 train_time:126752ms step_avg:276.15ms
step:470/5100 train_loss:4.4309 train_time:127030ms step_avg:276.15ms
step:471/5100 train_loss:4.3524 train_time:127304ms step_avg:276.15ms
step:472/5100 train_loss:4.3763 train_time:127580ms step_avg:276.15ms
step:473/5100 train_loss:4.2764 train_time:127852ms step_avg:276.14ms
step:474/5100 train_loss:4.2962 train_time:128129ms step_avg:276.14ms
step:475/5100 train_loss:4.3387 train_time:128404ms step_avg:276.14ms
step:476/5100 train_loss:4.3138 train_time:128680ms step_avg:276.14ms
step:477/5100 train_loss:4.3290 train_time:128956ms step_avg:276.14ms
step:478/5100 train_loss:4.2472 train_time:129232ms step_avg:276.14ms
step:479/5100 train_loss:4.3159 train_time:129507ms step_avg:276.13ms
step:480/5100 train_loss:4.3444 train_time:129783ms step_avg:276.13ms
step:481/5100 train_loss:4.3205 train_time:130059ms step_avg:276.13ms
step:482/5100 train_loss:4.1928 train_time:130338ms step_avg:276.14ms
step:483/5100 train_loss:4.3121 train_time:130610ms step_avg:276.13ms
step:484/5100 train_loss:4.3329 train_time:130886ms step_avg:276.13ms
step:485/5100 train_loss:4.3810 train_time:131162ms step_avg:276.13ms
step:486/5100 train_loss:4.3553 train_time:131440ms step_avg:276.13ms
step:487/5100 train_loss:4.2687 train_time:131715ms step_avg:276.13ms
step:488/5100 train_loss:4.2457 train_time:131988ms step_avg:276.13ms
step:489/5100 train_loss:4.1704 train_time:132263ms step_avg:276.12ms
step:490/5100 train_loss:4.2616 train_time:132541ms step_avg:276.13ms
step:491/5100 train_loss:4.3353 train_time:132819ms step_avg:276.13ms
step:492/5100 train_loss:4.3455 train_time:133094ms step_avg:276.13ms
step:493/5100 train_loss:4.2423 train_time:133369ms step_avg:276.13ms
step:494/5100 train_loss:4.4406 train_time:133644ms step_avg:276.12ms
step:495/5100 train_loss:4.2660 train_time:133922ms step_avg:276.13ms
step:496/5100 train_loss:4.1901 train_time:134200ms step_avg:276.13ms
step:497/5100 train_loss:4.2953 train_time:134475ms step_avg:276.13ms
step:498/5100 train_loss:4.3413 train_time:134748ms step_avg:276.12ms
step:499/5100 train_loss:4.3481 train_time:135022ms step_avg:276.12ms
step:500/5100 train_loss:4.2522 train_time:135298ms step_avg:276.12ms
step:501/5100 train_loss:4.3349 train_time:135573ms step_avg:276.12ms
step:502/5100 train_loss:4.2840 train_time:135846ms step_avg:276.11ms
step:503/5100 train_loss:4.3394 train_time:136122ms step_avg:276.11ms
step:504/5100 train_loss:4.2283 train_time:136398ms step_avg:276.11ms
step:505/5100 train_loss:4.2681 train_time:136674ms step_avg:276.11ms
step:506/5100 train_loss:4.3184 train_time:136948ms step_avg:276.11ms
step:507/5100 train_loss:4.3417 train_time:137222ms step_avg:276.10ms
step:508/5100 train_loss:4.4265 train_time:137497ms step_avg:276.10ms
step:509/5100 train_loss:4.3623 train_time:137773ms step_avg:276.10ms
step:510/5100 train_loss:4.2971 train_time:138047ms step_avg:276.09ms
step:511/5100 train_loss:4.1878 train_time:138322ms step_avg:276.09ms
step:512/5100 train_loss:4.3903 train_time:138593ms step_avg:276.08ms
step:513/5100 train_loss:4.3055 train_time:138875ms step_avg:276.09ms
step:514/5100 train_loss:4.4314 train_time:139144ms step_avg:276.08ms
step:515/5100 train_loss:4.3696 train_time:139421ms step_avg:276.08ms
step:516/5100 train_loss:4.3420 train_time:139697ms step_avg:276.08ms
step:517/5100 train_loss:4.2951 train_time:139970ms step_avg:276.08ms
step:518/5100 train_loss:4.2228 train_time:140248ms step_avg:276.08ms
step:519/5100 train_loss:4.0309 train_time:140523ms step_avg:276.08ms
step:520/5100 train_loss:4.3057 train_time:140798ms step_avg:276.07ms
step:521/5100 train_loss:4.1765 train_time:141073ms step_avg:276.07ms
step:522/5100 train_loss:4.3008 train_time:141350ms step_avg:276.07ms
step:523/5100 train_loss:4.2838 train_time:141624ms step_avg:276.07ms
step:524/5100 train_loss:4.3442 train_time:141898ms step_avg:276.07ms
step:525/5100 train_loss:4.2809 train_time:142175ms step_avg:276.07ms
step:526/5100 train_loss:4.2478 train_time:142446ms step_avg:276.06ms
step:527/5100 train_loss:4.2188 train_time:142722ms step_avg:276.06ms
step:528/5100 train_loss:4.2963 train_time:142999ms step_avg:276.06ms
step:529/5100 train_loss:4.3336 train_time:143278ms step_avg:276.07ms
step:530/5100 train_loss:4.3501 train_time:143551ms step_avg:276.06ms
step:531/5100 train_loss:4.2429 train_time:143826ms step_avg:276.06ms
step:532/5100 train_loss:4.1799 train_time:144101ms step_avg:276.06ms
step:533/5100 train_loss:4.2505 train_time:144377ms step_avg:276.05ms
step:534/5100 train_loss:4.2781 train_time:144655ms step_avg:276.06ms
step:535/5100 train_loss:4.2900 train_time:144930ms step_avg:276.06ms
step:536/5100 train_loss:4.2601 train_time:145204ms step_avg:276.05ms
step:537/5100 train_loss:4.1937 train_time:145479ms step_avg:276.05ms
step:538/5100 train_loss:4.5016 train_time:145754ms step_avg:276.05ms
step:539/5100 train_loss:4.2967 train_time:146030ms step_avg:276.05ms
step:540/5100 train_loss:4.2259 train_time:146305ms step_avg:276.05ms
step:541/5100 train_loss:4.1993 train_time:146581ms step_avg:276.05ms
step:542/5100 train_loss:4.1408 train_time:146856ms step_avg:276.05ms
step:543/5100 train_loss:4.3198 train_time:147132ms step_avg:276.05ms
step:544/5100 train_loss:4.1915 train_time:147407ms step_avg:276.04ms
step:545/5100 train_loss:4.3009 train_time:147682ms step_avg:276.04ms
step:546/5100 train_loss:4.3506 train_time:147958ms step_avg:276.04ms
step:547/5100 train_loss:4.1886 train_time:148233ms step_avg:276.04ms
step:548/5100 train_loss:4.3006 train_time:148508ms step_avg:276.04ms
step:549/5100 train_loss:4.1897 train_time:148783ms step_avg:276.04ms
step:550/5100 train_loss:4.2610 train_time:149059ms step_avg:276.04ms
step:551/5100 train_loss:4.2287 train_time:149336ms step_avg:276.04ms
step:552/5100 train_loss:4.2650 train_time:149611ms step_avg:276.04ms
step:553/5100 train_loss:4.3918 train_time:149886ms step_avg:276.03ms
step:554/5100 train_loss:4.2516 train_time:150162ms step_avg:276.03ms
step:555/5100 train_loss:4.1576 train_time:150442ms step_avg:276.04ms
step:556/5100 train_loss:4.3195 train_time:150720ms step_avg:276.04ms
step:557/5100 train_loss:4.3048 train_time:150996ms step_avg:276.04ms
step:558/5100 train_loss:4.3418 train_time:151270ms step_avg:276.04ms
step:559/5100 train_loss:4.2027 train_time:151544ms step_avg:276.04ms
step:560/5100 train_loss:4.3540 train_time:151821ms step_avg:276.04ms
step:561/5100 train_loss:4.3105 train_time:152097ms step_avg:276.04ms
step:562/5100 train_loss:4.2485 train_time:152373ms step_avg:276.04ms
step:563/5100 train_loss:4.0668 train_time:152646ms step_avg:276.03ms
step:564/5100 train_loss:4.2629 train_time:152922ms step_avg:276.03ms
step:565/5100 train_loss:4.2788 train_time:153198ms step_avg:276.03ms
step:566/5100 train_loss:4.2180 train_time:153476ms step_avg:276.04ms
step:567/5100 train_loss:4.4509 train_time:153749ms step_avg:276.03ms
step:568/5100 train_loss:4.3996 train_time:154026ms step_avg:276.03ms
step:569/5100 train_loss:4.2489 train_time:154301ms step_avg:276.03ms
step:570/5100 train_loss:4.2117 train_time:154573ms step_avg:276.02ms
step:571/5100 train_loss:4.1994 train_time:154847ms step_avg:276.02ms
step:572/5100 train_loss:4.2767 train_time:155123ms step_avg:276.02ms
step:573/5100 train_loss:4.2426 train_time:155397ms step_avg:276.02ms
step:574/5100 train_loss:4.2515 train_time:155674ms step_avg:276.02ms
step:575/5100 train_loss:4.2240 train_time:155948ms step_avg:276.01ms
step:576/5100 train_loss:4.3446 train_time:156223ms step_avg:276.01ms
step:577/5100 train_loss:4.1277 train_time:156499ms step_avg:276.01ms
step:578/5100 train_loss:4.2487 train_time:156777ms step_avg:276.02ms
step:579/5100 train_loss:4.2006 train_time:157055ms step_avg:276.02ms
step:580/5100 train_loss:4.1993 train_time:157329ms step_avg:276.02ms
step:581/5100 train_loss:4.3188 train_time:157603ms step_avg:276.01ms
step:582/5100 train_loss:4.1289 train_time:157880ms step_avg:276.01ms
step:583/5100 train_loss:4.1789 train_time:158154ms step_avg:276.01ms
step:584/5100 train_loss:4.2157 train_time:158429ms step_avg:276.01ms
step:585/5100 train_loss:4.1597 train_time:158705ms step_avg:276.01ms
step:586/5100 train_loss:4.2213 train_time:158981ms step_avg:276.01ms
step:587/5100 train_loss:4.1850 train_time:159257ms step_avg:276.01ms
step:588/5100 train_loss:4.2669 train_time:159535ms step_avg:276.01ms
step:589/5100 train_loss:4.1941 train_time:159811ms step_avg:276.01ms
step:590/5100 train_loss:4.3110 train_time:160086ms step_avg:276.01ms
step:591/5100 train_loss:4.2102 train_time:160362ms step_avg:276.01ms
step:592/5100 train_loss:4.1169 train_time:160636ms step_avg:276.01ms
step:593/5100 train_loss:4.2624 train_time:160912ms step_avg:276.01ms
step:594/5100 train_loss:4.2559 train_time:161190ms step_avg:276.01ms
step:595/5100 train_loss:4.1462 train_time:161465ms step_avg:276.01ms
step:596/5100 train_loss:4.2447 train_time:161740ms step_avg:276.01ms
step:597/5100 train_loss:4.3532 train_time:162018ms step_avg:276.01ms
step:598/5100 train_loss:4.3101 train_time:162295ms step_avg:276.01ms
step:599/5100 train_loss:4.2879 train_time:162570ms step_avg:276.01ms
step:600/5100 train_loss:4.1302 train_time:162843ms step_avg:276.01ms
step:601/5100 train_loss:4.2192 train_time:163121ms step_avg:276.01ms
step:602/5100 train_loss:4.2107 train_time:163398ms step_avg:276.01ms
step:603/5100 train_loss:4.2614 train_time:163676ms step_avg:276.01ms
step:604/5100 train_loss:4.1974 train_time:163950ms step_avg:276.01ms
step:605/5100 train_loss:4.2309 train_time:164226ms step_avg:276.01ms
step:606/5100 train_loss:4.1505 train_time:164501ms step_avg:276.01ms
step:607/5100 train_loss:4.1501 train_time:164777ms step_avg:276.01ms
step:608/5100 train_loss:4.0918 train_time:165050ms step_avg:276.00ms
step:609/5100 train_loss:4.1091 train_time:165324ms step_avg:276.00ms
step:610/5100 train_loss:4.2020 train_time:165600ms step_avg:276.00ms
step:611/5100 train_loss:4.1321 train_time:165876ms step_avg:276.00ms
step:612/5100 train_loss:4.2357 train_time:166150ms step_avg:276.00ms
step:613/5100 train_loss:4.1554 train_time:166424ms step_avg:275.99ms
step:614/5100 train_loss:4.1747 train_time:166700ms step_avg:275.99ms
step:615/5100 train_loss:4.2726 train_time:166976ms step_avg:275.99ms
step:616/5100 train_loss:4.1206 train_time:167250ms step_avg:275.99ms
step:617/5100 train_loss:4.2409 train_time:167527ms step_avg:275.99ms
step:618/5100 train_loss:4.1706 train_time:167803ms step_avg:275.99ms
step:619/5100 train_loss:4.2906 train_time:168078ms step_avg:275.99ms
step:620/5100 train_loss:4.3245 train_time:168355ms step_avg:275.99ms
step:621/5100 train_loss:4.2290 train_time:168630ms step_avg:275.99ms
step:622/5100 train_loss:4.2277 train_time:168904ms step_avg:275.99ms
step:623/5100 train_loss:4.1662 train_time:169180ms step_avg:275.99ms
step:624/5100 train_loss:4.2701 train_time:169454ms step_avg:275.98ms
step:625/5100 train_loss:4.2638 train_time:169728ms step_avg:275.98ms
step:626/5100 train_loss:4.2146 train_time:170005ms step_avg:275.98ms
step:627/5100 train_loss:4.2248 train_time:170279ms step_avg:275.98ms
step:628/5100 train_loss:4.2504 train_time:170554ms step_avg:275.98ms
step:629/5100 train_loss:4.1871 train_time:170829ms step_avg:275.98ms
step:630/5100 train_loss:4.1059 train_time:171103ms step_avg:275.97ms
step:631/5100 train_loss:4.1570 train_time:171378ms step_avg:275.97ms
step:632/5100 train_loss:4.2353 train_time:171652ms step_avg:275.97ms
step:633/5100 train_loss:4.1534 train_time:171927ms step_avg:275.97ms
step:634/5100 train_loss:4.2208 train_time:172203ms step_avg:275.97ms
step:635/5100 train_loss:4.2883 train_time:172480ms step_avg:275.97ms
step:636/5100 train_loss:4.1597 train_time:172755ms step_avg:275.97ms
step:637/5100 train_loss:4.1331 train_time:173038ms step_avg:275.98ms
step:638/5100 train_loss:4.0997 train_time:173314ms step_avg:275.98ms
step:639/5100 train_loss:4.3024 train_time:173589ms step_avg:275.98ms
step:640/5100 train_loss:4.1531 train_time:173866ms step_avg:275.98ms
step:641/5100 train_loss:4.2090 train_time:174142ms step_avg:275.98ms
step:642/5100 train_loss:4.2922 train_time:174421ms step_avg:275.98ms
step:643/5100 train_loss:4.2448 train_time:174697ms step_avg:275.98ms
step:644/5100 train_loss:4.1935 train_time:174972ms step_avg:275.98ms
step:645/5100 train_loss:4.1070 train_time:175245ms step_avg:275.98ms
step:646/5100 train_loss:4.2466 train_time:175521ms step_avg:275.98ms
step:647/5100 train_loss:4.2152 train_time:175798ms step_avg:275.98ms
step:648/5100 train_loss:4.1923 train_time:176073ms step_avg:275.98ms
step:649/5100 train_loss:4.1538 train_time:176348ms step_avg:275.97ms
step:650/5100 train_loss:4.1893 train_time:176623ms step_avg:275.97ms
step:651/5100 train_loss:4.2439 train_time:176899ms step_avg:275.97ms
step:652/5100 train_loss:4.1154 train_time:177175ms step_avg:275.97ms
step:653/5100 train_loss:4.0968 train_time:177448ms step_avg:275.97ms
step:654/5100 train_loss:4.2233 train_time:177724ms step_avg:275.97ms
step:655/5100 train_loss:4.3180 train_time:177998ms step_avg:275.97ms
step:656/5100 train_loss:4.1751 train_time:178275ms step_avg:275.97ms
step:657/5100 train_loss:4.1336 train_time:178548ms step_avg:275.96ms
step:658/5100 train_loss:4.1852 train_time:178824ms step_avg:275.96ms
step:659/5100 train_loss:4.0429 train_time:179100ms step_avg:275.96ms
step:660/5100 train_loss:4.1985 train_time:179377ms step_avg:275.96ms
step:661/5100 train_loss:4.2111 train_time:179651ms step_avg:275.96ms
step:662/5100 train_loss:4.2566 train_time:179928ms step_avg:275.96ms
step:663/5100 train_loss:4.1471 train_time:180203ms step_avg:275.96ms
step:663/5100 val_loss:4.1646 train_time:180212ms step_avg:275.98ms
step:664/5100 train_loss:4.2620 train_time:180485ms step_avg:275.97ms
step:665/5100 train_loss:4.1510 train_time:180762ms step_avg:275.97ms
step:666/5100 train_loss:4.1362 train_time:181038ms step_avg:275.97ms
step:667/5100 train_loss:4.0655 train_time:181313ms step_avg:275.97ms
step:668/5100 train_loss:4.1903 train_time:181589ms step_avg:275.97ms
step:669/5100 train_loss:4.0913 train_time:181861ms step_avg:275.97ms
step:670/5100 train_loss:4.1510 train_time:182137ms step_avg:275.96ms
step:671/5100 train_loss:4.2302 train_time:182412ms step_avg:275.96ms
step:672/5100 train_loss:4.1411 train_time:182686ms step_avg:275.96ms
step:673/5100 train_loss:4.0829 train_time:182960ms step_avg:275.96ms
step:674/5100 train_loss:4.1058 train_time:183237ms step_avg:275.96ms
step:675/5100 train_loss:4.0863 train_time:183512ms step_avg:275.96ms
step:676/5100 train_loss:4.2117 train_time:183785ms step_avg:275.95ms
step:677/5100 train_loss:4.1246 train_time:184060ms step_avg:275.95ms
step:678/5100 train_loss:4.0905 train_time:184336ms step_avg:275.95ms
step:679/5100 train_loss:4.2015 train_time:184612ms step_avg:275.95ms
step:680/5100 train_loss:4.1367 train_time:184893ms step_avg:275.96ms
step:681/5100 train_loss:4.0285 train_time:185165ms step_avg:275.95ms
step:682/5100 train_loss:4.1855 train_time:185439ms step_avg:275.95ms
step:683/5100 train_loss:4.1667 train_time:185714ms step_avg:275.95ms
step:684/5100 train_loss:3.9032 train_time:185991ms step_avg:275.95ms
step:685/5100 train_loss:4.2461 train_time:186264ms step_avg:275.95ms
step:686/5100 train_loss:4.1876 train_time:186538ms step_avg:275.94ms
step:687/5100 train_loss:4.2040 train_time:186813ms step_avg:275.94ms
step:688/5100 train_loss:4.1047 train_time:187092ms step_avg:275.95ms
step:689/5100 train_loss:4.3235 train_time:187365ms step_avg:275.94ms
step:690/5100 train_loss:4.1814 train_time:187640ms step_avg:275.94ms
step:691/5100 train_loss:4.2515 train_time:187918ms step_avg:275.94ms
step:692/5100 train_loss:4.1032 train_time:188199ms step_avg:275.95ms
step:693/5100 train_loss:4.0395 train_time:188475ms step_avg:275.95ms
step:694/5100 train_loss:4.2395 train_time:188752ms step_avg:275.95ms
step:695/5100 train_loss:4.1151 train_time:189026ms step_avg:275.95ms
step:696/5100 train_loss:4.2341 train_time:189300ms step_avg:275.95ms
step:697/5100 train_loss:4.1238 train_time:189576ms step_avg:275.95ms
step:698/5100 train_loss:4.1499 train_time:189853ms step_avg:275.95ms
step:699/5100 train_loss:4.1397 train_time:190130ms step_avg:275.95ms
step:700/5100 train_loss:4.2104 train_time:190404ms step_avg:275.95ms
step:701/5100 train_loss:4.1738 train_time:190675ms step_avg:275.94ms
step:702/5100 train_loss:4.0935 train_time:190950ms step_avg:275.94ms
step:703/5100 train_loss:4.1437 train_time:191226ms step_avg:275.94ms
step:704/5100 train_loss:4.1525 train_time:191502ms step_avg:275.94ms
step:705/5100 train_loss:4.1514 train_time:191778ms step_avg:275.94ms
step:706/5100 train_loss:4.0550 train_time:192053ms step_avg:275.94ms
step:707/5100 train_loss:4.1439 train_time:192330ms step_avg:275.94ms
step:708/5100 train_loss:4.2073 train_time:192602ms step_avg:275.93ms
step:709/5100 train_loss:4.1422 train_time:192876ms step_avg:275.93ms
step:710/5100 train_loss:4.0944 train_time:193155ms step_avg:275.94ms
step:711/5100 train_loss:4.0727 train_time:193435ms step_avg:275.94ms
step:712/5100 train_loss:4.2238 train_time:193712ms step_avg:275.94ms
step:713/5100 train_loss:4.2240 train_time:193985ms step_avg:275.94ms
step:714/5100 train_loss:4.1135 train_time:194258ms step_avg:275.93ms
step:715/5100 train_loss:4.2764 train_time:194534ms step_avg:275.93ms
step:716/5100 train_loss:4.1485 train_time:194809ms step_avg:275.93ms
step:717/5100 train_loss:4.0818 train_time:195081ms step_avg:275.93ms
step:718/5100 train_loss:4.0713 train_time:195356ms step_avg:275.93ms
step:719/5100 train_loss:4.1965 train_time:195634ms step_avg:275.93ms
step:720/5100 train_loss:4.1103 train_time:195910ms step_avg:275.93ms
step:721/5100 train_loss:4.1315 train_time:196184ms step_avg:275.93ms
step:722/5100 train_loss:4.1633 train_time:196460ms step_avg:275.93ms
step:723/5100 train_loss:4.1080 train_time:196737ms step_avg:275.93ms
step:724/5100 train_loss:4.0260 train_time:197014ms step_avg:275.93ms
step:725/5100 train_loss:4.1482 train_time:197289ms step_avg:275.93ms
step:726/5100 train_loss:4.1042 train_time:197562ms step_avg:275.93ms
step:727/5100 train_loss:4.0946 train_time:197836ms step_avg:275.92ms
step:728/5100 train_loss:4.1611 train_time:198114ms step_avg:275.92ms
step:729/5100 train_loss:4.1870 train_time:198389ms step_avg:275.92ms
step:730/5100 train_loss:4.1122 train_time:198662ms step_avg:275.92ms
step:731/5100 train_loss:4.0540 train_time:198936ms step_avg:275.92ms
step:732/5100 train_loss:4.0901 train_time:199212ms step_avg:275.92ms
step:733/5100 train_loss:4.0729 train_time:199486ms step_avg:275.91ms
step:734/5100 train_loss:4.1073 train_time:199760ms step_avg:275.91ms
step:735/5100 train_loss:4.1611 train_time:200037ms step_avg:275.91ms
step:736/5100 train_loss:4.2889 train_time:200314ms step_avg:275.91ms
step:737/5100 train_loss:4.0379 train_time:200588ms step_avg:275.91ms
step:738/5100 train_loss:4.1089 train_time:200862ms step_avg:275.91ms
step:739/5100 train_loss:4.0202 train_time:201138ms step_avg:275.91ms
step:740/5100 train_loss:4.1056 train_time:201414ms step_avg:275.91ms
step:741/5100 train_loss:4.1781 train_time:201691ms step_avg:275.91ms
step:742/5100 train_loss:4.0938 train_time:201964ms step_avg:275.91ms
step:743/5100 train_loss:4.1519 train_time:202239ms step_avg:275.91ms
step:744/5100 train_loss:4.1153 train_time:202515ms step_avg:275.91ms
step:745/5100 train_loss:4.0459 train_time:202791ms step_avg:275.91ms
step:746/5100 train_loss:4.1331 train_time:203065ms step_avg:275.90ms
step:747/5100 train_loss:4.1437 train_time:203340ms step_avg:275.90ms
step:748/5100 train_loss:4.1468 train_time:203616ms step_avg:275.90ms
step:749/5100 train_loss:4.1968 train_time:203892ms step_avg:275.90ms
step:750/5100 train_loss:4.2571 train_time:204165ms step_avg:275.90ms
step:751/5100 train_loss:4.0792 train_time:204440ms step_avg:275.90ms
step:752/5100 train_loss:4.0917 train_time:204719ms step_avg:275.90ms
step:753/5100 train_loss:4.1379 train_time:204997ms step_avg:275.90ms
step:754/5100 train_loss:4.0652 train_time:205273ms step_avg:275.90ms
step:755/5100 train_loss:4.1511 train_time:205547ms step_avg:275.90ms
step:756/5100 train_loss:4.0763 train_time:205823ms step_avg:275.90ms
step:757/5100 train_loss:3.9925 train_time:206097ms step_avg:275.90ms
step:758/5100 train_loss:4.2138 train_time:206372ms step_avg:275.90ms
step:759/5100 train_loss:4.0897 train_time:206647ms step_avg:275.90ms
step:760/5100 train_loss:4.0490 train_time:206922ms step_avg:275.90ms
step:761/5100 train_loss:4.0421 train_time:207197ms step_avg:275.90ms
step:762/5100 train_loss:4.5510 train_time:207667ms step_avg:276.15ms
step:763/5100 train_loss:3.9951 train_time:207941ms step_avg:276.15ms
step:764/5100 train_loss:4.0680 train_time:208216ms step_avg:276.15ms
step:765/5100 train_loss:4.0542 train_time:208493ms step_avg:276.15ms
step:766/5100 train_loss:4.0345 train_time:208769ms step_avg:276.15ms
step:767/5100 train_loss:3.9435 train_time:209043ms step_avg:276.15ms
step:768/5100 train_loss:4.0604 train_time:209318ms step_avg:276.14ms
step:769/5100 train_loss:4.2698 train_time:209594ms step_avg:276.15ms
step:770/5100 train_loss:4.1410 train_time:209873ms step_avg:276.15ms
step:771/5100 train_loss:4.2174 train_time:210149ms step_avg:276.15ms
step:772/5100 train_loss:4.0623 train_time:210424ms step_avg:276.15ms
step:773/5100 train_loss:4.1941 train_time:210695ms step_avg:276.14ms
step:774/5100 train_loss:4.1009 train_time:210970ms step_avg:276.14ms
step:775/5100 train_loss:4.1261 train_time:211247ms step_avg:276.14ms
step:776/5100 train_loss:4.1961 train_time:211520ms step_avg:276.14ms
step:777/5100 train_loss:4.1364 train_time:211806ms step_avg:276.15ms
step:778/5100 train_loss:4.1086 train_time:212082ms step_avg:276.15ms
step:779/5100 train_loss:4.2252 train_time:212358ms step_avg:276.15ms
step:780/5100 train_loss:4.2041 train_time:212635ms step_avg:276.15ms
step:781/5100 train_loss:4.1604 train_time:212911ms step_avg:276.15ms
step:782/5100 train_loss:3.9979 train_time:213184ms step_avg:276.14ms
step:783/5100 train_loss:4.2050 train_time:213460ms step_avg:276.15ms
step:784/5100 train_loss:4.1161 train_time:213736ms step_avg:276.15ms
step:785/5100 train_loss:4.1165 train_time:214013ms step_avg:276.15ms
step:786/5100 train_loss:4.3109 train_time:214290ms step_avg:276.15ms
step:787/5100 train_loss:4.0832 train_time:214562ms step_avg:276.14ms
step:788/5100 train_loss:4.0248 train_time:214838ms step_avg:276.14ms
step:789/5100 train_loss:4.1053 train_time:215115ms step_avg:276.14ms
step:790/5100 train_loss:4.0961 train_time:215391ms step_avg:276.14ms
step:791/5100 train_loss:4.0699 train_time:215666ms step_avg:276.14ms
step:792/5100 train_loss:4.1733 train_time:215940ms step_avg:276.14ms
step:793/5100 train_loss:4.1186 train_time:216217ms step_avg:276.14ms
step:794/5100 train_loss:4.1782 train_time:216495ms step_avg:276.14ms
step:795/5100 train_loss:4.0752 train_time:216769ms step_avg:276.14ms
step:796/5100 train_loss:4.0020 train_time:217042ms step_avg:276.14ms
step:797/5100 train_loss:4.1208 train_time:217320ms step_avg:276.14ms
step:798/5100 train_loss:4.1159 train_time:217591ms step_avg:276.13ms
step:799/5100 train_loss:4.0549 train_time:217868ms step_avg:276.13ms
step:800/5100 train_loss:4.1693 train_time:218143ms step_avg:276.13ms
step:801/5100 train_loss:4.2955 train_time:218419ms step_avg:276.13ms
step:802/5100 train_loss:4.5108 train_time:218693ms step_avg:276.13ms
step:803/5100 train_loss:4.0328 train_time:218967ms step_avg:276.12ms
step:804/5100 train_loss:4.0539 train_time:219243ms step_avg:276.12ms
step:805/5100 train_loss:4.0423 train_time:219515ms step_avg:276.12ms
step:806/5100 train_loss:4.2243 train_time:219794ms step_avg:276.12ms
step:807/5100 train_loss:4.0791 train_time:220070ms step_avg:276.12ms
step:808/5100 train_loss:4.1570 train_time:220342ms step_avg:276.12ms
step:809/5100 train_loss:4.1142 train_time:220620ms step_avg:276.12ms
step:810/5100 train_loss:4.0907 train_time:220897ms step_avg:276.12ms
step:811/5100 train_loss:4.0642 train_time:221171ms step_avg:276.12ms
step:812/5100 train_loss:4.2037 train_time:221446ms step_avg:276.12ms
step:813/5100 train_loss:4.1270 train_time:221721ms step_avg:276.12ms
step:814/5100 train_loss:4.1098 train_time:221997ms step_avg:276.12ms
step:815/5100 train_loss:4.1712 train_time:222274ms step_avg:276.12ms
step:816/5100 train_loss:4.1685 train_time:222549ms step_avg:276.12ms
step:817/5100 train_loss:4.1071 train_time:222822ms step_avg:276.11ms
step:818/5100 train_loss:4.0817 train_time:223097ms step_avg:276.11ms
step:819/5100 train_loss:4.0790 train_time:223372ms step_avg:276.11ms
step:820/5100 train_loss:4.2338 train_time:223647ms step_avg:276.11ms
step:821/5100 train_loss:4.0576 train_time:223922ms step_avg:276.11ms
step:822/5100 train_loss:4.0561 train_time:224198ms step_avg:276.11ms
step:823/5100 train_loss:4.0303 train_time:224472ms step_avg:276.10ms
step:824/5100 train_loss:3.9099 train_time:224748ms step_avg:276.10ms
step:825/5100 train_loss:4.0046 train_time:225023ms step_avg:276.10ms
step:826/5100 train_loss:4.0578 train_time:225297ms step_avg:276.10ms
step:827/5100 train_loss:4.1514 train_time:225572ms step_avg:276.10ms
step:828/5100 train_loss:4.1013 train_time:225849ms step_avg:276.10ms
step:829/5100 train_loss:4.1627 train_time:226125ms step_avg:276.10ms
step:830/5100 train_loss:4.0554 train_time:226400ms step_avg:276.10ms
step:831/5100 train_loss:4.1895 train_time:226675ms step_avg:276.10ms
step:832/5100 train_loss:4.1372 train_time:226952ms step_avg:276.10ms
step:833/5100 train_loss:4.0605 train_time:227227ms step_avg:276.10ms
step:834/5100 train_loss:4.1026 train_time:227502ms step_avg:276.09ms
step:835/5100 train_loss:4.0775 train_time:227774ms step_avg:276.09ms
step:836/5100 train_loss:4.1289 train_time:228049ms step_avg:276.09ms
step:837/5100 train_loss:4.0002 train_time:228324ms step_avg:276.09ms
step:838/5100 train_loss:3.8945 train_time:228600ms step_avg:276.09ms
step:839/5100 train_loss:3.9672 train_time:228871ms step_avg:276.08ms
step:840/5100 train_loss:4.0882 train_time:229146ms step_avg:276.08ms
step:841/5100 train_loss:4.1330 train_time:229421ms step_avg:276.08ms
step:842/5100 train_loss:4.0222 train_time:229695ms step_avg:276.08ms
step:843/5100 train_loss:4.1252 train_time:229970ms step_avg:276.07ms
step:844/5100 train_loss:4.0154 train_time:230246ms step_avg:276.07ms
step:845/5100 train_loss:4.0952 train_time:230521ms step_avg:276.07ms
step:846/5100 train_loss:4.0484 train_time:230796ms step_avg:276.07ms
step:847/5100 train_loss:4.0517 train_time:231071ms step_avg:276.07ms
step:848/5100 train_loss:4.0157 train_time:231343ms step_avg:276.07ms
step:849/5100 train_loss:4.0820 train_time:231619ms step_avg:276.07ms
step:850/5100 train_loss:4.0532 train_time:231897ms step_avg:276.07ms
step:851/5100 train_loss:4.0790 train_time:232174ms step_avg:276.07ms
step:852/5100 train_loss:4.0836 train_time:232451ms step_avg:276.07ms
step:853/5100 train_loss:4.0425 train_time:232724ms step_avg:276.07ms
step:854/5100 train_loss:3.9833 train_time:232999ms step_avg:276.06ms
step:855/5100 train_loss:4.1087 train_time:233271ms step_avg:276.06ms
step:856/5100 train_loss:4.0781 train_time:233547ms step_avg:276.06ms
step:857/5100 train_loss:4.0443 train_time:233824ms step_avg:276.06ms
step:858/5100 train_loss:4.0583 train_time:234098ms step_avg:276.06ms
step:859/5100 train_loss:4.0767 train_time:234375ms step_avg:276.06ms
step:860/5100 train_loss:3.9711 train_time:234652ms step_avg:276.06ms
step:861/5100 train_loss:4.1252 train_time:234926ms step_avg:276.06ms
step:862/5100 train_loss:4.0675 train_time:235204ms step_avg:276.06ms
step:863/5100 train_loss:3.9926 train_time:235479ms step_avg:276.06ms
step:864/5100 train_loss:3.9751 train_time:235756ms step_avg:276.06ms
step:865/5100 train_loss:4.0765 train_time:236035ms step_avg:276.06ms
step:866/5100 train_loss:4.0742 train_time:236307ms step_avg:276.06ms
step:867/5100 train_loss:3.9590 train_time:236581ms step_avg:276.06ms
step:868/5100 train_loss:4.0173 train_time:236858ms step_avg:276.06ms
step:869/5100 train_loss:4.0997 train_time:237136ms step_avg:276.06ms
step:870/5100 train_loss:4.1753 train_time:237413ms step_avg:276.06ms
step:871/5100 train_loss:4.0422 train_time:237689ms step_avg:276.06ms
step:872/5100 train_loss:4.0949 train_time:237965ms step_avg:276.06ms
step:873/5100 train_loss:4.0267 train_time:238241ms step_avg:276.06ms
step:874/5100 train_loss:3.9710 train_time:238518ms step_avg:276.06ms
step:875/5100 train_loss:3.9702 train_time:238795ms step_avg:276.06ms
step:876/5100 train_loss:4.0121 train_time:239069ms step_avg:276.06ms
step:877/5100 train_loss:4.0152 train_time:239342ms step_avg:276.06ms
step:878/5100 train_loss:4.1274 train_time:239619ms step_avg:276.06ms
step:879/5100 train_loss:3.9848 train_time:239896ms step_avg:276.06ms
step:880/5100 train_loss:4.0006 train_time:240171ms step_avg:276.06ms
step:880/5100 val_loss:4.0183 train_time:240180ms step_avg:276.07ms
step:881/5100 train_loss:3.9368 train_time:240451ms step_avg:276.06ms
step:882/5100 train_loss:3.9382 train_time:240726ms step_avg:276.06ms
step:883/5100 train_loss:4.1311 train_time:241000ms step_avg:276.06ms
step:884/5100 train_loss:3.9985 train_time:241273ms step_avg:276.06ms
step:885/5100 train_loss:4.0440 train_time:241549ms step_avg:276.06ms
step:886/5100 train_loss:3.9879 train_time:241824ms step_avg:276.06ms
step:887/5100 train_loss:3.9594 train_time:242102ms step_avg:276.06ms
step:888/5100 train_loss:3.9313 train_time:242376ms step_avg:276.05ms
step:889/5100 train_loss:3.9686 train_time:242652ms step_avg:276.05ms
step:890/5100 train_loss:4.0151 train_time:242928ms step_avg:276.05ms
step:891/5100 train_loss:4.0394 train_time:243205ms step_avg:276.06ms
step:892/5100 train_loss:4.0631 train_time:243479ms step_avg:276.05ms
step:893/5100 train_loss:4.0515 train_time:243753ms step_avg:276.05ms
step:894/5100 train_loss:4.0228 train_time:244027ms step_avg:276.05ms
step:895/5100 train_loss:4.1637 train_time:244310ms step_avg:276.06ms
step:896/5100 train_loss:4.1074 train_time:244579ms step_avg:276.05ms
step:897/5100 train_loss:4.0219 train_time:244850ms step_avg:276.04ms
step:898/5100 train_loss:3.9692 train_time:245125ms step_avg:276.04ms
step:899/5100 train_loss:4.0724 train_time:245400ms step_avg:276.04ms
step:900/5100 train_loss:3.9992 train_time:245674ms step_avg:276.04ms
step:901/5100 train_loss:3.9357 train_time:245948ms step_avg:276.04ms
step:902/5100 train_loss:3.9401 train_time:246223ms step_avg:276.03ms
step:903/5100 train_loss:3.9694 train_time:246498ms step_avg:276.03ms
step:904/5100 train_loss:3.9182 train_time:246773ms step_avg:276.03ms
step:905/5100 train_loss:4.0408 train_time:247050ms step_avg:276.03ms
step:906/5100 train_loss:3.9468 train_time:247327ms step_avg:276.03ms
step:907/5100 train_loss:4.0071 train_time:247605ms step_avg:276.04ms
step:908/5100 train_loss:3.9281 train_time:247879ms step_avg:276.03ms
step:909/5100 train_loss:3.9754 train_time:248154ms step_avg:276.03ms
step:910/5100 train_loss:3.9265 train_time:248428ms step_avg:276.03ms
step:911/5100 train_loss:4.0659 train_time:248705ms step_avg:276.03ms
step:912/5100 train_loss:4.0478 train_time:248980ms step_avg:276.03ms
step:913/5100 train_loss:4.0292 train_time:249251ms step_avg:276.03ms
step:914/5100 train_loss:4.0797 train_time:249526ms step_avg:276.02ms
step:915/5100 train_loss:4.0047 train_time:249806ms step_avg:276.03ms
step:916/5100 train_loss:3.9652 train_time:250080ms step_avg:276.03ms
step:917/5100 train_loss:3.9626 train_time:250356ms step_avg:276.03ms
step:918/5100 train_loss:4.0413 train_time:250631ms step_avg:276.03ms
step:919/5100 train_loss:4.0763 train_time:250908ms step_avg:276.03ms
step:920/5100 train_loss:3.9928 train_time:251181ms step_avg:276.02ms
step:921/5100 train_loss:4.0194 train_time:251457ms step_avg:276.02ms
step:922/5100 train_loss:3.9184 train_time:251731ms step_avg:276.02ms
step:923/5100 train_loss:3.8615 train_time:252006ms step_avg:276.02ms
step:924/5100 train_loss:3.9053 train_time:252280ms step_avg:276.02ms
step:925/5100 train_loss:3.9933 train_time:252557ms step_avg:276.02ms
step:926/5100 train_loss:3.9861 train_time:252833ms step_avg:276.02ms
step:927/5100 train_loss:3.9851 train_time:253108ms step_avg:276.02ms
step:928/5100 train_loss:3.9689 train_time:253382ms step_avg:276.02ms
step:929/5100 train_loss:3.9978 train_time:253660ms step_avg:276.02ms
step:930/5100 train_loss:3.9160 train_time:253935ms step_avg:276.02ms
step:931/5100 train_loss:3.9121 train_time:254210ms step_avg:276.01ms
step:932/5100 train_loss:3.9905 train_time:254486ms step_avg:276.02ms
step:933/5100 train_loss:4.0201 train_time:254762ms step_avg:276.02ms
step:934/5100 train_loss:3.9405 train_time:255040ms step_avg:276.02ms
step:935/5100 train_loss:3.9929 train_time:255313ms step_avg:276.01ms
step:936/5100 train_loss:3.9683 train_time:255587ms step_avg:276.01ms
step:937/5100 train_loss:3.9872 train_time:255864ms step_avg:276.01ms
step:938/5100 train_loss:4.0540 train_time:256142ms step_avg:276.02ms
step:939/5100 train_loss:3.9944 train_time:256417ms step_avg:276.01ms
step:940/5100 train_loss:3.8940 train_time:256692ms step_avg:276.01ms
step:941/5100 train_loss:4.0508 train_time:256967ms step_avg:276.01ms
step:942/5100 train_loss:4.0105 train_time:257243ms step_avg:276.01ms
step:943/5100 train_loss:4.1363 train_time:257520ms step_avg:276.01ms
step:944/5100 train_loss:4.0091 train_time:257797ms step_avg:276.01ms
step:945/5100 train_loss:3.9378 train_time:258069ms step_avg:276.01ms
step:946/5100 train_loss:4.0398 train_time:258344ms step_avg:276.01ms
step:947/5100 train_loss:4.0691 train_time:258622ms step_avg:276.01ms
step:948/5100 train_loss:3.9052 train_time:258900ms step_avg:276.01ms
step:949/5100 train_loss:4.2521 train_time:259174ms step_avg:276.01ms
step:950/5100 train_loss:4.0753 train_time:259449ms step_avg:276.01ms
step:951/5100 train_loss:3.9516 train_time:259723ms step_avg:276.01ms
step:952/5100 train_loss:3.9688 train_time:259996ms step_avg:276.00ms
step:953/5100 train_loss:4.0103 train_time:260270ms step_avg:276.00ms
step:954/5100 train_loss:4.0490 train_time:260545ms step_avg:276.00ms
step:955/5100 train_loss:3.9230 train_time:260822ms step_avg:276.00ms
step:956/5100 train_loss:3.9688 train_time:261098ms step_avg:276.00ms
step:957/5100 train_loss:3.9334 train_time:261372ms step_avg:276.00ms
step:958/5100 train_loss:3.9317 train_time:261646ms step_avg:276.00ms
step:959/5100 train_loss:3.8453 train_time:261923ms step_avg:276.00ms
step:960/5100 train_loss:3.9334 train_time:262197ms step_avg:276.00ms
step:961/5100 train_loss:3.8740 train_time:262471ms step_avg:275.99ms
step:962/5100 train_loss:4.1220 train_time:262746ms step_avg:275.99ms
step:963/5100 train_loss:3.8601 train_time:263022ms step_avg:275.99ms
step:964/5100 train_loss:3.9850 train_time:263297ms step_avg:275.99ms
step:965/5100 train_loss:4.0067 train_time:263573ms step_avg:275.99ms
step:966/5100 train_loss:4.3721 train_time:263848ms step_avg:275.99ms
step:967/5100 train_loss:3.9974 train_time:264123ms step_avg:275.99ms
step:968/5100 train_loss:3.9312 train_time:264399ms step_avg:275.99ms
step:969/5100 train_loss:3.9609 train_time:264674ms step_avg:275.99ms
step:970/5100 train_loss:4.2003 train_time:264947ms step_avg:275.99ms
step:971/5100 train_loss:4.0404 train_time:265222ms step_avg:275.99ms
step:972/5100 train_loss:3.9521 train_time:265497ms step_avg:275.98ms
step:973/5100 train_loss:3.8996 train_time:265769ms step_avg:275.98ms
step:974/5100 train_loss:3.9589 train_time:266046ms step_avg:275.98ms
step:975/5100 train_loss:3.8566 train_time:266323ms step_avg:275.98ms
step:976/5100 train_loss:4.0272 train_time:266598ms step_avg:275.98ms
step:977/5100 train_loss:3.9779 train_time:266872ms step_avg:275.98ms
step:978/5100 train_loss:3.9452 train_time:267148ms step_avg:275.98ms
step:979/5100 train_loss:4.0035 train_time:267422ms step_avg:275.98ms
step:980/5100 train_loss:3.9538 train_time:267699ms step_avg:275.98ms
step:981/5100 train_loss:3.9671 train_time:267974ms step_avg:275.98ms
step:982/5100 train_loss:3.8550 train_time:268250ms step_avg:275.98ms
step:983/5100 train_loss:3.8291 train_time:268533ms step_avg:275.98ms
step:984/5100 train_loss:3.9056 train_time:268806ms step_avg:275.98ms
step:985/5100 train_loss:3.8675 train_time:269082ms step_avg:275.98ms
step:986/5100 train_loss:4.0091 train_time:269359ms step_avg:275.98ms
step:987/5100 train_loss:3.9369 train_time:269634ms step_avg:275.98ms
step:988/5100 train_loss:3.9117 train_time:269905ms step_avg:275.98ms
step:989/5100 train_loss:3.8003 train_time:270181ms step_avg:275.98ms
step:990/5100 train_loss:3.8853 train_time:270456ms step_avg:275.98ms
step:991/5100 train_loss:3.8660 train_time:270733ms step_avg:275.98ms
step:992/5100 train_loss:4.0221 train_time:271011ms step_avg:275.98ms
step:993/5100 train_loss:3.9224 train_time:271286ms step_avg:275.98ms
step:994/5100 train_loss:3.8106 train_time:271562ms step_avg:275.98ms
step:995/5100 train_loss:3.9378 train_time:271838ms step_avg:275.98ms
step:996/5100 train_loss:3.7771 train_time:272113ms step_avg:275.98ms
step:997/5100 train_loss:3.9936 train_time:272387ms step_avg:275.97ms
step:998/5100 train_loss:3.9385 train_time:272662ms step_avg:275.97ms
step:999/5100 train_loss:3.9856 train_time:272938ms step_avg:275.97ms
step:1000/5100 train_loss:3.9272 train_time:273211ms step_avg:275.97ms
step:1001/5100 train_loss:3.9020 train_time:273487ms step_avg:275.97ms
step:1002/5100 train_loss:3.8775 train_time:273772ms step_avg:275.98ms
step:1003/5100 train_loss:3.7845 train_time:274048ms step_avg:275.98ms
step:1004/5100 train_loss:3.9343 train_time:274323ms step_avg:275.98ms
step:1005/5100 train_loss:3.9270 train_time:274599ms step_avg:275.98ms
step:1006/5100 train_loss:3.9143 train_time:274873ms step_avg:275.98ms
step:1007/5100 train_loss:4.0463 train_time:275149ms step_avg:275.98ms
step:1008/5100 train_loss:4.0471 train_time:275424ms step_avg:275.98ms
step:1009/5100 train_loss:3.9169 train_time:275699ms step_avg:275.98ms
step:1010/5100 train_loss:3.9090 train_time:275973ms step_avg:275.97ms
step:1011/5100 train_loss:3.9687 train_time:276249ms step_avg:275.97ms
step:1012/5100 train_loss:3.8574 train_time:276524ms step_avg:275.97ms
step:1013/5100 train_loss:3.8900 train_time:276802ms step_avg:275.97ms
step:1014/5100 train_loss:4.0285 train_time:277078ms step_avg:275.97ms
step:1015/5100 train_loss:3.8615 train_time:277353ms step_avg:275.97ms
step:1016/5100 train_loss:3.8422 train_time:277629ms step_avg:275.97ms
step:1017/5100 train_loss:3.8875 train_time:277905ms step_avg:275.97ms
step:1018/5100 train_loss:3.8834 train_time:278180ms step_avg:275.97ms
step:1019/5100 train_loss:3.8645 train_time:278455ms step_avg:275.97ms
step:1020/5100 train_loss:3.9407 train_time:278731ms step_avg:275.97ms
step:1021/5100 train_loss:3.9689 train_time:279008ms step_avg:275.97ms
step:1022/5100 train_loss:3.8748 train_time:279283ms step_avg:275.97ms
step:1023/5100 train_loss:4.0040 train_time:279559ms step_avg:275.97ms
step:1024/5100 train_loss:3.9182 train_time:279832ms step_avg:275.97ms
step:1025/5100 train_loss:3.8907 train_time:280107ms step_avg:275.97ms
step:1026/5100 train_loss:3.8744 train_time:280383ms step_avg:275.97ms
step:1027/5100 train_loss:3.8515 train_time:280658ms step_avg:275.97ms
step:1028/5100 train_loss:3.8498 train_time:280932ms step_avg:275.96ms
step:1029/5100 train_loss:3.9105 train_time:281208ms step_avg:275.96ms
step:1030/5100 train_loss:3.9374 train_time:281484ms step_avg:275.96ms
step:1031/5100 train_loss:3.9020 train_time:281760ms step_avg:275.96ms
step:1032/5100 train_loss:3.9673 train_time:282034ms step_avg:275.96ms
step:1033/5100 train_loss:4.1095 train_time:282310ms step_avg:275.96ms
step:1034/5100 train_loss:3.9055 train_time:282585ms step_avg:275.96ms
step:1035/5100 train_loss:3.9542 train_time:282863ms step_avg:275.96ms
step:1036/5100 train_loss:3.8782 train_time:283141ms step_avg:275.97ms
step:1037/5100 train_loss:3.8892 train_time:283418ms step_avg:275.97ms
step:1038/5100 train_loss:3.8488 train_time:283693ms step_avg:275.97ms
step:1039/5100 train_loss:3.8984 train_time:283968ms step_avg:275.97ms
step:1040/5100 train_loss:3.8820 train_time:284246ms step_avg:275.97ms
step:1041/5100 train_loss:3.8664 train_time:284522ms step_avg:275.97ms
step:1042/5100 train_loss:3.8686 train_time:284798ms step_avg:275.97ms
step:1043/5100 train_loss:3.8285 train_time:285072ms step_avg:275.97ms
step:1044/5100 train_loss:4.0192 train_time:285348ms step_avg:275.97ms
step:1045/5100 train_loss:3.7958 train_time:285625ms step_avg:275.97ms
step:1046/5100 train_loss:3.8515 train_time:285903ms step_avg:275.97ms
step:1047/5100 train_loss:3.7619 train_time:286180ms step_avg:275.97ms
step:1048/5100 train_loss:3.8844 train_time:286455ms step_avg:275.97ms
step:1049/5100 train_loss:3.9426 train_time:286730ms step_avg:275.97ms
step:1050/5100 train_loss:3.9639 train_time:287006ms step_avg:275.97ms
step:1051/5100 train_loss:3.9467 train_time:287284ms step_avg:275.97ms
step:1052/5100 train_loss:3.8561 train_time:287560ms step_avg:275.97ms
step:1053/5100 train_loss:3.8414 train_time:287837ms step_avg:275.97ms
step:1054/5100 train_loss:3.9692 train_time:288113ms step_avg:275.97ms
step:1055/5100 train_loss:3.9043 train_time:288387ms step_avg:275.97ms
step:1056/5100 train_loss:3.8812 train_time:288664ms step_avg:275.97ms
step:1057/5100 train_loss:3.9454 train_time:288943ms step_avg:275.97ms
step:1058/5100 train_loss:4.1410 train_time:289216ms step_avg:275.97ms
step:1059/5100 train_loss:3.8220 train_time:289491ms step_avg:275.97ms
step:1060/5100 train_loss:3.7881 train_time:289766ms step_avg:275.97ms
step:1061/5100 train_loss:3.7808 train_time:290047ms step_avg:275.97ms
step:1062/5100 train_loss:3.8575 train_time:290324ms step_avg:275.97ms
step:1063/5100 train_loss:3.7936 train_time:290599ms step_avg:275.97ms
step:1064/5100 train_loss:3.8988 train_time:290872ms step_avg:275.97ms
step:1065/5100 train_loss:3.9534 train_time:291151ms step_avg:275.97ms
step:1066/5100 train_loss:3.9449 train_time:291428ms step_avg:275.97ms
step:1067/5100 train_loss:3.8670 train_time:291705ms step_avg:275.97ms
step:1068/5100 train_loss:3.8222 train_time:291980ms step_avg:275.97ms
step:1069/5100 train_loss:3.8331 train_time:292255ms step_avg:275.97ms
step:1070/5100 train_loss:3.9184 train_time:292529ms step_avg:275.97ms
step:1071/5100 train_loss:3.8336 train_time:292806ms step_avg:275.97ms
step:1072/5100 train_loss:3.8691 train_time:293080ms step_avg:275.97ms
step:1073/5100 train_loss:3.8439 train_time:293358ms step_avg:275.97ms
step:1074/5100 train_loss:3.8163 train_time:293631ms step_avg:275.97ms
step:1075/5100 train_loss:3.8058 train_time:293906ms step_avg:275.97ms
step:1076/5100 train_loss:3.8571 train_time:294181ms step_avg:275.97ms
step:1077/5100 train_loss:3.7803 train_time:294457ms step_avg:275.97ms
step:1078/5100 train_loss:3.8979 train_time:294731ms step_avg:275.97ms
step:1079/5100 train_loss:3.9612 train_time:295006ms step_avg:275.96ms
step:1080/5100 train_loss:3.9228 train_time:295279ms step_avg:275.96ms
step:1081/5100 train_loss:3.7635 train_time:295555ms step_avg:275.96ms
step:1082/5100 train_loss:3.9802 train_time:295829ms step_avg:275.96ms
step:1083/5100 train_loss:3.8562 train_time:296104ms step_avg:275.96ms
step:1084/5100 train_loss:3.8520 train_time:296379ms step_avg:275.96ms
step:1085/5100 train_loss:3.9944 train_time:296655ms step_avg:275.96ms
step:1086/5100 train_loss:3.9109 train_time:296929ms step_avg:275.96ms
step:1087/5100 train_loss:3.9361 train_time:297206ms step_avg:275.96ms
step:1088/5100 train_loss:3.9274 train_time:297477ms step_avg:275.95ms
step:1089/5100 train_loss:3.7787 train_time:297754ms step_avg:275.95ms
step:1090/5100 train_loss:3.8526 train_time:298031ms step_avg:275.95ms
step:1091/5100 train_loss:3.8908 train_time:298307ms step_avg:275.95ms
step:1092/5100 train_loss:3.8466 train_time:298582ms step_avg:275.95ms
step:1093/5100 train_loss:3.9114 train_time:298859ms step_avg:275.96ms
step:1094/5100 train_loss:3.9107 train_time:299136ms step_avg:275.96ms
step:1095/5100 train_loss:3.9076 train_time:299409ms step_avg:275.95ms
step:1096/5100 train_loss:3.8656 train_time:299684ms step_avg:275.95ms
step:1097/5100 train_loss:3.9087 train_time:299960ms step_avg:275.95ms
step:1098/5100 train_loss:3.7013 train_time:300235ms step_avg:275.95ms
step:1098/5100 val_loss:3.8619 train_time:300243ms step_avg:275.96ms
peak memory consumption: 59376 MiB
