/workspace/modded-nanogpt/exp/width1024.py:27: SyntaxWarning: invalid escape sequence '\s'
  """
using device: cuda:0
Training DataLoader: total number of tokens: 2600000000 across 26 files
Validation DataLoader: total number of tokens: 100000000 across 1 files
training time budget: 300.0s (5.0 single-GPU min / 1 GPUs)
step:1/5100 train_loss:18.5066 train_time:88204ms step_avg:nanms
step:2/5100 train_loss:8.8069 train_time:124343ms step_avg:nanms
step:3/5100 train_loss:8.4860 train_time:124574ms step_avg:nanms
step:4/5100 train_loss:7.9201 train_time:124816ms step_avg:nanms
step:5/5100 train_loss:7.7334 train_time:125057ms step_avg:nanms
step:6/5100 train_loss:7.4406 train_time:125306ms step_avg:nanms
step:7/5100 train_loss:7.3121 train_time:125548ms step_avg:nanms
step:8/5100 train_loss:7.3053 train_time:125790ms step_avg:nanms
step:9/5100 train_loss:7.1482 train_time:126031ms step_avg:nanms
step:10/5100 train_loss:6.9839 train_time:126279ms step_avg:nanms
step:11/5100 train_loss:6.8568 train_time:234ms step_avg:nanms
step:12/5100 train_loss:6.8517 train_time:476ms step_avg:nanms
step:13/5100 train_loss:6.8262 train_time:725ms step_avg:241.54ms
step:14/5100 train_loss:6.5931 train_time:971ms step_avg:242.65ms
step:15/5100 train_loss:6.6557 train_time:1212ms step_avg:242.37ms
step:16/5100 train_loss:6.4822 train_time:1453ms step_avg:242.18ms
step:17/5100 train_loss:6.7588 train_time:1696ms step_avg:242.23ms
step:18/5100 train_loss:6.6326 train_time:1941ms step_avg:242.66ms
step:19/5100 train_loss:6.5649 train_time:2183ms step_avg:242.50ms
step:20/5100 train_loss:6.4077 train_time:2427ms step_avg:242.74ms
step:21/5100 train_loss:6.4311 train_time:2668ms step_avg:242.59ms
step:22/5100 train_loss:6.3441 train_time:2915ms step_avg:242.95ms
step:23/5100 train_loss:6.2979 train_time:3164ms step_avg:243.37ms
step:24/5100 train_loss:6.2770 train_time:3411ms step_avg:243.66ms
step:25/5100 train_loss:6.4359 train_time:3650ms step_avg:243.33ms
step:26/5100 train_loss:6.4466 train_time:3894ms step_avg:243.37ms
step:27/5100 train_loss:6.4358 train_time:4145ms step_avg:243.84ms
step:28/5100 train_loss:6.3645 train_time:4391ms step_avg:243.92ms
step:29/5100 train_loss:6.2913 train_time:4636ms step_avg:243.98ms
step:30/5100 train_loss:6.3069 train_time:4881ms step_avg:244.03ms
step:31/5100 train_loss:6.1726 train_time:5129ms step_avg:244.24ms
step:32/5100 train_loss:6.0830 train_time:5374ms step_avg:244.26ms
step:33/5100 train_loss:6.2373 train_time:5619ms step_avg:244.29ms
step:34/5100 train_loss:6.2298 train_time:5864ms step_avg:244.34ms
step:35/5100 train_loss:6.2586 train_time:6108ms step_avg:244.30ms
step:36/5100 train_loss:6.2406 train_time:6351ms step_avg:244.28ms
step:37/5100 train_loss:6.3551 train_time:6594ms step_avg:244.21ms
step:38/5100 train_loss:6.0911 train_time:6838ms step_avg:244.22ms
step:39/5100 train_loss:6.0380 train_time:7085ms step_avg:244.31ms
step:40/5100 train_loss:6.0991 train_time:7332ms step_avg:244.41ms
step:41/5100 train_loss:6.0650 train_time:7577ms step_avg:244.41ms
step:42/5100 train_loss:6.0929 train_time:7821ms step_avg:244.41ms
step:43/5100 train_loss:6.0447 train_time:8070ms step_avg:244.56ms
step:44/5100 train_loss:6.0687 train_time:8314ms step_avg:244.52ms
step:45/5100 train_loss:6.0594 train_time:8556ms step_avg:244.45ms
step:46/5100 train_loss:6.0137 train_time:8804ms step_avg:244.56ms
step:47/5100 train_loss:6.0047 train_time:9050ms step_avg:244.59ms
step:48/5100 train_loss:6.0496 train_time:9293ms step_avg:244.55ms
step:49/5100 train_loss:5.9859 train_time:9539ms step_avg:244.59ms
step:50/5100 train_loss:5.9595 train_time:9783ms step_avg:244.57ms
step:51/5100 train_loss:6.0434 train_time:10033ms step_avg:244.70ms
step:52/5100 train_loss:5.8929 train_time:10280ms step_avg:244.75ms
step:53/5100 train_loss:5.9640 train_time:10526ms step_avg:244.80ms
step:54/5100 train_loss:5.9019 train_time:10770ms step_avg:244.77ms
step:55/5100 train_loss:5.8686 train_time:11013ms step_avg:244.74ms
step:56/5100 train_loss:5.7718 train_time:11264ms step_avg:244.88ms
step:57/5100 train_loss:5.8761 train_time:11511ms step_avg:244.92ms
step:58/5100 train_loss:5.8663 train_time:11758ms step_avg:244.95ms
step:59/5100 train_loss:5.8634 train_time:12001ms step_avg:244.92ms
step:60/5100 train_loss:5.8400 train_time:12252ms step_avg:245.04ms
step:61/5100 train_loss:5.9083 train_time:12492ms step_avg:244.94ms
step:62/5100 train_loss:5.8449 train_time:12736ms step_avg:244.92ms
step:63/5100 train_loss:5.7065 train_time:12981ms step_avg:244.92ms
step:64/5100 train_loss:5.6830 train_time:13225ms step_avg:244.91ms
step:65/5100 train_loss:5.8235 train_time:13468ms step_avg:244.87ms
step:66/5100 train_loss:5.8133 train_time:13717ms step_avg:244.95ms
step:67/5100 train_loss:5.6727 train_time:13961ms step_avg:244.93ms
step:68/5100 train_loss:5.8067 train_time:14205ms step_avg:244.92ms
step:69/5100 train_loss:5.7679 train_time:14449ms step_avg:244.90ms
step:70/5100 train_loss:5.7009 train_time:14692ms step_avg:244.87ms
step:71/5100 train_loss:5.8320 train_time:14939ms step_avg:244.90ms
step:72/5100 train_loss:5.9213 train_time:15185ms step_avg:244.91ms
step:73/5100 train_loss:5.7675 train_time:15430ms step_avg:244.93ms
step:74/5100 train_loss:5.7479 train_time:15677ms step_avg:244.95ms
step:75/5100 train_loss:5.9863 train_time:15923ms step_avg:244.97ms
step:76/5100 train_loss:5.7259 train_time:16170ms step_avg:245.01ms
step:77/5100 train_loss:5.6978 train_time:16412ms step_avg:244.96ms
step:78/5100 train_loss:5.4665 train_time:16655ms step_avg:244.93ms
step:79/5100 train_loss:5.6665 train_time:16899ms step_avg:244.92ms
step:80/5100 train_loss:5.7043 train_time:17146ms step_avg:244.95ms
step:81/5100 train_loss:5.6559 train_time:17390ms step_avg:244.93ms
step:82/5100 train_loss:5.6775 train_time:17633ms step_avg:244.90ms
step:83/5100 train_loss:5.5359 train_time:17876ms step_avg:244.88ms
step:84/5100 train_loss:5.6509 train_time:18127ms step_avg:244.96ms
step:85/5100 train_loss:5.7030 train_time:18375ms step_avg:245.01ms
step:86/5100 train_loss:5.8073 train_time:18621ms step_avg:245.01ms
step:87/5100 train_loss:5.6941 train_time:18865ms step_avg:245.00ms
step:88/5100 train_loss:5.5034 train_time:19111ms step_avg:245.01ms
step:89/5100 train_loss:5.6365 train_time:19356ms step_avg:245.01ms
step:90/5100 train_loss:5.6419 train_time:19600ms step_avg:245.00ms
step:91/5100 train_loss:5.5533 train_time:19847ms step_avg:245.02ms
step:92/5100 train_loss:5.5609 train_time:20090ms step_avg:245.00ms
step:93/5100 train_loss:5.3486 train_time:20334ms step_avg:244.99ms
step:94/5100 train_loss:5.6288 train_time:20583ms step_avg:245.03ms
step:95/5100 train_loss:5.5123 train_time:20830ms step_avg:245.05ms
step:96/5100 train_loss:5.5381 train_time:21076ms step_avg:245.07ms
step:97/5100 train_loss:5.4666 train_time:21322ms step_avg:245.08ms
step:98/5100 train_loss:5.4772 train_time:21568ms step_avg:245.09ms
step:99/5100 train_loss:5.3950 train_time:21822ms step_avg:245.19ms
step:100/5100 train_loss:5.3859 train_time:22063ms step_avg:245.15ms
step:101/5100 train_loss:5.5565 train_time:22311ms step_avg:245.18ms
step:102/5100 train_loss:5.5379 train_time:22557ms step_avg:245.19ms
step:103/5100 train_loss:5.4470 train_time:22803ms step_avg:245.19ms
step:104/5100 train_loss:5.3955 train_time:23050ms step_avg:245.21ms
step:105/5100 train_loss:5.5324 train_time:23293ms step_avg:245.18ms
step:106/5100 train_loss:5.4342 train_time:23540ms step_avg:245.21ms
step:107/5100 train_loss:5.4949 train_time:23784ms step_avg:245.20ms
step:108/5100 train_loss:5.4035 train_time:24029ms step_avg:245.20ms
step:109/5100 train_loss:5.4485 train_time:24270ms step_avg:245.16ms
step:110/5100 train_loss:5.2758 train_time:24521ms step_avg:245.21ms
step:111/5100 train_loss:5.2241 train_time:24764ms step_avg:245.19ms
step:112/5100 train_loss:5.4018 train_time:25007ms step_avg:245.17ms
step:113/5100 train_loss:5.3599 train_time:25253ms step_avg:245.17ms
step:114/5100 train_loss:5.3915 train_time:25495ms step_avg:245.14ms
step:115/5100 train_loss:5.4427 train_time:25739ms step_avg:245.13ms
step:116/5100 train_loss:5.5108 train_time:25985ms step_avg:245.14ms
step:117/5100 train_loss:5.3305 train_time:26230ms step_avg:245.14ms
step:118/5100 train_loss:5.2465 train_time:26472ms step_avg:245.11ms
step:119/5100 train_loss:5.2898 train_time:26720ms step_avg:245.14ms
step:120/5100 train_loss:5.4294 train_time:26966ms step_avg:245.15ms
step:121/5100 train_loss:5.4068 train_time:27215ms step_avg:245.18ms
step:122/5100 train_loss:5.3075 train_time:27456ms step_avg:245.15ms
step:123/5100 train_loss:5.2877 train_time:27700ms step_avg:245.13ms
step:124/5100 train_loss:5.6198 train_time:27948ms step_avg:245.16ms
step:125/5100 train_loss:5.2473 train_time:28191ms step_avg:245.14ms
step:126/5100 train_loss:5.1007 train_time:28438ms step_avg:245.15ms
step:127/5100 train_loss:5.2283 train_time:28683ms step_avg:245.15ms
step:128/5100 train_loss:5.2913 train_time:28930ms step_avg:245.17ms
step:129/5100 train_loss:5.3471 train_time:29173ms step_avg:245.15ms
step:130/5100 train_loss:5.3227 train_time:29419ms step_avg:245.16ms
step:131/5100 train_loss:5.2305 train_time:29668ms step_avg:245.19ms
step:132/5100 train_loss:5.2173 train_time:29910ms step_avg:245.16ms
step:133/5100 train_loss:5.2392 train_time:30154ms step_avg:245.16ms
step:134/5100 train_loss:5.2603 train_time:30398ms step_avg:245.15ms
step:135/5100 train_loss:5.2268 train_time:30647ms step_avg:245.17ms
step:136/5100 train_loss:5.2683 train_time:30888ms step_avg:245.14ms
step:137/5100 train_loss:5.2413 train_time:31132ms step_avg:245.13ms
step:138/5100 train_loss:5.4062 train_time:31376ms step_avg:245.12ms
step:139/5100 train_loss:5.3021 train_time:31627ms step_avg:245.17ms
step:140/5100 train_loss:5.3773 train_time:31871ms step_avg:245.16ms
step:141/5100 train_loss:5.1458 train_time:32114ms step_avg:245.15ms
step:142/5100 train_loss:5.2513 train_time:32359ms step_avg:245.14ms
step:143/5100 train_loss:5.1042 train_time:32604ms step_avg:245.14ms
step:144/5100 train_loss:5.2522 train_time:32850ms step_avg:245.15ms
step:145/5100 train_loss:5.1992 train_time:33093ms step_avg:245.14ms
step:146/5100 train_loss:5.3440 train_time:33334ms step_avg:245.10ms
step:147/5100 train_loss:5.3624 train_time:33582ms step_avg:245.13ms
step:148/5100 train_loss:5.2112 train_time:33830ms step_avg:245.14ms
step:149/5100 train_loss:5.0324 train_time:34078ms step_avg:245.16ms
step:150/5100 train_loss:5.1363 train_time:34321ms step_avg:245.15ms
step:151/5100 train_loss:5.1153 train_time:34571ms step_avg:245.18ms
step:152/5100 train_loss:5.1961 train_time:34816ms step_avg:245.18ms
step:153/5100 train_loss:5.2825 train_time:35059ms step_avg:245.17ms
step:154/5100 train_loss:5.1646 train_time:35306ms step_avg:245.18ms
step:155/5100 train_loss:5.0872 train_time:35552ms step_avg:245.19ms
step:156/5100 train_loss:5.2433 train_time:35795ms step_avg:245.17ms
step:157/5100 train_loss:5.3171 train_time:36042ms step_avg:245.18ms
step:158/5100 train_loss:5.0931 train_time:36287ms step_avg:245.18ms
step:159/5100 train_loss:5.0417 train_time:36534ms step_avg:245.20ms
step:160/5100 train_loss:5.0807 train_time:36778ms step_avg:245.19ms
step:161/5100 train_loss:5.1802 train_time:37027ms step_avg:245.21ms
step:162/5100 train_loss:5.1012 train_time:37271ms step_avg:245.20ms
step:163/5100 train_loss:5.1397 train_time:37517ms step_avg:245.21ms
step:164/5100 train_loss:5.2040 train_time:37760ms step_avg:245.19ms
step:165/5100 train_loss:5.1309 train_time:38005ms step_avg:245.19ms
step:166/5100 train_loss:5.0281 train_time:38251ms step_avg:245.20ms
step:167/5100 train_loss:5.0512 train_time:38498ms step_avg:245.21ms
step:168/5100 train_loss:5.1120 train_time:38746ms step_avg:245.22ms
step:169/5100 train_loss:5.1394 train_time:38989ms step_avg:245.22ms
step:170/5100 train_loss:5.1537 train_time:39234ms step_avg:245.21ms
step:171/5100 train_loss:5.3346 train_time:39481ms step_avg:245.23ms
step:172/5100 train_loss:5.0301 train_time:39728ms step_avg:245.23ms
step:173/5100 train_loss:5.0802 train_time:39973ms step_avg:245.23ms
step:174/5100 train_loss:5.0799 train_time:40220ms step_avg:245.24ms
step:175/5100 train_loss:5.0501 train_time:40468ms step_avg:245.26ms
step:176/5100 train_loss:5.0620 train_time:40714ms step_avg:245.26ms
step:177/5100 train_loss:5.0014 train_time:40958ms step_avg:245.26ms
step:178/5100 train_loss:5.1357 train_time:41203ms step_avg:245.26ms
step:179/5100 train_loss:5.0792 train_time:41447ms step_avg:245.25ms
step:180/5100 train_loss:4.9727 train_time:41696ms step_avg:245.27ms
step:181/5100 train_loss:4.9751 train_time:41941ms step_avg:245.27ms
step:182/5100 train_loss:5.0559 train_time:42185ms step_avg:245.26ms
step:183/5100 train_loss:5.0768 train_time:42433ms step_avg:245.27ms
step:184/5100 train_loss:5.0483 train_time:42676ms step_avg:245.27ms
step:185/5100 train_loss:5.0684 train_time:42921ms step_avg:245.26ms
step:186/5100 train_loss:4.9809 train_time:43169ms step_avg:245.28ms
step:187/5100 train_loss:5.0481 train_time:43411ms step_avg:245.26ms
step:188/5100 train_loss:5.0151 train_time:43653ms step_avg:245.24ms
step:189/5100 train_loss:5.1017 train_time:43899ms step_avg:245.24ms
step:190/5100 train_loss:5.0681 train_time:44144ms step_avg:245.24ms
step:191/5100 train_loss:5.0835 train_time:44387ms step_avg:245.23ms
step:192/5100 train_loss:5.0764 train_time:44634ms step_avg:245.24ms
step:193/5100 train_loss:4.9791 train_time:44879ms step_avg:245.24ms
step:194/5100 train_loss:5.0085 train_time:45125ms step_avg:245.24ms
step:195/5100 train_loss:5.0407 train_time:45368ms step_avg:245.23ms
step:196/5100 train_loss:4.9824 train_time:45611ms step_avg:245.22ms
step:197/5100 train_loss:4.9237 train_time:45855ms step_avg:245.21ms
step:198/5100 train_loss:5.0562 train_time:46100ms step_avg:245.22ms
step:199/5100 train_loss:5.0322 train_time:46346ms step_avg:245.22ms
step:200/5100 train_loss:4.9767 train_time:46590ms step_avg:245.21ms
step:201/5100 train_loss:4.9748 train_time:46836ms step_avg:245.21ms
step:202/5100 train_loss:5.0851 train_time:47078ms step_avg:245.20ms
step:203/5100 train_loss:4.8406 train_time:47324ms step_avg:245.20ms
step:204/5100 train_loss:4.8865 train_time:47570ms step_avg:245.21ms
step:205/5100 train_loss:4.9231 train_time:47814ms step_avg:245.20ms
step:206/5100 train_loss:4.9817 train_time:48057ms step_avg:245.19ms
step:207/5100 train_loss:4.9956 train_time:48302ms step_avg:245.19ms
step:208/5100 train_loss:5.1575 train_time:48547ms step_avg:245.19ms
step:209/5100 train_loss:4.9741 train_time:48789ms step_avg:245.17ms
step:210/5100 train_loss:5.0141 train_time:49035ms step_avg:245.18ms
step:211/5100 train_loss:4.9881 train_time:49280ms step_avg:245.17ms
step:212/5100 train_loss:4.9311 train_time:49529ms step_avg:245.19ms
step:213/5100 train_loss:4.9713 train_time:49771ms step_avg:245.18ms
step:214/5100 train_loss:4.9408 train_time:50018ms step_avg:245.19ms
step:215/5100 train_loss:4.9916 train_time:50264ms step_avg:245.19ms
step:216/5100 train_loss:5.0127 train_time:50509ms step_avg:245.19ms
step:217/5100 train_loss:4.9293 train_time:50751ms step_avg:245.17ms
step:218/5100 train_loss:5.0876 train_time:50998ms step_avg:245.18ms
step:219/5100 train_loss:4.8686 train_time:51244ms step_avg:245.19ms
step:220/5100 train_loss:4.9256 train_time:51490ms step_avg:245.19ms
step:221/5100 train_loss:4.8697 train_time:51732ms step_avg:245.18ms
step:222/5100 train_loss:4.9429 train_time:51974ms step_avg:245.16ms
step:223/5100 train_loss:4.9392 train_time:52224ms step_avg:245.18ms
step:224/5100 train_loss:4.8822 train_time:52467ms step_avg:245.17ms
step:225/5100 train_loss:4.9210 train_time:52710ms step_avg:245.16ms
step:226/5100 train_loss:4.7880 train_time:52955ms step_avg:245.16ms
step:227/5100 train_loss:4.9214 train_time:53197ms step_avg:245.15ms
step:228/5100 train_loss:4.8485 train_time:53442ms step_avg:245.14ms
step:229/5100 train_loss:4.9795 train_time:53688ms step_avg:245.15ms
step:230/5100 train_loss:4.8923 train_time:53934ms step_avg:245.16ms
step:231/5100 train_loss:4.9586 train_time:54179ms step_avg:245.16ms
step:232/5100 train_loss:5.0037 train_time:54425ms step_avg:245.16ms
step:233/5100 train_loss:4.7527 train_time:54670ms step_avg:245.16ms
step:234/5100 train_loss:4.8880 train_time:54915ms step_avg:245.16ms
step:235/5100 train_loss:4.8388 train_time:55159ms step_avg:245.15ms
step:236/5100 train_loss:4.8268 train_time:55406ms step_avg:245.16ms
step:237/5100 train_loss:4.8811 train_time:55652ms step_avg:245.16ms
step:238/5100 train_loss:4.9473 train_time:55896ms step_avg:245.16ms
step:239/5100 train_loss:4.8929 train_time:56139ms step_avg:245.15ms
step:240/5100 train_loss:4.8615 train_time:56385ms step_avg:245.15ms
step:241/5100 train_loss:4.7823 train_time:56632ms step_avg:245.16ms
step:242/5100 train_loss:4.7715 train_time:56872ms step_avg:245.14ms
step:243/5100 train_loss:4.8387 train_time:57120ms step_avg:245.15ms
step:244/5100 train_loss:4.9698 train_time:57365ms step_avg:245.15ms
step:245/5100 train_loss:4.8176 train_time:57611ms step_avg:245.15ms
step:246/5100 train_loss:4.8622 train_time:57858ms step_avg:245.16ms
step:247/5100 train_loss:4.8042 train_time:58103ms step_avg:245.16ms
step:248/5100 train_loss:4.8208 train_time:58350ms step_avg:245.17ms
step:249/5100 train_loss:4.9543 train_time:58591ms step_avg:245.15ms
step:250/5100 train_loss:4.7537 train_time:58838ms step_avg:245.16ms
step:251/5100 train_loss:4.8391 train_time:59084ms step_avg:245.16ms
step:252/5100 train_loss:4.8962 train_time:59331ms step_avg:245.17ms
step:253/5100 train_loss:4.7923 train_time:59573ms step_avg:245.16ms
step:254/5100 train_loss:4.7490 train_time:59815ms step_avg:245.14ms
step:255/5100 train_loss:4.7470 train_time:60056ms step_avg:245.13ms
step:255/5100 val_loss:4.8342 train_time:60071ms step_avg:245.19ms
step:256/5100 train_loss:4.9162 train_time:60311ms step_avg:245.17ms
step:257/5100 train_loss:4.9517 train_time:60553ms step_avg:245.15ms
step:258/5100 train_loss:4.7135 train_time:60798ms step_avg:245.15ms
step:259/5100 train_loss:4.8573 train_time:61045ms step_avg:245.16ms
step:260/5100 train_loss:4.6784 train_time:61292ms step_avg:245.17ms
step:261/5100 train_loss:4.8612 train_time:61534ms step_avg:245.16ms
step:262/5100 train_loss:4.8426 train_time:61777ms step_avg:245.15ms
step:263/5100 train_loss:4.7972 train_time:62024ms step_avg:245.15ms
step:264/5100 train_loss:4.7343 train_time:62271ms step_avg:245.16ms
step:265/5100 train_loss:4.9599 train_time:62512ms step_avg:245.14ms
step:266/5100 train_loss:4.7356 train_time:62755ms step_avg:245.14ms
step:267/5100 train_loss:4.7649 train_time:63002ms step_avg:245.14ms
step:268/5100 train_loss:4.7396 train_time:63249ms step_avg:245.15ms
step:269/5100 train_loss:4.8858 train_time:63488ms step_avg:245.13ms
step:270/5100 train_loss:4.9183 train_time:63733ms step_avg:245.13ms
step:271/5100 train_loss:4.8802 train_time:63981ms step_avg:245.14ms
step:272/5100 train_loss:4.8357 train_time:64227ms step_avg:245.14ms
step:273/5100 train_loss:4.9138 train_time:64472ms step_avg:245.14ms
step:274/5100 train_loss:4.6559 train_time:64715ms step_avg:245.13ms
step:275/5100 train_loss:4.7478 train_time:64959ms step_avg:245.13ms
step:276/5100 train_loss:4.8301 train_time:65203ms step_avg:245.13ms
step:277/5100 train_loss:4.7787 train_time:65448ms step_avg:245.12ms
step:278/5100 train_loss:4.7246 train_time:65694ms step_avg:245.13ms
step:279/5100 train_loss:4.7846 train_time:65940ms step_avg:245.13ms
step:280/5100 train_loss:4.7761 train_time:66183ms step_avg:245.12ms
step:281/5100 train_loss:4.7481 train_time:66430ms step_avg:245.13ms
step:282/5100 train_loss:4.7599 train_time:66674ms step_avg:245.13ms
step:283/5100 train_loss:4.6431 train_time:66921ms step_avg:245.13ms
step:284/5100 train_loss:4.7680 train_time:67165ms step_avg:245.13ms
step:285/5100 train_loss:4.7780 train_time:67410ms step_avg:245.13ms
step:286/5100 train_loss:4.7328 train_time:67656ms step_avg:245.13ms
step:287/5100 train_loss:4.7686 train_time:67901ms step_avg:245.13ms
step:288/5100 train_loss:4.7379 train_time:68144ms step_avg:245.12ms
step:289/5100 train_loss:4.7760 train_time:68389ms step_avg:245.12ms
step:290/5100 train_loss:4.6123 train_time:68633ms step_avg:245.12ms
step:291/5100 train_loss:4.7950 train_time:68873ms step_avg:245.10ms
step:292/5100 train_loss:4.6554 train_time:69121ms step_avg:245.11ms
step:293/5100 train_loss:4.7676 train_time:69366ms step_avg:245.11ms
step:294/5100 train_loss:4.7392 train_time:69613ms step_avg:245.11ms
step:295/5100 train_loss:4.6633 train_time:69856ms step_avg:245.11ms
step:296/5100 train_loss:4.7691 train_time:70100ms step_avg:245.11ms
step:297/5100 train_loss:4.8083 train_time:70344ms step_avg:245.10ms
step:298/5100 train_loss:4.7125 train_time:70588ms step_avg:245.10ms
step:299/5100 train_loss:4.6645 train_time:70833ms step_avg:245.10ms
step:300/5100 train_loss:4.5890 train_time:71076ms step_avg:245.09ms
step:301/5100 train_loss:4.7475 train_time:71323ms step_avg:245.10ms
step:302/5100 train_loss:4.6961 train_time:71569ms step_avg:245.10ms
step:303/5100 train_loss:4.5826 train_time:71813ms step_avg:245.10ms
step:304/5100 train_loss:4.5687 train_time:72054ms step_avg:245.08ms
step:305/5100 train_loss:4.7382 train_time:72301ms step_avg:245.09ms
step:306/5100 train_loss:4.7934 train_time:72543ms step_avg:245.08ms
step:307/5100 train_loss:4.6002 train_time:72786ms step_avg:245.07ms
step:308/5100 train_loss:4.7241 train_time:73032ms step_avg:245.08ms
step:309/5100 train_loss:4.6832 train_time:73275ms step_avg:245.07ms
step:310/5100 train_loss:4.8610 train_time:73522ms step_avg:245.07ms
step:311/5100 train_loss:4.6585 train_time:73767ms step_avg:245.07ms
step:312/5100 train_loss:4.5778 train_time:74012ms step_avg:245.07ms
step:313/5100 train_loss:4.7793 train_time:74252ms step_avg:245.06ms
step:314/5100 train_loss:4.5746 train_time:74493ms step_avg:245.04ms
step:315/5100 train_loss:4.6938 train_time:74742ms step_avg:245.06ms
step:316/5100 train_loss:4.2920 train_time:74984ms step_avg:245.04ms
step:317/5100 train_loss:4.5851 train_time:75229ms step_avg:245.05ms
step:318/5100 train_loss:4.6551 train_time:75472ms step_avg:245.04ms
step:319/5100 train_loss:4.5985 train_time:75715ms step_avg:245.03ms
step:320/5100 train_loss:4.6174 train_time:75961ms step_avg:245.04ms
step:321/5100 train_loss:4.6507 train_time:76208ms step_avg:245.04ms
step:322/5100 train_loss:4.5633 train_time:76452ms step_avg:245.04ms
step:323/5100 train_loss:4.5290 train_time:76697ms step_avg:245.04ms
step:324/5100 train_loss:4.6054 train_time:76941ms step_avg:245.04ms
step:325/5100 train_loss:4.6003 train_time:77183ms step_avg:245.02ms
step:326/5100 train_loss:4.6486 train_time:77428ms step_avg:245.03ms
step:327/5100 train_loss:4.6481 train_time:77671ms step_avg:245.02ms
step:328/5100 train_loss:4.6531 train_time:77917ms step_avg:245.02ms
step:329/5100 train_loss:5.1077 train_time:78163ms step_avg:245.02ms
step:330/5100 train_loss:4.6618 train_time:78407ms step_avg:245.02ms
step:331/5100 train_loss:4.6200 train_time:78650ms step_avg:245.02ms
step:332/5100 train_loss:4.5633 train_time:78891ms step_avg:245.00ms
step:333/5100 train_loss:4.5944 train_time:79137ms step_avg:245.01ms
step:334/5100 train_loss:4.5348 train_time:79383ms step_avg:245.01ms
step:335/5100 train_loss:4.5235 train_time:79627ms step_avg:245.01ms
step:336/5100 train_loss:4.6186 train_time:79867ms step_avg:244.99ms
step:337/5100 train_loss:4.5841 train_time:80112ms step_avg:244.99ms
step:338/5100 train_loss:4.5454 train_time:80359ms step_avg:245.00ms
step:339/5100 train_loss:4.5584 train_time:80602ms step_avg:244.99ms
step:340/5100 train_loss:4.4954 train_time:80849ms step_avg:245.00ms
step:341/5100 train_loss:4.6115 train_time:81090ms step_avg:244.99ms
step:342/5100 train_loss:4.6141 train_time:81335ms step_avg:244.98ms
step:343/5100 train_loss:4.5481 train_time:81583ms step_avg:244.99ms
step:344/5100 train_loss:4.7006 train_time:81831ms step_avg:245.00ms
step:345/5100 train_loss:4.5726 train_time:82072ms step_avg:244.99ms
step:346/5100 train_loss:4.5439 train_time:82313ms step_avg:244.98ms
step:347/5100 train_loss:4.5066 train_time:82560ms step_avg:244.98ms
step:348/5100 train_loss:4.5912 train_time:82808ms step_avg:244.99ms
step:349/5100 train_loss:4.6600 train_time:83051ms step_avg:244.99ms
step:350/5100 train_loss:4.5277 train_time:83291ms step_avg:244.97ms
step:351/5100 train_loss:4.5671 train_time:83538ms step_avg:244.98ms
step:352/5100 train_loss:4.4397 train_time:83783ms step_avg:244.98ms
step:353/5100 train_loss:4.7415 train_time:84033ms step_avg:244.99ms
step:354/5100 train_loss:4.4879 train_time:84272ms step_avg:244.98ms
step:355/5100 train_loss:4.5730 train_time:84515ms step_avg:244.97ms
step:356/5100 train_loss:4.7143 train_time:84759ms step_avg:244.97ms
step:357/5100 train_loss:4.4641 train_time:85005ms step_avg:244.97ms
step:358/5100 train_loss:4.5055 train_time:85246ms step_avg:244.96ms
step:359/5100 train_loss:4.5127 train_time:85488ms step_avg:244.95ms
step:360/5100 train_loss:4.4119 train_time:85733ms step_avg:244.95ms
step:361/5100 train_loss:4.5007 train_time:85975ms step_avg:244.94ms
step:362/5100 train_loss:4.4934 train_time:86218ms step_avg:244.94ms
step:363/5100 train_loss:4.5043 train_time:86464ms step_avg:244.94ms
step:364/5100 train_loss:4.5479 train_time:86708ms step_avg:244.94ms
step:365/5100 train_loss:4.5734 train_time:86952ms step_avg:244.93ms
step:366/5100 train_loss:4.5353 train_time:87195ms step_avg:244.93ms
step:367/5100 train_loss:4.4773 train_time:87440ms step_avg:244.93ms
step:368/5100 train_loss:4.5012 train_time:87682ms step_avg:244.92ms
step:369/5100 train_loss:4.4848 train_time:87927ms step_avg:244.92ms
step:370/5100 train_loss:4.4350 train_time:88168ms step_avg:244.91ms
step:371/5100 train_loss:4.4655 train_time:88412ms step_avg:244.91ms
step:372/5100 train_loss:4.5397 train_time:88655ms step_avg:244.90ms
step:373/5100 train_loss:4.4707 train_time:88903ms step_avg:244.91ms
step:374/5100 train_loss:4.5301 train_time:89148ms step_avg:244.91ms
W0604 20:26:59.429000 62311 torch/distributed/elastic/agent/server/api.py:723] Received 15 death signal, shutting down workers
W0604 20:26:59.433000 62311 torch/distributed/elastic/multiprocessing/api.py:900] Sending process 62382 closing signal SIGTERM
Traceback (most recent call last):
  File "/usr/local/bin/torchrun", line 7, in <module>
    sys.exit(main())
             ^^^^^^
  File "/usr/local/lib/python3.12/dist-packages/torch/distributed/elastic/multiprocessing/errors/__init__.py", line 357, in wrapper
    return f(*args, **kwargs)
           ^^^^^^^^^^^^^^^^^^
  File "/usr/local/lib/python3.12/dist-packages/torch/distributed/run.py", line 901, in main
    run(args)
  File "/usr/local/lib/python3.12/dist-packages/torch/distributed/run.py", line 892, in run
    elastic_launch(
  File "/usr/local/lib/python3.12/dist-packages/torch/distributed/launcher/api.py", line 143, in __call__
    return launch_agent(self._config, self._entrypoint, list(args))
           ^^^^^^^^^^^^^^^^^^^^^^^^^^^^^^^^^^^^^^^^^^^^^^^^^^^^^^^^
  File "/usr/local/lib/python3.12/dist-packages/torch/distributed/launcher/api.py", line 268, in launch_agent
    result = agent.run()
             ^^^^^^^^^^^
  File "/usr/local/lib/python3.12/dist-packages/torch/distributed/elastic/metrics/api.py", line 138, in wrapper
    result = f(*args, **kwargs)
             ^^^^^^^^^^^^^^^^^^
  File "/usr/local/lib/python3.12/dist-packages/torch/distributed/elastic/agent/server/api.py", line 715, in run
    result = self._invoke_run(role)
             ^^^^^^^^^^^^^^^^^^^^^^
  File "/usr/local/lib/python3.12/dist-packages/torch/distributed/elastic/agent/server/api.py", line 879, in _invoke_run
    time.sleep(monitor_interval)
  File "/usr/local/lib/python3.12/dist-packages/torch/distributed/elastic/multiprocessing/api.py", line 84, in _terminate_process_handler
    raise SignalException(f"Process {os.getpid()} got signal: {sigval}", sigval=sigval)
torch.distributed.elastic.multiprocessing.api.SignalException: Process 62311 got signal: 15
